time="2026-06-12T17:41:46+08:00" level=warning msg="Found orphan containers ([nfi-top9-exbtc-10000u-max4-dryrun]) for this project. If you removed or renamed this service in your compose file, you can run this command with the --remove-orphans flag to clean it up."
 Container ft_userdata-freqtrade-run-aed2bd12dcd5 Creating 
 Container ft_userdata-freqtrade-run-aed2bd12dcd5 Created 
2026-06-12 09:41:47,708 - freqtrade - INFO - freqtrade 2026.4
2026-06-12 09:41:47,952 - numexpr.utils - INFO - NumExpr defaulting to 16 threads.
2026-06-12 09:41:49,123 - freqtrade.configuration.load_config - INFO - Using config: /freqtrade/user_data/strategies/research/dual_trend_robustness_runs/20260612_165506/configs/base.json ...
2026-06-12 09:41:49,134 - freqtrade.loggers - INFO - Enabling colorized output.
2026-06-12 09:41:49,134 - freqtrade.loggers - INFO - Logfile configured
2026-06-12 09:41:49,134 - freqtrade.loggers - INFO - Verbosity set to 0
2026-06-12 09:41:49,135 - freqtrade.configuration.configuration - INFO - Using additional Strategy lookup path: /freqtrade/user_data/strategies
2026-06-12 09:41:49,135 - freqtrade.configuration.configuration - INFO - Parameter --max-open-trades detected, overriding max_open_trades to: 5 ...
2026-06-12 09:41:49,135 - freqtrade.configuration.configuration - INFO - Parameter --timerange detected: 20250101-20260507 ...
2026-06-12 09:42:11,486 - freqtrade.configuration.configuration - INFO - Using user-data directory: /freqtrade/user_data ...
2026-06-12 09:42:11,488 - freqtrade.configuration.configuration - INFO - Using data directory: /freqtrade/user_data/data/binance ...
2026-06-12 09:42:11,489 - freqtrade.configuration.configuration - INFO - Using /freqtrade/user_data/strategies/research/dual_trend_robustness_runs/20260612_165506/results/risk_recent_0.005_0.25_5 as 
backtest directory ...
2026-06-12 09:42:11,489 - freqtrade.configuration.configuration - INFO - Recursively searching for a strategy in the strategies folder.
2026-06-12 09:42:11,489 - freqtrade.configuration.configuration - INFO - Parameter --export detected: trades ...
2026-06-12 09:42:11,489 - freqtrade.configuration.configuration - INFO - Parameter --breakdown detected ...
2026-06-12 09:42:11,490 - freqtrade.configuration.configuration - INFO - Parameter --cache=none detected ...
2026-06-12 09:42:11,490 - freqtrade.configuration.configuration - INFO - Filter trades by timerange: 20250101-20260507
2026-06-12 09:42:11,491 - freqtrade.exchange.check_exchange - INFO - Checking exchange...
2026-06-12 09:42:11,496 - freqtrade.exchange.check_exchange - INFO - Exchange "binance" is officially supported by the Freqtrade development team.
2026-06-12 09:42:11,497 - freqtrade.configuration.configuration - INFO - Using pairlist from configuration.
2026-06-12 09:42:11,497 - freqtrade.configuration.config_validation - INFO - Validating configuration ...
2026-06-12 09:42:11,499 - freqtrade.commands.optimize_commands - INFO - Starting freqtrade in Backtesting mode
2026-06-12 09:42:11,499 - freqtrade.exchange.exchange - INFO - Instance is running with dry_run enabled
2026-06-12 09:42:11,500 - freqtrade.exchange.exchange - INFO - Using CCXT 4.5.50
2026-06-12 09:42:11,500 - freqtrade.exchange.exchange - INFO - Applying additional ccxt config: {'options': {'defaultType': 'swap', 'adjustForTimeDifference': True, 'recvWindow': 60000, 
'fetchCurrencies': False, 'fetchMarkets': ['linear']}, 'enableRateLimit': True, 'timeout': 60000}
2026-06-12 09:42:11,505 - freqtrade.exchange.exchange - INFO - Applying additional ccxt config: {'options': {'defaultType': 'swap', 'adjustForTimeDifference': True, 'recvWindow': 60000, 
'fetchCurrencies': False, 'fetchMarkets': ['linear']}, 'enableRateLimit': True, 'timeout': 60000}
2026-06-12 09:42:11,512 - freqtrade.exchange.exchange - INFO - Using Exchange "Binance"
2026-06-12 09:42:12,371 - freqtrade.resolvers.exchange_resolver - INFO - Using resolved exchange 'Binance'...
2026-06-12 09:42:14,535 - freqtrade.resolvers.iresolver - INFO - Using resolved strategy DualTrendRobustRisk0p005Cap0p25Strategy from 
'/freqtrade/user_data/strategies/DualTrendRobustnessTempStrategies.py'...
2026-06-12 09:42:14,538 - freqtrade.strategy.hyper - INFO - Found no parameter file.
2026-06-12 09:42:14,538 - freqtrade.resolvers.strategy_resolver - INFO - Override strategy 'stake_currency' with value from the configuration: USDT.
2026-06-12 09:42:14,539 - freqtrade.resolvers.strategy_resolver - INFO - Override strategy 'stake_amount' with value from the configuration: unlimited.
2026-06-12 09:42:14,539 - freqtrade.resolvers.strategy_resolver - INFO - Override strategy 'unfilledtimeout' with value from the configuration: {'entry': 10, 'exit': 10, 'exit_timeout_count': 0, 
'unit': 'minutes'}.
2026-06-12 09:42:14,539 - freqtrade.resolvers.strategy_resolver - INFO - Override strategy 'max_open_trades' with value from the configuration: 5.
2026-06-12 09:42:14,539 - freqtrade.resolvers.strategy_resolver - INFO - Strategy using minimal_roi: {'0': 0.1}
2026-06-12 09:42:14,540 - freqtrade.resolvers.strategy_resolver - INFO - Strategy using timeframe: 1h
2026-06-12 09:42:14,540 - freqtrade.resolvers.strategy_resolver - INFO - Strategy using stoploss: -0.06
2026-06-12 09:42:14,540 - freqtrade.resolvers.strategy_resolver - INFO - Strategy using trailing_stop: False
2026-06-12 09:42:14,540 - freqtrade.resolvers.strategy_resolver - INFO - Strategy using trailing_stop_positive_offset: 0.0
2026-06-12 09:42:14,540 - freqtrade.resolvers.strategy_resolver - INFO - Strategy using trailing_only_offset_is_reached: False
2026-06-12 09:42:14,540 - freqtrade.resolvers.strategy_resolver - INFO - Strategy using use_custom_stoploss: True
2026-06-12 09:42:14,541 - freqtrade.resolvers.strategy_resolver - INFO - Strategy using process_only_new_candles: True
2026-06-12 09:42:14,541 - freqtrade.resolvers.strategy_resolver - INFO - Strategy using order_types: {'entry': 'limit', 'exit': 'limit', 'stoploss': 'limit', 'stoploss_on_exchange': False, 
'stoploss_on_exchange_interval': 60}
2026-06-12 09:42:14,541 - freqtrade.resolvers.strategy_resolver - INFO - Strategy using order_time_in_force: {'entry': 'GTC', 'exit': 'GTC'}
2026-06-12 09:42:14,541 - freqtrade.resolvers.strategy_resolver - INFO - Strategy using stake_currency: USDT
2026-06-12 09:42:14,541 - freqtrade.resolvers.strategy_resolver - INFO - Strategy using stake_amount: unlimited
2026-06-12 09:42:14,541 - freqtrade.resolvers.strategy_resolver - INFO - Strategy using startup_candle_count: 1000
2026-06-12 09:42:14,541 - freqtrade.resolvers.strategy_resolver - INFO - Strategy using unfilledtimeout: {'entry': 10, 'exit': 10, 'exit_timeout_count': 0, 'unit': 'minutes'}
2026-06-12 09:42:14,542 - freqtrade.resolvers.strategy_resolver - INFO - Strategy using use_exit_signal: True
2026-06-12 09:42:14,542 - freqtrade.resolvers.strategy_resolver - INFO - Strategy using exit_profit_only: False
2026-06-12 09:42:14,542 - freqtrade.resolvers.strategy_resolver - INFO - Strategy using ignore_roi_if_entry_signal: True
2026-06-12 09:42:14,542 - freqtrade.resolvers.strategy_resolver - INFO - Strategy using exit_profit_offset: 0.0
2026-06-12 09:42:14,542 - freqtrade.resolvers.strategy_resolver - INFO - Strategy using disable_dataframe_checks: False
2026-06-12 09:42:14,542 - freqtrade.resolvers.strategy_resolver - INFO - Strategy using ignore_buying_expired_candle_after: 0
2026-06-12 09:42:14,542 - freqtrade.resolvers.strategy_resolver - INFO - Strategy using position_adjustment_enable: False
2026-06-12 09:42:14,543 - freqtrade.resolvers.strategy_resolver - INFO - Strategy using max_entry_position_adjustment: -1
2026-06-12 09:42:14,543 - freqtrade.resolvers.strategy_resolver - INFO - Strategy using max_open_trades: 5
2026-06-12 09:42:14,543 - freqtrade.configuration.config_validation - INFO - Validating configuration ...
2026-06-12 09:42:14,546 - freqtrade.resolvers.iresolver - INFO - Using resolved pairlist StaticPairList from '/freqtrade/freqtrade/plugins/pairlist/StaticPairList.py'...
2026-06-12 09:42:14,553 - freqtrade.optimize.backtesting - INFO - Using fee 0.0500% - worst case fee from exchange (lowest tier).
2026-06-12 09:42:14,554 - freqtrade.exchange.exchange - WARNING - Using 3 calls to get OHLCV. This can result in slower operations for the bot. Please check if you really need 1000 candles for your 
strategy.
2026-06-12 09:42:15,104 - freqtrade.data.history.datahandlers.idatahandler - WARNING - TAO/USDT:USDT, futures, 1h, data ends at 2026-04-20 00:00:00
2026-06-12 09:42:15,117 - freqtrade.optimize.backtesting - INFO - Loading data from 2024-11-20 08:00:00 up to 2026-05-07 00:00:00 (532 days).
2026-06-12 09:42:15,135 - freqtrade.data.history.datahandlers.idatahandler - WARNING - BTC/USDT:USDT, funding_rate, 1h, data ends at 2026-05-06 16:00:00
2026-06-12 09:42:15,157 - freqtrade.data.history.datahandlers.idatahandler - WARNING - ETH/USDT:USDT, funding_rate, 1h, data ends at 2026-05-06 16:00:00
2026-06-12 09:42:15,233 - freqtrade.data.history.datahandlers.idatahandler - WARNING - DOGE/USDT:USDT, funding_rate, 1h, data ends at 2026-05-06 16:00:00
2026-06-12 09:42:15,328 - freqtrade.data.history.datahandlers.idatahandler - WARNING - TRX/USDT:USDT, funding_rate, 1h, data ends at 2026-05-06 16:00:00
2026-06-12 09:42:15,343 - freqtrade.data.history.datahandlers.idatahandler - WARNING - ZEC/USDT:USDT, funding_rate, 1h, data ends at 2026-05-06 16:00:00
2026-06-12 09:42:15,379 - freqtrade.data.history.datahandlers.idatahandler - WARNING - TAO/USDT:USDT, funding_rate, 1h, data ends at 2026-04-19 20:00:00
2026-06-12 09:42:15,847 - freqtrade.data.history.datahandlers.idatahandler - WARNING - TAO/USDT:USDT, mark, 1h, data ends at 2026-04-20 00:00:00
2026-06-12 09:42:16,839 - freqtrade.optimize.backtesting - INFO - Dataload complete. Calculating indicators
2026-06-12 09:42:16,847 - freqtrade.optimize.backtesting - INFO - Running backtesting for Strategy DualTrendRobustRisk0p005Cap0p25Strategy
2026-06-12 09:42:16,849 - freqtrade.data.dataprovider - INFO - Loading data for BTC/USDT:USDT 4h from 2024-07-18 08:00:00 to 2026-05-07 00:00:00
2026-06-12 09:42:16,880 - freqtrade.data.history.datahandlers.idatahandler - WARNING - BTC/USDT:USDT, futures, 4h, data ends at 2026-05-06 12:00:00
2026-06-12 09:42:16,926 - freqtrade.data.dataprovider - INFO - Loading data for ETH/USDT:USDT 4h from 2024-07-18 08:00:00 to 2026-05-07 00:00:00
2026-06-12 09:42:16,945 - freqtrade.data.history.datahandlers.idatahandler - WARNING - ETH/USDT:USDT, futures, 4h, data ends at 2026-05-06 12:00:00
2026-06-12 09:42:16,990 - freqtrade.data.dataprovider - INFO - Loading data for BNB/USDT:USDT 4h from 2024-07-18 08:00:00 to 2026-05-07 00:00:00
2026-06-12 09:42:17,008 - freqtrade.data.history.datahandlers.idatahandler - WARNING - BNB/USDT:USDT, futures, 4h, data ends at 2026-05-06 16:00:00
2026-06-12 09:42:17,060 - freqtrade.data.dataprovider - INFO - Loading data for SOL/USDT:USDT 4h from 2024-07-18 08:00:00 to 2026-05-07 00:00:00
2026-06-12 09:42:17,082 - freqtrade.data.history.datahandlers.idatahandler - WARNING - SOL/USDT:USDT, futures, 4h, data ends at 2026-05-06 16:00:00
2026-06-12 09:42:17,127 - freqtrade.data.dataprovider - INFO - Loading data for XRP/USDT:USDT 4h from 2024-07-18 08:00:00 to 2026-05-07 00:00:00
2026-06-12 09:42:17,151 - freqtrade.data.history.datahandlers.idatahandler - WARNING - XRP/USDT:USDT, futures, 4h, data ends at 2026-05-06 16:00:00
2026-06-12 09:42:17,197 - freqtrade.data.dataprovider - INFO - Loading data for DOGE/USDT:USDT 4h from 2024-07-18 08:00:00 to 2026-05-07 00:00:00
2026-06-12 09:42:17,216 - freqtrade.data.history.datahandlers.idatahandler - WARNING - DOGE/USDT:USDT, futures, 4h, data ends at 2026-05-06 12:00:00
2026-06-12 09:42:17,264 - freqtrade.data.dataprovider - INFO - Loading data for ADA/USDT:USDT 4h from 2024-07-18 08:00:00 to 2026-05-07 00:00:00
2026-06-12 09:42:17,284 - freqtrade.data.history.datahandlers.idatahandler - WARNING - ADA/USDT:USDT, futures, 4h, data ends at 2026-05-06 16:00:00
2026-06-12 09:42:17,331 - freqtrade.data.dataprovider - INFO - Loading data for LINK/USDT:USDT 4h from 2024-07-18 08:00:00 to 2026-05-07 00:00:00
2026-06-12 09:42:17,352 - freqtrade.data.history.datahandlers.idatahandler - WARNING - LINK/USDT:USDT, futures, 4h, data ends at 2026-05-06 16:00:00
2026-06-12 09:42:17,400 - freqtrade.data.dataprovider - INFO - Loading data for NEAR/USDT:USDT 4h from 2024-07-18 08:00:00 to 2026-05-07 00:00:00
2026-06-12 09:42:17,419 - freqtrade.data.history.datahandlers.idatahandler - WARNING - NEAR/USDT:USDT, futures, 4h, data ends at 2026-05-06 16:00:00
2026-06-12 09:42:17,471 - freqtrade.data.dataprovider - INFO - Loading data for SUI/USDT:USDT 4h from 2024-07-18 08:00:00 to 2026-05-07 00:00:00
2026-06-12 09:42:17,537 - freqtrade.data.dataprovider - INFO - Loading data for TRX/USDT:USDT 4h from 2024-07-18 08:00:00 to 2026-05-07 00:00:00
2026-06-12 09:42:17,553 - freqtrade.data.history.datahandlers.idatahandler - WARNING - TRX/USDT:USDT, futures, 4h, data ends at 2026-05-06 12:00:00
2026-06-12 09:42:17,604 - freqtrade.data.dataprovider - INFO - Loading data for ZEC/USDT:USDT 4h from 2024-07-18 08:00:00 to 2026-05-07 00:00:00
2026-06-12 09:42:17,620 - freqtrade.data.history.datahandlers.idatahandler - WARNING - ZEC/USDT:USDT, futures, 4h, data ends at 2026-05-06 12:00:00
2026-06-12 09:42:17,672 - freqtrade.data.dataprovider - INFO - Loading data for TAO/USDT:USDT 4h from 2024-07-18 08:00:00 to 2026-05-07 00:00:00
2026-06-12 09:42:17,689 - freqtrade.data.history.datahandlers.idatahandler - WARNING - TAO/USDT:USDT, futures, 4h, data ends at 2026-04-19 16:00:00
2026-06-12 09:42:17,746 - freqtrade.optimize.backtesting - INFO - Backtesting with data from 2025-01-01 00:00:00 up to 2026-05-07 00:00:00 (491 days).
2026-06-12 09:42:17,748 - freqtrade.resolvers.iresolver - INFO - Using resolved protection CooldownPeriod from '/freqtrade/freqtrade/plugins/protections/cooldown_period.py'...
2026-06-12 09:42:17,749 - freqtrade.resolvers.iresolver - INFO - Using resolved protection StoplossGuard from '/freqtrade/freqtrade/plugins/protections/stoploss_guard.py'...
2026-06-12 09:42:17,750 - freqtrade.resolvers.iresolver - INFO - Using resolved protection MaxDrawdown from '/freqtrade/freqtrade/plugins/protections/max_drawdown_protection.py'...
2026-06-12 09:42:41,465 - freqtrade.misc - INFO - dumping json to 
"/freqtrade/user_data/strategies/research/dual_trend_robustness_runs/20260612_165506/results/risk_recent_0.005_0.25_5/backtest-result-2026-06-12_09-42-41.meta.json"
Result for strategy DualTrendRobustRisk0p005Cap0p25Strategy
                                                  BACKTESTING REPORT                                                   
┏━━━━━━━━━━━━━━━━┳━━━━━━━━┳━━━━━━━━━━━━━━┳━━━━━━━━━━━━━━━━━┳━━━━━━━━━━━━━━┳━━━━━━━━━━━━━━━━━━┳━━━━━━━━━━━━━━━━━━━━━━━━┓
┃           Pair ┃ Trades ┃ Avg Profit % ┃ Tot Profit USDT ┃ Tot Profit % ┃     Avg Duration ┃  Win  Draw  Loss  Win% ┃
┡━━━━━━━━━━━━━━━━╇━━━━━━━━╇━━━━━━━━━━━━━━╇━━━━━━━━━━━━━━━━━╇━━━━━━━━━━━━━━╇━━━━━━━━━━━━━━━━━━╇━━━━━━━━━━━━━━━━━━━━━━━━┩
│  XRP/USDT:USDT │     20 │         2.05 │          85.050 │          8.5 │  3 days, 0:15:00 │    9     0    11  45.0 │
│  ETH/USDT:USDT │     19 │         1.79 │          49.811 │         4.98 │  2 days, 3:13:00 │    7     0    12  36.8 │
│  ZEC/USDT:USDT │      7 │         4.83 │          47.402 │         4.74 │ 2 days, 17:34:00 │    5     0     2  71.4 │
│  BTC/USDT:USDT │     19 │         1.09 │          46.109 │         4.61 │  2 days, 5:13:00 │    7     0    12  36.8 │
│ DOGE/USDT:USDT │     21 │         1.71 │          38.842 │         3.88 │  1 day, 10:46:00 │    7     0    14  33.3 │
│  ADA/USDT:USDT │     22 │         1.12 │          24.789 │         2.48 │  2 days, 1:16:00 │    6     0    16  27.3 │
│  SUI/USDT:USDT │     16 │         0.76 │          21.263 │         2.13 │  1 day, 23:11:00 │    6     0    10  37.5 │
│  SOL/USDT:USDT │     19 │         1.24 │          20.347 │         2.03 │   1 day, 5:47:00 │    6     0    13  31.6 │
│ NEAR/USDT:USDT │     21 │         0.36 │          19.085 │         1.91 │   1 day, 7:26:00 │    6     0    15  28.6 │
│  TAO/USDT:USDT │     12 │         0.74 │          18.414 │         1.84 │  1 day, 23:55:00 │    5     0     7  41.7 │
│  BNB/USDT:USDT │     12 │        -0.45 │         -13.472 │        -1.35 │ 2 days, 10:15:00 │    4     0     8  33.3 │
│  TRX/USDT:USDT │     13 │         -0.7 │         -25.055 │        -2.51 │  3 days, 1:32:00 │    1     0    12   7.7 │
│ LINK/USDT:USDT │     19 │        -1.13 │         -49.586 │        -4.96 │  1 day, 15:47:00 │    3     0    16  15.8 │
│          TOTAL │    220 │         0.94 │         283.001 │         28.3 │  2 days, 0:30:00 │   72     0   148  32.7 │
└────────────────┴────────┴──────────────┴─────────────────┴──────────────┴──────────────────┴────────────────────────┘
                                         LEFT OPEN TRADES REPORT                                          
┏━━━━━━━┳━━━━━━━━┳━━━━━━━━━━━━━━┳━━━━━━━━━━━━━━━━━┳━━━━━━━━━━━━━━┳━━━━━━━━━━━━━━┳━━━━━━━━━━━━━━━━━━━━━━━━┓
┃  Pair ┃ Trades ┃ Avg Profit % ┃ Tot Profit USDT ┃ Tot Profit % ┃ Avg Duration ┃  Win  Draw  Loss  Win% ┃
┡━━━━━━━╇━━━━━━━━╇━━━━━━━━━━━━━━╇━━━━━━━━━━━━━━━━━╇━━━━━━━━━━━━━━╇━━━━━━━━━━━━━━╇━━━━━━━━━━━━━━━━━━━━━━━━┩
│ TOTAL │      0 │          0.0 │           0.000 │          0.0 │         0:00 │    0     0     0     0 │
└───────┴────────┴──────────────┴─────────────────┴──────────────┴──────────────┴────────────────────────┘
                                                          ENTER TAG STATS                                                           
┏━━━━━━━━━━━━━━━━━━━━━━━━━━━━━┳━━━━━━━━━┳━━━━━━━━━━━━━━┳━━━━━━━━━━━━━━━━━┳━━━━━━━━━━━━━━┳━━━━━━━━━━━━━━━━━┳━━━━━━━━━━━━━━━━━━━━━━━━┓
┃                   Enter Tag ┃ Entries ┃ Avg Profit % ┃ Tot Profit USDT ┃ Tot Profit % ┃    Avg Duration ┃  Win  Draw  Loss  Win% ┃
┡━━━━━━━━━━━━━━━━━━━━━━━━━━━━━╇━━━━━━━━━╇━━━━━━━━━━━━━━╇━━━━━━━━━━━━━━━━━╇━━━━━━━━━━━━━━╇━━━━━━━━━━━━━━━━━╇━━━━━━━━━━━━━━━━━━━━━━━━┩
│ short_compression_breakdown │      44 │         2.42 │         181.439 │        18.14 │ 1 day, 22:10:00 │   18     0    26  40.9 │
│      short_pullback_restart │     176 │         0.57 │         101.561 │        10.16 │ 2 days, 1:05:00 │   54     0   122  30.7 │
│                       TOTAL │     220 │         0.94 │         283.001 │         28.3 │ 2 days, 0:30:00 │   72     0   148  32.7 │
└─────────────────────────────┴─────────┴──────────────┴─────────────────┴──────────────┴─────────────────┴────────────────────────┘
                                                      EXIT REASON STATS                                                       
┏━━━━━━━━━━━━━━━━━━━━━━━┳━━━━━━━┳━━━━━━━━━━━━━━┳━━━━━━━━━━━━━━━━━┳━━━━━━━━━━━━━━┳━━━━━━━━━━━━━━━━━━━┳━━━━━━━━━━━━━━━━━━━━━━━━┓
┃           Exit Reason ┃ Exits ┃ Avg Profit % ┃ Tot Profit USDT ┃ Tot Profit % ┃      Avg Duration ┃  Win  Draw  Loss  Win% ┃
┡━━━━━━━━━━━━━━━━━━━━━━━╇━━━━━━━╇━━━━━━━━━━━━━━╇━━━━━━━━━━━━━━━━━╇━━━━━━━━━━━━━━╇━━━━━━━━━━━━━━━━━━━╇━━━━━━━━━━━━━━━━━━━━━━━━┩
│                   roi │    56 │         10.0 │         936.200 │        93.62 │   1 day, 22:38:00 │   56     0     0   100 │
│       stale_flat_120h │    14 │         0.64 │          17.419 │         1.74 │  5 days, 21:39:00 │   14     0     0   100 │
│ stale_low_profit_240h │     2 │         2.71 │          13.211 │         1.32 │ 10 days, 13:30:00 │    2     0     0   100 │
│        stale_loss_72h │    36 │        -0.56 │         -41.057 │        -4.11 │  3 days, 16:08:00 │    0     0    36     0 │
│    trailing_stop_loss │    32 │         -2.9 │        -170.802 │       -17.08 │          18:54:00 │    0     0    32     0 │
│             stop_loss │    80 │        -3.19 │        -471.971 │        -47.2 │          22:22:00 │    0     0    80     0 │
│                 TOTAL │   220 │         0.94 │         283.001 │         28.3 │   2 days, 0:30:00 │   72     0   148  32.7 │
└───────────────────────┴───────┴──────────────┴─────────────────┴──────────────┴───────────────────┴────────────────────────┘
                                                                       MIXED TAG STATS                                                                       
┏━━━━━━━━━━━━━━━━━━━━━━━━━━━━━┳━━━━━━━━━━━━━━━━━━━━━━━┳━━━━━━━━┳━━━━━━━━━━━━━━┳━━━━━━━━━━━━━━━━━┳━━━━━━━━━━━━━━┳━━━━━━━━━━━━━━━━━━━┳━━━━━━━━━━━━━━━━━━━━━━━━┓
┃                   Enter Tag ┃           Exit Reason ┃ Trades ┃ Avg Profit % ┃ Tot Profit USDT ┃ Tot Profit % ┃      Avg Duration ┃  Win  Draw  Loss  Win% ┃
┡━━━━━━━━━━━━━━━━━━━━━━━━━━━━━╇━━━━━━━━━━━━━━━━━━━━━━━╇━━━━━━━━╇━━━━━━━━━━━━━━╇━━━━━━━━━━━━━━━━━╇━━━━━━━━━━━━━━╇━━━━━━━━━━━━━━━━━━━╇━━━━━━━━━━━━━━━━━━━━━━━━┩
│      short_pullback_restart │                   roi │     39 │         10.0 │         633.460 │        63.35 │   1 day, 21:09:00 │   39     0     0   100 │
│ short_compression_breakdown │                   roi │     17 │         10.0 │         302.740 │        30.27 │   2 days, 2:00:00 │   17     0     0   100 │
│      short_pullback_restart │       stale_flat_120h │     13 │         0.65 │          16.771 │         1.68 │  5 days, 23:09:00 │   13     0     0   100 │
│      short_pullback_restart │ stale_low_profit_240h │      2 │         2.71 │          13.211 │         1.32 │ 10 days, 13:30:00 │    2     0     0   100 │
│ short_compression_breakdown │       stale_flat_120h │      1 │          0.5 │           0.648 │         0.06 │   5 days, 2:00:00 │    1     0     0   100 │
│ short_compression_breakdown │        stale_loss_72h │      8 │        -0.71 │         -10.738 │        -1.07 │  3 days, 12:00:00 │    0     0     8     0 │
│      short_pullback_restart │        stale_loss_72h │     28 │        -0.52 │         -30.318 │        -3.03 │  3 days, 17:19:00 │    0     0    28     0 │
│ short_compression_breakdown │    trailing_stop_loss │      8 │        -3.27 │         -46.311 │        -4.63 │          18:45:00 │    0     0     8     0 │
│ short_compression_breakdown │             stop_loss │     10 │         -3.2 │         -64.899 │        -6.49 │          23:42:00 │    0     0    10     0 │
│      short_pullback_restart │    trailing_stop_loss │     24 │        -2.77 │        -124.491 │       -12.45 │          18:58:00 │    0     0    24     0 │
│      short_pullback_restart │             stop_loss │     70 │        -3.19 │        -407.072 │       -40.71 │          22:11:00 │    0     0    70     0 │
│                       TOTAL │                       │    220 │         0.94 │         283.001 │         28.3 │   2 days, 0:30:00 │   72     0   148  32.7 │
└─────────────────────────────┴───────────────────────┴────────┴──────────────┴─────────────────┴──────────────┴───────────────────┴────────────────────────┘
                                  YEAR BREAKDOWN                                  
┏━━━━━━━━━━━━┳━━━━━━━━┳━━━━━━━━━━━━━━━━━┳━━━━━━━━━━━━━━━┳━━━━━━━━━━━━━━━━━━━━━━━━┓
┃       Year ┃ Trades ┃ Tot Profit USDT ┃ Profit Factor ┃  Win  Draw  Loss  Win% ┃
┡━━━━━━━━━━━━╇━━━━━━━━╇━━━━━━━━━━━━━━━━━╇━━━━━━━━━━━━━━━╇━━━━━━━━━━━━━━━━━━━━━━━━┩
│ 31/12/2025 │    159 │         241.606 │          1.51 │   53     0   106  33.3 │
│ 31/12/2026 │     61 │          41.394 │           1.2 │   19     0    42  31.1 │
└────────────┴────────┴─────────────────┴───────────────┴────────────────────────┘
                                   SUMMARY METRICS                                    
┏━━━━━━━━━━━━━━━━━━━━━━━━━━━━━━━━━━━━━━━━┳━━━━━━━━━━━━━━━━━━━━━━━━━━━━━━━━━━━━━━━━━━━┓
┃ Metric                                 ┃ Value                                     ┃
┡━━━━━━━━━━━━━━━━━━━━━━━━━━━━━━━━━━━━━━━━╇━━━━━━━━━━━━━━━━━━━━━━━━━━━━━━━━━━━━━━━━━━━┩
│ Backtesting from                       │ 2025-01-01 00:00:00                       │
│ Backtesting to                         │ 2026-05-07 00:00:00                       │
│ Trading Mode                           │ Isolated Futures                          │
│ Max open trades                        │ 5                                         │
│                                        │                                           │
│ Total/Daily Avg Trades                 │ 220 / 0.45                                │
│ Starting balance                       │ 1000 USDT                                 │
│ Final balance                          │ 1283.001 USDT                             │
│ Absolute profit                        │ 283.001 USDT                              │
│ Total profit %                         │ 28.30%                                    │
│ CAGR %                                 │ 20.35%                                    │
│ Sharpe (closed trades)                 │ 1.15                                      │
│ Sortino (closed trades)                │ 4.95                                      │
│ Calmar (closed trades)                 │ 11.72                                     │
│ SQN                                    │ 1.99                                      │
│ Profit factor                          │ 1.41                                      │
│ Expectancy (Ratio)                     │ 1.29 (0.28)                               │
│ Avg. daily profit                      │ 0.576 USDT                                │
│ Avg. stake amount                      │ 194.03 USDT                               │
│ Market change                          │ 29.77%                                    │
│ Total trade volume                     │ 85087.976 USDT                            │
│                                        │                                           │
│ Long / Short trades                    │ 0 / 220                                   │
│ Long / Short profit %                  │ 0.00% / 28.30%                            │
│ Long / Short profit USDT               │ 0.000 / 283.001                           │
│                                        │                                           │
│ Best Pair                              │ XRP/USDT:USDT 8.50%                       │
│ Worst Pair                             │ LINK/USDT:USDT -4.96%                     │
│ Best trade                             │ NEAR/USDT:USDT 10.02%                     │
│ Worst trade                            │ TAO/USDT:USDT -5.00%                      │
│ Best day                               │ 95.081 USDT                               │
│ Worst day                              │ -25.461 USDT                              │
│ Days win/draw/lose                     │ 35 / 332 / 90                             │
│ Min/Max/Avg. Duration Winners          │ 0d 08:00 / 11d 02:00 / 2d 22:51           │
│ Min/Max/Avg. Duration Losers           │ 0d 00:00 / 6d 08:00 / 1d 13:37            │
│ Max Consecutive Wins / Loss            │ 8 / 17                                    │
│ Rejected Entry signals                 │ 27                                        │
│ Entry/Exit Timeouts                    │ 0 / 0                                     │
│                                        │                                           │
│ Min/Max balance (closed trades)        │ 985.657 USDT / 1413.373 USDT              │
│ Max % of account underwater            │ 9.39%                                     │
│ Absolute drawdown                      │ 132.76 USDT (9.39%)                       │
│ Drawdown duration                      │ 47 days 23:00:00                          │
│ Profit at drawdown start               │ 413.373 USDT                              │
│ Profit at drawdown end                 │ 280.613 USDT                              │
│ Drawdown start                         │ 2026-02-14 09:00:00                       │
│ Drawdown end                           │ 2026-04-03 08:00:00                       │
│                                        │                                           │
│ Wallet based Metrics                   │                                           │
│ Min/Max balance (wallet balance)       │ 985.657 USDT / 1413.373 USDT              │
│ Min/Max balance dates (wallet balance) │ 2025-01-16 14:00:00 / 2026-02-14 10:00:00 │
│ Max % of account underwater (balance)  │ 9.39%                                     │
│ Absolute drawdown (wallet balance)     │ 132.76 USDT (9.39%)                       │
│ Drawdown duration                      │ 47 days 23:00:00                          │
│ Profit at drawdown start               │ 413.373 USDT                              │
│ Profit at drawdown end                 │ 280.613 USDT                              │
│ Drawdown start                         │ 2026-02-14 10:00:00                       │
│ Drawdown end                           │ 2026-04-03 09:00:00                       │
│ Sharpe (daily wallet balance)          │ 1.23                                      │
│ Sortino (daily wallet balance)         │ 2.19                                      │
│ Calmar (daily wallet balance)          │ 11.75                                     │
└────────────────────────────────────────┴───────────────────────────────────────────┘

Backtested 2025-01-01 00:00:00 -> 2026-05-07 00:00:00 | Max open trades : 5
                                                                          STRATEGY SUMMARY                                                                          
┏━━━━━━━━━━━━━━━━━━━━━━━━━━━━━━━━━━━━━━━━━┳━━━━━━━━┳━━━━━━━━━━━━━━┳━━━━━━━━━━━━━━━━━┳━━━━━━━━━━━━━━┳━━━━━━━━━━━━━━━━━┳━━━━━━━━━━━━━━━━━━━━━━━━┳━━━━━━━━━━━━━━━━━━━━┓
┃                                Strategy ┃ Trades ┃ Avg Profit % ┃ Tot Profit USDT ┃ Tot Profit % ┃    Avg Duration ┃  Win  Draw  Loss  Win% ┃           Drawdown ┃
┡━━━━━━━━━━━━━━━━━━━━━━━━━━━━━━━━━━━━━━━━━╇━━━━━━━━╇━━━━━━━━━━━━━━╇━━━━━━━━━━━━━━━━━╇━━━━━━━━━━━━━━╇━━━━━━━━━━━━━━━━━╇━━━━━━━━━━━━━━━━━━━━━━━━╇━━━━━━━━━━━━━━━━━━━━┩
│ DualTrendRobustRisk0p005Cap0p25Strategy │    220 │         0.94 │         283.001 │         28.3 │ 2 days, 0:30:00 │   72     0   148  32.7 │ 132.76 USDT  9.39% │
└─────────────────────────────────────────┴────────┴──────────────┴─────────────────┴──────────────┴─────────────────┴────────────────────────┴────────────────────┘
