time="2026-06-12T17:04:06+08:00" level=warning msg="Found orphan containers ([nfi-top9-exbtc-10000u-max4-dryrun]) for this project. If you removed or renamed this service in your compose file, you can run this command with the --remove-orphans flag to clean it up."
 Container ft_userdata-freqtrade-run-7f42fc126c5f Creating 
 Container ft_userdata-freqtrade-run-7f42fc126c5f Created 
2026-06-12 09:04:06,844 - freqtrade - INFO - freqtrade 2026.4
2026-06-12 09:04:07,088 - numexpr.utils - INFO - NumExpr defaulting to 16 threads.
2026-06-12 09:04:08,174 - freqtrade.configuration.load_config - INFO - Using config: 
/freqtrade/user_data/strategies/research/dual_trend_robustness_runs/20260612_165506/configs/pairs_recent_remove_worst_1.json ...
2026-06-12 09:04:08,182 - freqtrade.loggers - INFO - Enabling colorized output.
2026-06-12 09:04:08,182 - freqtrade.loggers - INFO - Logfile configured
2026-06-12 09:04:08,183 - freqtrade.loggers - INFO - Verbosity set to 0
2026-06-12 09:04:08,183 - freqtrade.configuration.configuration - INFO - Using additional Strategy lookup path: /freqtrade/user_data/strategies
2026-06-12 09:04:08,184 - freqtrade.configuration.configuration - INFO - Using max_open_trades: 3 ...
2026-06-12 09:04:08,184 - freqtrade.configuration.configuration - INFO - Parameter --timerange detected: 20250101-20260507 ...
2026-06-12 09:04:20,477 - freqtrade.configuration.configuration - INFO - Using user-data directory: /freqtrade/user_data ...
2026-06-12 09:04:20,478 - freqtrade.configuration.configuration - INFO - Using data directory: /freqtrade/user_data/data/binance ...
2026-06-12 09:04:20,478 - freqtrade.configuration.configuration - INFO - Using 
/freqtrade/user_data/strategies/research/dual_trend_robustness_runs/20260612_165506/results/pair_exclusion_recent_remove_worst_1 as backtest directory ...
2026-06-12 09:04:20,479 - freqtrade.configuration.configuration - INFO - Recursively searching for a strategy in the strategies folder.
2026-06-12 09:04:20,479 - freqtrade.configuration.configuration - INFO - Parameter --export detected: trades ...
2026-06-12 09:04:20,479 - freqtrade.configuration.configuration - INFO - Parameter --breakdown detected ...
2026-06-12 09:04:20,479 - freqtrade.configuration.configuration - INFO - Parameter --cache=none detected ...
2026-06-12 09:04:20,479 - freqtrade.configuration.configuration - INFO - Filter trades by timerange: 20250101-20260507
2026-06-12 09:04:20,480 - freqtrade.exchange.check_exchange - INFO - Checking exchange...
2026-06-12 09:04:20,485 - freqtrade.exchange.check_exchange - INFO - Exchange "binance" is officially supported by the Freqtrade development team.
2026-06-12 09:04:20,486 - freqtrade.configuration.configuration - INFO - Using pairlist from configuration.
2026-06-12 09:04:20,486 - freqtrade.configuration.config_validation - INFO - Validating configuration ...
2026-06-12 09:04:20,488 - freqtrade.commands.optimize_commands - INFO - Starting freqtrade in Backtesting mode
2026-06-12 09:04:20,489 - freqtrade.exchange.exchange - INFO - Instance is running with dry_run enabled
2026-06-12 09:04:20,490 - freqtrade.exchange.exchange - INFO - Using CCXT 4.5.50
2026-06-12 09:04:20,490 - freqtrade.exchange.exchange - INFO - Applying additional ccxt config: {'options': {'defaultType': 'swap', 'adjustForTimeDifference': True, 'recvWindow': 60000, 
'fetchCurrencies': False, 'fetchMarkets': ['linear']}, 'enableRateLimit': True, 'timeout': 60000}
2026-06-12 09:04:20,496 - freqtrade.exchange.exchange - INFO - Applying additional ccxt config: {'options': {'defaultType': 'swap', 'adjustForTimeDifference': True, 'recvWindow': 60000, 
'fetchCurrencies': False, 'fetchMarkets': ['linear']}, 'enableRateLimit': True, 'timeout': 60000}
2026-06-12 09:04:20,501 - freqtrade.exchange.exchange - INFO - Using Exchange "Binance"
2026-06-12 09:04:21,359 - freqtrade.resolvers.exchange_resolver - INFO - Using resolved exchange 'Binance'...
2026-06-12 09:04:21,815 - freqtrade.resolvers.iresolver - INFO - Using resolved strategy DualTrendCompressionRestartShortV1Strategy from 
'/freqtrade/user_data/strategies/DualTrendCompressionRestartShortV1Strategy.py'...
2026-06-12 09:04:21,816 - freqtrade.strategy.hyper - INFO - Found no parameter file.
2026-06-12 09:04:21,817 - freqtrade.resolvers.strategy_resolver - INFO - Override strategy 'stake_currency' with value from the configuration: USDT.
2026-06-12 09:04:21,817 - freqtrade.resolvers.strategy_resolver - INFO - Override strategy 'stake_amount' with value from the configuration: unlimited.
2026-06-12 09:04:21,817 - freqtrade.resolvers.strategy_resolver - INFO - Override strategy 'unfilledtimeout' with value from the configuration: {'entry': 10, 'exit': 10, 'exit_timeout_count': 0, 
'unit': 'minutes'}.
2026-06-12 09:04:21,817 - freqtrade.resolvers.strategy_resolver - INFO - Override strategy 'max_open_trades' with value from the configuration: 3.
2026-06-12 09:04:21,817 - freqtrade.resolvers.strategy_resolver - INFO - Strategy using minimal_roi: {'0': 0.1}
2026-06-12 09:04:21,818 - freqtrade.resolvers.strategy_resolver - INFO - Strategy using timeframe: 1h
2026-06-12 09:04:21,818 - freqtrade.resolvers.strategy_resolver - INFO - Strategy using stoploss: -0.06
2026-06-12 09:04:21,818 - freqtrade.resolvers.strategy_resolver - INFO - Strategy using trailing_stop: False
2026-06-12 09:04:21,818 - freqtrade.resolvers.strategy_resolver - INFO - Strategy using trailing_stop_positive_offset: 0.0
2026-06-12 09:04:21,818 - freqtrade.resolvers.strategy_resolver - INFO - Strategy using trailing_only_offset_is_reached: False
2026-06-12 09:04:21,819 - freqtrade.resolvers.strategy_resolver - INFO - Strategy using use_custom_stoploss: True
2026-06-12 09:04:21,819 - freqtrade.resolvers.strategy_resolver - INFO - Strategy using process_only_new_candles: True
2026-06-12 09:04:21,820 - freqtrade.resolvers.strategy_resolver - INFO - Strategy using order_types: {'entry': 'limit', 'exit': 'limit', 'stoploss': 'limit', 'stoploss_on_exchange': False, 
'stoploss_on_exchange_interval': 60}
2026-06-12 09:04:21,820 - freqtrade.resolvers.strategy_resolver - INFO - Strategy using order_time_in_force: {'entry': 'GTC', 'exit': 'GTC'}
2026-06-12 09:04:21,821 - freqtrade.resolvers.strategy_resolver - INFO - Strategy using stake_currency: USDT
2026-06-12 09:04:21,821 - freqtrade.resolvers.strategy_resolver - INFO - Strategy using stake_amount: unlimited
2026-06-12 09:04:21,821 - freqtrade.resolvers.strategy_resolver - INFO - Strategy using startup_candle_count: 1000
2026-06-12 09:04:21,821 - freqtrade.resolvers.strategy_resolver - INFO - Strategy using unfilledtimeout: {'entry': 10, 'exit': 10, 'exit_timeout_count': 0, 'unit': 'minutes'}
2026-06-12 09:04:21,822 - freqtrade.resolvers.strategy_resolver - INFO - Strategy using use_exit_signal: True
2026-06-12 09:04:21,822 - freqtrade.resolvers.strategy_resolver - INFO - Strategy using exit_profit_only: False
2026-06-12 09:04:21,822 - freqtrade.resolvers.strategy_resolver - INFO - Strategy using ignore_roi_if_entry_signal: True
2026-06-12 09:04:21,822 - freqtrade.resolvers.strategy_resolver - INFO - Strategy using exit_profit_offset: 0.0
2026-06-12 09:04:21,822 - freqtrade.resolvers.strategy_resolver - INFO - Strategy using disable_dataframe_checks: False
2026-06-12 09:04:21,822 - freqtrade.resolvers.strategy_resolver - INFO - Strategy using ignore_buying_expired_candle_after: 0
2026-06-12 09:04:21,822 - freqtrade.resolvers.strategy_resolver - INFO - Strategy using position_adjustment_enable: False
2026-06-12 09:04:21,823 - freqtrade.resolvers.strategy_resolver - INFO - Strategy using max_entry_position_adjustment: -1
2026-06-12 09:04:21,823 - freqtrade.resolvers.strategy_resolver - INFO - Strategy using max_open_trades: 3
2026-06-12 09:04:21,823 - freqtrade.configuration.config_validation - INFO - Validating configuration ...
2026-06-12 09:04:21,826 - freqtrade.resolvers.iresolver - INFO - Using resolved pairlist StaticPairList from '/freqtrade/freqtrade/plugins/pairlist/StaticPairList.py'...
2026-06-12 09:04:21,832 - freqtrade.optimize.backtesting - INFO - Using fee 0.0500% - worst case fee from exchange (lowest tier).
2026-06-12 09:04:21,833 - freqtrade.exchange.exchange - WARNING - Using 3 calls to get OHLCV. This can result in slower operations for the bot. Please check if you really need 1000 candles for your 
strategy.
2026-06-12 09:04:22,118 - freqtrade.data.history.datahandlers.idatahandler - WARNING - TAO/USDT:USDT, futures, 1h, data ends at 2026-04-20 00:00:00
2026-06-12 09:04:22,130 - freqtrade.optimize.backtesting - INFO - Loading data from 2024-11-20 08:00:00 up to 2026-05-07 00:00:00 (532 days).
2026-06-12 09:04:22,138 - freqtrade.data.history.datahandlers.idatahandler - WARNING - BTC/USDT:USDT, funding_rate, 1h, data ends at 2026-05-06 16:00:00
2026-06-12 09:04:22,148 - freqtrade.data.history.datahandlers.idatahandler - WARNING - ETH/USDT:USDT, funding_rate, 1h, data ends at 2026-05-06 16:00:00
2026-06-12 09:04:22,190 - freqtrade.data.history.datahandlers.idatahandler - WARNING - DOGE/USDT:USDT, funding_rate, 1h, data ends at 2026-05-06 16:00:00
2026-06-12 09:04:22,233 - freqtrade.data.history.datahandlers.idatahandler - WARNING - TRX/USDT:USDT, funding_rate, 1h, data ends at 2026-05-06 16:00:00
2026-06-12 09:04:22,244 - freqtrade.data.history.datahandlers.idatahandler - WARNING - ZEC/USDT:USDT, funding_rate, 1h, data ends at 2026-05-06 16:00:00
2026-06-12 09:04:22,256 - freqtrade.data.history.datahandlers.idatahandler - WARNING - TAO/USDT:USDT, funding_rate, 1h, data ends at 2026-04-19 20:00:00
2026-06-12 09:04:22,685 - freqtrade.data.history.datahandlers.idatahandler - WARNING - TAO/USDT:USDT, mark, 1h, data ends at 2026-04-20 00:00:00
2026-06-12 09:04:23,501 - freqtrade.optimize.backtesting - INFO - Dataload complete. Calculating indicators
2026-06-12 09:04:23,505 - freqtrade.optimize.backtesting - INFO - Running backtesting for Strategy DualTrendCompressionRestartShortV1Strategy
2026-06-12 09:04:23,507 - freqtrade.data.dataprovider - INFO - Loading data for BTC/USDT:USDT 4h from 2024-07-18 08:00:00 to 2026-05-07 00:00:00
2026-06-12 09:04:23,516 - freqtrade.data.history.datahandlers.idatahandler - WARNING - BTC/USDT:USDT, futures, 4h, data ends at 2026-05-06 12:00:00
2026-06-12 09:04:23,563 - freqtrade.data.dataprovider - INFO - Loading data for ETH/USDT:USDT 4h from 2024-07-18 08:00:00 to 2026-05-07 00:00:00
2026-06-12 09:04:23,572 - freqtrade.data.history.datahandlers.idatahandler - WARNING - ETH/USDT:USDT, futures, 4h, data ends at 2026-05-06 12:00:00
2026-06-12 09:04:23,620 - freqtrade.data.dataprovider - INFO - Loading data for BNB/USDT:USDT 4h from 2024-07-18 08:00:00 to 2026-05-07 00:00:00
2026-06-12 09:04:23,630 - freqtrade.data.history.datahandlers.idatahandler - WARNING - BNB/USDT:USDT, futures, 4h, data ends at 2026-05-06 16:00:00
2026-06-12 09:04:23,676 - freqtrade.data.dataprovider - INFO - Loading data for SOL/USDT:USDT 4h from 2024-07-18 08:00:00 to 2026-05-07 00:00:00
2026-06-12 09:04:23,686 - freqtrade.data.history.datahandlers.idatahandler - WARNING - SOL/USDT:USDT, futures, 4h, data ends at 2026-05-06 16:00:00
2026-06-12 09:04:23,732 - freqtrade.data.dataprovider - INFO - Loading data for XRP/USDT:USDT 4h from 2024-07-18 08:00:00 to 2026-05-07 00:00:00
2026-06-12 09:04:23,742 - freqtrade.data.history.datahandlers.idatahandler - WARNING - XRP/USDT:USDT, futures, 4h, data ends at 2026-05-06 16:00:00
2026-06-12 09:04:23,789 - freqtrade.data.dataprovider - INFO - Loading data for DOGE/USDT:USDT 4h from 2024-07-18 08:00:00 to 2026-05-07 00:00:00
2026-06-12 09:04:23,810 - freqtrade.data.history.datahandlers.idatahandler - WARNING - DOGE/USDT:USDT, futures, 4h, data ends at 2026-05-06 12:00:00
2026-06-12 09:04:23,857 - freqtrade.data.dataprovider - INFO - Loading data for ADA/USDT:USDT 4h from 2024-07-18 08:00:00 to 2026-05-07 00:00:00
2026-06-12 09:04:23,889 - freqtrade.data.history.datahandlers.idatahandler - WARNING - ADA/USDT:USDT, futures, 4h, data ends at 2026-05-06 16:00:00
2026-06-12 09:04:23,949 - freqtrade.data.dataprovider - INFO - Loading data for NEAR/USDT:USDT 4h from 2024-07-18 08:00:00 to 2026-05-07 00:00:00
2026-06-12 09:04:23,963 - freqtrade.data.history.datahandlers.idatahandler - WARNING - NEAR/USDT:USDT, futures, 4h, data ends at 2026-05-06 16:00:00
2026-06-12 09:04:24,020 - freqtrade.data.dataprovider - INFO - Loading data for SUI/USDT:USDT 4h from 2024-07-18 08:00:00 to 2026-05-07 00:00:00
2026-06-12 09:04:24,084 - freqtrade.data.dataprovider - INFO - Loading data for TRX/USDT:USDT 4h from 2024-07-18 08:00:00 to 2026-05-07 00:00:00
2026-06-12 09:04:24,099 - freqtrade.data.history.datahandlers.idatahandler - WARNING - TRX/USDT:USDT, futures, 4h, data ends at 2026-05-06 12:00:00
2026-06-12 09:04:24,157 - freqtrade.data.dataprovider - INFO - Loading data for ZEC/USDT:USDT 4h from 2024-07-18 08:00:00 to 2026-05-07 00:00:00
2026-06-12 09:04:24,169 - freqtrade.data.history.datahandlers.idatahandler - WARNING - ZEC/USDT:USDT, futures, 4h, data ends at 2026-05-06 12:00:00
2026-06-12 09:04:24,219 - freqtrade.data.dataprovider - INFO - Loading data for TAO/USDT:USDT 4h from 2024-07-18 08:00:00 to 2026-05-07 00:00:00
2026-06-12 09:04:24,233 - freqtrade.data.history.datahandlers.idatahandler - WARNING - TAO/USDT:USDT, futures, 4h, data ends at 2026-04-19 16:00:00
2026-06-12 09:04:24,292 - freqtrade.optimize.backtesting - INFO - Backtesting with data from 2025-01-01 00:00:00 up to 2026-05-07 00:00:00 (491 days).
2026-06-12 09:04:24,293 - freqtrade.resolvers.iresolver - INFO - Using resolved protection CooldownPeriod from '/freqtrade/freqtrade/plugins/protections/cooldown_period.py'...
2026-06-12 09:04:24,295 - freqtrade.resolvers.iresolver - INFO - Using resolved protection StoplossGuard from '/freqtrade/freqtrade/plugins/protections/stoploss_guard.py'...
2026-06-12 09:04:24,296 - freqtrade.resolvers.iresolver - INFO - Using resolved protection MaxDrawdown from '/freqtrade/freqtrade/plugins/protections/max_drawdown_protection.py'...
2026-06-12 09:04:43,526 - freqtrade.misc - INFO - dumping json to 
"/freqtrade/user_data/strategies/research/dual_trend_robustness_runs/20260612_165506/results/pair_exclusion_recent_remove_worst_1/backtest-result-2026-06-12_09-04-43.meta.json"
Result for strategy DualTrendCompressionRestartShortV1Strategy
                                                  BACKTESTING REPORT                                                   
┏━━━━━━━━━━━━━━━━┳━━━━━━━━┳━━━━━━━━━━━━━━┳━━━━━━━━━━━━━━━━━┳━━━━━━━━━━━━━━┳━━━━━━━━━━━━━━━━━━┳━━━━━━━━━━━━━━━━━━━━━━━━┓
┃           Pair ┃ Trades ┃ Avg Profit % ┃ Tot Profit USDT ┃ Tot Profit % ┃     Avg Duration ┃  Win  Draw  Loss  Win% ┃
┡━━━━━━━━━━━━━━━━╇━━━━━━━━╇━━━━━━━━━━━━━━╇━━━━━━━━━━━━━━━━━╇━━━━━━━━━━━━━━╇━━━━━━━━━━━━━━━━━━╇━━━━━━━━━━━━━━━━━━━━━━━━┩
│  XRP/USDT:USDT │     17 │         1.41 │          79.500 │         7.95 │  3 days, 8:04:00 │    7     0    10  41.2 │
│ DOGE/USDT:USDT │     17 │         2.16 │          71.330 │         7.13 │  1 day, 13:46:00 │    6     0    11  35.3 │
│  ETH/USDT:USDT │     15 │         1.48 │          53.273 │         5.33 │  2 days, 7:00:00 │    5     0    10  33.3 │
│  ZEC/USDT:USDT │      6 │         3.97 │          46.721 │         4.67 │  3 days, 2:20:00 │    4     0     2  66.7 │
│  SOL/USDT:USDT │     14 │         1.79 │          36.364 │         3.64 │   1 day, 0:00:00 │    5     0     9  35.7 │
│  BTC/USDT:USDT │     19 │         0.46 │          35.411 │         3.54 │  2 days, 2:47:00 │    6     0    13  31.6 │
│ NEAR/USDT:USDT │     16 │         0.43 │          33.811 │         3.38 │   1 day, 9:26:00 │    5     0    11  31.2 │
│  ADA/USDT:USDT │     18 │         1.41 │          33.580 │         3.36 │ 2 days, 10:23:00 │    5     0    13  27.8 │
│  SUI/USDT:USDT │     14 │         0.97 │          33.280 │         3.33 │  1 day, 20:43:00 │    5     0     9  35.7 │
│  TAO/USDT:USDT │      6 │         0.14 │           3.215 │         0.32 │  2 days, 5:30:00 │    3     0     3  50.0 │
│  BNB/USDT:USDT │     11 │        -0.48 │         -20.625 │        -2.06 │  2 days, 8:55:00 │    4     0     7  36.4 │
│  TRX/USDT:USDT │     12 │        -0.86 │         -34.674 │        -3.47 │ 2 days, 22:25:00 │    1     0    11   8.3 │
│          TOTAL │    165 │         1.04 │         371.186 │        37.12 │  2 days, 4:00:00 │   56     0   109  33.9 │
└────────────────┴────────┴──────────────┴─────────────────┴──────────────┴──────────────────┴────────────────────────┘
                                         LEFT OPEN TRADES REPORT                                          
┏━━━━━━━┳━━━━━━━━┳━━━━━━━━━━━━━━┳━━━━━━━━━━━━━━━━━┳━━━━━━━━━━━━━━┳━━━━━━━━━━━━━━┳━━━━━━━━━━━━━━━━━━━━━━━━┓
┃  Pair ┃ Trades ┃ Avg Profit % ┃ Tot Profit USDT ┃ Tot Profit % ┃ Avg Duration ┃  Win  Draw  Loss  Win% ┃
┡━━━━━━━╇━━━━━━━━╇━━━━━━━━━━━━━━╇━━━━━━━━━━━━━━━━━╇━━━━━━━━━━━━━━╇━━━━━━━━━━━━━━╇━━━━━━━━━━━━━━━━━━━━━━━━┩
│ TOTAL │      0 │          0.0 │           0.000 │          0.0 │         0:00 │    0     0     0     0 │
└───────┴────────┴──────────────┴─────────────────┴──────────────┴──────────────┴────────────────────────┘
                                                          ENTER TAG STATS                                                           
┏━━━━━━━━━━━━━━━━━━━━━━━━━━━━━┳━━━━━━━━━┳━━━━━━━━━━━━━━┳━━━━━━━━━━━━━━━━━┳━━━━━━━━━━━━━━┳━━━━━━━━━━━━━━━━━┳━━━━━━━━━━━━━━━━━━━━━━━━┓
┃                   Enter Tag ┃ Entries ┃ Avg Profit % ┃ Tot Profit USDT ┃ Tot Profit % ┃    Avg Duration ┃  Win  Draw  Loss  Win% ┃
┡━━━━━━━━━━━━━━━━━━━━━━━━━━━━━╇━━━━━━━━━╇━━━━━━━━━━━━━━╇━━━━━━━━━━━━━━━━━╇━━━━━━━━━━━━━━╇━━━━━━━━━━━━━━━━━╇━━━━━━━━━━━━━━━━━━━━━━━━┩
│ short_compression_breakdown │      33 │         3.05 │         256.210 │        25.62 │ 2 days, 1:53:00 │   14     0    19  42.4 │
│      short_pullback_restart │     132 │         0.54 │         114.976 │         11.5 │ 2 days, 4:31:00 │   42     0    90  31.8 │
│                       TOTAL │     165 │         1.04 │         371.186 │        37.12 │ 2 days, 4:00:00 │   56     0   109  33.9 │
└─────────────────────────────┴─────────┴──────────────┴─────────────────┴──────────────┴─────────────────┴────────────────────────┘
                                                      EXIT REASON STATS                                                       
┏━━━━━━━━━━━━━━━━━━━━━━━┳━━━━━━━┳━━━━━━━━━━━━━━┳━━━━━━━━━━━━━━━━━┳━━━━━━━━━━━━━━┳━━━━━━━━━━━━━━━━━━━┳━━━━━━━━━━━━━━━━━━━━━━━━┓
┃           Exit Reason ┃ Exits ┃ Avg Profit % ┃ Tot Profit USDT ┃ Tot Profit % ┃      Avg Duration ┃  Win  Draw  Loss  Win% ┃
┡━━━━━━━━━━━━━━━━━━━━━━━╇━━━━━━━╇━━━━━━━━━━━━━━╇━━━━━━━━━━━━━━━━━╇━━━━━━━━━━━━━━╇━━━━━━━━━━━━━━━━━━━╇━━━━━━━━━━━━━━━━━━━━━━━━┩
│                   roi │    42 │         10.0 │        1090.986 │        109.1 │   2 days, 5:50:00 │   42     0     0   100 │
│       stale_flat_120h │    12 │         0.65 │          24.398 │         2.44 │   6 days, 0:55:00 │   12     0     0   100 │
│ stale_low_profit_240h │     2 │         2.71 │          21.130 │         2.11 │ 10 days, 13:30:00 │    2     0     0   100 │
│        stale_loss_72h │    27 │        -0.54 │         -47.304 │        -4.73 │  3 days, 17:04:00 │    0     0    27     0 │
│    trailing_stop_loss │    24 │        -2.84 │        -198.772 │       -19.88 │          19:18:00 │    0     0    24     0 │
│             stop_loss │    58 │        -3.08 │        -519.253 │       -51.93 │          20:46:00 │    0     0    58     0 │
│                 TOTAL │   165 │         1.04 │         371.186 │        37.12 │   2 days, 4:00:00 │   56     0   109  33.9 │
└───────────────────────┴───────┴──────────────┴─────────────────┴──────────────┴───────────────────┴────────────────────────┘
                                                                       MIXED TAG STATS                                                                       
┏━━━━━━━━━━━━━━━━━━━━━━━━━━━━━┳━━━━━━━━━━━━━━━━━━━━━━━┳━━━━━━━━┳━━━━━━━━━━━━━━┳━━━━━━━━━━━━━━━━━┳━━━━━━━━━━━━━━┳━━━━━━━━━━━━━━━━━━━┳━━━━━━━━━━━━━━━━━━━━━━━━┓
┃                   Enter Tag ┃           Exit Reason ┃ Trades ┃ Avg Profit % ┃ Tot Profit USDT ┃ Tot Profit % ┃      Avg Duration ┃  Win  Draw  Loss  Win% ┃
┡━━━━━━━━━━━━━━━━━━━━━━━━━━━━━╇━━━━━━━━━━━━━━━━━━━━━━━╇━━━━━━━━╇━━━━━━━━━━━━━━╇━━━━━━━━━━━━━━━━━╇━━━━━━━━━━━━━━╇━━━━━━━━━━━━━━━━━━━╇━━━━━━━━━━━━━━━━━━━━━━━━┩
│      short_pullback_restart │                   roi │     28 │         10.0 │         709.439 │        70.94 │   2 days, 4:45:00 │   28     0     0   100 │
│ short_compression_breakdown │                   roi │     14 │         10.0 │         381.548 │        38.15 │   2 days, 8:00:00 │   14     0     0   100 │
│      short_pullback_restart │       stale_flat_120h │     12 │         0.65 │          24.398 │         2.44 │   6 days, 0:55:00 │   12     0     0   100 │
│      short_pullback_restart │ stale_low_profit_240h │      2 │         2.71 │          21.130 │         2.11 │ 10 days, 13:30:00 │    2     0     0   100 │
│ short_compression_breakdown │        stale_loss_72h │      7 │         -0.4 │          -9.470 │        -0.95 │  3 days, 13:34:00 │    0     0     7     0 │
│      short_pullback_restart │        stale_loss_72h │     20 │         -0.6 │         -37.833 │        -3.78 │  3 days, 18:18:00 │    0     0    20     0 │
│ short_compression_breakdown │    trailing_stop_loss │      5 │        -3.13 │         -44.347 │        -4.43 │          22:24:00 │    0     0     5     0 │
│ short_compression_breakdown │             stop_loss │      7 │        -2.98 │         -71.520 │        -7.15 │          21:34:00 │    0     0     7     0 │
│      short_pullback_restart │    trailing_stop_loss │     19 │        -2.76 │        -154.425 │       -15.44 │          18:28:00 │    0     0    19     0 │
│      short_pullback_restart │             stop_loss │     51 │         -3.1 │        -447.732 │       -44.77 │          20:39:00 │    0     0    51     0 │
│                       TOTAL │                       │    165 │         1.04 │         371.186 │        37.12 │   2 days, 4:00:00 │   56     0   109  33.9 │
└─────────────────────────────┴───────────────────────┴────────┴──────────────┴─────────────────┴──────────────┴───────────────────┴────────────────────────┘
                                  YEAR BREAKDOWN                                  
┏━━━━━━━━━━━━┳━━━━━━━━┳━━━━━━━━━━━━━━━━━┳━━━━━━━━━━━━━━━┳━━━━━━━━━━━━━━━━━━━━━━━━┓
┃       Year ┃ Trades ┃ Tot Profit USDT ┃ Profit Factor ┃  Win  Draw  Loss  Win% ┃
┡━━━━━━━━━━━━╇━━━━━━━━╇━━━━━━━━━━━━━━━━━╇━━━━━━━━━━━━━━━╇━━━━━━━━━━━━━━━━━━━━━━━━┩
│ 31/12/2025 │    125 │         331.472 │          1.59 │   44     0    81  35.2 │
│ 31/12/2026 │     40 │          39.714 │           1.2 │   12     0    28  30.0 │
└────────────┴────────┴─────────────────┴───────────────┴────────────────────────┘
                                   SUMMARY METRICS                                    
┏━━━━━━━━━━━━━━━━━━━━━━━━━━━━━━━━━━━━━━━━┳━━━━━━━━━━━━━━━━━━━━━━━━━━━━━━━━━━━━━━━━━━━┓
┃ Metric                                 ┃ Value                                     ┃
┡━━━━━━━━━━━━━━━━━━━━━━━━━━━━━━━━━━━━━━━━╇━━━━━━━━━━━━━━━━━━━━━━━━━━━━━━━━━━━━━━━━━━━┩
│ Backtesting from                       │ 2025-01-01 00:00:00                       │
│ Backtesting to                         │ 2026-05-07 00:00:00                       │
│ Trading Mode                           │ Isolated Futures                          │
│ Max open trades                        │ 3                                         │
│                                        │                                           │
│ Total/Daily Avg Trades                 │ 165 / 0.34                                │
│ Starting balance                       │ 1000 USDT                                 │
│ Final balance                          │ 1371.186 USDT                             │
│ Absolute profit                        │ 371.186 USDT                              │
│ Total profit %                         │ 37.12%                                    │
│ CAGR %                                 │ 26.45%                                    │
│ Sharpe (closed trades)                 │ 0.98                                      │
│ Sortino (closed trades)                │ 4.15                                      │
│ Calmar (closed trades)                 │ 19.31                                     │
│ SQN                                    │ 1.95                                      │
│ Profit factor                          │ 1.49                                      │
│ Expectancy (Ratio)                     │ 2.25 (0.32)                               │
│ Avg. daily profit                      │ 0.756 USDT                                │
│ Avg. stake amount                      │ 306.021 USDT                              │
│ Market change                          │ 36.49%                                    │
│ Total trade volume                     │ 100612.89 USDT                            │
│                                        │                                           │
│ Long / Short trades                    │ 0 / 165                                   │
│ Long / Short profit %                  │ 0.00% / 37.12%                            │
│ Long / Short profit USDT               │ 0.000 / 371.186                           │
│                                        │                                           │
│ Best Pair                              │ XRP/USDT:USDT 7.95%                       │
│ Worst Pair                             │ TRX/USDT:USDT -3.47%                      │
│ Best trade                             │ NEAR/USDT:USDT 10.02%                     │
│ Worst trade                            │ TAO/USDT:USDT -5.00%                      │
│ Best day                               │ 102.214 USDT                              │
│ Worst day                              │ -29.323 USDT                              │
│ Days win/draw/lose                     │ 33 / 345 / 79                             │
│ Min/Max/Avg. Duration Winners          │ 0d 08:00 / 11d 02:00 / 3d 08:29           │
│ Min/Max/Avg. Duration Losers           │ 0d 00:00 / 6d 08:00 / 1d 13:21            │
│ Max Consecutive Wins / Loss            │ 7 / 12                                    │
│ Rejected Entry signals                 │ 80                                        │
│ Entry/Exit Timeouts                    │ 0 / 0                                     │
│                                        │                                           │
│ Min/Max balance (closed trades)        │ 978.502 USDT / 1478.309 USDT              │
│ Max % of account underwater            │ 7.97%                                     │
│ Absolute drawdown                      │ 110.591 USDT (7.48%)                      │
│ Drawdown duration                      │ 47 days 23:00:00                          │
│ Profit at drawdown start               │ 478.309 USDT                              │
│ Profit at drawdown end                 │ 367.717 USDT                              │
│ Drawdown start                         │ 2026-02-14 09:00:00                       │
│ Drawdown end                           │ 2026-04-03 08:00:00                       │
│                                        │                                           │
│ Wallet based Metrics                   │                                           │
│ Min/Max balance (wallet balance)       │ 978.502 USDT / 1478.309 USDT              │
│ Min/Max balance dates (wallet balance) │ 2025-01-16 14:00:00 / 2026-02-14 10:00:00 │
│ Max % of account underwater (balance)  │ 7.97%                                     │
│ Absolute drawdown (wallet balance)     │ 110.591 USDT (7.48%)                      │
│ Drawdown duration                      │ 47 days 23:00:00                          │
│ Profit at drawdown start               │ 478.309 USDT                              │
│ Profit at drawdown end                 │ 367.717 USDT                              │
│ Drawdown start                         │ 2026-02-14 10:00:00                       │
│ Drawdown end                           │ 2026-04-03 09:00:00                       │
│ Sharpe (daily wallet balance)          │ 1.39                                      │
│ Sortino (daily wallet balance)         │ 2.74                                      │
│ Calmar (daily wallet balance)          │ 19.35                                     │
└────────────────────────────────────────┴───────────────────────────────────────────┘

Backtested 2025-01-01 00:00:00 -> 2026-05-07 00:00:00 | Max open trades : 3
                                                                            STRATEGY SUMMARY                                                                            
┏━━━━━━━━━━━━━━━━━━━━━━━━━━━━━━━━━━━━━━━━━━━━┳━━━━━━━━┳━━━━━━━━━━━━━━┳━━━━━━━━━━━━━━━━━┳━━━━━━━━━━━━━━┳━━━━━━━━━━━━━━━━━┳━━━━━━━━━━━━━━━━━━━━━━━━┳━━━━━━━━━━━━━━━━━━━━━┓
┃                                   Strategy ┃ Trades ┃ Avg Profit % ┃ Tot Profit USDT ┃ Tot Profit % ┃    Avg Duration ┃  Win  Draw  Loss  Win% ┃            Drawdown ┃
┡━━━━━━━━━━━━━━━━━━━━━━━━━━━━━━━━━━━━━━━━━━━━╇━━━━━━━━╇━━━━━━━━━━━━━━╇━━━━━━━━━━━━━━━━━╇━━━━━━━━━━━━━━╇━━━━━━━━━━━━━━━━━╇━━━━━━━━━━━━━━━━━━━━━━━━╇━━━━━━━━━━━━━━━━━━━━━┩
│ DualTrendCompressionRestartShortV1Strategy │    165 │         1.04 │         371.186 │        37.12 │ 2 days, 4:00:00 │   56     0   109  33.9 │ 110.591 USDT  7.48% │
└────────────────────────────────────────────┴────────┴──────────────┴─────────────────┴──────────────┴─────────────────┴────────────────────────┴─────────────────────┘
