time="2026-06-12T17:51:59+08:00" level=warning msg="Found orphan containers ([nfi-top9-exbtc-10000u-max4-dryrun]) for this project. If you removed or renamed this service in your compose file, you can run this command with the --remove-orphans flag to clean it up."
 Container ft_userdata-freqtrade-run-9c53bdccdc57 Creating 
 Container ft_userdata-freqtrade-run-9c53bdccdc57 Created 
2026-06-12 09:52:00,314 - freqtrade - INFO - freqtrade 2026.4
2026-06-12 09:52:00,543 - numexpr.utils - INFO - NumExpr defaulting to 16 threads.
2026-06-12 09:52:01,664 - freqtrade.configuration.load_config - INFO - Using config: /freqtrade/user_data/strategies/research/dual_trend_robustness_runs/20260612_165506/configs/base.json ...
2026-06-12 09:52:01,673 - freqtrade.loggers - INFO - Enabling colorized output.
2026-06-12 09:52:01,673 - freqtrade.loggers - INFO - Logfile configured
2026-06-12 09:52:01,674 - freqtrade.loggers - INFO - Verbosity set to 0
2026-06-12 09:52:01,674 - freqtrade.configuration.configuration - INFO - Using additional Strategy lookup path: /freqtrade/user_data/strategies
2026-06-12 09:52:01,675 - freqtrade.configuration.configuration - INFO - Parameter --max-open-trades detected, overriding max_open_trades to: 5 ...
2026-06-12 09:52:01,675 - freqtrade.configuration.configuration - INFO - Parameter --timerange detected: 20250101-20260507 ...
2026-06-12 09:52:25,749 - freqtrade.configuration.configuration - INFO - Using user-data directory: /freqtrade/user_data ...
2026-06-12 09:52:25,753 - freqtrade.configuration.configuration - INFO - Using data directory: /freqtrade/user_data/data/binance ...
2026-06-12 09:52:25,753 - freqtrade.configuration.configuration - INFO - Using /freqtrade/user_data/strategies/research/dual_trend_robustness_runs/20260612_165506/results/risk_recent_0.0075_0.25_5 as 
backtest directory ...
2026-06-12 09:52:25,753 - freqtrade.configuration.configuration - INFO - Recursively searching for a strategy in the strategies folder.
2026-06-12 09:52:25,753 - freqtrade.configuration.configuration - INFO - Parameter --export detected: trades ...
2026-06-12 09:52:25,754 - freqtrade.configuration.configuration - INFO - Parameter --breakdown detected ...
2026-06-12 09:52:25,754 - freqtrade.configuration.configuration - INFO - Parameter --cache=none detected ...
2026-06-12 09:52:25,754 - freqtrade.configuration.configuration - INFO - Filter trades by timerange: 20250101-20260507
2026-06-12 09:52:25,755 - freqtrade.exchange.check_exchange - INFO - Checking exchange...
2026-06-12 09:52:25,760 - freqtrade.exchange.check_exchange - INFO - Exchange "binance" is officially supported by the Freqtrade development team.
2026-06-12 09:52:25,761 - freqtrade.configuration.configuration - INFO - Using pairlist from configuration.
2026-06-12 09:52:25,761 - freqtrade.configuration.config_validation - INFO - Validating configuration ...
2026-06-12 09:52:25,762 - freqtrade.commands.optimize_commands - INFO - Starting freqtrade in Backtesting mode
2026-06-12 09:52:25,763 - freqtrade.exchange.exchange - INFO - Instance is running with dry_run enabled
2026-06-12 09:52:25,763 - freqtrade.exchange.exchange - INFO - Using CCXT 4.5.50
2026-06-12 09:52:25,764 - freqtrade.exchange.exchange - INFO - Applying additional ccxt config: {'options': {'defaultType': 'swap', 'adjustForTimeDifference': True, 'recvWindow': 60000, 
'fetchCurrencies': False, 'fetchMarkets': ['linear']}, 'enableRateLimit': True, 'timeout': 60000}
2026-06-12 09:52:25,769 - freqtrade.exchange.exchange - INFO - Applying additional ccxt config: {'options': {'defaultType': 'swap', 'adjustForTimeDifference': True, 'recvWindow': 60000, 
'fetchCurrencies': False, 'fetchMarkets': ['linear']}, 'enableRateLimit': True, 'timeout': 60000}
2026-06-12 09:52:25,775 - freqtrade.exchange.exchange - INFO - Using Exchange "Binance"
2026-06-12 09:52:27,061 - freqtrade.resolvers.exchange_resolver - INFO - Using resolved exchange 'Binance'...
2026-06-12 09:52:29,861 - freqtrade.resolvers.iresolver - INFO - Using resolved strategy DualTrendRobustRisk0p0075Cap0p25Strategy from 
'/freqtrade/user_data/strategies/DualTrendRobustnessTempStrategies.py'...
2026-06-12 09:52:29,863 - freqtrade.strategy.hyper - INFO - Found no parameter file.
2026-06-12 09:52:29,864 - freqtrade.resolvers.strategy_resolver - INFO - Override strategy 'stake_currency' with value from the configuration: USDT.
2026-06-12 09:52:29,864 - freqtrade.resolvers.strategy_resolver - INFO - Override strategy 'stake_amount' with value from the configuration: unlimited.
2026-06-12 09:52:29,864 - freqtrade.resolvers.strategy_resolver - INFO - Override strategy 'unfilledtimeout' with value from the configuration: {'entry': 10, 'exit': 10, 'exit_timeout_count': 0, 
'unit': 'minutes'}.
2026-06-12 09:52:29,864 - freqtrade.resolvers.strategy_resolver - INFO - Override strategy 'max_open_trades' with value from the configuration: 5.
2026-06-12 09:52:29,864 - freqtrade.resolvers.strategy_resolver - INFO - Strategy using minimal_roi: {'0': 0.1}
2026-06-12 09:52:29,865 - freqtrade.resolvers.strategy_resolver - INFO - Strategy using timeframe: 1h
2026-06-12 09:52:29,865 - freqtrade.resolvers.strategy_resolver - INFO - Strategy using stoploss: -0.06
2026-06-12 09:52:29,865 - freqtrade.resolvers.strategy_resolver - INFO - Strategy using trailing_stop: False
2026-06-12 09:52:29,865 - freqtrade.resolvers.strategy_resolver - INFO - Strategy using trailing_stop_positive_offset: 0.0
2026-06-12 09:52:29,865 - freqtrade.resolvers.strategy_resolver - INFO - Strategy using trailing_only_offset_is_reached: False
2026-06-12 09:52:29,865 - freqtrade.resolvers.strategy_resolver - INFO - Strategy using use_custom_stoploss: True
2026-06-12 09:52:29,865 - freqtrade.resolvers.strategy_resolver - INFO - Strategy using process_only_new_candles: True
2026-06-12 09:52:29,866 - freqtrade.resolvers.strategy_resolver - INFO - Strategy using order_types: {'entry': 'limit', 'exit': 'limit', 'stoploss': 'limit', 'stoploss_on_exchange': False, 
'stoploss_on_exchange_interval': 60}
2026-06-12 09:52:29,866 - freqtrade.resolvers.strategy_resolver - INFO - Strategy using order_time_in_force: {'entry': 'GTC', 'exit': 'GTC'}
2026-06-12 09:52:29,866 - freqtrade.resolvers.strategy_resolver - INFO - Strategy using stake_currency: USDT
2026-06-12 09:52:29,866 - freqtrade.resolvers.strategy_resolver - INFO - Strategy using stake_amount: unlimited
2026-06-12 09:52:29,866 - freqtrade.resolvers.strategy_resolver - INFO - Strategy using startup_candle_count: 1000
2026-06-12 09:52:29,866 - freqtrade.resolvers.strategy_resolver - INFO - Strategy using unfilledtimeout: {'entry': 10, 'exit': 10, 'exit_timeout_count': 0, 'unit': 'minutes'}
2026-06-12 09:52:29,867 - freqtrade.resolvers.strategy_resolver - INFO - Strategy using use_exit_signal: True
2026-06-12 09:52:29,867 - freqtrade.resolvers.strategy_resolver - INFO - Strategy using exit_profit_only: False
2026-06-12 09:52:29,867 - freqtrade.resolvers.strategy_resolver - INFO - Strategy using ignore_roi_if_entry_signal: True
2026-06-12 09:52:29,867 - freqtrade.resolvers.strategy_resolver - INFO - Strategy using exit_profit_offset: 0.0
2026-06-12 09:52:29,867 - freqtrade.resolvers.strategy_resolver - INFO - Strategy using disable_dataframe_checks: False
2026-06-12 09:52:29,867 - freqtrade.resolvers.strategy_resolver - INFO - Strategy using ignore_buying_expired_candle_after: 0
2026-06-12 09:52:29,867 - freqtrade.resolvers.strategy_resolver - INFO - Strategy using position_adjustment_enable: False
2026-06-12 09:52:29,868 - freqtrade.resolvers.strategy_resolver - INFO - Strategy using max_entry_position_adjustment: -1
2026-06-12 09:52:29,868 - freqtrade.resolvers.strategy_resolver - INFO - Strategy using max_open_trades: 5
2026-06-12 09:52:29,868 - freqtrade.configuration.config_validation - INFO - Validating configuration ...
2026-06-12 09:52:29,872 - freqtrade.resolvers.iresolver - INFO - Using resolved pairlist StaticPairList from '/freqtrade/freqtrade/plugins/pairlist/StaticPairList.py'...
2026-06-12 09:52:29,879 - freqtrade.optimize.backtesting - INFO - Using fee 0.0500% - worst case fee from exchange (lowest tier).
2026-06-12 09:52:29,880 - freqtrade.exchange.exchange - WARNING - Using 3 calls to get OHLCV. This can result in slower operations for the bot. Please check if you really need 1000 candles for your 
strategy.
2026-06-12 09:52:30,452 - freqtrade.data.history.datahandlers.idatahandler - WARNING - TAO/USDT:USDT, futures, 1h, data ends at 2026-04-20 00:00:00
2026-06-12 09:52:30,466 - freqtrade.optimize.backtesting - INFO - Loading data from 2024-11-20 08:00:00 up to 2026-05-07 00:00:00 (532 days).
2026-06-12 09:52:30,483 - freqtrade.data.history.datahandlers.idatahandler - WARNING - BTC/USDT:USDT, funding_rate, 1h, data ends at 2026-05-06 16:00:00
2026-06-12 09:52:30,504 - freqtrade.data.history.datahandlers.idatahandler - WARNING - ETH/USDT:USDT, funding_rate, 1h, data ends at 2026-05-06 16:00:00
2026-06-12 09:52:30,598 - freqtrade.data.history.datahandlers.idatahandler - WARNING - DOGE/USDT:USDT, funding_rate, 1h, data ends at 2026-05-06 16:00:00
2026-06-12 09:52:30,703 - freqtrade.data.history.datahandlers.idatahandler - WARNING - TRX/USDT:USDT, funding_rate, 1h, data ends at 2026-05-06 16:00:00
2026-06-12 09:52:30,723 - freqtrade.data.history.datahandlers.idatahandler - WARNING - ZEC/USDT:USDT, funding_rate, 1h, data ends at 2026-05-06 16:00:00
2026-06-12 09:52:30,739 - freqtrade.data.history.datahandlers.idatahandler - WARNING - TAO/USDT:USDT, funding_rate, 1h, data ends at 2026-04-19 20:00:00
2026-06-12 09:52:31,293 - freqtrade.data.history.datahandlers.idatahandler - WARNING - TAO/USDT:USDT, mark, 1h, data ends at 2026-04-20 00:00:00
2026-06-12 09:52:32,234 - freqtrade.optimize.backtesting - INFO - Dataload complete. Calculating indicators
2026-06-12 09:52:32,240 - freqtrade.optimize.backtesting - INFO - Running backtesting for Strategy DualTrendRobustRisk0p0075Cap0p25Strategy
2026-06-12 09:52:32,242 - freqtrade.data.dataprovider - INFO - Loading data for BTC/USDT:USDT 4h from 2024-07-18 08:00:00 to 2026-05-07 00:00:00
2026-06-12 09:52:32,258 - freqtrade.data.history.datahandlers.idatahandler - WARNING - BTC/USDT:USDT, futures, 4h, data ends at 2026-05-06 12:00:00
2026-06-12 09:52:32,302 - freqtrade.data.dataprovider - INFO - Loading data for ETH/USDT:USDT 4h from 2024-07-18 08:00:00 to 2026-05-07 00:00:00
2026-06-12 09:52:32,319 - freqtrade.data.history.datahandlers.idatahandler - WARNING - ETH/USDT:USDT, futures, 4h, data ends at 2026-05-06 12:00:00
2026-06-12 09:52:32,364 - freqtrade.data.dataprovider - INFO - Loading data for BNB/USDT:USDT 4h from 2024-07-18 08:00:00 to 2026-05-07 00:00:00
2026-06-12 09:52:32,387 - freqtrade.data.history.datahandlers.idatahandler - WARNING - BNB/USDT:USDT, futures, 4h, data ends at 2026-05-06 16:00:00
2026-06-12 09:52:32,431 - freqtrade.data.dataprovider - INFO - Loading data for SOL/USDT:USDT 4h from 2024-07-18 08:00:00 to 2026-05-07 00:00:00
2026-06-12 09:52:32,460 - freqtrade.data.history.datahandlers.idatahandler - WARNING - SOL/USDT:USDT, futures, 4h, data ends at 2026-05-06 16:00:00
2026-06-12 09:52:32,504 - freqtrade.data.dataprovider - INFO - Loading data for XRP/USDT:USDT 4h from 2024-07-18 08:00:00 to 2026-05-07 00:00:00
2026-06-12 09:52:32,522 - freqtrade.data.history.datahandlers.idatahandler - WARNING - XRP/USDT:USDT, futures, 4h, data ends at 2026-05-06 16:00:00
2026-06-12 09:52:32,571 - freqtrade.data.dataprovider - INFO - Loading data for DOGE/USDT:USDT 4h from 2024-07-18 08:00:00 to 2026-05-07 00:00:00
2026-06-12 09:52:32,639 - freqtrade.data.history.datahandlers.idatahandler - WARNING - DOGE/USDT:USDT, futures, 4h, data ends at 2026-05-06 12:00:00
2026-06-12 09:52:32,684 - freqtrade.data.dataprovider - INFO - Loading data for ADA/USDT:USDT 4h from 2024-07-18 08:00:00 to 2026-05-07 00:00:00
2026-06-12 09:52:32,697 - freqtrade.data.history.datahandlers.idatahandler - WARNING - ADA/USDT:USDT, futures, 4h, data ends at 2026-05-06 16:00:00
2026-06-12 09:52:32,744 - freqtrade.data.dataprovider - INFO - Loading data for LINK/USDT:USDT 4h from 2024-07-18 08:00:00 to 2026-05-07 00:00:00
2026-06-12 09:52:32,769 - freqtrade.data.history.datahandlers.idatahandler - WARNING - LINK/USDT:USDT, futures, 4h, data ends at 2026-05-06 16:00:00
2026-06-12 09:52:32,814 - freqtrade.data.dataprovider - INFO - Loading data for NEAR/USDT:USDT 4h from 2024-07-18 08:00:00 to 2026-05-07 00:00:00
2026-06-12 09:52:32,839 - freqtrade.data.history.datahandlers.idatahandler - WARNING - NEAR/USDT:USDT, futures, 4h, data ends at 2026-05-06 16:00:00
2026-06-12 09:52:32,885 - freqtrade.data.dataprovider - INFO - Loading data for SUI/USDT:USDT 4h from 2024-07-18 08:00:00 to 2026-05-07 00:00:00
2026-06-12 09:52:32,968 - freqtrade.data.dataprovider - INFO - Loading data for TRX/USDT:USDT 4h from 2024-07-18 08:00:00 to 2026-05-07 00:00:00
2026-06-12 09:52:32,986 - freqtrade.data.history.datahandlers.idatahandler - WARNING - TRX/USDT:USDT, futures, 4h, data ends at 2026-05-06 12:00:00
2026-06-12 09:52:33,033 - freqtrade.data.dataprovider - INFO - Loading data for ZEC/USDT:USDT 4h from 2024-07-18 08:00:00 to 2026-05-07 00:00:00
2026-06-12 09:52:33,051 - freqtrade.data.history.datahandlers.idatahandler - WARNING - ZEC/USDT:USDT, futures, 4h, data ends at 2026-05-06 12:00:00
2026-06-12 09:52:33,099 - freqtrade.data.dataprovider - INFO - Loading data for TAO/USDT:USDT 4h from 2024-07-18 08:00:00 to 2026-05-07 00:00:00
2026-06-12 09:52:33,122 - freqtrade.data.history.datahandlers.idatahandler - WARNING - TAO/USDT:USDT, futures, 4h, data ends at 2026-04-19 16:00:00
2026-06-12 09:52:33,170 - freqtrade.optimize.backtesting - INFO - Backtesting with data from 2025-01-01 00:00:00 up to 2026-05-07 00:00:00 (491 days).
2026-06-12 09:52:33,172 - freqtrade.resolvers.iresolver - INFO - Using resolved protection CooldownPeriod from '/freqtrade/freqtrade/plugins/protections/cooldown_period.py'...
2026-06-12 09:52:33,174 - freqtrade.resolvers.iresolver - INFO - Using resolved protection StoplossGuard from '/freqtrade/freqtrade/plugins/protections/stoploss_guard.py'...
2026-06-12 09:52:33,175 - freqtrade.resolvers.iresolver - INFO - Using resolved protection MaxDrawdown from '/freqtrade/freqtrade/plugins/protections/max_drawdown_protection.py'...
2026-06-12 09:52:55,902 - freqtrade.misc - INFO - dumping json to 
"/freqtrade/user_data/strategies/research/dual_trend_robustness_runs/20260612_165506/results/risk_recent_0.0075_0.25_5/backtest-result-2026-06-12_09-52-55.meta.json"
Result for strategy DualTrendRobustRisk0p0075Cap0p25Strategy
                                                  BACKTESTING REPORT                                                   
┏━━━━━━━━━━━━━━━━┳━━━━━━━━┳━━━━━━━━━━━━━━┳━━━━━━━━━━━━━━━━━┳━━━━━━━━━━━━━━┳━━━━━━━━━━━━━━━━━━┳━━━━━━━━━━━━━━━━━━━━━━━━┓
┃           Pair ┃ Trades ┃ Avg Profit % ┃ Tot Profit USDT ┃ Tot Profit % ┃     Avg Duration ┃  Win  Draw  Loss  Win% ┃
┡━━━━━━━━━━━━━━━━╇━━━━━━━━╇━━━━━━━━━━━━━━╇━━━━━━━━━━━━━━━━━╇━━━━━━━━━━━━━━╇━━━━━━━━━━━━━━━━━━╇━━━━━━━━━━━━━━━━━━━━━━━━┩
│  XRP/USDT:USDT │     20 │         2.05 │         121.444 │        12.14 │  3 days, 0:15:00 │    9     0    11  45.0 │
│ DOGE/USDT:USDT │     21 │         1.71 │          75.240 │         7.52 │  1 day, 10:46:00 │    7     0    14  33.3 │
│  ETH/USDT:USDT │     19 │         1.79 │          71.016 │          7.1 │  2 days, 3:13:00 │    7     0    12  36.8 │
│  ZEC/USDT:USDT │      7 │         4.83 │          70.006 │          7.0 │ 2 days, 17:34:00 │    5     0     2  71.4 │
│  BTC/USDT:USDT │     19 │         1.09 │          59.510 │         5.95 │  2 days, 5:13:00 │    7     0    12  36.8 │
│  SOL/USDT:USDT │     19 │         1.24 │          47.232 │         4.72 │   1 day, 5:47:00 │    6     0    13  31.6 │
│  ADA/USDT:USDT │     22 │         1.12 │          46.414 │         4.64 │  2 days, 1:16:00 │    6     0    16  27.3 │
│ NEAR/USDT:USDT │     21 │         0.36 │          34.974 │          3.5 │   1 day, 7:26:00 │    6     0    15  28.6 │
│  TAO/USDT:USDT │     12 │         0.74 │          28.235 │         2.82 │  1 day, 23:55:00 │    5     0     7  41.7 │
│  SUI/USDT:USDT │     16 │         0.76 │          25.702 │         2.57 │  1 day, 23:11:00 │    6     0    10  37.5 │
│  BNB/USDT:USDT │     12 │        -0.45 │         -18.561 │        -1.86 │ 2 days, 10:15:00 │    4     0     8  33.3 │
│  TRX/USDT:USDT │     13 │         -0.7 │         -22.442 │        -2.24 │  3 days, 1:32:00 │    1     0    12   7.7 │
│ LINK/USDT:USDT │     19 │        -1.13 │         -52.455 │        -5.25 │  1 day, 15:47:00 │    3     0    16  15.8 │
│          TOTAL │    220 │         0.94 │         486.314 │        48.63 │  2 days, 0:30:00 │   72     0   148  32.7 │
└────────────────┴────────┴──────────────┴─────────────────┴──────────────┴──────────────────┴────────────────────────┘
                                         LEFT OPEN TRADES REPORT                                          
┏━━━━━━━┳━━━━━━━━┳━━━━━━━━━━━━━━┳━━━━━━━━━━━━━━━━━┳━━━━━━━━━━━━━━┳━━━━━━━━━━━━━━┳━━━━━━━━━━━━━━━━━━━━━━━━┓
┃  Pair ┃ Trades ┃ Avg Profit % ┃ Tot Profit USDT ┃ Tot Profit % ┃ Avg Duration ┃  Win  Draw  Loss  Win% ┃
┡━━━━━━━╇━━━━━━━━╇━━━━━━━━━━━━━━╇━━━━━━━━━━━━━━━━━╇━━━━━━━━━━━━━━╇━━━━━━━━━━━━━━╇━━━━━━━━━━━━━━━━━━━━━━━━┩
│ TOTAL │      0 │          0.0 │           0.000 │          0.0 │         0:00 │    0     0     0     0 │
└───────┴────────┴──────────────┴─────────────────┴──────────────┴──────────────┴────────────────────────┘
                                                          ENTER TAG STATS                                                           
┏━━━━━━━━━━━━━━━━━━━━━━━━━━━━━┳━━━━━━━━━┳━━━━━━━━━━━━━━┳━━━━━━━━━━━━━━━━━┳━━━━━━━━━━━━━━┳━━━━━━━━━━━━━━━━━┳━━━━━━━━━━━━━━━━━━━━━━━━┓
┃                   Enter Tag ┃ Entries ┃ Avg Profit % ┃ Tot Profit USDT ┃ Tot Profit % ┃    Avg Duration ┃  Win  Draw  Loss  Win% ┃
┡━━━━━━━━━━━━━━━━━━━━━━━━━━━━━╇━━━━━━━━━╇━━━━━━━━━━━━━━╇━━━━━━━━━━━━━━━━━╇━━━━━━━━━━━━━━╇━━━━━━━━━━━━━━━━━╇━━━━━━━━━━━━━━━━━━━━━━━━┩
│ short_compression_breakdown │      44 │         2.42 │         261.741 │        26.17 │ 1 day, 22:10:00 │   18     0    26  40.9 │
│      short_pullback_restart │     176 │         0.57 │         224.572 │        22.46 │ 2 days, 1:05:00 │   54     0   122  30.7 │
│                       TOTAL │     220 │         0.94 │         486.314 │        48.63 │ 2 days, 0:30:00 │   72     0   148  32.7 │
└─────────────────────────────┴─────────┴──────────────┴─────────────────┴──────────────┴─────────────────┴────────────────────────┘
                                                      EXIT REASON STATS                                                       
┏━━━━━━━━━━━━━━━━━━━━━━━┳━━━━━━━┳━━━━━━━━━━━━━━┳━━━━━━━━━━━━━━━━━┳━━━━━━━━━━━━━━┳━━━━━━━━━━━━━━━━━━━┳━━━━━━━━━━━━━━━━━━━━━━━━┓
┃           Exit Reason ┃ Exits ┃ Avg Profit % ┃ Tot Profit USDT ┃ Tot Profit % ┃      Avg Duration ┃  Win  Draw  Loss  Win% ┃
┡━━━━━━━━━━━━━━━━━━━━━━━╇━━━━━━━╇━━━━━━━━━━━━━━╇━━━━━━━━━━━━━━━━━╇━━━━━━━━━━━━━━╇━━━━━━━━━━━━━━━━━━━╇━━━━━━━━━━━━━━━━━━━━━━━━┩
│                   roi │    56 │         10.0 │        1425.196 │       142.52 │   1 day, 22:38:00 │   56     0     0   100 │
│       stale_flat_120h │    14 │         0.64 │          23.641 │         2.36 │  5 days, 21:39:00 │   14     0     0   100 │
│ stale_low_profit_240h │     2 │         2.71 │          18.981 │          1.9 │ 10 days, 13:30:00 │    2     0     0   100 │
│        stale_loss_72h │    36 │        -0.56 │         -57.626 │        -5.76 │  3 days, 16:08:00 │    0     0    36     0 │
│    trailing_stop_loss │    32 │         -2.9 │        -244.684 │       -24.47 │          18:54:00 │    0     0    32     0 │
│             stop_loss │    80 │        -3.19 │        -679.194 │       -67.92 │          22:22:00 │    0     0    80     0 │
│                 TOTAL │   220 │         0.94 │         486.314 │        48.63 │   2 days, 0:30:00 │   72     0   148  32.7 │
└───────────────────────┴───────┴──────────────┴─────────────────┴──────────────┴───────────────────┴────────────────────────┘
                                                                       MIXED TAG STATS                                                                       
┏━━━━━━━━━━━━━━━━━━━━━━━━━━━━━┳━━━━━━━━━━━━━━━━━━━━━━━┳━━━━━━━━┳━━━━━━━━━━━━━━┳━━━━━━━━━━━━━━━━━┳━━━━━━━━━━━━━━┳━━━━━━━━━━━━━━━━━━━┳━━━━━━━━━━━━━━━━━━━━━━━━┓
┃                   Enter Tag ┃           Exit Reason ┃ Trades ┃ Avg Profit % ┃ Tot Profit USDT ┃ Tot Profit % ┃      Avg Duration ┃  Win  Draw  Loss  Win% ┃
┡━━━━━━━━━━━━━━━━━━━━━━━━━━━━━╇━━━━━━━━━━━━━━━━━━━━━━━╇━━━━━━━━╇━━━━━━━━━━━━━━╇━━━━━━━━━━━━━━━━━╇━━━━━━━━━━━━━━╇━━━━━━━━━━━━━━━━━━━╇━━━━━━━━━━━━━━━━━━━━━━━━┩
│      short_pullback_restart │                   roi │     39 │         10.0 │         982.833 │        98.28 │   1 day, 21:09:00 │   39     0     0   100 │
│ short_compression_breakdown │                   roi │     17 │         10.0 │         442.363 │        44.24 │   2 days, 2:00:00 │   17     0     0   100 │
│      short_pullback_restart │       stale_flat_120h │     13 │         0.65 │          22.585 │         2.26 │  5 days, 23:09:00 │   13     0     0   100 │
│      short_pullback_restart │ stale_low_profit_240h │      2 │         2.71 │          18.981 │          1.9 │ 10 days, 13:30:00 │    2     0     0   100 │
│ short_compression_breakdown │       stale_flat_120h │      1 │          0.5 │           1.056 │         0.11 │   5 days, 2:00:00 │    1     0     0   100 │
│ short_compression_breakdown │        stale_loss_72h │      8 │        -0.71 │         -17.407 │        -1.74 │  3 days, 12:00:00 │    0     0     8     0 │
│      short_pullback_restart │        stale_loss_72h │     28 │        -0.52 │         -40.219 │        -4.02 │  3 days, 17:19:00 │    0     0    28     0 │
│ short_compression_breakdown │    trailing_stop_loss │      8 │        -3.27 │         -67.057 │        -6.71 │          18:45:00 │    0     0     8     0 │
│ short_compression_breakdown │             stop_loss │     10 │         -3.2 │         -97.213 │        -9.72 │          23:42:00 │    0     0    10     0 │
│      short_pullback_restart │    trailing_stop_loss │     24 │        -2.77 │        -177.627 │       -17.76 │          18:58:00 │    0     0    24     0 │
│      short_pullback_restart │             stop_loss │     70 │        -3.19 │        -581.980 │        -58.2 │          22:11:00 │    0     0    70     0 │
│                       TOTAL │                       │    220 │         0.94 │         486.314 │        48.63 │   2 days, 0:30:00 │   72     0   148  32.7 │
└─────────────────────────────┴───────────────────────┴────────┴──────────────┴─────────────────┴──────────────┴───────────────────┴────────────────────────┘
                                  YEAR BREAKDOWN                                  
┏━━━━━━━━━━━━┳━━━━━━━━┳━━━━━━━━━━━━━━━━━┳━━━━━━━━━━━━━━━┳━━━━━━━━━━━━━━━━━━━━━━━━┓
┃       Year ┃ Trades ┃ Tot Profit USDT ┃ Profit Factor ┃  Win  Draw  Loss  Win% ┃
┡━━━━━━━━━━━━╇━━━━━━━━╇━━━━━━━━━━━━━━━━━╇━━━━━━━━━━━━━━━╇━━━━━━━━━━━━━━━━━━━━━━━━┩
│ 31/12/2025 │    159 │         381.285 │          1.55 │   53     0   106  33.3 │
│ 31/12/2026 │     61 │         105.028 │          1.36 │   19     0    42  31.1 │
└────────────┴────────┴─────────────────┴───────────────┴────────────────────────┘
                                   SUMMARY METRICS                                    
┏━━━━━━━━━━━━━━━━━━━━━━━━━━━━━━━━━━━━━━━━┳━━━━━━━━━━━━━━━━━━━━━━━━━━━━━━━━━━━━━━━━━━━┓
┃ Metric                                 ┃ Value                                     ┃
┡━━━━━━━━━━━━━━━━━━━━━━━━━━━━━━━━━━━━━━━━╇━━━━━━━━━━━━━━━━━━━━━━━━━━━━━━━━━━━━━━━━━━━┩
│ Backtesting from                       │ 2025-01-01 00:00:00                       │
│ Backtesting to                         │ 2026-05-07 00:00:00                       │
│ Trading Mode                           │ Isolated Futures                          │
│ Max open trades                        │ 5                                         │
│                                        │                                           │
│ Total/Daily Avg Trades                 │ 220 / 0.45                                │
│ Starting balance                       │ 1000 USDT                                 │
│ Final balance                          │ 1486.314 USDT                             │
│ Absolute profit                        │ 486.314 USDT                              │
│ Total profit %                         │ 48.63%                                    │
│ CAGR %                                 │ 34.26%                                    │
│ Sharpe (closed trades)                 │ 1.32                                      │
│ Sortino (closed trades)                │ 5.04                                      │
│ Calmar (closed trades)                 │ 17.76                                     │
│ SQN                                    │ 2.28                                      │
│ Profit factor                          │ 1.50                                      │
│ Expectancy (Ratio)                     │ 2.21 (0.33)                               │
│ Avg. daily profit                      │ 0.99 USDT                                 │
│ Avg. stake amount                      │ 271.061 USDT                              │
│ Market change                          │ 29.77%                                    │
│ Total trade volume                     │ 118778.247 USDT                           │
│                                        │                                           │
│ Long / Short trades                    │ 0 / 220                                   │
│ Long / Short profit %                  │ 0.00% / 48.63%                            │
│ Long / Short profit USDT               │ 0.000 / 486.314                           │
│                                        │                                           │
│ Best Pair                              │ XRP/USDT:USDT 12.14%                      │
│ Worst Pair                             │ LINK/USDT:USDT -5.25%                     │
│ Best trade                             │ NEAR/USDT:USDT 10.02%                     │
│ Worst trade                            │ TAO/USDT:USDT -5.00%                      │
│ Best day                               │ 141.531 USDT                              │
│ Worst day                              │ -37.318 USDT                              │
│ Days win/draw/lose                     │ 35 / 332 / 90                             │
│ Min/Max/Avg. Duration Winners          │ 0d 08:00 / 11d 02:00 / 2d 22:51           │
│ Min/Max/Avg. Duration Losers           │ 0d 00:00 / 6d 08:00 / 1d 13:37            │
│ Max Consecutive Wins / Loss            │ 8 / 17                                    │
│ Rejected Entry signals                 │ 27                                        │
│ Entry/Exit Timeouts                    │ 0 / 0                                     │
│                                        │                                           │
│ Min/Max balance (closed trades)        │ 979.796 USDT / 1659.029 USDT              │
│ Max % of account underwater            │ 10.66%                                    │
│ Absolute drawdown                      │ 176.779 USDT (10.66%)                     │
│ Drawdown duration                      │ 47 days 23:00:00                          │
│ Profit at drawdown start               │ 659.029 USDT                              │
│ Profit at drawdown end                 │ 482.25 USDT                               │
│ Drawdown start                         │ 2026-02-14 09:00:00                       │
│ Drawdown end                           │ 2026-04-03 08:00:00                       │
│                                        │                                           │
│ Wallet based Metrics                   │                                           │
│ Min/Max balance (wallet balance)       │ 979.796 USDT / 1659.029 USDT              │
│ Min/Max balance dates (wallet balance) │ 2025-01-26 22:00:00 / 2026-02-14 10:00:00 │
│ Max % of account underwater (balance)  │ 10.66%                                    │
│ Absolute drawdown (wallet balance)     │ 176.779 USDT (10.66%)                     │
│ Drawdown duration                      │ 47 days 23:00:00                          │
│ Profit at drawdown start               │ 659.029 USDT                              │
│ Profit at drawdown end                 │ 482.25 USDT                               │
│ Drawdown start                         │ 2026-02-14 10:00:00                       │
│ Drawdown end                           │ 2026-04-03 09:00:00                       │
│ Sharpe (daily wallet balance)          │ 1.42                                      │
│ Sortino (daily wallet balance)         │ 2.68                                      │
│ Calmar (daily wallet balance)          │ 17.79                                     │
└────────────────────────────────────────┴───────────────────────────────────────────┘

Backtested 2025-01-01 00:00:00 -> 2026-05-07 00:00:00 | Max open trades : 5
                                                                           STRATEGY SUMMARY                                                                            
┏━━━━━━━━━━━━━━━━━━━━━━━━━━━━━━━━━━━━━━━━━━┳━━━━━━━━┳━━━━━━━━━━━━━━┳━━━━━━━━━━━━━━━━━┳━━━━━━━━━━━━━━┳━━━━━━━━━━━━━━━━━┳━━━━━━━━━━━━━━━━━━━━━━━━┳━━━━━━━━━━━━━━━━━━━━━━┓
┃                                 Strategy ┃ Trades ┃ Avg Profit % ┃ Tot Profit USDT ┃ Tot Profit % ┃    Avg Duration ┃  Win  Draw  Loss  Win% ┃             Drawdown ┃
┡━━━━━━━━━━━━━━━━━━━━━━━━━━━━━━━━━━━━━━━━━━╇━━━━━━━━╇━━━━━━━━━━━━━━╇━━━━━━━━━━━━━━━━━╇━━━━━━━━━━━━━━╇━━━━━━━━━━━━━━━━━╇━━━━━━━━━━━━━━━━━━━━━━━━╇━━━━━━━━━━━━━━━━━━━━━━┩
│ DualTrendRobustRisk0p0075Cap0p25Strategy │    220 │         0.94 │         486.314 │        48.63 │ 2 days, 0:30:00 │   72     0   148  32.7 │ 176.779 USDT  10.66% │
└──────────────────────────────────────────┴────────┴──────────────┴─────────────────┴──────────────┴─────────────────┴────────────────────────┴──────────────────────┘


=== attempt 1 ===
