time="2026-06-12T17:54:34+08:00" level=warning msg="Found orphan containers ([nfi-top9-exbtc-10000u-max4-dryrun]) for this project. If you removed or renamed this service in your compose file, you can run this command with the --remove-orphans flag to clean it up."
 Container ft_userdata-freqtrade-run-ba1b757dc586 Creating 
 Container ft_userdata-freqtrade-run-ba1b757dc586 Created 
2026-06-12 09:54:35,452 - freqtrade - INFO - freqtrade 2026.4
2026-06-12 09:54:35,724 - numexpr.utils - INFO - NumExpr defaulting to 16 threads.
2026-06-12 09:54:36,978 - freqtrade.configuration.load_config - INFO - Using config: /freqtrade/user_data/strategies/research/dual_trend_robustness_runs/20260612_165506/configs/base.json ...
2026-06-12 09:54:36,987 - freqtrade.loggers - INFO - Enabling colorized output.
2026-06-12 09:54:36,988 - freqtrade.loggers - INFO - Logfile configured
2026-06-12 09:54:36,988 - freqtrade.loggers - INFO - Verbosity set to 0
2026-06-12 09:54:36,988 - freqtrade.configuration.configuration - INFO - Using additional Strategy lookup path: /freqtrade/user_data/strategies
2026-06-12 09:54:36,989 - freqtrade.configuration.configuration - INFO - Parameter --max-open-trades detected, overriding max_open_trades to: 5 ...
2026-06-12 09:54:36,989 - freqtrade.configuration.configuration - INFO - Parameter --timerange detected: 20250101-20260507 ...
2026-06-12 09:54:47,175 - freqtrade.configuration.configuration - INFO - Using user-data directory: /freqtrade/user_data ...
2026-06-12 09:54:47,177 - freqtrade.configuration.configuration - INFO - Using data directory: /freqtrade/user_data/data/binance ...
2026-06-12 09:54:47,178 - freqtrade.configuration.configuration - INFO - Using /freqtrade/user_data/strategies/research/dual_trend_robustness_runs/20260612_165506/results/risk_recent_0.0075_0.35_5 as 
backtest directory ...
2026-06-12 09:54:47,178 - freqtrade.configuration.configuration - INFO - Recursively searching for a strategy in the strategies folder.
2026-06-12 09:54:47,178 - freqtrade.configuration.configuration - INFO - Parameter --export detected: trades ...
2026-06-12 09:54:47,178 - freqtrade.configuration.configuration - INFO - Parameter --breakdown detected ...
2026-06-12 09:54:47,179 - freqtrade.configuration.configuration - INFO - Parameter --cache=none detected ...
2026-06-12 09:54:47,179 - freqtrade.configuration.configuration - INFO - Filter trades by timerange: 20250101-20260507
2026-06-12 09:54:47,180 - freqtrade.exchange.check_exchange - INFO - Checking exchange...
2026-06-12 09:54:47,186 - freqtrade.exchange.check_exchange - INFO - Exchange "binance" is officially supported by the Freqtrade development team.
2026-06-12 09:54:47,187 - freqtrade.configuration.configuration - INFO - Using pairlist from configuration.
2026-06-12 09:54:47,187 - freqtrade.configuration.config_validation - INFO - Validating configuration ...
2026-06-12 09:54:47,189 - freqtrade.commands.optimize_commands - INFO - Starting freqtrade in Backtesting mode
2026-06-12 09:54:47,190 - freqtrade.exchange.exchange - INFO - Instance is running with dry_run enabled
2026-06-12 09:54:47,191 - freqtrade.exchange.exchange - INFO - Using CCXT 4.5.50
2026-06-12 09:54:47,191 - freqtrade.exchange.exchange - INFO - Applying additional ccxt config: {'options': {'defaultType': 'swap', 'adjustForTimeDifference': True, 'recvWindow': 60000, 
'fetchCurrencies': False, 'fetchMarkets': ['linear']}, 'enableRateLimit': True, 'timeout': 60000}
2026-06-12 09:54:47,198 - freqtrade.exchange.exchange - INFO - Applying additional ccxt config: {'options': {'defaultType': 'swap', 'adjustForTimeDifference': True, 'recvWindow': 60000, 
'fetchCurrencies': False, 'fetchMarkets': ['linear']}, 'enableRateLimit': True, 'timeout': 60000}
2026-06-12 09:54:47,204 - freqtrade.exchange.exchange - INFO - Using Exchange "Binance"
2026-06-12 09:54:48,231 - freqtrade.resolvers.exchange_resolver - INFO - Using resolved exchange 'Binance'...
2026-06-12 09:54:50,497 - freqtrade.resolvers.iresolver - INFO - Using resolved strategy DualTrendRobustRisk0p0075Cap0p35Strategy from 
'/freqtrade/user_data/strategies/DualTrendRobustnessTempStrategies.py'...
2026-06-12 09:54:50,499 - freqtrade.strategy.hyper - INFO - Found no parameter file.
2026-06-12 09:54:50,501 - freqtrade.resolvers.strategy_resolver - INFO - Override strategy 'stake_currency' with value from the configuration: USDT.
2026-06-12 09:54:50,501 - freqtrade.resolvers.strategy_resolver - INFO - Override strategy 'stake_amount' with value from the configuration: unlimited.
2026-06-12 09:54:50,501 - freqtrade.resolvers.strategy_resolver - INFO - Override strategy 'unfilledtimeout' with value from the configuration: {'entry': 10, 'exit': 10, 'exit_timeout_count': 0, 
'unit': 'minutes'}.
2026-06-12 09:54:50,502 - freqtrade.resolvers.strategy_resolver - INFO - Override strategy 'max_open_trades' with value from the configuration: 5.
2026-06-12 09:54:50,502 - freqtrade.resolvers.strategy_resolver - INFO - Strategy using minimal_roi: {'0': 0.1}
2026-06-12 09:54:50,502 - freqtrade.resolvers.strategy_resolver - INFO - Strategy using timeframe: 1h
2026-06-12 09:54:50,502 - freqtrade.resolvers.strategy_resolver - INFO - Strategy using stoploss: -0.06
2026-06-12 09:54:50,503 - freqtrade.resolvers.strategy_resolver - INFO - Strategy using trailing_stop: False
2026-06-12 09:54:50,503 - freqtrade.resolvers.strategy_resolver - INFO - Strategy using trailing_stop_positive_offset: 0.0
2026-06-12 09:54:50,504 - freqtrade.resolvers.strategy_resolver - INFO - Strategy using trailing_only_offset_is_reached: False
2026-06-12 09:54:50,504 - freqtrade.resolvers.strategy_resolver - INFO - Strategy using use_custom_stoploss: True
2026-06-12 09:54:50,504 - freqtrade.resolvers.strategy_resolver - INFO - Strategy using process_only_new_candles: True
2026-06-12 09:54:50,504 - freqtrade.resolvers.strategy_resolver - INFO - Strategy using order_types: {'entry': 'limit', 'exit': 'limit', 'stoploss': 'limit', 'stoploss_on_exchange': False, 
'stoploss_on_exchange_interval': 60}
2026-06-12 09:54:50,505 - freqtrade.resolvers.strategy_resolver - INFO - Strategy using order_time_in_force: {'entry': 'GTC', 'exit': 'GTC'}
2026-06-12 09:54:50,505 - freqtrade.resolvers.strategy_resolver - INFO - Strategy using stake_currency: USDT
2026-06-12 09:54:50,505 - freqtrade.resolvers.strategy_resolver - INFO - Strategy using stake_amount: unlimited
2026-06-12 09:54:50,505 - freqtrade.resolvers.strategy_resolver - INFO - Strategy using startup_candle_count: 1000
2026-06-12 09:54:50,506 - freqtrade.resolvers.strategy_resolver - INFO - Strategy using unfilledtimeout: {'entry': 10, 'exit': 10, 'exit_timeout_count': 0, 'unit': 'minutes'}
2026-06-12 09:54:50,506 - freqtrade.resolvers.strategy_resolver - INFO - Strategy using use_exit_signal: True
2026-06-12 09:54:50,507 - freqtrade.resolvers.strategy_resolver - INFO - Strategy using exit_profit_only: False
2026-06-12 09:54:50,507 - freqtrade.resolvers.strategy_resolver - INFO - Strategy using ignore_roi_if_entry_signal: True
2026-06-12 09:54:50,508 - freqtrade.resolvers.strategy_resolver - INFO - Strategy using exit_profit_offset: 0.0
2026-06-12 09:54:50,508 - freqtrade.resolvers.strategy_resolver - INFO - Strategy using disable_dataframe_checks: False
2026-06-12 09:54:50,509 - freqtrade.resolvers.strategy_resolver - INFO - Strategy using ignore_buying_expired_candle_after: 0
2026-06-12 09:54:50,509 - freqtrade.resolvers.strategy_resolver - INFO - Strategy using position_adjustment_enable: False
2026-06-12 09:54:50,510 - freqtrade.resolvers.strategy_resolver - INFO - Strategy using max_entry_position_adjustment: -1
2026-06-12 09:54:50,510 - freqtrade.resolvers.strategy_resolver - INFO - Strategy using max_open_trades: 5
2026-06-12 09:54:50,510 - freqtrade.configuration.config_validation - INFO - Validating configuration ...
2026-06-12 09:54:50,514 - freqtrade.resolvers.iresolver - INFO - Using resolved pairlist StaticPairList from '/freqtrade/freqtrade/plugins/pairlist/StaticPairList.py'...
2026-06-12 09:54:50,522 - freqtrade.optimize.backtesting - INFO - Using fee 0.0500% - worst case fee from exchange (lowest tier).
2026-06-12 09:54:50,523 - freqtrade.exchange.exchange - WARNING - Using 3 calls to get OHLCV. This can result in slower operations for the bot. Please check if you really need 1000 candles for your 
strategy.
2026-06-12 09:54:50,970 - freqtrade.data.history.datahandlers.idatahandler - WARNING - TAO/USDT:USDT, futures, 1h, data ends at 2026-04-20 00:00:00
2026-06-12 09:54:50,985 - freqtrade.optimize.backtesting - INFO - Loading data from 2024-11-20 08:00:00 up to 2026-05-07 00:00:00 (532 days).
2026-06-12 09:54:51,000 - freqtrade.data.history.datahandlers.idatahandler - WARNING - BTC/USDT:USDT, funding_rate, 1h, data ends at 2026-05-06 16:00:00
2026-06-12 09:54:51,023 - freqtrade.data.history.datahandlers.idatahandler - WARNING - ETH/USDT:USDT, funding_rate, 1h, data ends at 2026-05-06 16:00:00
2026-06-12 09:54:51,103 - freqtrade.data.history.datahandlers.idatahandler - WARNING - DOGE/USDT:USDT, funding_rate, 1h, data ends at 2026-05-06 16:00:00
2026-06-12 09:54:51,191 - freqtrade.data.history.datahandlers.idatahandler - WARNING - TRX/USDT:USDT, funding_rate, 1h, data ends at 2026-05-06 16:00:00
2026-06-12 09:54:51,209 - freqtrade.data.history.datahandlers.idatahandler - WARNING - ZEC/USDT:USDT, funding_rate, 1h, data ends at 2026-05-06 16:00:00
2026-06-12 09:54:51,230 - freqtrade.data.history.datahandlers.idatahandler - WARNING - TAO/USDT:USDT, funding_rate, 1h, data ends at 2026-04-19 20:00:00
2026-06-12 09:54:51,643 - freqtrade.data.history.datahandlers.idatahandler - WARNING - TAO/USDT:USDT, mark, 1h, data ends at 2026-04-20 00:00:00
2026-06-12 09:54:52,545 - freqtrade.optimize.backtesting - INFO - Dataload complete. Calculating indicators
2026-06-12 09:54:52,547 - freqtrade.optimize.backtesting - INFO - Running backtesting for Strategy DualTrendRobustRisk0p0075Cap0p35Strategy
2026-06-12 09:54:52,549 - freqtrade.data.dataprovider - INFO - Loading data for BTC/USDT:USDT 4h from 2024-07-18 08:00:00 to 2026-05-07 00:00:00
2026-06-12 09:54:52,565 - freqtrade.data.history.datahandlers.idatahandler - WARNING - BTC/USDT:USDT, futures, 4h, data ends at 2026-05-06 12:00:00
2026-06-12 09:54:52,610 - freqtrade.data.dataprovider - INFO - Loading data for ETH/USDT:USDT 4h from 2024-07-18 08:00:00 to 2026-05-07 00:00:00
2026-06-12 09:54:52,620 - freqtrade.data.history.datahandlers.idatahandler - WARNING - ETH/USDT:USDT, futures, 4h, data ends at 2026-05-06 12:00:00
2026-06-12 09:54:52,669 - freqtrade.data.dataprovider - INFO - Loading data for BNB/USDT:USDT 4h from 2024-07-18 08:00:00 to 2026-05-07 00:00:00
2026-06-12 09:54:52,686 - freqtrade.data.history.datahandlers.idatahandler - WARNING - BNB/USDT:USDT, futures, 4h, data ends at 2026-05-06 16:00:00
2026-06-12 09:54:52,733 - freqtrade.data.dataprovider - INFO - Loading data for SOL/USDT:USDT 4h from 2024-07-18 08:00:00 to 2026-05-07 00:00:00
2026-06-12 09:54:52,744 - freqtrade.data.history.datahandlers.idatahandler - WARNING - SOL/USDT:USDT, futures, 4h, data ends at 2026-05-06 16:00:00
2026-06-12 09:54:52,790 - freqtrade.data.dataprovider - INFO - Loading data for XRP/USDT:USDT 4h from 2024-07-18 08:00:00 to 2026-05-07 00:00:00
2026-06-12 09:54:52,814 - freqtrade.data.history.datahandlers.idatahandler - WARNING - XRP/USDT:USDT, futures, 4h, data ends at 2026-05-06 16:00:00
2026-06-12 09:54:52,860 - freqtrade.data.dataprovider - INFO - Loading data for DOGE/USDT:USDT 4h from 2024-07-18 08:00:00 to 2026-05-07 00:00:00
2026-06-12 09:54:52,885 - freqtrade.data.history.datahandlers.idatahandler - WARNING - DOGE/USDT:USDT, futures, 4h, data ends at 2026-05-06 12:00:00
2026-06-12 09:54:52,929 - freqtrade.data.dataprovider - INFO - Loading data for ADA/USDT:USDT 4h from 2024-07-18 08:00:00 to 2026-05-07 00:00:00
2026-06-12 09:54:52,948 - freqtrade.data.history.datahandlers.idatahandler - WARNING - ADA/USDT:USDT, futures, 4h, data ends at 2026-05-06 16:00:00
2026-06-12 09:54:52,991 - freqtrade.data.dataprovider - INFO - Loading data for LINK/USDT:USDT 4h from 2024-07-18 08:00:00 to 2026-05-07 00:00:00
2026-06-12 09:54:53,021 - freqtrade.data.history.datahandlers.idatahandler - WARNING - LINK/USDT:USDT, futures, 4h, data ends at 2026-05-06 16:00:00
2026-06-12 09:54:53,066 - freqtrade.data.dataprovider - INFO - Loading data for NEAR/USDT:USDT 4h from 2024-07-18 08:00:00 to 2026-05-07 00:00:00
2026-06-12 09:54:53,076 - freqtrade.data.history.datahandlers.idatahandler - WARNING - NEAR/USDT:USDT, futures, 4h, data ends at 2026-05-06 16:00:00
2026-06-12 09:54:53,122 - freqtrade.data.dataprovider - INFO - Loading data for SUI/USDT:USDT 4h from 2024-07-18 08:00:00 to 2026-05-07 00:00:00
2026-06-12 09:54:53,180 - freqtrade.data.dataprovider - INFO - Loading data for TRX/USDT:USDT 4h from 2024-07-18 08:00:00 to 2026-05-07 00:00:00
2026-06-12 09:54:53,190 - freqtrade.data.history.datahandlers.idatahandler - WARNING - TRX/USDT:USDT, futures, 4h, data ends at 2026-05-06 12:00:00
2026-06-12 09:54:53,235 - freqtrade.data.dataprovider - INFO - Loading data for ZEC/USDT:USDT 4h from 2024-07-18 08:00:00 to 2026-05-07 00:00:00
2026-06-12 09:54:53,246 - freqtrade.data.history.datahandlers.idatahandler - WARNING - ZEC/USDT:USDT, futures, 4h, data ends at 2026-05-06 12:00:00
2026-06-12 09:54:53,291 - freqtrade.data.dataprovider - INFO - Loading data for TAO/USDT:USDT 4h from 2024-07-18 08:00:00 to 2026-05-07 00:00:00
2026-06-12 09:54:53,303 - freqtrade.data.history.datahandlers.idatahandler - WARNING - TAO/USDT:USDT, futures, 4h, data ends at 2026-04-19 16:00:00
2026-06-12 09:54:53,353 - freqtrade.optimize.backtesting - INFO - Backtesting with data from 2025-01-01 00:00:00 up to 2026-05-07 00:00:00 (491 days).
2026-06-12 09:54:53,354 - freqtrade.resolvers.iresolver - INFO - Using resolved protection CooldownPeriod from '/freqtrade/freqtrade/plugins/protections/cooldown_period.py'...
2026-06-12 09:54:53,356 - freqtrade.resolvers.iresolver - INFO - Using resolved protection StoplossGuard from '/freqtrade/freqtrade/plugins/protections/stoploss_guard.py'...
2026-06-12 09:54:53,357 - freqtrade.resolvers.iresolver - INFO - Using resolved protection MaxDrawdown from '/freqtrade/freqtrade/plugins/protections/max_drawdown_protection.py'...
2026-06-12 09:55:17,696 - freqtrade.misc - INFO - dumping json to 
"/freqtrade/user_data/strategies/research/dual_trend_robustness_runs/20260612_165506/results/risk_recent_0.0075_0.35_5/backtest-result-2026-06-12_09-55-17.meta.json"
Result for strategy DualTrendRobustRisk0p0075Cap0p35Strategy
                                                  BACKTESTING REPORT                                                   
┏━━━━━━━━━━━━━━━━┳━━━━━━━━┳━━━━━━━━━━━━━━┳━━━━━━━━━━━━━━━━━┳━━━━━━━━━━━━━━┳━━━━━━━━━━━━━━━━━━┳━━━━━━━━━━━━━━━━━━━━━━━━┓
┃           Pair ┃ Trades ┃ Avg Profit % ┃ Tot Profit USDT ┃ Tot Profit % ┃     Avg Duration ┃  Win  Draw  Loss  Win% ┃
┡━━━━━━━━━━━━━━━━╇━━━━━━━━╇━━━━━━━━━━━━━━╇━━━━━━━━━━━━━━━━━╇━━━━━━━━━━━━━━╇━━━━━━━━━━━━━━━━━━╇━━━━━━━━━━━━━━━━━━━━━━━━┩
│  XRP/USDT:USDT │     20 │         2.05 │         128.638 │        12.86 │  3 days, 0:15:00 │    9     0    11  45.0 │
│  ETH/USDT:USDT │     19 │         1.79 │          76.095 │         7.61 │  2 days, 3:13:00 │    7     0    12  36.8 │
│ DOGE/USDT:USDT │     20 │         1.99 │          71.179 │         7.12 │  1 day, 11:12:00 │    7     0    13  35.0 │
│  ZEC/USDT:USDT │      7 │         4.83 │          69.728 │         6.97 │ 2 days, 17:34:00 │    5     0     2  71.4 │
│  ADA/USDT:USDT │     23 │          1.5 │          63.066 │         6.31 │  2 days, 2:21:00 │    7     0    16  30.4 │
│ NEAR/USDT:USDT │     20 │          0.6 │          52.666 │         5.27 │  1 day, 11:39:00 │    6     0    14  30.0 │
│  SOL/USDT:USDT │     18 │         1.49 │          51.190 │         5.12 │   1 day, 5:10:00 │    6     0    12  33.3 │
│  SUI/USDT:USDT │     15 │         0.94 │          39.461 │         3.95 │  2 days, 1:52:00 │    6     0     9  40.0 │
│  BTC/USDT:USDT │     19 │         1.09 │          33.980 │          3.4 │  2 days, 5:13:00 │    7     0    12  36.8 │
│  TAO/USDT:USDT │     12 │        -0.38 │          -0.072 │        -0.01 │  1 day, 23:45:00 │    4     0     8  33.3 │
│  BNB/USDT:USDT │     11 │        -0.48 │         -21.106 │        -2.11 │  2 days, 8:55:00 │    4     0     7  36.4 │
│  TRX/USDT:USDT │     13 │         -0.7 │         -27.242 │        -2.72 │  3 days, 1:32:00 │    1     0    12   7.7 │
│ LINK/USDT:USDT │     16 │        -0.96 │         -47.776 │        -4.78 │  1 day, 12:45:00 │    2     0    14  12.5 │
│          TOTAL │    213 │         1.05 │         489.806 │        48.98 │  2 days, 1:12:00 │   71     0   142  33.3 │
└────────────────┴────────┴──────────────┴─────────────────┴──────────────┴──────────────────┴────────────────────────┘
                                         LEFT OPEN TRADES REPORT                                          
┏━━━━━━━┳━━━━━━━━┳━━━━━━━━━━━━━━┳━━━━━━━━━━━━━━━━━┳━━━━━━━━━━━━━━┳━━━━━━━━━━━━━━┳━━━━━━━━━━━━━━━━━━━━━━━━┓
┃  Pair ┃ Trades ┃ Avg Profit % ┃ Tot Profit USDT ┃ Tot Profit % ┃ Avg Duration ┃  Win  Draw  Loss  Win% ┃
┡━━━━━━━╇━━━━━━━━╇━━━━━━━━━━━━━━╇━━━━━━━━━━━━━━━━━╇━━━━━━━━━━━━━━╇━━━━━━━━━━━━━━╇━━━━━━━━━━━━━━━━━━━━━━━━┩
│ TOTAL │      0 │          0.0 │           0.000 │          0.0 │         0:00 │    0     0     0     0 │
└───────┴────────┴──────────────┴─────────────────┴──────────────┴──────────────┴────────────────────────┘
                                                          ENTER TAG STATS                                                           
┏━━━━━━━━━━━━━━━━━━━━━━━━━━━━━┳━━━━━━━━━┳━━━━━━━━━━━━━━┳━━━━━━━━━━━━━━━━━┳━━━━━━━━━━━━━━┳━━━━━━━━━━━━━━━━━┳━━━━━━━━━━━━━━━━━━━━━━━━┓
┃                   Enter Tag ┃ Entries ┃ Avg Profit % ┃ Tot Profit USDT ┃ Tot Profit % ┃    Avg Duration ┃  Win  Draw  Loss  Win% ┃
┡━━━━━━━━━━━━━━━━━━━━━━━━━━━━━╇━━━━━━━━━╇━━━━━━━━━━━━━━╇━━━━━━━━━━━━━━━━━╇━━━━━━━━━━━━━━╇━━━━━━━━━━━━━━━━━╇━━━━━━━━━━━━━━━━━━━━━━━━┩
│ short_compression_breakdown │      42 │         2.68 │         280.711 │        28.07 │ 1 day, 23:29:00 │   18     0    24  42.9 │
│      short_pullback_restart │     171 │         0.64 │         209.095 │        20.91 │ 2 days, 1:37:00 │   53     0   118  31.0 │
│                       TOTAL │     213 │         1.05 │         489.806 │        48.98 │ 2 days, 1:12:00 │   71     0   142  33.3 │
└─────────────────────────────┴─────────┴──────────────┴─────────────────┴──────────────┴─────────────────┴────────────────────────┘
                                                      EXIT REASON STATS                                                       
┏━━━━━━━━━━━━━━━━━━━━━━━┳━━━━━━━┳━━━━━━━━━━━━━━┳━━━━━━━━━━━━━━━━━┳━━━━━━━━━━━━━━┳━━━━━━━━━━━━━━━━━━━┳━━━━━━━━━━━━━━━━━━━━━━━━┓
┃           Exit Reason ┃ Exits ┃ Avg Profit % ┃ Tot Profit USDT ┃ Tot Profit % ┃      Avg Duration ┃  Win  Draw  Loss  Win% ┃
┡━━━━━━━━━━━━━━━━━━━━━━━╇━━━━━━━╇━━━━━━━━━━━━━━╇━━━━━━━━━━━━━━━━━╇━━━━━━━━━━━━━━╇━━━━━━━━━━━━━━━━━━━╇━━━━━━━━━━━━━━━━━━━━━━━━┩
│                   roi │    56 │         10.0 │        1435.591 │       143.56 │   1 day, 23:30:00 │   56     0     0   100 │
│       stale_flat_120h │    13 │         0.63 │          25.475 │         2.55 │  5 days, 23:09:00 │   13     0     0   100 │
│ stale_low_profit_240h │     2 │         2.71 │          22.265 │         2.23 │ 10 days, 13:30:00 │    2     0     0   100 │
│        stale_loss_72h │    36 │        -0.58 │         -59.038 │         -5.9 │  3 days, 16:10:00 │    0     0    36     0 │
│    trailing_stop_loss │    29 │        -2.96 │        -241.684 │       -24.17 │          20:19:00 │    0     0    29     0 │
│             stop_loss │    77 │        -3.17 │        -692.803 │       -69.28 │          21:55:00 │    0     0    77     0 │
│                 TOTAL │   213 │         1.05 │         489.806 │        48.98 │   2 days, 1:12:00 │   71     0   142  33.3 │
└───────────────────────┴───────┴──────────────┴─────────────────┴──────────────┴───────────────────┴────────────────────────┘
                                                                       MIXED TAG STATS                                                                       
┏━━━━━━━━━━━━━━━━━━━━━━━━━━━━━┳━━━━━━━━━━━━━━━━━━━━━━━┳━━━━━━━━┳━━━━━━━━━━━━━━┳━━━━━━━━━━━━━━━━━┳━━━━━━━━━━━━━━┳━━━━━━━━━━━━━━━━━━━┳━━━━━━━━━━━━━━━━━━━━━━━━┓
┃                   Enter Tag ┃           Exit Reason ┃ Trades ┃ Avg Profit % ┃ Tot Profit USDT ┃ Tot Profit % ┃      Avg Duration ┃  Win  Draw  Loss  Win% ┃
┡━━━━━━━━━━━━━━━━━━━━━━━━━━━━━╇━━━━━━━━━━━━━━━━━━━━━━━╇━━━━━━━━╇━━━━━━━━━━━━━━╇━━━━━━━━━━━━━━━━━╇━━━━━━━━━━━━━━╇━━━━━━━━━━━━━━━━━━━╇━━━━━━━━━━━━━━━━━━━━━━━━┩
│      short_pullback_restart │                   roi │     39 │         10.0 │         983.919 │        98.39 │   1 day, 22:25:00 │   39     0     0   100 │
│ short_compression_breakdown │                   roi │     17 │         10.0 │         451.672 │        45.17 │   2 days, 2:00:00 │   17     0     0   100 │
│      short_pullback_restart │       stale_flat_120h │     12 │         0.65 │          25.340 │         2.53 │   6 days, 0:55:00 │   12     0     0   100 │
│      short_pullback_restart │ stale_low_profit_240h │      2 │         2.71 │          22.265 │         2.23 │ 10 days, 13:30:00 │    2     0     0   100 │
│ short_compression_breakdown │       stale_flat_120h │      1 │          0.5 │           0.135 │         0.01 │   5 days, 2:00:00 │    1     0     0   100 │
│ short_compression_breakdown │        stale_loss_72h │      8 │        -0.71 │         -14.060 │        -1.41 │  3 days, 12:00:00 │    0     0     8     0 │
│      short_pullback_restart │        stale_loss_72h │     28 │        -0.54 │         -44.978 │         -4.5 │  3 days, 17:21:00 │    0     0    28     0 │
│ short_compression_breakdown │    trailing_stop_loss │      7 │        -3.34 │         -58.779 │        -5.88 │          22:00:00 │    0     0     7     0 │
│ short_compression_breakdown │             stop_loss │      9 │         -3.2 │         -98.257 │        -9.83 │          21:47:00 │    0     0     9     0 │
│      short_pullback_restart │    trailing_stop_loss │     22 │        -2.85 │        -182.904 │       -18.29 │          19:46:00 │    0     0    22     0 │
│      short_pullback_restart │             stop_loss │     68 │        -3.17 │        -594.547 │       -59.45 │          21:56:00 │    0     0    68     0 │
│                       TOTAL │                       │    213 │         1.05 │         489.806 │        48.98 │   2 days, 1:12:00 │   71     0   142  33.3 │
└─────────────────────────────┴───────────────────────┴────────┴──────────────┴─────────────────┴──────────────┴───────────────────┴────────────────────────┘
                                  YEAR BREAKDOWN                                  
┏━━━━━━━━━━━━┳━━━━━━━━┳━━━━━━━━━━━━━━━━━┳━━━━━━━━━━━━━━━┳━━━━━━━━━━━━━━━━━━━━━━━━┓
┃       Year ┃ Trades ┃ Tot Profit USDT ┃ Profit Factor ┃  Win  Draw  Loss  Win% ┃
┡━━━━━━━━━━━━╇━━━━━━━━╇━━━━━━━━━━━━━━━━━╇━━━━━━━━━━━━━━━╇━━━━━━━━━━━━━━━━━━━━━━━━┩
│ 31/12/2025 │    158 │         385.218 │          1.54 │   53     0   105  33.5 │
│ 31/12/2026 │     55 │         104.588 │          1.38 │   18     0    37  32.7 │
└────────────┴────────┴─────────────────┴───────────────┴────────────────────────┘
                                   SUMMARY METRICS                                    
┏━━━━━━━━━━━━━━━━━━━━━━━━━━━━━━━━━━━━━━━━┳━━━━━━━━━━━━━━━━━━━━━━━━━━━━━━━━━━━━━━━━━━━┓
┃ Metric                                 ┃ Value                                     ┃
┡━━━━━━━━━━━━━━━━━━━━━━━━━━━━━━━━━━━━━━━━╇━━━━━━━━━━━━━━━━━━━━━━━━━━━━━━━━━━━━━━━━━━━┩
│ Backtesting from                       │ 2025-01-01 00:00:00                       │
│ Backtesting to                         │ 2026-05-07 00:00:00                       │
│ Trading Mode                           │ Isolated Futures                          │
│ Max open trades                        │ 5                                         │
│                                        │                                           │
│ Total/Daily Avg Trades                 │ 213 / 0.43                                │
│ Starting balance                       │ 1000 USDT                                 │
│ Final balance                          │ 1489.806 USDT                             │
│ Absolute profit                        │ 489.806 USDT                              │
│ Total profit %                         │ 48.98%                                    │
│ CAGR %                                 │ 34.49%                                    │
│ Sharpe (closed trades)                 │ 1.28                                      │
│ Sortino (closed trades)                │ 4.95                                      │
│ Calmar (closed trades)                 │ 20.14                                     │
│ SQN                                    │ 2.25                                      │
│ Profit factor                          │ 1.49                                      │
│ Expectancy (Ratio)                     │ 2.30 (0.33)                               │
│ Avg. daily profit                      │ 0.998 USDT                                │
│ Avg. stake amount                      │ 294.409 USDT                              │
│ Market change                          │ 29.77%                                    │
│ Total trade volume                     │ 124925.162 USDT                           │
│                                        │                                           │
│ Long / Short trades                    │ 0 / 213                                   │
│ Long / Short profit %                  │ 0.00% / 48.98%                            │
│ Long / Short profit USDT               │ 0.000 / 489.806                           │
│                                        │                                           │
│ Best Pair                              │ XRP/USDT:USDT 12.86%                      │
│ Worst Pair                             │ LINK/USDT:USDT -4.78%                     │
│ Best trade                             │ NEAR/USDT:USDT 10.02%                     │
│ Worst trade                            │ TAO/USDT:USDT -5.00%                      │
│ Best day                               │ 141.456 USDT                              │
│ Worst day                              │ -37.23 USDT                               │
│ Days win/draw/lose                     │ 34 / 334 / 89                             │
│ Min/Max/Avg. Duration Winners          │ 0d 08:00 / 11d 02:00 / 2d 22:49           │
│ Min/Max/Avg. Duration Losers           │ 0d 00:00 / 6d 08:00 / 1d 14:23            │
│ Max Consecutive Wins / Loss            │ 8 / 15                                    │
│ Rejected Entry signals                 │ 17                                        │
│ Entry/Exit Timeouts                    │ 0 / 0                                     │
│                                        │                                           │
│ Min/Max balance (closed trades)        │ 978.502 USDT / 1641.282 USDT              │
│ Max % of account underwater            │ 10.10%                                    │
│ Absolute drawdown                      │ 155.281 USDT (9.46%)                      │
│ Drawdown duration                      │ 47 days 23:00:00                          │
│ Profit at drawdown start               │ 641.282 USDT                              │
│ Profit at drawdown end                 │ 486.001 USDT                              │
│ Drawdown start                         │ 2026-02-14 09:00:00                       │
│ Drawdown end                           │ 2026-04-03 08:00:00                       │
│                                        │                                           │
│ Wallet based Metrics                   │                                           │
│ Min/Max balance (wallet balance)       │ 978.502 USDT / 1641.282 USDT              │
│ Min/Max balance dates (wallet balance) │ 2025-01-16 14:00:00 / 2026-02-14 10:00:00 │
│ Max % of account underwater (balance)  │ 10.10%                                    │
│ Absolute drawdown (wallet balance)     │ 155.281 USDT (9.46%)                      │
│ Drawdown duration                      │ 47 days 23:00:00                          │
│ Profit at drawdown start               │ 641.282 USDT                              │
│ Profit at drawdown end                 │ 486.001 USDT                              │
│ Drawdown start                         │ 2026-02-14 10:00:00                       │
│ Drawdown end                           │ 2026-04-03 09:00:00                       │
│ Sharpe (daily wallet balance)          │ 1.42                                      │
│ Sortino (daily wallet balance)         │ 2.69                                      │
│ Calmar (daily wallet balance)          │ 20.19                                     │
└────────────────────────────────────────┴───────────────────────────────────────────┘

Backtested 2025-01-01 00:00:00 -> 2026-05-07 00:00:00 | Max open trades : 5
                                                                           STRATEGY SUMMARY                                                                           
┏━━━━━━━━━━━━━━━━━━━━━━━━━━━━━━━━━━━━━━━━━━┳━━━━━━━━┳━━━━━━━━━━━━━━┳━━━━━━━━━━━━━━━━━┳━━━━━━━━━━━━━━┳━━━━━━━━━━━━━━━━━┳━━━━━━━━━━━━━━━━━━━━━━━━┳━━━━━━━━━━━━━━━━━━━━━┓
┃                                 Strategy ┃ Trades ┃ Avg Profit % ┃ Tot Profit USDT ┃ Tot Profit % ┃    Avg Duration ┃  Win  Draw  Loss  Win% ┃            Drawdown ┃
┡━━━━━━━━━━━━━━━━━━━━━━━━━━━━━━━━━━━━━━━━━━╇━━━━━━━━╇━━━━━━━━━━━━━━╇━━━━━━━━━━━━━━━━━╇━━━━━━━━━━━━━━╇━━━━━━━━━━━━━━━━━╇━━━━━━━━━━━━━━━━━━━━━━━━╇━━━━━━━━━━━━━━━━━━━━━┩
│ DualTrendRobustRisk0p0075Cap0p35Strategy │    213 │         1.05 │         489.806 │        48.98 │ 2 days, 1:12:00 │   71     0   142  33.3 │ 155.281 USDT  9.46% │
└──────────────────────────────────────────┴────────┴──────────────┴─────────────────┴──────────────┴─────────────────┴────────────────────────┴─────────────────────┘


=== attempt 1 ===
