time="2026-06-12T17:18:14+08:00" level=warning msg="Found orphan containers ([nfi-top9-exbtc-10000u-max4-dryrun]) for this project. If you removed or renamed this service in your compose file, you can run this command with the --remove-orphans flag to clean it up."
 Container ft_userdata-freqtrade-run-db49883d3c66 Creating 
 Container ft_userdata-freqtrade-run-db49883d3c66 Created 
2026-06-12 09:18:14,979 - freqtrade - INFO - freqtrade 2026.4
2026-06-12 09:18:15,227 - numexpr.utils - INFO - NumExpr defaulting to 16 threads.
2026-06-12 09:18:16,360 - freqtrade.configuration.load_config - INFO - Using config: /freqtrade/user_data/strategies/research/dual_trend_robustness_runs/20260612_165506/configs/base.json ...
2026-06-12 09:18:16,366 - freqtrade.loggers - INFO - Enabling colorized output.
2026-06-12 09:18:16,366 - freqtrade.loggers - INFO - Logfile configured
2026-06-12 09:18:16,367 - freqtrade.loggers - INFO - Verbosity set to 0
2026-06-12 09:18:16,368 - freqtrade.configuration.configuration - INFO - Using additional Strategy lookup path: /freqtrade/user_data/strategies
2026-06-12 09:18:16,368 - freqtrade.configuration.configuration - INFO - Parameter --max-open-trades detected, overriding max_open_trades to: 2 ...
2026-06-12 09:18:16,368 - freqtrade.configuration.configuration - INFO - Parameter --timerange detected: 20221001-20260507 ...
2026-06-12 09:18:29,644 - freqtrade.configuration.configuration - INFO - Using user-data directory: /freqtrade/user_data ...
2026-06-12 09:18:29,646 - freqtrade.configuration.configuration - INFO - Using data directory: /freqtrade/user_data/data/binance ...
2026-06-12 09:18:29,646 - freqtrade.configuration.configuration - INFO - Using /freqtrade/user_data/strategies/research/dual_trend_robustness_runs/20260612_165506/results/risk_full_0.0075_0.25_2 as 
backtest directory ...
2026-06-12 09:18:29,647 - freqtrade.configuration.configuration - INFO - Recursively searching for a strategy in the strategies folder.
2026-06-12 09:18:29,647 - freqtrade.configuration.configuration - INFO - Parameter --export detected: trades ...
2026-06-12 09:18:29,647 - freqtrade.configuration.configuration - INFO - Parameter --breakdown detected ...
2026-06-12 09:18:29,647 - freqtrade.configuration.configuration - INFO - Parameter --cache=none detected ...
2026-06-12 09:18:29,648 - freqtrade.configuration.configuration - INFO - Filter trades by timerange: 20221001-20260507
2026-06-12 09:18:29,648 - freqtrade.exchange.check_exchange - INFO - Checking exchange...
2026-06-12 09:18:29,654 - freqtrade.exchange.check_exchange - INFO - Exchange "binance" is officially supported by the Freqtrade development team.
2026-06-12 09:18:29,655 - freqtrade.configuration.configuration - INFO - Using pairlist from configuration.
2026-06-12 09:18:29,655 - freqtrade.configuration.config_validation - INFO - Validating configuration ...
2026-06-12 09:18:29,656 - freqtrade.commands.optimize_commands - INFO - Starting freqtrade in Backtesting mode
2026-06-12 09:18:29,657 - freqtrade.exchange.exchange - INFO - Instance is running with dry_run enabled
2026-06-12 09:18:29,657 - freqtrade.exchange.exchange - INFO - Using CCXT 4.5.50
2026-06-12 09:18:29,658 - freqtrade.exchange.exchange - INFO - Applying additional ccxt config: {'options': {'defaultType': 'swap', 'adjustForTimeDifference': True, 'recvWindow': 60000, 
'fetchCurrencies': False, 'fetchMarkets': ['linear']}, 'enableRateLimit': True, 'timeout': 60000}
2026-06-12 09:18:29,663 - freqtrade.exchange.exchange - INFO - Applying additional ccxt config: {'options': {'defaultType': 'swap', 'adjustForTimeDifference': True, 'recvWindow': 60000, 
'fetchCurrencies': False, 'fetchMarkets': ['linear']}, 'enableRateLimit': True, 'timeout': 60000}
2026-06-12 09:18:29,668 - freqtrade.exchange.exchange - INFO - Using Exchange "Binance"
2026-06-12 09:18:30,955 - freqtrade.resolvers.exchange_resolver - INFO - Using resolved exchange 'Binance'...
2026-06-12 09:18:31,701 - freqtrade.resolvers.iresolver - INFO - Using resolved strategy DualTrendRobustRisk0p0075Cap0p25Strategy from 
'/freqtrade/user_data/strategies/DualTrendRobustnessTempStrategies.py'...
2026-06-12 09:18:31,702 - freqtrade.strategy.hyper - INFO - Found no parameter file.
2026-06-12 09:18:31,702 - freqtrade.resolvers.strategy_resolver - INFO - Override strategy 'stake_currency' with value from the configuration: USDT.
2026-06-12 09:18:31,702 - freqtrade.resolvers.strategy_resolver - INFO - Override strategy 'stake_amount' with value from the configuration: unlimited.
2026-06-12 09:18:31,703 - freqtrade.resolvers.strategy_resolver - INFO - Override strategy 'unfilledtimeout' with value from the configuration: {'entry': 10, 'exit': 10, 'exit_timeout_count': 0, 
'unit': 'minutes'}.
2026-06-12 09:18:31,703 - freqtrade.resolvers.strategy_resolver - INFO - Override strategy 'max_open_trades' with value from the configuration: 2.
2026-06-12 09:18:31,703 - freqtrade.resolvers.strategy_resolver - INFO - Strategy using minimal_roi: {'0': 0.1}
2026-06-12 09:18:31,703 - freqtrade.resolvers.strategy_resolver - INFO - Strategy using timeframe: 1h
2026-06-12 09:18:31,703 - freqtrade.resolvers.strategy_resolver - INFO - Strategy using stoploss: -0.06
2026-06-12 09:18:31,703 - freqtrade.resolvers.strategy_resolver - INFO - Strategy using trailing_stop: False
2026-06-12 09:18:31,704 - freqtrade.resolvers.strategy_resolver - INFO - Strategy using trailing_stop_positive_offset: 0.0
2026-06-12 09:18:31,704 - freqtrade.resolvers.strategy_resolver - INFO - Strategy using trailing_only_offset_is_reached: False
2026-06-12 09:18:31,704 - freqtrade.resolvers.strategy_resolver - INFO - Strategy using use_custom_stoploss: True
2026-06-12 09:18:31,704 - freqtrade.resolvers.strategy_resolver - INFO - Strategy using process_only_new_candles: True
2026-06-12 09:18:31,704 - freqtrade.resolvers.strategy_resolver - INFO - Strategy using order_types: {'entry': 'limit', 'exit': 'limit', 'stoploss': 'limit', 'stoploss_on_exchange': False, 
'stoploss_on_exchange_interval': 60}
2026-06-12 09:18:31,704 - freqtrade.resolvers.strategy_resolver - INFO - Strategy using order_time_in_force: {'entry': 'GTC', 'exit': 'GTC'}
2026-06-12 09:18:31,704 - freqtrade.resolvers.strategy_resolver - INFO - Strategy using stake_currency: USDT
2026-06-12 09:18:31,705 - freqtrade.resolvers.strategy_resolver - INFO - Strategy using stake_amount: unlimited
2026-06-12 09:18:31,705 - freqtrade.resolvers.strategy_resolver - INFO - Strategy using startup_candle_count: 1000
2026-06-12 09:18:31,705 - freqtrade.resolvers.strategy_resolver - INFO - Strategy using unfilledtimeout: {'entry': 10, 'exit': 10, 'exit_timeout_count': 0, 'unit': 'minutes'}
2026-06-12 09:18:31,705 - freqtrade.resolvers.strategy_resolver - INFO - Strategy using use_exit_signal: True
2026-06-12 09:18:31,705 - freqtrade.resolvers.strategy_resolver - INFO - Strategy using exit_profit_only: False
2026-06-12 09:18:31,705 - freqtrade.resolvers.strategy_resolver - INFO - Strategy using ignore_roi_if_entry_signal: True
2026-06-12 09:18:31,706 - freqtrade.resolvers.strategy_resolver - INFO - Strategy using exit_profit_offset: 0.0
2026-06-12 09:18:31,706 - freqtrade.resolvers.strategy_resolver - INFO - Strategy using disable_dataframe_checks: False
2026-06-12 09:18:31,707 - freqtrade.resolvers.strategy_resolver - INFO - Strategy using ignore_buying_expired_candle_after: 0
2026-06-12 09:18:31,707 - freqtrade.resolvers.strategy_resolver - INFO - Strategy using position_adjustment_enable: False
2026-06-12 09:18:31,708 - freqtrade.resolvers.strategy_resolver - INFO - Strategy using max_entry_position_adjustment: -1
2026-06-12 09:18:31,708 - freqtrade.resolvers.strategy_resolver - INFO - Strategy using max_open_trades: 2
2026-06-12 09:18:31,708 - freqtrade.configuration.config_validation - INFO - Validating configuration ...
2026-06-12 09:18:31,711 - freqtrade.resolvers.iresolver - INFO - Using resolved pairlist StaticPairList from '/freqtrade/freqtrade/plugins/pairlist/StaticPairList.py'...
2026-06-12 09:18:31,719 - freqtrade.optimize.backtesting - INFO - Using fee 0.0500% - worst case fee from exchange (lowest tier).
2026-06-12 09:18:31,720 - freqtrade.exchange.exchange - WARNING - Using 3 calls to get OHLCV. This can result in slower operations for the bot. Please check if you really need 1000 candles for your 
strategy.
2026-06-12 09:18:31,784 - freqtrade.data.history.datahandlers.idatahandler - WARNING - BTC/USDT:USDT, futures, 1h, data starts at 2022-10-01 00:00:00
2026-06-12 09:18:31,829 - freqtrade.data.history.datahandlers.idatahandler - WARNING - ETH/USDT:USDT, futures, 1h, data starts at 2022-10-01 00:00:00
2026-06-12 09:18:31,865 - freqtrade.data.history.datahandlers.idatahandler - WARNING - BNB/USDT:USDT, futures, 1h, data starts at 2022-10-01 00:00:00
2026-06-12 09:18:31,894 - freqtrade.data.history.datahandlers.idatahandler - WARNING - SOL/USDT:USDT, futures, 1h, data starts at 2022-10-01 00:00:00
2026-06-12 09:18:31,920 - freqtrade.data.history.datahandlers.idatahandler - WARNING - XRP/USDT:USDT, futures, 1h, data starts at 2022-10-01 00:00:00
2026-06-12 09:18:31,948 - freqtrade.data.history.datahandlers.idatahandler - WARNING - DOGE/USDT:USDT, futures, 1h, data starts at 2022-10-01 00:00:00
2026-06-12 09:18:31,976 - freqtrade.data.history.datahandlers.idatahandler - WARNING - ADA/USDT:USDT, futures, 1h, data starts at 2022-10-01 00:00:00
2026-06-12 09:18:32,006 - freqtrade.data.history.datahandlers.idatahandler - WARNING - LINK/USDT:USDT, futures, 1h, data starts at 2022-10-01 00:00:00
2026-06-12 09:18:32,033 - freqtrade.data.history.datahandlers.idatahandler - WARNING - NEAR/USDT:USDT, futures, 1h, data starts at 2022-10-01 00:00:00
2026-06-12 09:18:32,057 - freqtrade.data.history.datahandlers.idatahandler - WARNING - SUI/USDT:USDT, futures, 1h, data starts at 2024-05-01 00:00:00
2026-06-12 09:18:32,081 - freqtrade.data.history.datahandlers.idatahandler - WARNING - TRX/USDT:USDT, futures, 1h, data starts at 2022-10-01 00:00:00
2026-06-12 09:18:32,110 - freqtrade.data.history.datahandlers.idatahandler - WARNING - ZEC/USDT:USDT, futures, 1h, data starts at 2022-10-01 00:00:00
2026-06-12 09:18:32,137 - freqtrade.data.history.datahandlers.idatahandler - WARNING - TAO/USDT:USDT, futures, 1h, data starts at 2024-04-11 14:00:00
2026-06-12 09:18:32,137 - freqtrade.data.history.datahandlers.idatahandler - WARNING - TAO/USDT:USDT, futures, 1h, data ends at 2026-04-20 00:00:00
2026-06-12 09:18:32,150 - freqtrade.optimize.backtesting - INFO - Loading data from 2022-10-01 00:00:00 up to 2026-05-07 00:00:00 (1314 days).
2026-06-12 09:18:32,151 - freqtrade.configuration.timerange - WARNING - Moving start-date by 1000 candles to account for startup time.
2026-06-12 09:18:32,184 - freqtrade.data.history.datahandlers.idatahandler - WARNING - BTC/USDT:USDT, funding_rate, 1h, data ends at 2026-05-06 16:00:00
2026-06-12 09:18:32,199 - freqtrade.data.history.datahandlers.idatahandler - WARNING - ETH/USDT:USDT, funding_rate, 1h, data ends at 2026-05-06 16:00:00
2026-06-12 09:18:32,251 - freqtrade.data.history.datahandlers.idatahandler - WARNING - DOGE/USDT:USDT, funding_rate, 1h, data ends at 2026-05-06 16:00:00
2026-06-12 09:18:32,292 - freqtrade.data.history.datahandlers.idatahandler - WARNING - SUI/USDT:USDT, funding_rate, 1h, data starts at 2024-02-28 00:00:00
2026-06-12 09:18:32,302 - freqtrade.data.history.datahandlers.idatahandler - WARNING - TRX/USDT:USDT, funding_rate, 1h, data ends at 2026-05-06 16:00:00
2026-06-12 09:18:32,314 - freqtrade.data.history.datahandlers.idatahandler - WARNING - ZEC/USDT:USDT, funding_rate, 1h, data ends at 2026-05-06 16:00:00
2026-06-12 09:18:32,325 - freqtrade.data.history.datahandlers.idatahandler - WARNING - TAO/USDT:USDT, funding_rate, 1h, data starts at 2024-04-11 16:00:00
2026-06-12 09:18:32,325 - freqtrade.data.history.datahandlers.idatahandler - WARNING - TAO/USDT:USDT, funding_rate, 1h, data ends at 2026-04-19 20:00:00
2026-06-12 09:18:32,676 - freqtrade.data.history.datahandlers.idatahandler - WARNING - SUI/USDT:USDT, mark, 1h, data starts at 2024-02-28 00:00:00
2026-06-12 09:18:32,779 - freqtrade.data.history.datahandlers.idatahandler - WARNING - TAO/USDT:USDT, mark, 1h, data starts at 2024-04-11 12:00:00
2026-06-12 09:18:32,780 - freqtrade.data.history.datahandlers.idatahandler - WARNING - TAO/USDT:USDT, mark, 1h, data ends at 2026-04-20 00:00:00
2026-06-12 09:18:34,796 - freqtrade.optimize.backtesting - INFO - Dataload complete. Calculating indicators
2026-06-12 09:18:34,799 - freqtrade.optimize.backtesting - INFO - Running backtesting for Strategy DualTrendRobustRisk0p0075Cap0p25Strategy
2026-06-12 09:18:34,802 - freqtrade.data.dataprovider - INFO - Loading data for BTC/USDT:USDT 4h from 2022-04-17 08:00:00 to 2026-05-07 00:00:00
2026-06-12 09:18:34,811 - freqtrade.data.history.datahandlers.idatahandler - WARNING - BTC/USDT:USDT, futures, 4h, data starts at 2022-10-01 00:00:00
2026-06-12 09:18:34,812 - freqtrade.data.history.datahandlers.idatahandler - WARNING - BTC/USDT:USDT, futures, 4h, data ends at 2026-05-06 12:00:00
2026-06-12 09:18:34,867 - freqtrade.data.dataprovider - INFO - Loading data for ETH/USDT:USDT 4h from 2022-04-17 08:00:00 to 2026-05-07 00:00:00
2026-06-12 09:18:34,878 - freqtrade.data.history.datahandlers.idatahandler - WARNING - ETH/USDT:USDT, futures, 4h, data starts at 2022-10-01 00:00:00
2026-06-12 09:18:34,878 - freqtrade.data.history.datahandlers.idatahandler - WARNING - ETH/USDT:USDT, futures, 4h, data ends at 2026-05-06 12:00:00
2026-06-12 09:18:34,930 - freqtrade.data.dataprovider - INFO - Loading data for BNB/USDT:USDT 4h from 2022-04-17 08:00:00 to 2026-05-07 00:00:00
2026-06-12 09:18:34,977 - freqtrade.data.history.datahandlers.idatahandler - WARNING - BNB/USDT:USDT, futures, 4h, data starts at 2022-10-01 00:00:00
2026-06-12 09:18:34,978 - freqtrade.data.history.datahandlers.idatahandler - WARNING - BNB/USDT:USDT, futures, 4h, data ends at 2026-05-06 16:00:00
2026-06-12 09:18:35,035 - freqtrade.data.dataprovider - INFO - Loading data for SOL/USDT:USDT 4h from 2022-04-17 08:00:00 to 2026-05-07 00:00:00
2026-06-12 09:18:35,051 - freqtrade.data.history.datahandlers.idatahandler - WARNING - SOL/USDT:USDT, futures, 4h, data starts at 2022-10-01 00:00:00
2026-06-12 09:18:35,052 - freqtrade.data.history.datahandlers.idatahandler - WARNING - SOL/USDT:USDT, futures, 4h, data ends at 2026-05-06 16:00:00
2026-06-12 09:18:35,116 - freqtrade.data.dataprovider - INFO - Loading data for XRP/USDT:USDT 4h from 2022-04-17 08:00:00 to 2026-05-07 00:00:00
2026-06-12 09:18:35,132 - freqtrade.data.history.datahandlers.idatahandler - WARNING - XRP/USDT:USDT, futures, 4h, data starts at 2022-10-01 00:00:00
2026-06-12 09:18:35,133 - freqtrade.data.history.datahandlers.idatahandler - WARNING - XRP/USDT:USDT, futures, 4h, data ends at 2026-05-06 16:00:00
2026-06-12 09:18:35,181 - freqtrade.data.dataprovider - INFO - Loading data for DOGE/USDT:USDT 4h from 2022-04-17 08:00:00 to 2026-05-07 00:00:00
2026-06-12 09:18:35,199 - freqtrade.data.history.datahandlers.idatahandler - WARNING - DOGE/USDT:USDT, futures, 4h, data starts at 2022-10-01 00:00:00
2026-06-12 09:18:35,199 - freqtrade.data.history.datahandlers.idatahandler - WARNING - DOGE/USDT:USDT, futures, 4h, data ends at 2026-05-06 12:00:00
2026-06-12 09:18:35,249 - freqtrade.data.dataprovider - INFO - Loading data for ADA/USDT:USDT 4h from 2022-04-17 08:00:00 to 2026-05-07 00:00:00
2026-06-12 09:18:35,298 - freqtrade.data.history.datahandlers.idatahandler - WARNING - ADA/USDT:USDT, futures, 4h, data starts at 2022-10-01 00:00:00
2026-06-12 09:18:35,298 - freqtrade.data.history.datahandlers.idatahandler - WARNING - ADA/USDT:USDT, futures, 4h, data ends at 2026-05-06 16:00:00
2026-06-12 09:18:35,350 - freqtrade.data.dataprovider - INFO - Loading data for LINK/USDT:USDT 4h from 2022-04-17 08:00:00 to 2026-05-07 00:00:00
2026-06-12 09:18:35,361 - freqtrade.data.history.datahandlers.idatahandler - WARNING - LINK/USDT:USDT, futures, 4h, data starts at 2022-10-01 00:00:00
2026-06-12 09:18:35,362 - freqtrade.data.history.datahandlers.idatahandler - WARNING - LINK/USDT:USDT, futures, 4h, data ends at 2026-05-06 16:00:00
2026-06-12 09:18:35,415 - freqtrade.data.dataprovider - INFO - Loading data for NEAR/USDT:USDT 4h from 2022-04-17 08:00:00 to 2026-05-07 00:00:00
2026-06-12 09:18:35,426 - freqtrade.data.history.datahandlers.idatahandler - WARNING - NEAR/USDT:USDT, futures, 4h, data starts at 2022-10-01 00:00:00
2026-06-12 09:18:35,427 - freqtrade.data.history.datahandlers.idatahandler - WARNING - NEAR/USDT:USDT, futures, 4h, data ends at 2026-05-06 16:00:00
2026-06-12 09:18:35,477 - freqtrade.data.dataprovider - INFO - Loading data for SUI/USDT:USDT 4h from 2022-04-17 08:00:00 to 2026-05-07 00:00:00
2026-06-12 09:18:35,492 - freqtrade.data.history.datahandlers.idatahandler - WARNING - SUI/USDT:USDT, futures, 4h, data starts at 2024-05-01 00:00:00
2026-06-12 09:18:35,535 - freqtrade.data.dataprovider - INFO - Loading data for TRX/USDT:USDT 4h from 2022-04-17 08:00:00 to 2026-05-07 00:00:00
2026-06-12 09:18:35,550 - freqtrade.data.history.datahandlers.idatahandler - WARNING - TRX/USDT:USDT, futures, 4h, data starts at 2022-10-01 00:00:00
2026-06-12 09:18:35,550 - freqtrade.data.history.datahandlers.idatahandler - WARNING - TRX/USDT:USDT, futures, 4h, data ends at 2026-05-06 12:00:00
2026-06-12 09:18:35,621 - freqtrade.data.dataprovider - INFO - Loading data for ZEC/USDT:USDT 4h from 2022-04-17 08:00:00 to 2026-05-07 00:00:00
2026-06-12 09:18:35,635 - freqtrade.data.history.datahandlers.idatahandler - WARNING - ZEC/USDT:USDT, futures, 4h, data starts at 2022-10-01 00:00:00
2026-06-12 09:18:35,635 - freqtrade.data.history.datahandlers.idatahandler - WARNING - ZEC/USDT:USDT, futures, 4h, data ends at 2026-05-06 12:00:00
2026-06-12 09:18:35,694 - freqtrade.data.dataprovider - INFO - Loading data for TAO/USDT:USDT 4h from 2022-04-17 08:00:00 to 2026-05-07 00:00:00
2026-06-12 09:18:35,710 - freqtrade.data.history.datahandlers.idatahandler - WARNING - TAO/USDT:USDT, futures, 4h, data starts at 2024-04-11 12:00:00
2026-06-12 09:18:35,711 - freqtrade.data.history.datahandlers.idatahandler - WARNING - TAO/USDT:USDT, futures, 4h, data ends at 2026-04-19 16:00:00
2026-06-12 09:18:35,776 - freqtrade.optimize.backtesting - INFO - Backtesting with data from 2022-11-11 16:00:00 up to 2026-05-07 00:00:00 (1272 days).
2026-06-12 09:18:35,778 - freqtrade.resolvers.iresolver - INFO - Using resolved protection CooldownPeriod from '/freqtrade/freqtrade/plugins/protections/cooldown_period.py'...
2026-06-12 09:18:35,779 - freqtrade.resolvers.iresolver - INFO - Using resolved protection StoplossGuard from '/freqtrade/freqtrade/plugins/protections/stoploss_guard.py'...
2026-06-12 09:18:35,781 - freqtrade.resolvers.iresolver - INFO - Using resolved protection MaxDrawdown from '/freqtrade/freqtrade/plugins/protections/max_drawdown_protection.py'...
2026-06-12 09:19:19,492 - freqtrade.misc - INFO - dumping json to 
"/freqtrade/user_data/strategies/research/dual_trend_robustness_runs/20260612_165506/results/risk_full_0.0075_0.25_2/backtest-result-2026-06-12_09-19-19.meta.json"
Result for strategy DualTrendRobustRisk0p0075Cap0p25Strategy
                                                  BACKTESTING REPORT                                                   
┏━━━━━━━━━━━━━━━━┳━━━━━━━━┳━━━━━━━━━━━━━━┳━━━━━━━━━━━━━━━━━┳━━━━━━━━━━━━━━┳━━━━━━━━━━━━━━━━━━┳━━━━━━━━━━━━━━━━━━━━━━━━┓
┃           Pair ┃ Trades ┃ Avg Profit % ┃ Tot Profit USDT ┃ Tot Profit % ┃     Avg Duration ┃  Win  Draw  Loss  Win% ┃
┡━━━━━━━━━━━━━━━━╇━━━━━━━━╇━━━━━━━━━━━━━━╇━━━━━━━━━━━━━━━━━╇━━━━━━━━━━━━━━╇━━━━━━━━━━━━━━━━━━╇━━━━━━━━━━━━━━━━━━━━━━━━┩
│  ZEC/USDT:USDT │     19 │         4.36 │         202.530 │        20.25 │ 2 days, 14:00:00 │   11     0     8  57.9 │
│  ETH/USDT:USDT │     23 │         2.43 │         159.094 │        15.91 │ 2 days, 10:03:00 │    9     0    14  39.1 │
│ DOGE/USDT:USDT │     21 │         2.28 │         143.812 │        14.38 │  1 day, 21:46:00 │    8     0    13  38.1 │
│  ADA/USDT:USDT │     29 │         1.85 │         129.542 │        12.95 │ 2 days, 10:48:00 │   10     0    19  34.5 │
│  BNB/USDT:USDT │     15 │          2.1 │          78.077 │         7.81 │ 2 days, 14:44:00 │    8     0     7  53.3 │
│  SUI/USDT:USDT │     10 │         2.52 │          73.343 │         7.33 │  1 day, 11:12:00 │    5     0     5  50.0 │
│  TAO/USDT:USDT │      9 │         2.19 │          36.487 │         3.65 │  2 days, 2:40:00 │    5     0     4  55.6 │
│  SOL/USDT:USDT │     21 │         0.67 │          26.166 │         2.62 │  2 days, 5:17:00 │    6     0    15  28.6 │
│  BTC/USDT:USDT │     24 │        -0.29 │          -1.547 │        -0.15 │  2 days, 0:52:00 │    6     0    18  25.0 │
│ NEAR/USDT:USDT │     28 │        -0.65 │         -12.391 │        -1.24 │  1 day, 16:39:00 │    5     0    23  17.9 │
│  XRP/USDT:USDT │     29 │        -0.31 │         -19.771 │        -1.98 │ 2 days, 19:02:00 │    7     0    22  24.1 │
│  TRX/USDT:USDT │     16 │        -0.86 │         -36.368 │        -3.64 │ 2 days, 22:41:00 │    1     0    15   6.2 │
│ LINK/USDT:USDT │     24 │        -0.59 │         -62.390 │        -6.24 │  1 day, 14:08:00 │    4     0    20  16.7 │
│          TOTAL │    268 │          1.0 │         716.584 │        71.66 │  2 days, 5:32:00 │   85     0   183  31.7 │
└────────────────┴────────┴──────────────┴─────────────────┴──────────────┴──────────────────┴────────────────────────┘
                                         LEFT OPEN TRADES REPORT                                          
┏━━━━━━━┳━━━━━━━━┳━━━━━━━━━━━━━━┳━━━━━━━━━━━━━━━━━┳━━━━━━━━━━━━━━┳━━━━━━━━━━━━━━┳━━━━━━━━━━━━━━━━━━━━━━━━┓
┃  Pair ┃ Trades ┃ Avg Profit % ┃ Tot Profit USDT ┃ Tot Profit % ┃ Avg Duration ┃  Win  Draw  Loss  Win% ┃
┡━━━━━━━╇━━━━━━━━╇━━━━━━━━━━━━━━╇━━━━━━━━━━━━━━━━━╇━━━━━━━━━━━━━━╇━━━━━━━━━━━━━━╇━━━━━━━━━━━━━━━━━━━━━━━━┩
│ TOTAL │      0 │          0.0 │           0.000 │          0.0 │         0:00 │    0     0     0     0 │
└───────┴────────┴──────────────┴─────────────────┴──────────────┴──────────────┴────────────────────────┘
                                                          ENTER TAG STATS                                                           
┏━━━━━━━━━━━━━━━━━━━━━━━━━━━━━┳━━━━━━━━━┳━━━━━━━━━━━━━━┳━━━━━━━━━━━━━━━━━┳━━━━━━━━━━━━━━┳━━━━━━━━━━━━━━━━━┳━━━━━━━━━━━━━━━━━━━━━━━━┓
┃                   Enter Tag ┃ Entries ┃ Avg Profit % ┃ Tot Profit USDT ┃ Tot Profit % ┃    Avg Duration ┃  Win  Draw  Loss  Win% ┃
┡━━━━━━━━━━━━━━━━━━━━━━━━━━━━━╇━━━━━━━━━╇━━━━━━━━━━━━━━╇━━━━━━━━━━━━━━━━━╇━━━━━━━━━━━━━━╇━━━━━━━━━━━━━━━━━╇━━━━━━━━━━━━━━━━━━━━━━━━┩
│      short_pullback_restart │     200 │         0.74 │         371.115 │        37.11 │ 2 days, 6:27:00 │   62     0   138  31.0 │
│ short_compression_breakdown │      68 │         1.76 │         345.468 │        34.55 │ 2 days, 2:50:00 │   23     0    45  33.8 │
│                       TOTAL │     268 │          1.0 │         716.584 │        71.66 │ 2 days, 5:32:00 │   85     0   183  31.7 │
└─────────────────────────────┴─────────┴──────────────┴─────────────────┴──────────────┴─────────────────┴────────────────────────┘
                                                      EXIT REASON STATS                                                      
┏━━━━━━━━━━━━━━━━━━━━━━━┳━━━━━━━┳━━━━━━━━━━━━━━┳━━━━━━━━━━━━━━━━━┳━━━━━━━━━━━━━━┳━━━━━━━━━━━━━━━━━━┳━━━━━━━━━━━━━━━━━━━━━━━━┓
┃           Exit Reason ┃ Exits ┃ Avg Profit % ┃ Tot Profit USDT ┃ Tot Profit % ┃     Avg Duration ┃  Win  Draw  Loss  Win% ┃
┡━━━━━━━━━━━━━━━━━━━━━━━╇━━━━━━━╇━━━━━━━━━━━━━━╇━━━━━━━━━━━━━━━━━╇━━━━━━━━━━━━━━╇━━━━━━━━━━━━━━━━━━╇━━━━━━━━━━━━━━━━━━━━━━━━┩
│                   roi │    66 │         10.0 │        1842.523 │       184.25 │ 2 days, 11:44:00 │   66     0     0   100 │
│       stale_flat_120h │    16 │         0.67 │          35.186 │         3.52 │  6 days, 2:41:00 │   16     0     0   100 │
│ stale_low_profit_240h │     3 │         2.62 │          29.131 │         2.91 │ 10 days, 9:20:00 │    3     0     0   100 │
│        stale_loss_72h │    46 │        -0.54 │         -62.801 │        -6.28 │ 3 days, 13:05:00 │    0     0    46     0 │
│    trailing_stop_loss │    38 │        -2.68 │        -298.611 │       -29.86 │   1 day, 2:14:00 │    0     0    38     0 │
│             stop_loss │    99 │        -2.87 │        -828.845 │       -82.88 │   1 day, 0:15:00 │    0     0    99     0 │
│                 TOTAL │   268 │          1.0 │         716.584 │        71.66 │  2 days, 5:32:00 │   85     0   183  31.7 │
└───────────────────────┴───────┴──────────────┴─────────────────┴──────────────┴──────────────────┴────────────────────────┘
                                                                      MIXED TAG STATS                                                                       
┏━━━━━━━━━━━━━━━━━━━━━━━━━━━━━┳━━━━━━━━━━━━━━━━━━━━━━━┳━━━━━━━━┳━━━━━━━━━━━━━━┳━━━━━━━━━━━━━━━━━┳━━━━━━━━━━━━━━┳━━━━━━━━━━━━━━━━━━┳━━━━━━━━━━━━━━━━━━━━━━━━┓
┃                   Enter Tag ┃           Exit Reason ┃ Trades ┃ Avg Profit % ┃ Tot Profit USDT ┃ Tot Profit % ┃     Avg Duration ┃  Win  Draw  Loss  Win% ┃
┡━━━━━━━━━━━━━━━━━━━━━━━━━━━━━╇━━━━━━━━━━━━━━━━━━━━━━━╇━━━━━━━━╇━━━━━━━━━━━━━━╇━━━━━━━━━━━━━━━━━╇━━━━━━━━━━━━━━╇━━━━━━━━━━━━━━━━━━╇━━━━━━━━━━━━━━━━━━━━━━━━┩
│      short_pullback_restart │                   roi │     44 │         10.0 │        1204.356 │       120.44 │ 2 days, 11:16:00 │   44     0     0   100 │
│ short_compression_breakdown │                   roi │     22 │         10.0 │         638.167 │        63.82 │ 2 days, 12:38:00 │   22     0     0   100 │
│      short_pullback_restart │       stale_flat_120h │     15 │         0.65 │          32.066 │         3.21 │  6 days, 3:16:00 │   15     0     0   100 │
│      short_pullback_restart │ stale_low_profit_240h │      3 │         2.62 │          29.131 │         2.91 │ 10 days, 9:20:00 │    3     0     0   100 │
│ short_compression_breakdown │       stale_flat_120h │      1 │         0.98 │           3.120 │         0.31 │ 5 days, 18:00:00 │    1     0     0   100 │
│ short_compression_breakdown │        stale_loss_72h │     14 │         -0.5 │         -16.139 │        -1.61 │  3 days, 8:26:00 │    0     0    14     0 │
│      short_pullback_restart │        stale_loss_72h │     32 │        -0.55 │         -46.662 │        -4.67 │ 3 days, 15:08:00 │    0     0    32     0 │
│ short_compression_breakdown │    trailing_stop_loss │      9 │        -3.01 │         -80.993 │         -8.1 │   1 day, 8:07:00 │    0     0     9     0 │
│ short_compression_breakdown │             stop_loss │     22 │        -3.07 │        -198.687 │       -19.87 │   1 day, 1:55:00 │    0     0    22     0 │
│      short_pullback_restart │    trailing_stop_loss │     29 │        -2.57 │        -217.618 │       -21.76 │   1 day, 0:25:00 │    0     0    29     0 │
│      short_pullback_restart │             stop_loss │     77 │        -2.81 │        -630.158 │       -63.02 │         23:46:00 │    0     0    77     0 │
│                       TOTAL │                       │    268 │          1.0 │         716.584 │        71.66 │  2 days, 5:32:00 │   85     0   183  31.7 │
└─────────────────────────────┴───────────────────────┴────────┴──────────────┴─────────────────┴──────────────┴──────────────────┴────────────────────────┘
                                  YEAR BREAKDOWN                                  
┏━━━━━━━━━━━━┳━━━━━━━━┳━━━━━━━━━━━━━━━━━┳━━━━━━━━━━━━━━━┳━━━━━━━━━━━━━━━━━━━━━━━━┓
┃       Year ┃ Trades ┃ Tot Profit USDT ┃ Profit Factor ┃  Win  Draw  Loss  Win% ┃
┡━━━━━━━━━━━━╇━━━━━━━━╇━━━━━━━━━━━━━━━━━╇━━━━━━━━━━━━━━━╇━━━━━━━━━━━━━━━━━━━━━━━━┩
│ 31/12/2022 │     14 │          17.448 │          1.37 │    3     0    11  21.4 │
│ 31/12/2023 │     61 │           7.033 │          1.03 │   13     0    48  21.3 │
│ 31/12/2024 │     65 │         271.358 │          2.07 │   24     0    41  36.9 │
│ 31/12/2025 │     98 │         376.811 │          1.78 │   36     0    62  36.7 │
│ 31/12/2026 │     30 │          43.933 │          1.26 │    9     0    21  30.0 │
└────────────┴────────┴─────────────────┴───────────────┴────────────────────────┘
                                   SUMMARY METRICS                                    
┏━━━━━━━━━━━━━━━━━━━━━━━━━━━━━━━━━━━━━━━━┳━━━━━━━━━━━━━━━━━━━━━━━━━━━━━━━━━━━━━━━━━━━┓
┃ Metric                                 ┃ Value                                     ┃
┡━━━━━━━━━━━━━━━━━━━━━━━━━━━━━━━━━━━━━━━━╇━━━━━━━━━━━━━━━━━━━━━━━━━━━━━━━━━━━━━━━━━━━┩
│ Backtesting from                       │ 2022-11-11 16:00:00                       │
│ Backtesting to                         │ 2026-05-07 00:00:00                       │
│ Trading Mode                           │ Isolated Futures                          │
│ Max open trades                        │ 2                                         │
│                                        │                                           │
│ Total/Daily Avg Trades                 │ 268 / 0.21                                │
│ Starting balance                       │ 1000 USDT                                 │
│ Final balance                          │ 1716.584 USDT                             │
│ Absolute profit                        │ 716.584 USDT                              │
│ Total profit %                         │ 71.66%                                    │
│ CAGR %                                 │ 16.77%                                    │
│ Sharpe (closed trades)                 │ 0.70                                      │
│ Sortino (closed trades)                │ 2.70                                      │
│ Calmar (closed trades)                 │ 15.32                                     │
│ SQN                                    │ 2.86                                      │
│ Profit factor                          │ 1.60                                      │
│ Expectancy (Ratio)                     │ 2.67 (0.41)                               │
│ Avg. daily profit                      │ 0.563 USDT                                │
│ Avg. stake amount                      │ 294.235 USDT                              │
│ Market change                          │ 238.41%                                   │
│ Total trade volume                     │ 156997.543 USDT                           │
│                                        │                                           │
│ Long / Short trades                    │ 0 / 268                                   │
│ Long / Short profit %                  │ 0.00% / 71.66%                            │
│ Long / Short profit USDT               │ 0.000 / 716.584                           │
│                                        │                                           │
│ Best Pair                              │ ZEC/USDT:USDT 20.25%                      │
│ Worst Pair                             │ LINK/USDT:USDT -6.24%                     │
│ Best trade                             │ NEAR/USDT:USDT 10.02%                     │
│ Worst trade                            │ ETH/USDT:USDT -4.92%                      │
│ Best day                               │ 75.651 USDT                               │
│ Worst day                              │ -26.744 USDT                              │
│ Days win/draw/lose                     │ 64 / 1029 / 150                           │
│ Min/Max/Avg. Duration Winners          │ 0d 02:00 / 11d 02:00 / 3d 10:47           │
│ Min/Max/Avg. Duration Losers           │ 0d 00:00 / 5d 00:00 / 1d 15:57            │
│ Max Consecutive Wins / Loss            │ 5 / 14                                    │
│ Rejected Entry signals                 │ 258                                       │
│ Entry/Exit Timeouts                    │ 0 / 0                                     │
│                                        │                                           │
│ Min/Max balance (closed trades)        │ 988.49 USDT / 1793.294 USDT               │
│ Max % of account underwater            │ 7.03%                                     │
│ Absolute drawdown                      │ 123.185 USDT (7.03%)                      │
│ Drawdown duration                      │ 51 days 10:00:00                          │
│ Profit at drawdown start               │ 753.211 USDT                              │
│ Profit at drawdown end                 │ 630.026 USDT                              │
│ Drawdown start                         │ 2025-12-01 12:00:00                       │
│ Drawdown end                           │ 2026-01-21 22:00:00                       │
│                                        │                                           │
│ Wallet based Metrics                   │                                           │
│ Min/Max balance (wallet balance)       │ 988.49 USDT / 1793.294 USDT               │
│ Min/Max balance dates (wallet balance) │ 2022-12-13 15:00:00 / 2026-02-05 16:00:00 │
│ Max % of account underwater (balance)  │ 7.03%                                     │
│ Absolute drawdown (wallet balance)     │ 123.185 USDT (7.03%)                      │
│ Drawdown duration                      │ 51 days 10:00:00                          │
│ Profit at drawdown start               │ 753.211 USDT                              │
│ Profit at drawdown end                 │ 630.026 USDT                              │
│ Drawdown start                         │ 2025-12-01 13:00:00                       │
│ Drawdown end                           │ 2026-01-21 23:00:00                       │
│ Sharpe (daily wallet balance)          │ 1.35                                      │
│ Sortino (daily wallet balance)         │ 2.28                                      │
│ Calmar (daily wallet balance)          │ 15.32                                     │
└────────────────────────────────────────┴───────────────────────────────────────────┘

Backtested 2022-11-11 16:00:00 -> 2026-05-07 00:00:00 | Max open trades : 2
                                                                           STRATEGY SUMMARY                                                                           
┏━━━━━━━━━━━━━━━━━━━━━━━━━━━━━━━━━━━━━━━━━━┳━━━━━━━━┳━━━━━━━━━━━━━━┳━━━━━━━━━━━━━━━━━┳━━━━━━━━━━━━━━┳━━━━━━━━━━━━━━━━━┳━━━━━━━━━━━━━━━━━━━━━━━━┳━━━━━━━━━━━━━━━━━━━━━┓
┃                                 Strategy ┃ Trades ┃ Avg Profit % ┃ Tot Profit USDT ┃ Tot Profit % ┃    Avg Duration ┃  Win  Draw  Loss  Win% ┃            Drawdown ┃
┡━━━━━━━━━━━━━━━━━━━━━━━━━━━━━━━━━━━━━━━━━━╇━━━━━━━━╇━━━━━━━━━━━━━━╇━━━━━━━━━━━━━━━━━╇━━━━━━━━━━━━━━╇━━━━━━━━━━━━━━━━━╇━━━━━━━━━━━━━━━━━━━━━━━━╇━━━━━━━━━━━━━━━━━━━━━┩
│ DualTrendRobustRisk0p0075Cap0p25Strategy │    268 │         1.00 │         716.584 │        71.66 │ 2 days, 5:32:00 │   85     0   183  31.7 │ 123.185 USDT  7.03% │
└──────────────────────────────────────────┴────────┴──────────────┴─────────────────┴──────────────┴─────────────────┴────────────────────────┴─────────────────────┘
