time="2026-06-12T16:55:07+08:00" level=warning msg="Found orphan containers ([nfi-top9-exbtc-10000u-max4-dryrun]) for this project. If you removed or renamed this service in your compose file, you can run this command with the --remove-orphans flag to clean it up."
 Container ft_userdata-freqtrade-run-40d34b25f510 Creating 
 Container ft_userdata-freqtrade-run-40d34b25f510 Created 
2026-06-12 08:55:07,859 - freqtrade - INFO - freqtrade 2026.4
2026-06-12 08:55:08,346 - numexpr.utils - INFO - NumExpr defaulting to 16 threads.
2026-06-12 08:55:10,197 - freqtrade.configuration.load_config - INFO - Using config: /freqtrade/user_data/strategies/research/dual_trend_robustness_runs/20260612_165506/configs/base.json ...
2026-06-12 08:55:10,207 - freqtrade.loggers - INFO - Enabling colorized output.
2026-06-12 08:55:10,208 - freqtrade.loggers - INFO - Logfile configured
2026-06-12 08:55:10,208 - freqtrade.loggers - INFO - Verbosity set to 0
2026-06-12 08:55:10,209 - freqtrade.configuration.configuration - INFO - Using additional Strategy lookup path: /freqtrade/user_data/strategies
2026-06-12 08:55:10,209 - freqtrade.configuration.configuration - INFO - Using max_open_trades: 3 ...
2026-06-12 08:55:10,210 - freqtrade.configuration.configuration - INFO - Parameter --timerange detected: 20221001-20260507 ...
2026-06-12 08:55:31,748 - freqtrade.configuration.configuration - INFO - Using user-data directory: /freqtrade/user_data ...
2026-06-12 08:55:31,751 - freqtrade.configuration.configuration - INFO - Using data directory: /freqtrade/user_data/data/binance ...
2026-06-12 08:55:31,751 - freqtrade.configuration.configuration - INFO - Using 
/freqtrade/user_data/strategies/research/dual_trend_robustness_runs/20260612_165506/results/pair_DualTrendCompressionRestartShortPullbackOnlyV1Strategy_full as backtest directory ...
2026-06-12 08:55:31,752 - freqtrade.configuration.configuration - INFO - Recursively searching for a strategy in the strategies folder.
2026-06-12 08:55:31,752 - freqtrade.configuration.configuration - INFO - Parameter --export detected: trades ...
2026-06-12 08:55:31,752 - freqtrade.configuration.configuration - INFO - Parameter --breakdown detected ...
2026-06-12 08:55:31,752 - freqtrade.configuration.configuration - INFO - Parameter --cache=none detected ...
2026-06-12 08:55:31,752 - freqtrade.configuration.configuration - INFO - Filter trades by timerange: 20221001-20260507
2026-06-12 08:55:31,755 - freqtrade.exchange.check_exchange - INFO - Checking exchange...
2026-06-12 08:55:31,760 - freqtrade.exchange.check_exchange - INFO - Exchange "binance" is officially supported by the Freqtrade development team.
2026-06-12 08:55:31,761 - freqtrade.configuration.configuration - INFO - Using pairlist from configuration.
2026-06-12 08:55:31,761 - freqtrade.configuration.config_validation - INFO - Validating configuration ...
2026-06-12 08:55:31,762 - freqtrade.commands.optimize_commands - INFO - Starting freqtrade in Backtesting mode
2026-06-12 08:55:31,763 - freqtrade.exchange.exchange - INFO - Instance is running with dry_run enabled
2026-06-12 08:55:31,763 - freqtrade.exchange.exchange - INFO - Using CCXT 4.5.50
2026-06-12 08:55:31,763 - freqtrade.exchange.exchange - INFO - Applying additional ccxt config: {'options': {'defaultType': 'swap', 'adjustForTimeDifference': True, 'recvWindow': 60000, 
'fetchCurrencies': False, 'fetchMarkets': ['linear']}, 'enableRateLimit': True, 'timeout': 60000}
2026-06-12 08:55:31,769 - freqtrade.exchange.exchange - INFO - Applying additional ccxt config: {'options': {'defaultType': 'swap', 'adjustForTimeDifference': True, 'recvWindow': 60000, 
'fetchCurrencies': False, 'fetchMarkets': ['linear']}, 'enableRateLimit': True, 'timeout': 60000}
2026-06-12 08:55:31,774 - freqtrade.exchange.exchange - INFO - Using Exchange "Binance"
2026-06-12 08:55:32,546 - freqtrade.resolvers.exchange_resolver - INFO - Using resolved exchange 'Binance'...
2026-06-12 08:55:33,388 - freqtrade.resolvers.iresolver - INFO - Using resolved strategy DualTrendCompressionRestartShortPullbackOnlyV1Strategy from 
'/freqtrade/user_data/strategies/DualTrendCompressionRestartShortV1Strategy.py'...
2026-06-12 08:55:33,390 - freqtrade.strategy.hyper - INFO - Found no parameter file.
2026-06-12 08:55:33,391 - freqtrade.resolvers.strategy_resolver - INFO - Override strategy 'stake_currency' with value from the configuration: USDT.
2026-06-12 08:55:33,391 - freqtrade.resolvers.strategy_resolver - INFO - Override strategy 'stake_amount' with value from the configuration: unlimited.
2026-06-12 08:55:33,391 - freqtrade.resolvers.strategy_resolver - INFO - Override strategy 'unfilledtimeout' with value from the configuration: {'entry': 10, 'exit': 10, 'exit_timeout_count': 0, 
'unit': 'minutes'}.
2026-06-12 08:55:33,391 - freqtrade.resolvers.strategy_resolver - INFO - Override strategy 'max_open_trades' with value from the configuration: 3.
2026-06-12 08:55:33,392 - freqtrade.resolvers.strategy_resolver - INFO - Strategy using minimal_roi: {'0': 0.1}
2026-06-12 08:55:33,392 - freqtrade.resolvers.strategy_resolver - INFO - Strategy using timeframe: 1h
2026-06-12 08:55:33,392 - freqtrade.resolvers.strategy_resolver - INFO - Strategy using stoploss: -0.06
2026-06-12 08:55:33,392 - freqtrade.resolvers.strategy_resolver - INFO - Strategy using trailing_stop: False
2026-06-12 08:55:33,392 - freqtrade.resolvers.strategy_resolver - INFO - Strategy using trailing_stop_positive_offset: 0.0
2026-06-12 08:55:33,393 - freqtrade.resolvers.strategy_resolver - INFO - Strategy using trailing_only_offset_is_reached: False
2026-06-12 08:55:33,393 - freqtrade.resolvers.strategy_resolver - INFO - Strategy using use_custom_stoploss: True
2026-06-12 08:55:33,393 - freqtrade.resolvers.strategy_resolver - INFO - Strategy using process_only_new_candles: True
2026-06-12 08:55:33,393 - freqtrade.resolvers.strategy_resolver - INFO - Strategy using order_types: {'entry': 'limit', 'exit': 'limit', 'stoploss': 'limit', 'stoploss_on_exchange': False, 
'stoploss_on_exchange_interval': 60}
2026-06-12 08:55:33,393 - freqtrade.resolvers.strategy_resolver - INFO - Strategy using order_time_in_force: {'entry': 'GTC', 'exit': 'GTC'}
2026-06-12 08:55:33,393 - freqtrade.resolvers.strategy_resolver - INFO - Strategy using stake_currency: USDT
2026-06-12 08:55:33,394 - freqtrade.resolvers.strategy_resolver - INFO - Strategy using stake_amount: unlimited
2026-06-12 08:55:33,394 - freqtrade.resolvers.strategy_resolver - INFO - Strategy using startup_candle_count: 1000
2026-06-12 08:55:33,394 - freqtrade.resolvers.strategy_resolver - INFO - Strategy using unfilledtimeout: {'entry': 10, 'exit': 10, 'exit_timeout_count': 0, 'unit': 'minutes'}
2026-06-12 08:55:33,395 - freqtrade.resolvers.strategy_resolver - INFO - Strategy using use_exit_signal: True
2026-06-12 08:55:33,395 - freqtrade.resolvers.strategy_resolver - INFO - Strategy using exit_profit_only: False
2026-06-12 08:55:33,395 - freqtrade.resolvers.strategy_resolver - INFO - Strategy using ignore_roi_if_entry_signal: True
2026-06-12 08:55:33,395 - freqtrade.resolvers.strategy_resolver - INFO - Strategy using exit_profit_offset: 0.0
2026-06-12 08:55:33,395 - freqtrade.resolvers.strategy_resolver - INFO - Strategy using disable_dataframe_checks: False
2026-06-12 08:55:33,396 - freqtrade.resolvers.strategy_resolver - INFO - Strategy using ignore_buying_expired_candle_after: 0
2026-06-12 08:55:33,396 - freqtrade.resolvers.strategy_resolver - INFO - Strategy using position_adjustment_enable: False
2026-06-12 08:55:33,396 - freqtrade.resolvers.strategy_resolver - INFO - Strategy using max_entry_position_adjustment: -1
2026-06-12 08:55:33,396 - freqtrade.resolvers.strategy_resolver - INFO - Strategy using max_open_trades: 3
2026-06-12 08:55:33,396 - freqtrade.configuration.config_validation - INFO - Validating configuration ...
2026-06-12 08:55:33,411 - freqtrade.resolvers.iresolver - INFO - Using resolved pairlist StaticPairList from '/freqtrade/freqtrade/plugins/pairlist/StaticPairList.py'...
2026-06-12 08:55:33,420 - freqtrade.optimize.backtesting - INFO - Using fee 0.0500% - worst case fee from exchange (lowest tier).
2026-06-12 08:55:33,421 - freqtrade.exchange.exchange - WARNING - Using 3 calls to get OHLCV. This can result in slower operations for the bot. Please check if you really need 1000 candles for your 
strategy.
2026-06-12 08:55:33,507 - freqtrade.data.history.datahandlers.idatahandler - WARNING - BTC/USDT:USDT, futures, 1h, data starts at 2022-10-01 00:00:00
2026-06-12 08:55:33,557 - freqtrade.data.history.datahandlers.idatahandler - WARNING - ETH/USDT:USDT, futures, 1h, data starts at 2022-10-01 00:00:00
2026-06-12 08:55:33,591 - freqtrade.data.history.datahandlers.idatahandler - WARNING - BNB/USDT:USDT, futures, 1h, data starts at 2022-10-01 00:00:00
2026-06-12 08:55:33,625 - freqtrade.data.history.datahandlers.idatahandler - WARNING - SOL/USDT:USDT, futures, 1h, data starts at 2022-10-01 00:00:00
2026-06-12 08:55:33,664 - freqtrade.data.history.datahandlers.idatahandler - WARNING - XRP/USDT:USDT, futures, 1h, data starts at 2022-10-01 00:00:00
2026-06-12 08:55:33,705 - freqtrade.data.history.datahandlers.idatahandler - WARNING - DOGE/USDT:USDT, futures, 1h, data starts at 2022-10-01 00:00:00
2026-06-12 08:55:33,742 - freqtrade.data.history.datahandlers.idatahandler - WARNING - ADA/USDT:USDT, futures, 1h, data starts at 2022-10-01 00:00:00
2026-06-12 08:55:33,782 - freqtrade.data.history.datahandlers.idatahandler - WARNING - LINK/USDT:USDT, futures, 1h, data starts at 2022-10-01 00:00:00
2026-06-12 08:55:33,815 - freqtrade.data.history.datahandlers.idatahandler - WARNING - NEAR/USDT:USDT, futures, 1h, data starts at 2022-10-01 00:00:00
2026-06-12 08:55:33,849 - freqtrade.data.history.datahandlers.idatahandler - WARNING - SUI/USDT:USDT, futures, 1h, data starts at 2024-05-01 00:00:00
2026-06-12 08:55:33,879 - freqtrade.data.history.datahandlers.idatahandler - WARNING - TRX/USDT:USDT, futures, 1h, data starts at 2022-10-01 00:00:00
2026-06-12 08:55:33,914 - freqtrade.data.history.datahandlers.idatahandler - WARNING - ZEC/USDT:USDT, futures, 1h, data starts at 2022-10-01 00:00:00
2026-06-12 08:55:33,947 - freqtrade.data.history.datahandlers.idatahandler - WARNING - TAO/USDT:USDT, futures, 1h, data starts at 2024-04-11 14:00:00
2026-06-12 08:55:33,947 - freqtrade.data.history.datahandlers.idatahandler - WARNING - TAO/USDT:USDT, futures, 1h, data ends at 2026-04-20 00:00:00
2026-06-12 08:55:33,960 - freqtrade.optimize.backtesting - INFO - Loading data from 2022-10-01 00:00:00 up to 2026-05-07 00:00:00 (1314 days).
2026-06-12 08:55:33,961 - freqtrade.configuration.timerange - WARNING - Moving start-date by 1000 candles to account for startup time.
2026-06-12 08:55:33,979 - freqtrade.data.history.datahandlers.idatahandler - WARNING - BTC/USDT:USDT, funding_rate, 1h, data ends at 2026-05-06 16:00:00
2026-06-12 08:55:33,996 - freqtrade.data.history.datahandlers.idatahandler - WARNING - ETH/USDT:USDT, funding_rate, 1h, data ends at 2026-05-06 16:00:00
2026-06-12 08:55:34,071 - freqtrade.data.history.datahandlers.idatahandler - WARNING - DOGE/USDT:USDT, funding_rate, 1h, data ends at 2026-05-06 16:00:00
2026-06-12 08:55:34,159 - freqtrade.data.history.datahandlers.idatahandler - WARNING - SUI/USDT:USDT, funding_rate, 1h, data starts at 2024-02-28 00:00:00
2026-06-12 08:55:34,178 - freqtrade.data.history.datahandlers.idatahandler - WARNING - TRX/USDT:USDT, funding_rate, 1h, data ends at 2026-05-06 16:00:00
2026-06-12 08:55:34,207 - freqtrade.data.history.datahandlers.idatahandler - WARNING - ZEC/USDT:USDT, funding_rate, 1h, data ends at 2026-05-06 16:00:00
2026-06-12 08:55:34,230 - freqtrade.data.history.datahandlers.idatahandler - WARNING - TAO/USDT:USDT, funding_rate, 1h, data starts at 2024-04-11 16:00:00
2026-06-12 08:55:34,231 - freqtrade.data.history.datahandlers.idatahandler - WARNING - TAO/USDT:USDT, funding_rate, 1h, data ends at 2026-04-19 20:00:00
2026-06-12 08:55:34,632 - freqtrade.data.history.datahandlers.idatahandler - WARNING - SUI/USDT:USDT, mark, 1h, data starts at 2024-02-28 00:00:00
2026-06-12 08:55:34,746 - freqtrade.data.history.datahandlers.idatahandler - WARNING - TAO/USDT:USDT, mark, 1h, data starts at 2024-04-11 12:00:00
2026-06-12 08:55:34,747 - freqtrade.data.history.datahandlers.idatahandler - WARNING - TAO/USDT:USDT, mark, 1h, data ends at 2026-04-20 00:00:00
2026-06-12 08:55:36,820 - freqtrade.optimize.backtesting - INFO - Dataload complete. Calculating indicators
2026-06-12 08:55:36,828 - freqtrade.optimize.backtesting - INFO - Running backtesting for Strategy DualTrendCompressionRestartShortPullbackOnlyV1Strategy
2026-06-12 08:55:36,830 - freqtrade.data.dataprovider - INFO - Loading data for BTC/USDT:USDT 4h from 2022-04-17 08:00:00 to 2026-05-07 00:00:00
2026-06-12 08:55:36,849 - freqtrade.data.history.datahandlers.idatahandler - WARNING - BTC/USDT:USDT, futures, 4h, data starts at 2022-10-01 00:00:00
2026-06-12 08:55:36,850 - freqtrade.data.history.datahandlers.idatahandler - WARNING - BTC/USDT:USDT, futures, 4h, data ends at 2026-05-06 12:00:00
2026-06-12 08:55:36,908 - freqtrade.data.dataprovider - INFO - Loading data for ETH/USDT:USDT 4h from 2022-04-17 08:00:00 to 2026-05-07 00:00:00
2026-06-12 08:55:36,935 - freqtrade.data.history.datahandlers.idatahandler - WARNING - ETH/USDT:USDT, futures, 4h, data starts at 2022-10-01 00:00:00
2026-06-12 08:55:36,936 - freqtrade.data.history.datahandlers.idatahandler - WARNING - ETH/USDT:USDT, futures, 4h, data ends at 2026-05-06 12:00:00
2026-06-12 08:55:36,991 - freqtrade.data.dataprovider - INFO - Loading data for BNB/USDT:USDT 4h from 2022-04-17 08:00:00 to 2026-05-07 00:00:00
2026-06-12 08:55:37,012 - freqtrade.data.history.datahandlers.idatahandler - WARNING - BNB/USDT:USDT, futures, 4h, data starts at 2022-10-01 00:00:00
2026-06-12 08:55:37,012 - freqtrade.data.history.datahandlers.idatahandler - WARNING - BNB/USDT:USDT, futures, 4h, data ends at 2026-05-06 16:00:00
2026-06-12 08:55:37,068 - freqtrade.data.dataprovider - INFO - Loading data for SOL/USDT:USDT 4h from 2022-04-17 08:00:00 to 2026-05-07 00:00:00
2026-06-12 08:55:37,094 - freqtrade.data.history.datahandlers.idatahandler - WARNING - SOL/USDT:USDT, futures, 4h, data starts at 2022-10-01 00:00:00
2026-06-12 08:55:37,094 - freqtrade.data.history.datahandlers.idatahandler - WARNING - SOL/USDT:USDT, futures, 4h, data ends at 2026-05-06 16:00:00
2026-06-12 08:55:37,147 - freqtrade.data.dataprovider - INFO - Loading data for XRP/USDT:USDT 4h from 2022-04-17 08:00:00 to 2026-05-07 00:00:00
2026-06-12 08:55:37,170 - freqtrade.data.history.datahandlers.idatahandler - WARNING - XRP/USDT:USDT, futures, 4h, data starts at 2022-10-01 00:00:00
2026-06-12 08:55:37,170 - freqtrade.data.history.datahandlers.idatahandler - WARNING - XRP/USDT:USDT, futures, 4h, data ends at 2026-05-06 16:00:00
2026-06-12 08:55:37,222 - freqtrade.data.dataprovider - INFO - Loading data for DOGE/USDT:USDT 4h from 2022-04-17 08:00:00 to 2026-05-07 00:00:00
2026-06-12 08:55:37,245 - freqtrade.data.history.datahandlers.idatahandler - WARNING - DOGE/USDT:USDT, futures, 4h, data starts at 2022-10-01 00:00:00
2026-06-12 08:55:37,245 - freqtrade.data.history.datahandlers.idatahandler - WARNING - DOGE/USDT:USDT, futures, 4h, data ends at 2026-05-06 12:00:00
2026-06-12 08:55:37,300 - freqtrade.data.dataprovider - INFO - Loading data for ADA/USDT:USDT 4h from 2022-04-17 08:00:00 to 2026-05-07 00:00:00
2026-06-12 08:55:37,319 - freqtrade.data.history.datahandlers.idatahandler - WARNING - ADA/USDT:USDT, futures, 4h, data starts at 2022-10-01 00:00:00
2026-06-12 08:55:37,319 - freqtrade.data.history.datahandlers.idatahandler - WARNING - ADA/USDT:USDT, futures, 4h, data ends at 2026-05-06 16:00:00
2026-06-12 08:55:37,369 - freqtrade.data.dataprovider - INFO - Loading data for LINK/USDT:USDT 4h from 2022-04-17 08:00:00 to 2026-05-07 00:00:00
2026-06-12 08:55:37,390 - freqtrade.data.history.datahandlers.idatahandler - WARNING - LINK/USDT:USDT, futures, 4h, data starts at 2022-10-01 00:00:00
2026-06-12 08:55:37,390 - freqtrade.data.history.datahandlers.idatahandler - WARNING - LINK/USDT:USDT, futures, 4h, data ends at 2026-05-06 16:00:00
2026-06-12 08:55:37,449 - freqtrade.data.dataprovider - INFO - Loading data for NEAR/USDT:USDT 4h from 2022-04-17 08:00:00 to 2026-05-07 00:00:00
2026-06-12 08:55:37,465 - freqtrade.data.history.datahandlers.idatahandler - WARNING - NEAR/USDT:USDT, futures, 4h, data starts at 2022-10-01 00:00:00
2026-06-12 08:55:37,466 - freqtrade.data.history.datahandlers.idatahandler - WARNING - NEAR/USDT:USDT, futures, 4h, data ends at 2026-05-06 16:00:00
2026-06-12 08:55:37,526 - freqtrade.data.dataprovider - INFO - Loading data for SUI/USDT:USDT 4h from 2022-04-17 08:00:00 to 2026-05-07 00:00:00
2026-06-12 08:55:37,542 - freqtrade.data.history.datahandlers.idatahandler - WARNING - SUI/USDT:USDT, futures, 4h, data starts at 2024-05-01 00:00:00
2026-06-12 08:55:37,589 - freqtrade.data.dataprovider - INFO - Loading data for TRX/USDT:USDT 4h from 2022-04-17 08:00:00 to 2026-05-07 00:00:00
2026-06-12 08:55:37,608 - freqtrade.data.history.datahandlers.idatahandler - WARNING - TRX/USDT:USDT, futures, 4h, data starts at 2022-10-01 00:00:00
2026-06-12 08:55:37,608 - freqtrade.data.history.datahandlers.idatahandler - WARNING - TRX/USDT:USDT, futures, 4h, data ends at 2026-05-06 12:00:00
2026-06-12 08:55:37,678 - freqtrade.data.dataprovider - INFO - Loading data for ZEC/USDT:USDT 4h from 2022-04-17 08:00:00 to 2026-05-07 00:00:00
2026-06-12 08:55:37,696 - freqtrade.data.history.datahandlers.idatahandler - WARNING - ZEC/USDT:USDT, futures, 4h, data starts at 2022-10-01 00:00:00
2026-06-12 08:55:37,696 - freqtrade.data.history.datahandlers.idatahandler - WARNING - ZEC/USDT:USDT, futures, 4h, data ends at 2026-05-06 12:00:00
2026-06-12 08:55:37,760 - freqtrade.data.dataprovider - INFO - Loading data for TAO/USDT:USDT 4h from 2022-04-17 08:00:00 to 2026-05-07 00:00:00
2026-06-12 08:55:37,776 - freqtrade.data.history.datahandlers.idatahandler - WARNING - TAO/USDT:USDT, futures, 4h, data starts at 2024-04-11 12:00:00
2026-06-12 08:55:37,777 - freqtrade.data.history.datahandlers.idatahandler - WARNING - TAO/USDT:USDT, futures, 4h, data ends at 2026-04-19 16:00:00
2026-06-12 08:55:37,829 - freqtrade.optimize.backtesting - INFO - Backtesting with data from 2022-11-11 16:00:00 up to 2026-05-07 00:00:00 (1272 days).
2026-06-12 08:55:37,831 - freqtrade.resolvers.iresolver - INFO - Using resolved protection CooldownPeriod from '/freqtrade/freqtrade/plugins/protections/cooldown_period.py'...
2026-06-12 08:55:37,834 - freqtrade.resolvers.iresolver - INFO - Using resolved protection StoplossGuard from '/freqtrade/freqtrade/plugins/protections/stoploss_guard.py'...
2026-06-12 08:55:37,835 - freqtrade.resolvers.iresolver - INFO - Using resolved protection MaxDrawdown from '/freqtrade/freqtrade/plugins/protections/max_drawdown_protection.py'...
2026-06-12 08:56:15,760 - freqtrade.misc - INFO - dumping json to 
"/freqtrade/user_data/strategies/research/dual_trend_robustness_runs/20260612_165506/results/pair_DualTrendCompressionRestartShortPullbackOnlyV1Strategy_full/backtest-result-2026-06-12_08-56-15.meta.j
son"
Result for strategy DualTrendCompressionRestartShortPullbackOnlyV1Strategy
                                                  BACKTESTING REPORT                                                   
┏━━━━━━━━━━━━━━━━┳━━━━━━━━┳━━━━━━━━━━━━━━┳━━━━━━━━━━━━━━━━━┳━━━━━━━━━━━━━━┳━━━━━━━━━━━━━━━━━━┳━━━━━━━━━━━━━━━━━━━━━━━━┓
┃           Pair ┃ Trades ┃ Avg Profit % ┃ Tot Profit USDT ┃ Tot Profit % ┃     Avg Duration ┃  Win  Draw  Loss  Win% ┃
┡━━━━━━━━━━━━━━━━╇━━━━━━━━╇━━━━━━━━━━━━━━╇━━━━━━━━━━━━━━━━━╇━━━━━━━━━━━━━━╇━━━━━━━━━━━━━━━━━━╇━━━━━━━━━━━━━━━━━━━━━━━━┩
│  ZEC/USDT:USDT │     19 │         4.36 │         234.923 │        23.49 │ 2 days, 14:00:00 │   11     0     8  57.9 │
│ DOGE/USDT:USDT │     31 │         1.99 │         181.385 │        18.14 │  1 day, 20:56:00 │   11     0    20  35.5 │
│  ETH/USDT:USDT │     25 │         2.02 │         172.827 │        17.28 │  2 days, 7:31:00 │    9     0    16  36.0 │
│  BNB/USDT:USDT │     25 │         2.07 │         139.002 │         13.9 │  2 days, 9:12:00 │   12     0    13  48.0 │
│  SUI/USDT:USDT │     14 │         1.99 │          92.020 │          9.2 │  1 day, 21:30:00 │    6     0     8  42.9 │
│  TAO/USDT:USDT │     11 │         3.46 │          88.115 │         8.81 │  1 day, 22:44:00 │    7     0     4  63.6 │
│  ADA/USDT:USDT │     35 │         1.17 │          87.167 │         8.72 │  2 days, 6:57:00 │   10     0    25  28.6 │
│  SOL/USDT:USDT │     27 │         1.22 │          69.672 │         6.97 │  1 day, 18:56:00 │    9     0    18  33.3 │
│  XRP/USDT:USDT │     36 │         0.05 │          49.426 │         4.94 │ 2 days, 17:32:00 │    9     0    27  25.0 │
│  BTC/USDT:USDT │     30 │        -0.08 │          40.921 │         4.09 │  2 days, 6:02:00 │    8     0    22  26.7 │
│ NEAR/USDT:USDT │     34 │         -0.3 │           0.291 │         0.03 │  1 day, 13:35:00 │    7     0    27  20.6 │
│ LINK/USDT:USDT │     31 │        -0.12 │         -62.874 │        -6.29 │  1 day, 14:21:00 │    6     0    25  19.4 │
│  TRX/USDT:USDT │     19 │        -1.16 │         -85.821 │        -8.58 │ 2 days, 14:19:00 │    1     0    18   5.3 │
│          TOTAL │    337 │         1.04 │        1007.052 │       100.71 │  2 days, 3:12:00 │  106     0   231  31.5 │
└────────────────┴────────┴──────────────┴─────────────────┴──────────────┴──────────────────┴────────────────────────┘
                                         LEFT OPEN TRADES REPORT                                          
┏━━━━━━━┳━━━━━━━━┳━━━━━━━━━━━━━━┳━━━━━━━━━━━━━━━━━┳━━━━━━━━━━━━━━┳━━━━━━━━━━━━━━┳━━━━━━━━━━━━━━━━━━━━━━━━┓
┃  Pair ┃ Trades ┃ Avg Profit % ┃ Tot Profit USDT ┃ Tot Profit % ┃ Avg Duration ┃  Win  Draw  Loss  Win% ┃
┡━━━━━━━╇━━━━━━━━╇━━━━━━━━━━━━━━╇━━━━━━━━━━━━━━━━━╇━━━━━━━━━━━━━━╇━━━━━━━━━━━━━━╇━━━━━━━━━━━━━━━━━━━━━━━━┩
│ TOTAL │      0 │          0.0 │           0.000 │          0.0 │         0:00 │    0     0     0     0 │
└───────┴────────┴──────────────┴─────────────────┴──────────────┴──────────────┴────────────────────────┘
                                                        ENTER TAG STATS                                                        
┏━━━━━━━━━━━━━━━━━━━━━━━━┳━━━━━━━━━┳━━━━━━━━━━━━━━┳━━━━━━━━━━━━━━━━━┳━━━━━━━━━━━━━━┳━━━━━━━━━━━━━━━━━┳━━━━━━━━━━━━━━━━━━━━━━━━┓
┃              Enter Tag ┃ Entries ┃ Avg Profit % ┃ Tot Profit USDT ┃ Tot Profit % ┃    Avg Duration ┃  Win  Draw  Loss  Win% ┃
┡━━━━━━━━━━━━━━━━━━━━━━━━╇━━━━━━━━━╇━━━━━━━━━━━━━━╇━━━━━━━━━━━━━━━━━╇━━━━━━━━━━━━━━╇━━━━━━━━━━━━━━━━━╇━━━━━━━━━━━━━━━━━━━━━━━━┩
│ short_pullback_restart │     337 │         1.04 │        1007.052 │       100.71 │ 2 days, 3:12:00 │  106     0   231  31.5 │
│                  TOTAL │     337 │         1.04 │        1007.052 │       100.71 │ 2 days, 3:12:00 │  106     0   231  31.5 │
└────────────────────────┴─────────┴──────────────┴─────────────────┴──────────────┴─────────────────┴────────────────────────┘
                                                      EXIT REASON STATS                                                      
┏━━━━━━━━━━━━━━━━━━━━━━━┳━━━━━━━┳━━━━━━━━━━━━━━┳━━━━━━━━━━━━━━━━━┳━━━━━━━━━━━━━━┳━━━━━━━━━━━━━━━━━━┳━━━━━━━━━━━━━━━━━━━━━━━━┓
┃           Exit Reason ┃ Exits ┃ Avg Profit % ┃ Tot Profit USDT ┃ Tot Profit % ┃     Avg Duration ┃  Win  Draw  Loss  Win% ┃
┡━━━━━━━━━━━━━━━━━━━━━━━╇━━━━━━━╇━━━━━━━━━━━━━━╇━━━━━━━━━━━━━━━━━╇━━━━━━━━━━━━━━╇━━━━━━━━━━━━━━━━━━╇━━━━━━━━━━━━━━━━━━━━━━━━┩
│                   roi │    85 │         10.0 │        2844.876 │       284.49 │  2 days, 7:55:00 │   85     0     0   100 │
│       stale_flat_120h │    18 │         0.64 │          49.560 │         4.96 │ 6 days, 10:53:00 │   18     0     0   100 │
│ stale_low_profit_240h │     3 │         2.62 │          40.388 │         4.04 │ 10 days, 9:20:00 │    3     0     0   100 │
│        stale_loss_72h │    57 │        -0.57 │        -114.455 │       -11.45 │ 3 days, 13:38:00 │    0     0    57     0 │
│    trailing_stop_loss │    49 │         -2.7 │        -489.602 │       -48.96 │   1 day, 0:32:00 │    0     0    49     0 │
│             stop_loss │   125 │        -2.84 │       -1323.714 │      -132.37 │         23:03:00 │    0     0   125     0 │
│                 TOTAL │   337 │         1.04 │        1007.052 │       100.71 │  2 days, 3:12:00 │  106     0   231  31.5 │
└───────────────────────┴───────┴──────────────┴─────────────────┴──────────────┴──────────────────┴────────────────────────┘
                                                                    MIXED TAG STATS                                                                    
┏━━━━━━━━━━━━━━━━━━━━━━━━┳━━━━━━━━━━━━━━━━━━━━━━━┳━━━━━━━━┳━━━━━━━━━━━━━━┳━━━━━━━━━━━━━━━━━┳━━━━━━━━━━━━━━┳━━━━━━━━━━━━━━━━━━┳━━━━━━━━━━━━━━━━━━━━━━━━┓
┃              Enter Tag ┃           Exit Reason ┃ Trades ┃ Avg Profit % ┃ Tot Profit USDT ┃ Tot Profit % ┃     Avg Duration ┃  Win  Draw  Loss  Win% ┃
┡━━━━━━━━━━━━━━━━━━━━━━━━╇━━━━━━━━━━━━━━━━━━━━━━━╇━━━━━━━━╇━━━━━━━━━━━━━━╇━━━━━━━━━━━━━━━━━╇━━━━━━━━━━━━━━╇━━━━━━━━━━━━━━━━━━╇━━━━━━━━━━━━━━━━━━━━━━━━┩
│ short_pullback_restart │                   roi │     85 │         10.0 │        2844.876 │       284.49 │  2 days, 7:55:00 │   85     0     0   100 │
│ short_pullback_restart │       stale_flat_120h │     18 │         0.64 │          49.560 │         4.96 │ 6 days, 10:53:00 │   18     0     0   100 │
│ short_pullback_restart │ stale_low_profit_240h │      3 │         2.62 │          40.388 │         4.04 │ 10 days, 9:20:00 │    3     0     0   100 │
│ short_pullback_restart │        stale_loss_72h │     57 │        -0.57 │        -114.455 │       -11.45 │ 3 days, 13:38:00 │    0     0    57     0 │
│ short_pullback_restart │    trailing_stop_loss │     49 │         -2.7 │        -489.602 │       -48.96 │   1 day, 0:32:00 │    0     0    49     0 │
│ short_pullback_restart │             stop_loss │    125 │        -2.84 │       -1323.714 │      -132.37 │         23:03:00 │    0     0   125     0 │
│                  TOTAL │                       │    337 │         1.04 │        1007.052 │       100.71 │  2 days, 3:12:00 │  106     0   231  31.5 │
└────────────────────────┴───────────────────────┴────────┴──────────────┴─────────────────┴──────────────┴──────────────────┴────────────────────────┘
                                  YEAR BREAKDOWN                                  
┏━━━━━━━━━━━━┳━━━━━━━━┳━━━━━━━━━━━━━━━━━┳━━━━━━━━━━━━━━━┳━━━━━━━━━━━━━━━━━━━━━━━━┓
┃       Year ┃ Trades ┃ Tot Profit USDT ┃ Profit Factor ┃  Win  Draw  Loss  Win% ┃
┡━━━━━━━━━━━━╇━━━━━━━━╇━━━━━━━━━━━━━━━━━╇━━━━━━━━━━━━━━━╇━━━━━━━━━━━━━━━━━━━━━━━━┩
│ 31/12/2022 │     17 │            56.1 │          1.91 │    5     0    12  29.4 │
│ 31/12/2023 │     77 │          35.899 │           1.1 │   16     0    61  20.8 │
│ 31/12/2024 │     73 │         365.591 │          2.12 │   28     0    45  38.4 │
│ 31/12/2025 │    128 │         473.023 │          1.55 │   44     0    84  34.4 │
│ 31/12/2026 │     42 │          76.439 │          1.25 │   13     0    29  31.0 │
└────────────┴────────┴─────────────────┴───────────────┴────────────────────────┘
                                   SUMMARY METRICS                                    
┏━━━━━━━━━━━━━━━━━━━━━━━━━━━━━━━━━━━━━━━━┳━━━━━━━━━━━━━━━━━━━━━━━━━━━━━━━━━━━━━━━━━━━┓
┃ Metric                                 ┃ Value                                     ┃
┡━━━━━━━━━━━━━━━━━━━━━━━━━━━━━━━━━━━━━━━━╇━━━━━━━━━━━━━━━━━━━━━━━━━━━━━━━━━━━━━━━━━━━┩
│ Backtesting from                       │ 2022-11-11 16:00:00                       │
│ Backtesting to                         │ 2026-05-07 00:00:00                       │
│ Trading Mode                           │ Isolated Futures                          │
│ Max open trades                        │ 3                                         │
│                                        │                                           │
│ Total/Daily Avg Trades                 │ 337 / 0.26                                │
│ Starting balance                       │ 1000 USDT                                 │
│ Final balance                          │ 2007.052 USDT                             │
│ Absolute profit                        │ 1007.052 USDT                             │
│ Total profit %                         │ 100.71%                                   │
│ CAGR %                                 │ 22.13%                                    │
│ Sharpe (closed trades)                 │ 0.79                                      │
│ Sortino (closed trades)                │ 3.20                                      │
│ Calmar (closed trades)                 │ 16.31                                     │
│ SQN                                    │ 2.88                                      │
│ Profit factor                          │ 1.52                                      │
│ Expectancy (Ratio)                     │ 2.99 (0.36)                               │
│ Avg. daily profit                      │ 0.792 USDT                                │
│ Avg. stake amount                      │ 382.429 USDT                              │
│ Market change                          │ 238.41%                                   │
│ Total trade volume                     │ 256756.99 USDT                            │
│                                        │                                           │
│ Long / Short trades                    │ 0 / 337                                   │
│ Long / Short profit %                  │ 0.00% / 100.71%                           │
│ Long / Short profit USDT               │ 0.000 / 1007.052                          │
│                                        │                                           │
│ Best Pair                              │ ZEC/USDT:USDT 23.49%                      │
│ Worst Pair                             │ TRX/USDT:USDT -8.58%                      │
│ Best trade                             │ NEAR/USDT:USDT 10.02%                     │
│ Worst trade                            │ TAO/USDT:USDT -5.00%                      │
│ Best day                               │ 179.66 USDT                               │
│ Worst day                              │ -49.281 USDT                              │
│ Days win/draw/lose                     │ 68 / 1005 / 170                           │
│ Min/Max/Avg. Duration Winners          │ 0d 02:00 / 11d 02:00 / 3d 06:12           │
│ Min/Max/Avg. Duration Losers           │ 0d 00:00 / 6d 08:00 / 1d 14:48            │
│ Max Consecutive Wins / Loss            │ 8 / 18                                    │
│ Rejected Entry signals                 │ 160                                       │
│ Entry/Exit Timeouts                    │ 0 / 0                                     │
│                                        │                                           │
│ Min/Max balance (closed trades)        │ 991.793 USDT / 2176.304 USDT              │
│ Max % of account underwater            │ 10.17%                                    │
│ Absolute drawdown                      │ 180.737 USDT (9.27%)                      │
│ Drawdown duration                      │ 133 days 11:00:00                         │
│ Profit at drawdown start               │ 949.35 USDT                               │
│ Profit at drawdown end                 │ 768.613 USDT                              │
│ Drawdown start                         │ 2025-06-22 13:00:00                       │
│ Drawdown end                           │ 2025-11-03 00:00:00                       │
│                                        │                                           │
│ Wallet based Metrics                   │                                           │
│ Min/Max balance (wallet balance)       │ 991.793 USDT / 2176.304 USDT              │
│ Min/Max balance dates (wallet balance) │ 2022-11-20 12:00:00 / 2026-02-14 10:00:00 │
│ Max % of account underwater (balance)  │ 10.17%                                    │
│ Absolute drawdown (wallet balance)     │ 180.737 USDT (9.27%)                      │
│ Drawdown duration                      │ 133 days 11:00:00                         │
│ Profit at drawdown start               │ 949.35 USDT                               │
│ Profit at drawdown end                 │ 768.613 USDT                              │
│ Drawdown start                         │ 2025-06-22 14:00:00                       │
│ Drawdown end                           │ 2025-11-03 01:00:00                       │
│ Sharpe (daily wallet balance)          │ 1.26                                      │
│ Sortino (daily wallet balance)         │ 2.37                                      │
│ Calmar (daily wallet balance)          │ 16.31                                     │
└────────────────────────────────────────┴───────────────────────────────────────────┘

Backtested 2022-11-11 16:00:00 -> 2026-05-07 00:00:00 | Max open trades : 3
                                                                                  STRATEGY SUMMARY                                                                                  
┏━━━━━━━━━━━━━━━━━━━━━━━━━━━━━━━━━━━━━━━━━━━━━━━━━━━━━━━━┳━━━━━━━━┳━━━━━━━━━━━━━━┳━━━━━━━━━━━━━━━━━┳━━━━━━━━━━━━━━┳━━━━━━━━━━━━━━━━━┳━━━━━━━━━━━━━━━━━━━━━━━━┳━━━━━━━━━━━━━━━━━━━━━┓
┃                                               Strategy ┃ Trades ┃ Avg Profit % ┃ Tot Profit USDT ┃ Tot Profit % ┃    Avg Duration ┃  Win  Draw  Loss  Win% ┃            Drawdown ┃
┡━━━━━━━━━━━━━━━━━━━━━━━━━━━━━━━━━━━━━━━━━━━━━━━━━━━━━━━━╇━━━━━━━━╇━━━━━━━━━━━━━━╇━━━━━━━━━━━━━━━━━╇━━━━━━━━━━━━━━╇━━━━━━━━━━━━━━━━━╇━━━━━━━━━━━━━━━━━━━━━━━━╇━━━━━━━━━━━━━━━━━━━━━┩
│ DualTrendCompressionRestartShortPullbackOnlyV1Strategy │    337 │         1.04 │        1007.052 │       100.71 │ 2 days, 3:12:00 │  106     0   231  31.5 │ 180.737 USDT  9.27% │
└────────────────────────────────────────────────────────┴────────┴──────────────┴─────────────────┴──────────────┴─────────────────┴────────────────────────┴─────────────────────┘
