time="2026-06-12T17:06:02+08:00" level=warning msg="Found orphan containers ([nfi-top9-exbtc-10000u-max4-dryrun]) for this project. If you removed or renamed this service in your compose file, you can run this command with the --remove-orphans flag to clean it up."
 Container ft_userdata-freqtrade-run-c36fbd45b255 Creating 
 Container ft_userdata-freqtrade-run-c36fbd45b255 Created 
2026-06-12 09:06:03,294 - freqtrade - INFO - freqtrade 2026.4
2026-06-12 09:06:03,534 - numexpr.utils - INFO - NumExpr defaulting to 16 threads.
2026-06-12 09:06:04,608 - freqtrade.configuration.load_config - INFO - Using config: 
/freqtrade/user_data/strategies/research/dual_trend_robustness_runs/20260612_165506/configs/pairs_recent_large_cap_8.json ...
2026-06-12 09:06:04,622 - freqtrade.loggers - INFO - Enabling colorized output.
2026-06-12 09:06:04,622 - freqtrade.loggers - INFO - Logfile configured
2026-06-12 09:06:04,623 - freqtrade.loggers - INFO - Verbosity set to 0
2026-06-12 09:06:04,623 - freqtrade.configuration.configuration - INFO - Using additional Strategy lookup path: /freqtrade/user_data/strategies
2026-06-12 09:06:04,623 - freqtrade.configuration.configuration - INFO - Using max_open_trades: 3 ...
2026-06-12 09:06:04,623 - freqtrade.configuration.configuration - INFO - Parameter --timerange detected: 20250101-20260507 ...
2026-06-12 09:06:19,157 - freqtrade.configuration.configuration - INFO - Using user-data directory: /freqtrade/user_data ...
2026-06-12 09:06:19,160 - freqtrade.configuration.configuration - INFO - Using data directory: /freqtrade/user_data/data/binance ...
2026-06-12 09:06:19,161 - freqtrade.configuration.configuration - INFO - Using 
/freqtrade/user_data/strategies/research/dual_trend_robustness_runs/20260612_165506/results/pair_exclusion_recent_large_cap_8 as backtest directory ...
2026-06-12 09:06:19,161 - freqtrade.configuration.configuration - INFO - Recursively searching for a strategy in the strategies folder.
2026-06-12 09:06:19,161 - freqtrade.configuration.configuration - INFO - Parameter --export detected: trades ...
2026-06-12 09:06:19,162 - freqtrade.configuration.configuration - INFO - Parameter --breakdown detected ...
2026-06-12 09:06:19,162 - freqtrade.configuration.configuration - INFO - Parameter --cache=none detected ...
2026-06-12 09:06:19,162 - freqtrade.configuration.configuration - INFO - Filter trades by timerange: 20250101-20260507
2026-06-12 09:06:19,164 - freqtrade.exchange.check_exchange - INFO - Checking exchange...
2026-06-12 09:06:19,170 - freqtrade.exchange.check_exchange - INFO - Exchange "binance" is officially supported by the Freqtrade development team.
2026-06-12 09:06:19,171 - freqtrade.configuration.configuration - INFO - Using pairlist from configuration.
2026-06-12 09:06:19,171 - freqtrade.configuration.config_validation - INFO - Validating configuration ...
2026-06-12 09:06:19,172 - freqtrade.commands.optimize_commands - INFO - Starting freqtrade in Backtesting mode
2026-06-12 09:06:19,173 - freqtrade.exchange.exchange - INFO - Instance is running with dry_run enabled
2026-06-12 09:06:19,173 - freqtrade.exchange.exchange - INFO - Using CCXT 4.5.50
2026-06-12 09:06:19,173 - freqtrade.exchange.exchange - INFO - Applying additional ccxt config: {'options': {'defaultType': 'swap', 'adjustForTimeDifference': True, 'recvWindow': 60000, 
'fetchCurrencies': False, 'fetchMarkets': ['linear']}, 'enableRateLimit': True, 'timeout': 60000}
2026-06-12 09:06:19,179 - freqtrade.exchange.exchange - INFO - Applying additional ccxt config: {'options': {'defaultType': 'swap', 'adjustForTimeDifference': True, 'recvWindow': 60000, 
'fetchCurrencies': False, 'fetchMarkets': ['linear']}, 'enableRateLimit': True, 'timeout': 60000}
2026-06-12 09:06:19,184 - freqtrade.exchange.exchange - INFO - Using Exchange "Binance"
2026-06-12 09:06:19,869 - freqtrade.resolvers.exchange_resolver - INFO - Using resolved exchange 'Binance'...
2026-06-12 09:06:21,057 - freqtrade.resolvers.iresolver - INFO - Using resolved strategy DualTrendCompressionRestartShortV1Strategy from 
'/freqtrade/user_data/strategies/DualTrendCompressionRestartShortV1Strategy.py'...
2026-06-12 09:06:21,058 - freqtrade.strategy.hyper - INFO - Found no parameter file.
2026-06-12 09:06:21,058 - freqtrade.resolvers.strategy_resolver - INFO - Override strategy 'stake_currency' with value from the configuration: USDT.
2026-06-12 09:06:21,058 - freqtrade.resolvers.strategy_resolver - INFO - Override strategy 'stake_amount' with value from the configuration: unlimited.
2026-06-12 09:06:21,058 - freqtrade.resolvers.strategy_resolver - INFO - Override strategy 'unfilledtimeout' with value from the configuration: {'entry': 10, 'exit': 10, 'exit_timeout_count': 0, 
'unit': 'minutes'}.
2026-06-12 09:06:21,059 - freqtrade.resolvers.strategy_resolver - INFO - Override strategy 'max_open_trades' with value from the configuration: 3.
2026-06-12 09:06:21,059 - freqtrade.resolvers.strategy_resolver - INFO - Strategy using minimal_roi: {'0': 0.1}
2026-06-12 09:06:21,059 - freqtrade.resolvers.strategy_resolver - INFO - Strategy using timeframe: 1h
2026-06-12 09:06:21,059 - freqtrade.resolvers.strategy_resolver - INFO - Strategy using stoploss: -0.06
2026-06-12 09:06:21,059 - freqtrade.resolvers.strategy_resolver - INFO - Strategy using trailing_stop: False
2026-06-12 09:06:21,059 - freqtrade.resolvers.strategy_resolver - INFO - Strategy using trailing_stop_positive_offset: 0.0
2026-06-12 09:06:21,060 - freqtrade.resolvers.strategy_resolver - INFO - Strategy using trailing_only_offset_is_reached: False
2026-06-12 09:06:21,060 - freqtrade.resolvers.strategy_resolver - INFO - Strategy using use_custom_stoploss: True
2026-06-12 09:06:21,060 - freqtrade.resolvers.strategy_resolver - INFO - Strategy using process_only_new_candles: True
2026-06-12 09:06:21,060 - freqtrade.resolvers.strategy_resolver - INFO - Strategy using order_types: {'entry': 'limit', 'exit': 'limit', 'stoploss': 'limit', 'stoploss_on_exchange': False, 
'stoploss_on_exchange_interval': 60}
2026-06-12 09:06:21,060 - freqtrade.resolvers.strategy_resolver - INFO - Strategy using order_time_in_force: {'entry': 'GTC', 'exit': 'GTC'}
2026-06-12 09:06:21,060 - freqtrade.resolvers.strategy_resolver - INFO - Strategy using stake_currency: USDT
2026-06-12 09:06:21,060 - freqtrade.resolvers.strategy_resolver - INFO - Strategy using stake_amount: unlimited
2026-06-12 09:06:21,061 - freqtrade.resolvers.strategy_resolver - INFO - Strategy using startup_candle_count: 1000
2026-06-12 09:06:21,061 - freqtrade.resolvers.strategy_resolver - INFO - Strategy using unfilledtimeout: {'entry': 10, 'exit': 10, 'exit_timeout_count': 0, 'unit': 'minutes'}
2026-06-12 09:06:21,061 - freqtrade.resolvers.strategy_resolver - INFO - Strategy using use_exit_signal: True
2026-06-12 09:06:21,061 - freqtrade.resolvers.strategy_resolver - INFO - Strategy using exit_profit_only: False
2026-06-12 09:06:21,061 - freqtrade.resolvers.strategy_resolver - INFO - Strategy using ignore_roi_if_entry_signal: True
2026-06-12 09:06:21,061 - freqtrade.resolvers.strategy_resolver - INFO - Strategy using exit_profit_offset: 0.0
2026-06-12 09:06:21,061 - freqtrade.resolvers.strategy_resolver - INFO - Strategy using disable_dataframe_checks: False
2026-06-12 09:06:21,062 - freqtrade.resolvers.strategy_resolver - INFO - Strategy using ignore_buying_expired_candle_after: 0
2026-06-12 09:06:21,062 - freqtrade.resolvers.strategy_resolver - INFO - Strategy using position_adjustment_enable: False
2026-06-12 09:06:21,062 - freqtrade.resolvers.strategy_resolver - INFO - Strategy using max_entry_position_adjustment: -1
2026-06-12 09:06:21,062 - freqtrade.resolvers.strategy_resolver - INFO - Strategy using max_open_trades: 3
2026-06-12 09:06:21,062 - freqtrade.configuration.config_validation - INFO - Validating configuration ...
2026-06-12 09:06:21,065 - freqtrade.resolvers.iresolver - INFO - Using resolved pairlist StaticPairList from '/freqtrade/freqtrade/plugins/pairlist/StaticPairList.py'...
2026-06-12 09:06:21,070 - freqtrade.optimize.backtesting - INFO - Using fee 0.0500% - worst case fee from exchange (lowest tier).
2026-06-12 09:06:21,071 - freqtrade.exchange.exchange - WARNING - Using 3 calls to get OHLCV. This can result in slower operations for the bot. Please check if you really need 1000 candles for your 
strategy.
2026-06-12 09:06:21,286 - freqtrade.optimize.backtesting - INFO - Loading data from 2024-11-20 08:00:00 up to 2026-05-07 00:00:00 (532 days).
2026-06-12 09:06:21,295 - freqtrade.data.history.datahandlers.idatahandler - WARNING - BTC/USDT:USDT, funding_rate, 1h, data ends at 2026-05-06 16:00:00
2026-06-12 09:06:21,308 - freqtrade.data.history.datahandlers.idatahandler - WARNING - ETH/USDT:USDT, funding_rate, 1h, data ends at 2026-05-06 16:00:00
2026-06-12 09:06:21,353 - freqtrade.data.history.datahandlers.idatahandler - WARNING - DOGE/USDT:USDT, funding_rate, 1h, data ends at 2026-05-06 16:00:00
2026-06-12 09:06:22,138 - freqtrade.optimize.backtesting - INFO - Dataload complete. Calculating indicators
2026-06-12 09:06:22,141 - freqtrade.optimize.backtesting - INFO - Running backtesting for Strategy DualTrendCompressionRestartShortV1Strategy
2026-06-12 09:06:22,144 - freqtrade.data.dataprovider - INFO - Loading data for BTC/USDT:USDT 4h from 2024-07-18 08:00:00 to 2026-05-07 00:00:00
2026-06-12 09:06:22,162 - freqtrade.data.history.datahandlers.idatahandler - WARNING - BTC/USDT:USDT, futures, 4h, data ends at 2026-05-06 12:00:00
2026-06-12 09:06:22,218 - freqtrade.data.dataprovider - INFO - Loading data for ETH/USDT:USDT 4h from 2024-07-18 08:00:00 to 2026-05-07 00:00:00
2026-06-12 09:06:22,236 - freqtrade.data.history.datahandlers.idatahandler - WARNING - ETH/USDT:USDT, futures, 4h, data ends at 2026-05-06 12:00:00
2026-06-12 09:06:22,285 - freqtrade.data.dataprovider - INFO - Loading data for BNB/USDT:USDT 4h from 2024-07-18 08:00:00 to 2026-05-07 00:00:00
2026-06-12 09:06:22,302 - freqtrade.data.history.datahandlers.idatahandler - WARNING - BNB/USDT:USDT, futures, 4h, data ends at 2026-05-06 16:00:00
2026-06-12 09:06:22,353 - freqtrade.data.dataprovider - INFO - Loading data for SOL/USDT:USDT 4h from 2024-07-18 08:00:00 to 2026-05-07 00:00:00
2026-06-12 09:06:22,369 - freqtrade.data.history.datahandlers.idatahandler - WARNING - SOL/USDT:USDT, futures, 4h, data ends at 2026-05-06 16:00:00
2026-06-12 09:06:22,423 - freqtrade.data.dataprovider - INFO - Loading data for XRP/USDT:USDT 4h from 2024-07-18 08:00:00 to 2026-05-07 00:00:00
2026-06-12 09:06:22,439 - freqtrade.data.history.datahandlers.idatahandler - WARNING - XRP/USDT:USDT, futures, 4h, data ends at 2026-05-06 16:00:00
2026-06-12 09:06:22,488 - freqtrade.data.dataprovider - INFO - Loading data for DOGE/USDT:USDT 4h from 2024-07-18 08:00:00 to 2026-05-07 00:00:00
2026-06-12 09:06:22,505 - freqtrade.data.history.datahandlers.idatahandler - WARNING - DOGE/USDT:USDT, futures, 4h, data ends at 2026-05-06 12:00:00
2026-06-12 09:06:22,553 - freqtrade.data.dataprovider - INFO - Loading data for ADA/USDT:USDT 4h from 2024-07-18 08:00:00 to 2026-05-07 00:00:00
2026-06-12 09:06:22,569 - freqtrade.data.history.datahandlers.idatahandler - WARNING - ADA/USDT:USDT, futures, 4h, data ends at 2026-05-06 16:00:00
2026-06-12 09:06:22,615 - freqtrade.data.dataprovider - INFO - Loading data for LINK/USDT:USDT 4h from 2024-07-18 08:00:00 to 2026-05-07 00:00:00
2026-06-12 09:06:22,628 - freqtrade.data.history.datahandlers.idatahandler - WARNING - LINK/USDT:USDT, futures, 4h, data ends at 2026-05-06 16:00:00
2026-06-12 09:06:22,680 - freqtrade.optimize.backtesting - INFO - Backtesting with data from 2025-01-01 00:00:00 up to 2026-05-07 00:00:00 (491 days).
2026-06-12 09:06:22,681 - freqtrade.resolvers.iresolver - INFO - Using resolved protection CooldownPeriod from '/freqtrade/freqtrade/plugins/protections/cooldown_period.py'...
2026-06-12 09:06:22,683 - freqtrade.resolvers.iresolver - INFO - Using resolved protection StoplossGuard from '/freqtrade/freqtrade/plugins/protections/stoploss_guard.py'...
2026-06-12 09:06:22,685 - freqtrade.resolvers.iresolver - INFO - Using resolved protection MaxDrawdown from '/freqtrade/freqtrade/plugins/protections/max_drawdown_protection.py'...
2026-06-12 09:06:37,950 - freqtrade.misc - INFO - dumping json to 
"/freqtrade/user_data/strategies/research/dual_trend_robustness_runs/20260612_165506/results/pair_exclusion_recent_large_cap_8/backtest-result-2026-06-12_09-06-37.meta.json"
Result for strategy DualTrendCompressionRestartShortV1Strategy
                                                  BACKTESTING REPORT                                                  
┏━━━━━━━━━━━━━━━━┳━━━━━━━━┳━━━━━━━━━━━━━━┳━━━━━━━━━━━━━━━━━┳━━━━━━━━━━━━━━┳━━━━━━━━━━━━━━━━━┳━━━━━━━━━━━━━━━━━━━━━━━━┓
┃           Pair ┃ Trades ┃ Avg Profit % ┃ Tot Profit USDT ┃ Tot Profit % ┃    Avg Duration ┃  Win  Draw  Loss  Win% ┃
┡━━━━━━━━━━━━━━━━╇━━━━━━━━╇━━━━━━━━━━━━━━╇━━━━━━━━━━━━━━━━━╇━━━━━━━━━━━━━━╇━━━━━━━━━━━━━━━━━╇━━━━━━━━━━━━━━━━━━━━━━━━┩
│  XRP/USDT:USDT │     20 │         2.05 │         124.167 │        12.42 │ 3 days, 0:15:00 │    9     0    11  45.0 │
│  ETH/USDT:USDT │     16 │          2.1 │          72.302 │         7.23 │ 2 days, 5:30:00 │    6     0    10  37.5 │
│  SOL/USDT:USDT │     16 │         2.19 │          56.338 │         5.63 │  1 day, 6:49:00 │    6     0    10  37.5 │
│  ADA/USDT:USDT │     19 │         1.71 │          49.089 │         4.91 │ 2 days, 7:25:00 │    6     0    13  31.6 │
│  BTC/USDT:USDT │     21 │         0.83 │          46.465 │         4.65 │ 2 days, 3:37:00 │    7     0    14  33.3 │
│ DOGE/USDT:USDT │     21 │         1.18 │          34.792 │         3.48 │ 1 day, 12:14:00 │    6     0    15  28.6 │
│  BNB/USDT:USDT │     11 │        -0.48 │         -20.372 │        -2.04 │ 2 days, 8:55:00 │    4     0     7  36.4 │
│ LINK/USDT:USDT │     14 │        -0.87 │         -47.188 │        -4.72 │  1 day, 8:09:00 │    2     0    12  14.3 │
│          TOTAL │    138 │         1.21 │         315.593 │        31.56 │ 2 days, 1:03:00 │   46     0    92  33.3 │
└────────────────┴────────┴──────────────┴─────────────────┴──────────────┴─────────────────┴────────────────────────┘
                                         LEFT OPEN TRADES REPORT                                          
┏━━━━━━━┳━━━━━━━━┳━━━━━━━━━━━━━━┳━━━━━━━━━━━━━━━━━┳━━━━━━━━━━━━━━┳━━━━━━━━━━━━━━┳━━━━━━━━━━━━━━━━━━━━━━━━┓
┃  Pair ┃ Trades ┃ Avg Profit % ┃ Tot Profit USDT ┃ Tot Profit % ┃ Avg Duration ┃  Win  Draw  Loss  Win% ┃
┡━━━━━━━╇━━━━━━━━╇━━━━━━━━━━━━━━╇━━━━━━━━━━━━━━━━━╇━━━━━━━━━━━━━━╇━━━━━━━━━━━━━━╇━━━━━━━━━━━━━━━━━━━━━━━━┩
│ TOTAL │      0 │          0.0 │           0.000 │          0.0 │         0:00 │    0     0     0     0 │
└───────┴────────┴──────────────┴─────────────────┴──────────────┴──────────────┴────────────────────────┘
                                                          ENTER TAG STATS                                                           
┏━━━━━━━━━━━━━━━━━━━━━━━━━━━━━┳━━━━━━━━━┳━━━━━━━━━━━━━━┳━━━━━━━━━━━━━━━━━┳━━━━━━━━━━━━━━┳━━━━━━━━━━━━━━━━━┳━━━━━━━━━━━━━━━━━━━━━━━━┓
┃                   Enter Tag ┃ Entries ┃ Avg Profit % ┃ Tot Profit USDT ┃ Tot Profit % ┃    Avg Duration ┃  Win  Draw  Loss  Win% ┃
┡━━━━━━━━━━━━━━━━━━━━━━━━━━━━━╇━━━━━━━━━╇━━━━━━━━━━━━━━╇━━━━━━━━━━━━━━━━━╇━━━━━━━━━━━━━━╇━━━━━━━━━━━━━━━━━╇━━━━━━━━━━━━━━━━━━━━━━━━┩
│ short_compression_breakdown │      28 │         2.56 │         159.829 │        15.98 │ 2 days, 3:45:00 │   11     0    17  39.3 │
│      short_pullback_restart │     110 │         0.86 │         155.764 │        15.58 │ 2 days, 0:21:00 │   35     0    75  31.8 │
│                       TOTAL │     138 │         1.21 │         315.593 │        31.56 │ 2 days, 1:03:00 │   46     0    92  33.3 │
└─────────────────────────────┴─────────┴──────────────┴─────────────────┴──────────────┴─────────────────┴────────────────────────┘
                                                      EXIT REASON STATS                                                      
┏━━━━━━━━━━━━━━━━━━━━━━━┳━━━━━━━┳━━━━━━━━━━━━━━┳━━━━━━━━━━━━━━━━━┳━━━━━━━━━━━━━━┳━━━━━━━━━━━━━━━━━━┳━━━━━━━━━━━━━━━━━━━━━━━━┓
┃           Exit Reason ┃ Exits ┃ Avg Profit % ┃ Tot Profit USDT ┃ Tot Profit % ┃     Avg Duration ┃  Win  Draw  Loss  Win% ┃
┡━━━━━━━━━━━━━━━━━━━━━━━╇━━━━━━━╇━━━━━━━━━━━━━━╇━━━━━━━━━━━━━━━━━╇━━━━━━━━━━━━━━╇━━━━━━━━━━━━━━━━━━╇━━━━━━━━━━━━━━━━━━━━━━━━┩
│                   roi │    37 │         10.0 │         914.865 │        91.49 │  2 days, 2:42:00 │   37     0     0   100 │
│       stale_flat_120h │     8 │          0.6 │          16.347 │         1.63 │  6 days, 0:22:00 │    8     0     0   100 │
│ stale_low_profit_240h │     1 │         2.94 │          11.134 │         1.11 │ 11 days, 2:00:00 │    1     0     0   100 │
│        stale_loss_72h │    23 │        -0.57 │         -36.602 │        -3.66 │ 3 days, 15:37:00 │    0     0    23     0 │
│    trailing_stop_loss │    21 │        -2.64 │        -162.836 │       -16.28 │         21:43:00 │    0     0    21     0 │
│             stop_loss │    48 │        -2.96 │        -427.316 │       -42.73 │         20:50:00 │    0     0    48     0 │
│                 TOTAL │   138 │         1.21 │         315.593 │        31.56 │  2 days, 1:03:00 │   46     0    92  33.3 │
└───────────────────────┴───────┴──────────────┴─────────────────┴──────────────┴──────────────────┴────────────────────────┘
                                                                      MIXED TAG STATS                                                                       
┏━━━━━━━━━━━━━━━━━━━━━━━━━━━━━┳━━━━━━━━━━━━━━━━━━━━━━━┳━━━━━━━━┳━━━━━━━━━━━━━━┳━━━━━━━━━━━━━━━━━┳━━━━━━━━━━━━━━┳━━━━━━━━━━━━━━━━━━┳━━━━━━━━━━━━━━━━━━━━━━━━┓
┃                   Enter Tag ┃           Exit Reason ┃ Trades ┃ Avg Profit % ┃ Tot Profit USDT ┃ Tot Profit % ┃     Avg Duration ┃  Win  Draw  Loss  Win% ┃
┡━━━━━━━━━━━━━━━━━━━━━━━━━━━━━╇━━━━━━━━━━━━━━━━━━━━━━━╇━━━━━━━━╇━━━━━━━━━━━━━━╇━━━━━━━━━━━━━━━━━╇━━━━━━━━━━━━━━╇━━━━━━━━━━━━━━━━━━╇━━━━━━━━━━━━━━━━━━━━━━━━┩
│      short_pullback_restart │                   roi │     26 │         10.0 │         645.456 │        64.55 │  1 day, 22:35:00 │   26     0     0   100 │
│ short_compression_breakdown │                   roi │     11 │         10.0 │         269.409 │        26.94 │ 2 days, 12:27:00 │   11     0     0   100 │
│      short_pullback_restart │       stale_flat_120h │      8 │          0.6 │          16.347 │         1.63 │  6 days, 0:22:00 │    8     0     0   100 │
│      short_pullback_restart │ stale_low_profit_240h │      1 │         2.94 │          11.134 │         1.11 │ 11 days, 2:00:00 │    1     0     0   100 │
│ short_compression_breakdown │        stale_loss_72h │      6 │        -0.43 │          -5.956 │         -0.6 │ 3 days, 15:30:00 │    0     0     6     0 │
│      short_pullback_restart │        stale_loss_72h │     17 │        -0.62 │         -30.646 │        -3.06 │ 3 days, 15:39:00 │    0     0    17     0 │
│ short_compression_breakdown │    trailing_stop_loss │      5 │        -3.11 │         -44.050 │         -4.4 │         20:36:00 │    0     0     5     0 │
│ short_compression_breakdown │             stop_loss │      6 │        -3.35 │         -59.574 │        -5.96 │   1 day, 2:00:00 │    0     0     6     0 │
│      short_pullback_restart │    trailing_stop_loss │     16 │        -2.49 │        -118.786 │       -11.88 │         22:04:00 │    0     0    16     0 │
│      short_pullback_restart │             stop_loss │     42 │        -2.91 │        -367.741 │       -36.77 │         20:06:00 │    0     0    42     0 │
│                       TOTAL │                       │    138 │         1.21 │         315.593 │        31.56 │  2 days, 1:03:00 │   46     0    92  33.3 │
└─────────────────────────────┴───────────────────────┴────────┴──────────────┴─────────────────┴──────────────┴──────────────────┴────────────────────────┘
                                  YEAR BREAKDOWN                                  
┏━━━━━━━━━━━━┳━━━━━━━━┳━━━━━━━━━━━━━━━━━┳━━━━━━━━━━━━━━━┳━━━━━━━━━━━━━━━━━━━━━━━━┓
┃       Year ┃ Trades ┃ Tot Profit USDT ┃ Profit Factor ┃  Win  Draw  Loss  Win% ┃
┡━━━━━━━━━━━━╇━━━━━━━━╇━━━━━━━━━━━━━━━━━╇━━━━━━━━━━━━━━━╇━━━━━━━━━━━━━━━━━━━━━━━━┩
│ 31/12/2025 │     99 │         268.905 │          1.63 │   33     0    66  33.3 │
│ 31/12/2026 │     39 │          46.688 │          1.23 │   13     0    26  33.3 │
└────────────┴────────┴─────────────────┴───────────────┴────────────────────────┘
                                   SUMMARY METRICS                                    
┏━━━━━━━━━━━━━━━━━━━━━━━━━━━━━━━━━━━━━━━━┳━━━━━━━━━━━━━━━━━━━━━━━━━━━━━━━━━━━━━━━━━━━┓
┃ Metric                                 ┃ Value                                     ┃
┡━━━━━━━━━━━━━━━━━━━━━━━━━━━━━━━━━━━━━━━━╇━━━━━━━━━━━━━━━━━━━━━━━━━━━━━━━━━━━━━━━━━━━┩
│ Backtesting from                       │ 2025-01-01 00:00:00                       │
│ Backtesting to                         │ 2026-05-07 00:00:00                       │
│ Trading Mode                           │ Isolated Futures                          │
│ Max open trades                        │ 3                                         │
│                                        │                                           │
│ Total/Daily Avg Trades                 │ 138 / 0.28                                │
│ Starting balance                       │ 1000 USDT                                 │
│ Final balance                          │ 1315.593 USDT                             │
│ Absolute profit                        │ 315.593 USDT                              │
│ Total profit %                         │ 31.56%                                    │
│ CAGR %                                 │ 22.62%                                    │
│ Sharpe (closed trades)                 │ 0.85                                      │
│ Sortino (closed trades)                │ 3.61                                      │
│ Calmar (closed trades)                 │ 13.29                                     │
│ SQN                                    │ 1.86                                      │
│ Profit factor                          │ 1.50                                      │
│ Expectancy (Ratio)                     │ 2.29 (0.34)                               │
│ Avg. daily profit                      │ 0.643 USDT                                │
│ Avg. stake amount                      │ 295.8 USDT                                │
│ Market change                          │ -40.77%                                   │
│ Total trade volume                     │ 81325.208 USDT                            │
│                                        │                                           │
│ Long / Short trades                    │ 0 / 138                                   │
│ Long / Short profit %                  │ 0.00% / 31.56%                            │
│ Long / Short profit USDT               │ 0.000 / 315.593                           │
│                                        │                                           │
│ Best Pair                              │ XRP/USDT:USDT 12.42%                      │
│ Worst Pair                             │ LINK/USDT:USDT -4.72%                     │
│ Best trade                             │ ADA/USDT:USDT 10.00%                      │
│ Worst trade                            │ ETH/USDT:USDT -4.92%                      │
│ Best day                               │ 138.116 USDT                              │
│ Worst day                              │ -32.838 USDT                              │
│ Days win/draw/lose                     │ 27 / 364 / 66                             │
│ Min/Max/Avg. Duration Winners          │ 0d 08:00 / 11d 02:00 / 2d 23:40           │
│ Min/Max/Avg. Duration Losers           │ 0d 00:00 / 4d 22:00 / 1d 13:44            │
│ Max Consecutive Wins / Loss            │ 10 / 17                                   │
│ Rejected Entry signals                 │ 43                                        │
│ Entry/Exit Timeouts                    │ 0 / 0                                     │
│                                        │                                           │
│ Min/Max balance (closed trades)        │ 978.523 USDT / 1446.014 USDT              │
│ Max % of account underwater            │ 9.24%                                     │
│ Absolute drawdown                      │ 133.641 USDT (9.24%)                      │
│ Drawdown duration                      │ 45 days 22:00:00                          │
│ Profit at drawdown start               │ 446.014 USDT                              │
│ Profit at drawdown end                 │ 312.374 USDT                              │
│ Drawdown start                         │ 2026-02-14 09:00:00                       │
│ Drawdown end                           │ 2026-04-01 07:00:00                       │
│                                        │                                           │
│ Wallet based Metrics                   │                                           │
│ Min/Max balance (wallet balance)       │ 978.523 USDT / 1446.014 USDT              │
│ Min/Max balance dates (wallet balance) │ 2025-01-30 10:00:00 / 2026-02-14 10:00:00 │
│ Max % of account underwater (balance)  │ 9.24%                                     │
│ Absolute drawdown (wallet balance)     │ 133.641 USDT (9.24%)                      │
│ Drawdown duration                      │ 45 days 22:00:00                          │
│ Profit at drawdown start               │ 446.014 USDT                              │
│ Profit at drawdown end                 │ 312.374 USDT                              │
│ Drawdown start                         │ 2026-02-14 10:00:00                       │
│ Drawdown end                           │ 2026-04-01 08:00:00                       │
│ Sharpe (daily wallet balance)          │ 1.21                                      │
│ Sortino (daily wallet balance)         │ 2.10                                      │
│ Calmar (daily wallet balance)          │ 13.31                                     │
└────────────────────────────────────────┴───────────────────────────────────────────┘

Backtested 2025-01-01 00:00:00 -> 2026-05-07 00:00:00 | Max open trades : 3
                                                                            STRATEGY SUMMARY                                                                            
┏━━━━━━━━━━━━━━━━━━━━━━━━━━━━━━━━━━━━━━━━━━━━┳━━━━━━━━┳━━━━━━━━━━━━━━┳━━━━━━━━━━━━━━━━━┳━━━━━━━━━━━━━━┳━━━━━━━━━━━━━━━━━┳━━━━━━━━━━━━━━━━━━━━━━━━┳━━━━━━━━━━━━━━━━━━━━━┓
┃                                   Strategy ┃ Trades ┃ Avg Profit % ┃ Tot Profit USDT ┃ Tot Profit % ┃    Avg Duration ┃  Win  Draw  Loss  Win% ┃            Drawdown ┃
┡━━━━━━━━━━━━━━━━━━━━━━━━━━━━━━━━━━━━━━━━━━━━╇━━━━━━━━╇━━━━━━━━━━━━━━╇━━━━━━━━━━━━━━━━━╇━━━━━━━━━━━━━━╇━━━━━━━━━━━━━━━━━╇━━━━━━━━━━━━━━━━━━━━━━━━╇━━━━━━━━━━━━━━━━━━━━━┩
│ DualTrendCompressionRestartShortV1Strategy │    138 │         1.21 │         315.593 │        31.56 │ 2 days, 1:03:00 │   46     0    92  33.3 │ 133.641 USDT  9.24% │
└────────────────────────────────────────────┴────────┴──────────────┴─────────────────┴──────────────┴─────────────────┴────────────────────────┴─────────────────────┘
