time="2026-06-12T17:05:28+08:00" level=warning msg="Found orphan containers ([nfi-top9-exbtc-10000u-max4-dryrun]) for this project. If you removed or renamed this service in your compose file, you can run this command with the --remove-orphans flag to clean it up."
 Container ft_userdata-freqtrade-run-8aa24c6f99c3 Creating 
 Container ft_userdata-freqtrade-run-8aa24c6f99c3 Created 
2026-06-12 09:05:28,951 - freqtrade - INFO - freqtrade 2026.4
2026-06-12 09:05:29,190 - numexpr.utils - INFO - NumExpr defaulting to 16 threads.
2026-06-12 09:05:30,323 - freqtrade.configuration.load_config - INFO - Using config: 
/freqtrade/user_data/strategies/research/dual_trend_robustness_runs/20260612_165506/configs/pairs_recent_remove_worst_3.json ...
2026-06-12 09:05:30,333 - freqtrade.loggers - INFO - Enabling colorized output.
2026-06-12 09:05:30,333 - freqtrade.loggers - INFO - Logfile configured
2026-06-12 09:05:30,333 - freqtrade.loggers - INFO - Verbosity set to 0
2026-06-12 09:05:30,333 - freqtrade.configuration.configuration - INFO - Using additional Strategy lookup path: /freqtrade/user_data/strategies
2026-06-12 09:05:30,334 - freqtrade.configuration.configuration - INFO - Using max_open_trades: 3 ...
2026-06-12 09:05:30,334 - freqtrade.configuration.configuration - INFO - Parameter --timerange detected: 20250101-20260507 ...
2026-06-12 09:05:41,390 - freqtrade.configuration.configuration - INFO - Using user-data directory: /freqtrade/user_data ...
2026-06-12 09:05:41,391 - freqtrade.configuration.configuration - INFO - Using data directory: /freqtrade/user_data/data/binance ...
2026-06-12 09:05:41,392 - freqtrade.configuration.configuration - INFO - Using 
/freqtrade/user_data/strategies/research/dual_trend_robustness_runs/20260612_165506/results/pair_exclusion_recent_remove_worst_3 as backtest directory ...
2026-06-12 09:05:41,392 - freqtrade.configuration.configuration - INFO - Recursively searching for a strategy in the strategies folder.
2026-06-12 09:05:41,392 - freqtrade.configuration.configuration - INFO - Parameter --export detected: trades ...
2026-06-12 09:05:41,392 - freqtrade.configuration.configuration - INFO - Parameter --breakdown detected ...
2026-06-12 09:05:41,393 - freqtrade.configuration.configuration - INFO - Parameter --cache=none detected ...
2026-06-12 09:05:41,393 - freqtrade.configuration.configuration - INFO - Filter trades by timerange: 20250101-20260507
2026-06-12 09:05:41,393 - freqtrade.exchange.check_exchange - INFO - Checking exchange...
2026-06-12 09:05:41,399 - freqtrade.exchange.check_exchange - INFO - Exchange "binance" is officially supported by the Freqtrade development team.
2026-06-12 09:05:41,400 - freqtrade.configuration.configuration - INFO - Using pairlist from configuration.
2026-06-12 09:05:41,400 - freqtrade.configuration.config_validation - INFO - Validating configuration ...
2026-06-12 09:05:41,402 - freqtrade.commands.optimize_commands - INFO - Starting freqtrade in Backtesting mode
2026-06-12 09:05:41,403 - freqtrade.exchange.exchange - INFO - Instance is running with dry_run enabled
2026-06-12 09:05:41,403 - freqtrade.exchange.exchange - INFO - Using CCXT 4.5.50
2026-06-12 09:05:41,403 - freqtrade.exchange.exchange - INFO - Applying additional ccxt config: {'options': {'defaultType': 'swap', 'adjustForTimeDifference': True, 'recvWindow': 60000, 
'fetchCurrencies': False, 'fetchMarkets': ['linear']}, 'enableRateLimit': True, 'timeout': 60000}
2026-06-12 09:05:41,409 - freqtrade.exchange.exchange - INFO - Applying additional ccxt config: {'options': {'defaultType': 'swap', 'adjustForTimeDifference': True, 'recvWindow': 60000, 
'fetchCurrencies': False, 'fetchMarkets': ['linear']}, 'enableRateLimit': True, 'timeout': 60000}
2026-06-12 09:05:41,414 - freqtrade.exchange.exchange - INFO - Using Exchange "Binance"
2026-06-12 09:05:42,199 - freqtrade.resolvers.exchange_resolver - INFO - Using resolved exchange 'Binance'...
2026-06-12 09:05:42,708 - freqtrade.resolvers.iresolver - INFO - Using resolved strategy DualTrendCompressionRestartShortV1Strategy from 
'/freqtrade/user_data/strategies/DualTrendCompressionRestartShortV1Strategy.py'...
2026-06-12 09:05:42,710 - freqtrade.strategy.hyper - INFO - Found no parameter file.
2026-06-12 09:05:42,711 - freqtrade.resolvers.strategy_resolver - INFO - Override strategy 'stake_currency' with value from the configuration: USDT.
2026-06-12 09:05:42,711 - freqtrade.resolvers.strategy_resolver - INFO - Override strategy 'stake_amount' with value from the configuration: unlimited.
2026-06-12 09:05:42,711 - freqtrade.resolvers.strategy_resolver - INFO - Override strategy 'unfilledtimeout' with value from the configuration: {'entry': 10, 'exit': 10, 'exit_timeout_count': 0, 
'unit': 'minutes'}.
2026-06-12 09:05:42,712 - freqtrade.resolvers.strategy_resolver - INFO - Override strategy 'max_open_trades' with value from the configuration: 3.
2026-06-12 09:05:42,712 - freqtrade.resolvers.strategy_resolver - INFO - Strategy using minimal_roi: {'0': 0.1}
2026-06-12 09:05:42,712 - freqtrade.resolvers.strategy_resolver - INFO - Strategy using timeframe: 1h
2026-06-12 09:05:42,712 - freqtrade.resolvers.strategy_resolver - INFO - Strategy using stoploss: -0.06
2026-06-12 09:05:42,713 - freqtrade.resolvers.strategy_resolver - INFO - Strategy using trailing_stop: False
2026-06-12 09:05:42,713 - freqtrade.resolvers.strategy_resolver - INFO - Strategy using trailing_stop_positive_offset: 0.0
2026-06-12 09:05:42,713 - freqtrade.resolvers.strategy_resolver - INFO - Strategy using trailing_only_offset_is_reached: False
2026-06-12 09:05:42,713 - freqtrade.resolvers.strategy_resolver - INFO - Strategy using use_custom_stoploss: True
2026-06-12 09:05:42,713 - freqtrade.resolvers.strategy_resolver - INFO - Strategy using process_only_new_candles: True
2026-06-12 09:05:42,713 - freqtrade.resolvers.strategy_resolver - INFO - Strategy using order_types: {'entry': 'limit', 'exit': 'limit', 'stoploss': 'limit', 'stoploss_on_exchange': False, 
'stoploss_on_exchange_interval': 60}
2026-06-12 09:05:42,714 - freqtrade.resolvers.strategy_resolver - INFO - Strategy using order_time_in_force: {'entry': 'GTC', 'exit': 'GTC'}
2026-06-12 09:05:42,714 - freqtrade.resolvers.strategy_resolver - INFO - Strategy using stake_currency: USDT
2026-06-12 09:05:42,714 - freqtrade.resolvers.strategy_resolver - INFO - Strategy using stake_amount: unlimited
2026-06-12 09:05:42,714 - freqtrade.resolvers.strategy_resolver - INFO - Strategy using startup_candle_count: 1000
2026-06-12 09:05:42,714 - freqtrade.resolvers.strategy_resolver - INFO - Strategy using unfilledtimeout: {'entry': 10, 'exit': 10, 'exit_timeout_count': 0, 'unit': 'minutes'}
2026-06-12 09:05:42,714 - freqtrade.resolvers.strategy_resolver - INFO - Strategy using use_exit_signal: True
2026-06-12 09:05:42,715 - freqtrade.resolvers.strategy_resolver - INFO - Strategy using exit_profit_only: False
2026-06-12 09:05:42,715 - freqtrade.resolvers.strategy_resolver - INFO - Strategy using ignore_roi_if_entry_signal: True
2026-06-12 09:05:42,715 - freqtrade.resolvers.strategy_resolver - INFO - Strategy using exit_profit_offset: 0.0
2026-06-12 09:05:42,715 - freqtrade.resolvers.strategy_resolver - INFO - Strategy using disable_dataframe_checks: False
2026-06-12 09:05:42,715 - freqtrade.resolvers.strategy_resolver - INFO - Strategy using ignore_buying_expired_candle_after: 0
2026-06-12 09:05:42,715 - freqtrade.resolvers.strategy_resolver - INFO - Strategy using position_adjustment_enable: False
2026-06-12 09:05:42,715 - freqtrade.resolvers.strategy_resolver - INFO - Strategy using max_entry_position_adjustment: -1
2026-06-12 09:05:42,716 - freqtrade.resolvers.strategy_resolver - INFO - Strategy using max_open_trades: 3
2026-06-12 09:05:42,716 - freqtrade.configuration.config_validation - INFO - Validating configuration ...
2026-06-12 09:05:42,719 - freqtrade.resolvers.iresolver - INFO - Using resolved pairlist StaticPairList from '/freqtrade/freqtrade/plugins/pairlist/StaticPairList.py'...
2026-06-12 09:05:42,724 - freqtrade.optimize.backtesting - INFO - Using fee 0.0500% - worst case fee from exchange (lowest tier).
2026-06-12 09:05:42,725 - freqtrade.exchange.exchange - WARNING - Using 3 calls to get OHLCV. This can result in slower operations for the bot. Please check if you really need 1000 candles for your 
strategy.
2026-06-12 09:05:43,012 - freqtrade.data.history.datahandlers.idatahandler - WARNING - TAO/USDT:USDT, futures, 1h, data ends at 2026-04-20 00:00:00
2026-06-12 09:05:43,024 - freqtrade.optimize.backtesting - INFO - Loading data from 2024-11-20 08:00:00 up to 2026-05-07 00:00:00 (532 days).
2026-06-12 09:05:43,039 - freqtrade.data.history.datahandlers.idatahandler - WARNING - BTC/USDT:USDT, funding_rate, 1h, data ends at 2026-05-06 16:00:00
2026-06-12 09:05:43,062 - freqtrade.data.history.datahandlers.idatahandler - WARNING - ETH/USDT:USDT, funding_rate, 1h, data ends at 2026-05-06 16:00:00
2026-06-12 09:05:43,122 - freqtrade.data.history.datahandlers.idatahandler - WARNING - DOGE/USDT:USDT, funding_rate, 1h, data ends at 2026-05-06 16:00:00
2026-06-12 09:05:43,165 - freqtrade.data.history.datahandlers.idatahandler - WARNING - ZEC/USDT:USDT, funding_rate, 1h, data ends at 2026-05-06 16:00:00
2026-06-12 09:05:43,176 - freqtrade.data.history.datahandlers.idatahandler - WARNING - TAO/USDT:USDT, funding_rate, 1h, data ends at 2026-04-19 20:00:00
2026-06-12 09:05:43,382 - freqtrade.data.history.datahandlers.idatahandler - WARNING - TAO/USDT:USDT, mark, 1h, data ends at 2026-04-20 00:00:00
2026-06-12 09:05:44,058 - freqtrade.optimize.backtesting - INFO - Dataload complete. Calculating indicators
2026-06-12 09:05:44,062 - freqtrade.optimize.backtesting - INFO - Running backtesting for Strategy DualTrendCompressionRestartShortV1Strategy
2026-06-12 09:05:44,065 - freqtrade.data.dataprovider - INFO - Loading data for BTC/USDT:USDT 4h from 2024-07-18 08:00:00 to 2026-05-07 00:00:00
2026-06-12 09:05:44,076 - freqtrade.data.history.datahandlers.idatahandler - WARNING - BTC/USDT:USDT, futures, 4h, data ends at 2026-05-06 12:00:00
2026-06-12 09:05:44,122 - freqtrade.data.dataprovider - INFO - Loading data for ETH/USDT:USDT 4h from 2024-07-18 08:00:00 to 2026-05-07 00:00:00
2026-06-12 09:05:44,132 - freqtrade.data.history.datahandlers.idatahandler - WARNING - ETH/USDT:USDT, futures, 4h, data ends at 2026-05-06 12:00:00
2026-06-12 09:05:44,177 - freqtrade.data.dataprovider - INFO - Loading data for SOL/USDT:USDT 4h from 2024-07-18 08:00:00 to 2026-05-07 00:00:00
2026-06-12 09:05:44,188 - freqtrade.data.history.datahandlers.idatahandler - WARNING - SOL/USDT:USDT, futures, 4h, data ends at 2026-05-06 16:00:00
2026-06-12 09:05:44,233 - freqtrade.data.dataprovider - INFO - Loading data for XRP/USDT:USDT 4h from 2024-07-18 08:00:00 to 2026-05-07 00:00:00
2026-06-12 09:05:44,245 - freqtrade.data.history.datahandlers.idatahandler - WARNING - XRP/USDT:USDT, futures, 4h, data ends at 2026-05-06 16:00:00
2026-06-12 09:05:44,291 - freqtrade.data.dataprovider - INFO - Loading data for DOGE/USDT:USDT 4h from 2024-07-18 08:00:00 to 2026-05-07 00:00:00
2026-06-12 09:05:44,302 - freqtrade.data.history.datahandlers.idatahandler - WARNING - DOGE/USDT:USDT, futures, 4h, data ends at 2026-05-06 12:00:00
2026-06-12 09:05:44,349 - freqtrade.data.dataprovider - INFO - Loading data for ADA/USDT:USDT 4h from 2024-07-18 08:00:00 to 2026-05-07 00:00:00
2026-06-12 09:05:44,361 - freqtrade.data.history.datahandlers.idatahandler - WARNING - ADA/USDT:USDT, futures, 4h, data ends at 2026-05-06 16:00:00
2026-06-12 09:05:44,407 - freqtrade.data.dataprovider - INFO - Loading data for NEAR/USDT:USDT 4h from 2024-07-18 08:00:00 to 2026-05-07 00:00:00
2026-06-12 09:05:44,422 - freqtrade.data.history.datahandlers.idatahandler - WARNING - NEAR/USDT:USDT, futures, 4h, data ends at 2026-05-06 16:00:00
2026-06-12 09:05:44,466 - freqtrade.data.dataprovider - INFO - Loading data for SUI/USDT:USDT 4h from 2024-07-18 08:00:00 to 2026-05-07 00:00:00
2026-06-12 09:05:44,522 - freqtrade.data.dataprovider - INFO - Loading data for ZEC/USDT:USDT 4h from 2024-07-18 08:00:00 to 2026-05-07 00:00:00
2026-06-12 09:05:44,535 - freqtrade.data.history.datahandlers.idatahandler - WARNING - ZEC/USDT:USDT, futures, 4h, data ends at 2026-05-06 12:00:00
2026-06-12 09:05:44,582 - freqtrade.data.dataprovider - INFO - Loading data for TAO/USDT:USDT 4h from 2024-07-18 08:00:00 to 2026-05-07 00:00:00
2026-06-12 09:05:44,593 - freqtrade.data.history.datahandlers.idatahandler - WARNING - TAO/USDT:USDT, futures, 4h, data ends at 2026-04-19 16:00:00
2026-06-12 09:05:44,641 - freqtrade.optimize.backtesting - INFO - Backtesting with data from 2025-01-01 00:00:00 up to 2026-05-07 00:00:00 (491 days).
2026-06-12 09:05:44,642 - freqtrade.resolvers.iresolver - INFO - Using resolved protection CooldownPeriod from '/freqtrade/freqtrade/plugins/protections/cooldown_period.py'...
2026-06-12 09:05:44,644 - freqtrade.resolvers.iresolver - INFO - Using resolved protection StoplossGuard from '/freqtrade/freqtrade/plugins/protections/stoploss_guard.py'...
2026-06-12 09:05:44,646 - freqtrade.resolvers.iresolver - INFO - Using resolved protection MaxDrawdown from '/freqtrade/freqtrade/plugins/protections/max_drawdown_protection.py'...
2026-06-12 09:06:01,230 - freqtrade.misc - INFO - dumping json to 
"/freqtrade/user_data/strategies/research/dual_trend_robustness_runs/20260612_165506/results/pair_exclusion_recent_remove_worst_3/backtest-result-2026-06-12_09-06-01.meta.json"
Result for strategy DualTrendCompressionRestartShortV1Strategy
                                                  BACKTESTING REPORT                                                  
┏━━━━━━━━━━━━━━━━┳━━━━━━━━┳━━━━━━━━━━━━━━┳━━━━━━━━━━━━━━━━━┳━━━━━━━━━━━━━━┳━━━━━━━━━━━━━━━━━┳━━━━━━━━━━━━━━━━━━━━━━━━┓
┃           Pair ┃ Trades ┃ Avg Profit % ┃ Tot Profit USDT ┃ Tot Profit % ┃    Avg Duration ┃  Win  Draw  Loss  Win% ┃
┡━━━━━━━━━━━━━━━━╇━━━━━━━━╇━━━━━━━━━━━━━━╇━━━━━━━━━━━━━━━━━╇━━━━━━━━━━━━━━╇━━━━━━━━━━━━━━━━━╇━━━━━━━━━━━━━━━━━━━━━━━━┩
│ DOGE/USDT:USDT │     18 │         2.59 │          90.060 │         9.01 │ 1 day, 12:17:00 │    7     0    11  38.9 │
│  XRP/USDT:USDT │     18 │         1.17 │          78.722 │         7.87 │ 3 days, 5:43:00 │    7     0    11  38.9 │
│  ETH/USDT:USDT │     17 │         1.69 │          69.131 │         6.91 │ 2 days, 3:14:00 │    6     0    11  35.3 │
│  SOL/USDT:USDT │     15 │         2.34 │          61.419 │         6.14 │  1 day, 4:00:00 │    6     0     9  40.0 │
│ NEAR/USDT:USDT │     18 │         0.76 │          50.883 │         5.09 │  1 day, 7:33:00 │    6     0    12  33.3 │
│  ZEC/USDT:USDT │      6 │         3.97 │          48.507 │         4.85 │ 3 days, 2:20:00 │    4     0     2  66.7 │
│  SUI/USDT:USDT │     14 │         0.97 │          31.511 │         3.15 │ 1 day, 20:43:00 │    5     0     9  35.7 │
│  BTC/USDT:USDT │     19 │         0.46 │          30.901 │         3.09 │ 2 days, 2:47:00 │    6     0    13  31.6 │
│  ADA/USDT:USDT │     19 │         1.09 │          25.225 │         2.52 │ 2 days, 7:19:00 │    5     0    14  26.3 │
│  TAO/USDT:USDT │      7 │         -0.5 │          -7.247 │        -0.72 │ 1 day, 22:34:00 │    3     0     4  42.9 │
│          TOTAL │    151 │         1.38 │         479.113 │        47.91 │ 2 days, 0:31:00 │   55     0    96  36.4 │
└────────────────┴────────┴──────────────┴─────────────────┴──────────────┴─────────────────┴────────────────────────┘
                                         LEFT OPEN TRADES REPORT                                          
┏━━━━━━━┳━━━━━━━━┳━━━━━━━━━━━━━━┳━━━━━━━━━━━━━━━━━┳━━━━━━━━━━━━━━┳━━━━━━━━━━━━━━┳━━━━━━━━━━━━━━━━━━━━━━━━┓
┃  Pair ┃ Trades ┃ Avg Profit % ┃ Tot Profit USDT ┃ Tot Profit % ┃ Avg Duration ┃  Win  Draw  Loss  Win% ┃
┡━━━━━━━╇━━━━━━━━╇━━━━━━━━━━━━━━╇━━━━━━━━━━━━━━━━━╇━━━━━━━━━━━━━━╇━━━━━━━━━━━━━━╇━━━━━━━━━━━━━━━━━━━━━━━━┩
│ TOTAL │      0 │          0.0 │           0.000 │          0.0 │         0:00 │    0     0     0     0 │
└───────┴────────┴──────────────┴─────────────────┴──────────────┴──────────────┴────────────────────────┘
                                                          ENTER TAG STATS                                                           
┏━━━━━━━━━━━━━━━━━━━━━━━━━━━━━┳━━━━━━━━━┳━━━━━━━━━━━━━━┳━━━━━━━━━━━━━━━━━┳━━━━━━━━━━━━━━┳━━━━━━━━━━━━━━━━━┳━━━━━━━━━━━━━━━━━━━━━━━━┓
┃                   Enter Tag ┃ Entries ┃ Avg Profit % ┃ Tot Profit USDT ┃ Tot Profit % ┃    Avg Duration ┃  Win  Draw  Loss  Win% ┃
┡━━━━━━━━━━━━━━━━━━━━━━━━━━━━━╇━━━━━━━━━╇━━━━━━━━━━━━━━╇━━━━━━━━━━━━━━━━━╇━━━━━━━━━━━━━━╇━━━━━━━━━━━━━━━━━╇━━━━━━━━━━━━━━━━━━━━━━━━┩
│ short_compression_breakdown │      33 │         2.96 │         252.004 │         25.2 │ 1 day, 23:55:00 │   14     0    19  42.4 │
│      short_pullback_restart │     118 │         0.94 │         227.109 │        22.71 │ 2 days, 0:41:00 │   41     0    77  34.7 │
│                       TOTAL │     151 │         1.38 │         479.113 │        47.91 │ 2 days, 0:31:00 │   55     0    96  36.4 │
└─────────────────────────────┴─────────┴──────────────┴─────────────────┴──────────────┴─────────────────┴────────────────────────┘
                                                      EXIT REASON STATS                                                      
┏━━━━━━━━━━━━━━━━━━━━━━━┳━━━━━━━┳━━━━━━━━━━━━━━┳━━━━━━━━━━━━━━━━━┳━━━━━━━━━━━━━━┳━━━━━━━━━━━━━━━━━━┳━━━━━━━━━━━━━━━━━━━━━━━━┓
┃           Exit Reason ┃ Exits ┃ Avg Profit % ┃ Tot Profit USDT ┃ Tot Profit % ┃     Avg Duration ┃  Win  Draw  Loss  Win% ┃
┡━━━━━━━━━━━━━━━━━━━━━━━╇━━━━━━━╇━━━━━━━━━━━━━━╇━━━━━━━━━━━━━━━━━╇━━━━━━━━━━━━━━╇━━━━━━━━━━━━━━━━━━╇━━━━━━━━━━━━━━━━━━━━━━━━┩
│                   roi │    45 │         10.0 │        1198.713 │       119.87 │  2 days, 5:03:00 │   45     0     0   100 │
│       stale_flat_120h │     9 │         0.62 │          17.481 │         1.75 │  6 days, 8:40:00 │    9     0     0   100 │
│ stale_low_profit_240h │     1 │         2.94 │          12.632 │         1.26 │ 11 days, 2:00:00 │    1     0     0   100 │
│        stale_loss_72h │    20 │        -0.57 │         -36.807 │        -3.68 │ 3 days, 18:03:00 │    0     0    20     0 │
│    trailing_stop_loss │    23 │         -2.8 │        -202.819 │       -20.28 │         19:42:00 │    0     0    23     0 │
│             stop_loss │    53 │        -3.29 │        -510.089 │       -51.01 │         19:42:00 │    0     0    53     0 │
│                 TOTAL │   151 │         1.38 │         479.113 │        47.91 │  2 days, 0:31:00 │   55     0    96  36.4 │
└───────────────────────┴───────┴──────────────┴─────────────────┴──────────────┴──────────────────┴────────────────────────┘
                                                                      MIXED TAG STATS                                                                       
┏━━━━━━━━━━━━━━━━━━━━━━━━━━━━━┳━━━━━━━━━━━━━━━━━━━━━━━┳━━━━━━━━┳━━━━━━━━━━━━━━┳━━━━━━━━━━━━━━━━━┳━━━━━━━━━━━━━━┳━━━━━━━━━━━━━━━━━━┳━━━━━━━━━━━━━━━━━━━━━━━━┓
┃                   Enter Tag ┃           Exit Reason ┃ Trades ┃ Avg Profit % ┃ Tot Profit USDT ┃ Tot Profit % ┃     Avg Duration ┃  Win  Draw  Loss  Win% ┃
┡━━━━━━━━━━━━━━━━━━━━━━━━━━━━━╇━━━━━━━━━━━━━━━━━━━━━━━╇━━━━━━━━╇━━━━━━━━━━━━━━╇━━━━━━━━━━━━━━━━━╇━━━━━━━━━━━━━━╇━━━━━━━━━━━━━━━━━━╇━━━━━━━━━━━━━━━━━━━━━━━━┩
│      short_pullback_restart │                   roi │     31 │         10.0 │         804.296 │        80.43 │  2 days, 3:43:00 │   31     0     0   100 │
│ short_compression_breakdown │                   roi │     14 │         10.0 │         394.417 │        39.44 │  2 days, 8:00:00 │   14     0     0   100 │
│      short_pullback_restart │       stale_flat_120h │      9 │         0.62 │          17.481 │         1.75 │  6 days, 8:40:00 │    9     0     0   100 │
│      short_pullback_restart │ stale_low_profit_240h │      1 │         2.94 │          12.632 │         1.26 │ 11 days, 2:00:00 │    1     0     0   100 │
│ short_compression_breakdown │        stale_loss_72h │      6 │        -0.45 │          -9.869 │        -0.99 │ 3 days, 15:40:00 │    0     0     6     0 │
│      short_pullback_restart │        stale_loss_72h │     14 │        -0.62 │         -26.937 │        -2.69 │ 3 days, 19:04:00 │    0     0    14     0 │
│ short_compression_breakdown │    trailing_stop_loss │      6 │        -3.14 │         -56.518 │        -5.65 │         20:00:00 │    0     0     6     0 │
│ short_compression_breakdown │             stop_loss │      7 │        -2.98 │         -76.027 │         -7.6 │         21:34:00 │    0     0     7     0 │
│      short_pullback_restart │    trailing_stop_loss │     17 │        -2.69 │        -146.301 │       -14.63 │         19:35:00 │    0     0    17     0 │
│      short_pullback_restart │             stop_loss │     46 │        -3.33 │        -434.063 │       -43.41 │         19:25:00 │    0     0    46     0 │
│                       TOTAL │                       │    151 │         1.38 │         479.113 │        47.91 │  2 days, 0:31:00 │   55     0    96  36.4 │
└─────────────────────────────┴───────────────────────┴────────┴──────────────┴─────────────────┴──────────────┴──────────────────┴────────────────────────┘
                                  YEAR BREAKDOWN                                  
┏━━━━━━━━━━━━┳━━━━━━━━┳━━━━━━━━━━━━━━━━━┳━━━━━━━━━━━━━━━┳━━━━━━━━━━━━━━━━━━━━━━━━┓
┃       Year ┃ Trades ┃ Tot Profit USDT ┃ Profit Factor ┃  Win  Draw  Loss  Win% ┃
┡━━━━━━━━━━━━╇━━━━━━━━╇━━━━━━━━━━━━━━━━━╇━━━━━━━━━━━━━━━╇━━━━━━━━━━━━━━━━━━━━━━━━┩
│ 31/12/2025 │    114 │         423.495 │          1.79 │   44     0    70  38.6 │
│ 31/12/2026 │     37 │          55.618 │          1.26 │   11     0    26  29.7 │
└────────────┴────────┴─────────────────┴───────────────┴────────────────────────┘
                                   SUMMARY METRICS                                    
┏━━━━━━━━━━━━━━━━━━━━━━━━━━━━━━━━━━━━━━━━┳━━━━━━━━━━━━━━━━━━━━━━━━━━━━━━━━━━━━━━━━━━━┓
┃ Metric                                 ┃ Value                                     ┃
┡━━━━━━━━━━━━━━━━━━━━━━━━━━━━━━━━━━━━━━━━╇━━━━━━━━━━━━━━━━━━━━━━━━━━━━━━━━━━━━━━━━━━━┩
│ Backtesting from                       │ 2025-01-01 00:00:00                       │
│ Backtesting to                         │ 2026-05-07 00:00:00                       │
│ Trading Mode                           │ Isolated Futures                          │
│ Max open trades                        │ 3                                         │
│                                        │                                           │
│ Total/Daily Avg Trades                 │ 151 / 0.31                                │
│ Starting balance                       │ 1000 USDT                                 │
│ Final balance                          │ 1479.113 USDT                             │
│ Absolute profit                        │ 479.113 USDT                              │
│ Total profit %                         │ 47.91%                                    │
│ CAGR %                                 │ 33.78%                                    │
│ Sharpe (closed trades)                 │ 1.15                                      │
│ Sortino (closed trades)                │ 5.29                                      │
│ Calmar (closed trades)                 │ 27.40                                     │
│ SQN                                    │ 2.39                                      │
│ Profit factor                          │ 1.64                                      │
│ Expectancy (Ratio)                     │ 3.17 (0.41)                               │
│ Avg. daily profit                      │ 0.976 USDT                                │
│ Avg. stake amount                      │ 308.91 USDT                               │
│ Market change                          │ 41.12%                                    │
│ Total trade volume                     │ 92814.087 USDT                            │
│                                        │                                           │
│ Long / Short trades                    │ 0 / 151                                   │
│ Long / Short profit %                  │ 0.00% / 47.91%                            │
│ Long / Short profit USDT               │ 0.000 / 479.113                           │
│                                        │                                           │
│ Best Pair                              │ DOGE/USDT:USDT 9.01%                      │
│ Worst Pair                             │ TAO/USDT:USDT -0.72%                      │
│ Best trade                             │ NEAR/USDT:USDT 10.02%                     │
│ Worst trade                            │ TAO/USDT:USDT -5.00%                      │
│ Best day                               │ 74.104 USDT                               │
│ Worst day                              │ -27.243 USDT                              │
│ Days win/draw/lose                     │ 32 / 352 / 73                             │
│ Min/Max/Avg. Duration Winners          │ 0d 08:00 / 11d 02:00 / 3d 01:13           │
│ Min/Max/Avg. Duration Losers           │ 0d 00:00 / 6d 08:00 / 1d 10:21            │
│ Max Consecutive Wins / Loss            │ 5 / 11                                    │
│ Rejected Entry signals                 │ 61                                        │
│ Entry/Exit Timeouts                    │ 0 / 0                                     │
│                                        │                                           │
│ Min/Max balance (closed trades)        │ 978.598 USDT / 1586.126 USDT              │
│ Max % of account underwater            │ 6.82%                                     │
│ Absolute drawdown                      │ 107.924 USDT (6.80%)                      │
│ Drawdown duration                      │ 49 days 12:00:00                          │
│ Profit at drawdown start               │ 586.126 USDT                              │
│ Profit at drawdown end                 │ 478.202 USDT                              │
│ Drawdown start                         │ 2026-02-12 20:00:00                       │
│ Drawdown end                           │ 2026-04-03 08:00:00                       │
│                                        │                                           │
│ Wallet based Metrics                   │                                           │
│ Min/Max balance (wallet balance)       │ 978.598 USDT / 1586.126 USDT              │
│ Min/Max balance dates (wallet balance) │ 2025-01-15 14:00:00 / 2026-02-12 21:00:00 │
│ Max % of account underwater (balance)  │ 6.82%                                     │
│ Absolute drawdown (wallet balance)     │ 107.924 USDT (6.80%)                      │
│ Drawdown duration                      │ 49 days 12:00:00                          │
│ Profit at drawdown start               │ 586.126 USDT                              │
│ Profit at drawdown end                 │ 478.202 USDT                              │
│ Drawdown start                         │ 2026-02-12 21:00:00                       │
│ Drawdown end                           │ 2026-04-03 09:00:00                       │
│ Sharpe (daily wallet balance)          │ 1.68                                      │
│ Sortino (daily wallet balance)         │ 3.58                                      │
│ Calmar (daily wallet balance)          │ 27.45                                     │
└────────────────────────────────────────┴───────────────────────────────────────────┘

Backtested 2025-01-01 00:00:00 -> 2026-05-07 00:00:00 | Max open trades : 3
                                                                            STRATEGY SUMMARY                                                                            
┏━━━━━━━━━━━━━━━━━━━━━━━━━━━━━━━━━━━━━━━━━━━━┳━━━━━━━━┳━━━━━━━━━━━━━━┳━━━━━━━━━━━━━━━━━┳━━━━━━━━━━━━━━┳━━━━━━━━━━━━━━━━━┳━━━━━━━━━━━━━━━━━━━━━━━━┳━━━━━━━━━━━━━━━━━━━━━┓
┃                                   Strategy ┃ Trades ┃ Avg Profit % ┃ Tot Profit USDT ┃ Tot Profit % ┃    Avg Duration ┃  Win  Draw  Loss  Win% ┃            Drawdown ┃
┡━━━━━━━━━━━━━━━━━━━━━━━━━━━━━━━━━━━━━━━━━━━━╇━━━━━━━━╇━━━━━━━━━━━━━━╇━━━━━━━━━━━━━━━━━╇━━━━━━━━━━━━━━╇━━━━━━━━━━━━━━━━━╇━━━━━━━━━━━━━━━━━━━━━━━━╇━━━━━━━━━━━━━━━━━━━━━┩
│ DualTrendCompressionRestartShortV1Strategy │    151 │         1.38 │         479.113 │        47.91 │ 2 days, 0:31:00 │   55     0    96  36.4 │ 107.924 USDT  6.80% │
└────────────────────────────────────────────┴────────┴──────────────┴─────────────────┴──────────────┴─────────────────┴────────────────────────┴─────────────────────┘
