time="2026-06-12T17:56:48+08:00" level=warning msg="Found orphan containers ([nfi-top9-exbtc-10000u-max4-dryrun]) for this project. If you removed or renamed this service in your compose file, you can run this command with the --remove-orphans flag to clean it up."
 Container ft_userdata-freqtrade-run-0a4ac5a92c01 Creating 
 Container ft_userdata-freqtrade-run-0a4ac5a92c01 Created 
2026-06-12 09:56:49,442 - freqtrade - INFO - freqtrade 2026.4
2026-06-12 09:56:49,689 - numexpr.utils - INFO - NumExpr defaulting to 16 threads.
2026-06-12 09:56:50,848 - freqtrade.configuration.load_config - INFO - Using config: /freqtrade/user_data/strategies/research/dual_trend_robustness_runs/20260612_165506/configs/base.json ...
2026-06-12 09:56:50,856 - freqtrade.loggers - INFO - Enabling colorized output.
2026-06-12 09:56:50,857 - freqtrade.loggers - INFO - Logfile configured
2026-06-12 09:56:50,857 - freqtrade.loggers - INFO - Verbosity set to 0
2026-06-12 09:56:50,857 - freqtrade.configuration.configuration - INFO - Using additional Strategy lookup path: /freqtrade/user_data/strategies
2026-06-12 09:56:50,857 - freqtrade.configuration.configuration - INFO - Parameter --max-open-trades detected, overriding max_open_trades to: 5 ...
2026-06-12 09:56:50,858 - freqtrade.configuration.configuration - INFO - Parameter --timerange detected: 20250101-20260507 ...
2026-06-12 09:57:05,076 - freqtrade.configuration.configuration - INFO - Using user-data directory: /freqtrade/user_data ...
2026-06-12 09:57:05,079 - freqtrade.configuration.configuration - INFO - Using data directory: /freqtrade/user_data/data/binance ...
2026-06-12 09:57:05,079 - freqtrade.configuration.configuration - INFO - Using /freqtrade/user_data/strategies/research/dual_trend_robustness_runs/20260612_165506/results/risk_recent_0.0075_0.45_5 as 
backtest directory ...
2026-06-12 09:57:05,080 - freqtrade.configuration.configuration - INFO - Recursively searching for a strategy in the strategies folder.
2026-06-12 09:57:05,080 - freqtrade.configuration.configuration - INFO - Parameter --export detected: trades ...
2026-06-12 09:57:05,080 - freqtrade.configuration.configuration - INFO - Parameter --breakdown detected ...
2026-06-12 09:57:05,081 - freqtrade.configuration.configuration - INFO - Parameter --cache=none detected ...
2026-06-12 09:57:05,081 - freqtrade.configuration.configuration - INFO - Filter trades by timerange: 20250101-20260507
2026-06-12 09:57:05,082 - freqtrade.exchange.check_exchange - INFO - Checking exchange...
2026-06-12 09:57:05,088 - freqtrade.exchange.check_exchange - INFO - Exchange "binance" is officially supported by the Freqtrade development team.
2026-06-12 09:57:05,089 - freqtrade.configuration.configuration - INFO - Using pairlist from configuration.
2026-06-12 09:57:05,089 - freqtrade.configuration.config_validation - INFO - Validating configuration ...
2026-06-12 09:57:05,091 - freqtrade.commands.optimize_commands - INFO - Starting freqtrade in Backtesting mode
2026-06-12 09:57:05,092 - freqtrade.exchange.exchange - INFO - Instance is running with dry_run enabled
2026-06-12 09:57:05,092 - freqtrade.exchange.exchange - INFO - Using CCXT 4.5.50
2026-06-12 09:57:05,092 - freqtrade.exchange.exchange - INFO - Applying additional ccxt config: {'options': {'defaultType': 'swap', 'adjustForTimeDifference': True, 'recvWindow': 60000, 
'fetchCurrencies': False, 'fetchMarkets': ['linear']}, 'enableRateLimit': True, 'timeout': 60000}
2026-06-12 09:57:05,097 - freqtrade.exchange.exchange - INFO - Applying additional ccxt config: {'options': {'defaultType': 'swap', 'adjustForTimeDifference': True, 'recvWindow': 60000, 
'fetchCurrencies': False, 'fetchMarkets': ['linear']}, 'enableRateLimit': True, 'timeout': 60000}
2026-06-12 09:57:05,103 - freqtrade.exchange.exchange - INFO - Using Exchange "Binance"
2026-06-12 09:57:06,468 - freqtrade.resolvers.exchange_resolver - INFO - Using resolved exchange 'Binance'...
2026-06-12 09:57:08,694 - freqtrade.resolvers.iresolver - INFO - Using resolved strategy DualTrendRobustRisk0p0075Cap0p45Strategy from 
'/freqtrade/user_data/strategies/DualTrendRobustnessTempStrategies.py'...
2026-06-12 09:57:08,696 - freqtrade.strategy.hyper - INFO - Found no parameter file.
2026-06-12 09:57:08,697 - freqtrade.resolvers.strategy_resolver - INFO - Override strategy 'stake_currency' with value from the configuration: USDT.
2026-06-12 09:57:08,697 - freqtrade.resolvers.strategy_resolver - INFO - Override strategy 'stake_amount' with value from the configuration: unlimited.
2026-06-12 09:57:08,697 - freqtrade.resolvers.strategy_resolver - INFO - Override strategy 'unfilledtimeout' with value from the configuration: {'entry': 10, 'exit': 10, 'exit_timeout_count': 0, 
'unit': 'minutes'}.
2026-06-12 09:57:08,698 - freqtrade.resolvers.strategy_resolver - INFO - Override strategy 'max_open_trades' with value from the configuration: 5.
2026-06-12 09:57:08,698 - freqtrade.resolvers.strategy_resolver - INFO - Strategy using minimal_roi: {'0': 0.1}
2026-06-12 09:57:08,698 - freqtrade.resolvers.strategy_resolver - INFO - Strategy using timeframe: 1h
2026-06-12 09:57:08,698 - freqtrade.resolvers.strategy_resolver - INFO - Strategy using stoploss: -0.06
2026-06-12 09:57:08,698 - freqtrade.resolvers.strategy_resolver - INFO - Strategy using trailing_stop: False
2026-06-12 09:57:08,698 - freqtrade.resolvers.strategy_resolver - INFO - Strategy using trailing_stop_positive_offset: 0.0
2026-06-12 09:57:08,699 - freqtrade.resolvers.strategy_resolver - INFO - Strategy using trailing_only_offset_is_reached: False
2026-06-12 09:57:08,699 - freqtrade.resolvers.strategy_resolver - INFO - Strategy using use_custom_stoploss: True
2026-06-12 09:57:08,699 - freqtrade.resolvers.strategy_resolver - INFO - Strategy using process_only_new_candles: True
2026-06-12 09:57:08,699 - freqtrade.resolvers.strategy_resolver - INFO - Strategy using order_types: {'entry': 'limit', 'exit': 'limit', 'stoploss': 'limit', 'stoploss_on_exchange': False, 
'stoploss_on_exchange_interval': 60}
2026-06-12 09:57:08,699 - freqtrade.resolvers.strategy_resolver - INFO - Strategy using order_time_in_force: {'entry': 'GTC', 'exit': 'GTC'}
2026-06-12 09:57:08,699 - freqtrade.resolvers.strategy_resolver - INFO - Strategy using stake_currency: USDT
2026-06-12 09:57:08,699 - freqtrade.resolvers.strategy_resolver - INFO - Strategy using stake_amount: unlimited
2026-06-12 09:57:08,700 - freqtrade.resolvers.strategy_resolver - INFO - Strategy using startup_candle_count: 1000
2026-06-12 09:57:08,700 - freqtrade.resolvers.strategy_resolver - INFO - Strategy using unfilledtimeout: {'entry': 10, 'exit': 10, 'exit_timeout_count': 0, 'unit': 'minutes'}
2026-06-12 09:57:08,700 - freqtrade.resolvers.strategy_resolver - INFO - Strategy using use_exit_signal: True
2026-06-12 09:57:08,700 - freqtrade.resolvers.strategy_resolver - INFO - Strategy using exit_profit_only: False
2026-06-12 09:57:08,700 - freqtrade.resolvers.strategy_resolver - INFO - Strategy using ignore_roi_if_entry_signal: True
2026-06-12 09:57:08,700 - freqtrade.resolvers.strategy_resolver - INFO - Strategy using exit_profit_offset: 0.0
2026-06-12 09:57:08,700 - freqtrade.resolvers.strategy_resolver - INFO - Strategy using disable_dataframe_checks: False
2026-06-12 09:57:08,701 - freqtrade.resolvers.strategy_resolver - INFO - Strategy using ignore_buying_expired_candle_after: 0
2026-06-12 09:57:08,701 - freqtrade.resolvers.strategy_resolver - INFO - Strategy using position_adjustment_enable: False
2026-06-12 09:57:08,701 - freqtrade.resolvers.strategy_resolver - INFO - Strategy using max_entry_position_adjustment: -1
2026-06-12 09:57:08,701 - freqtrade.resolvers.strategy_resolver - INFO - Strategy using max_open_trades: 5
2026-06-12 09:57:08,701 - freqtrade.configuration.config_validation - INFO - Validating configuration ...
2026-06-12 09:57:08,704 - freqtrade.resolvers.iresolver - INFO - Using resolved pairlist StaticPairList from '/freqtrade/freqtrade/plugins/pairlist/StaticPairList.py'...
2026-06-12 09:57:08,711 - freqtrade.optimize.backtesting - INFO - Using fee 0.0500% - worst case fee from exchange (lowest tier).
2026-06-12 09:57:08,712 - freqtrade.exchange.exchange - WARNING - Using 3 calls to get OHLCV. This can result in slower operations for the bot. Please check if you really need 1000 candles for your 
strategy.
2026-06-12 09:57:09,137 - freqtrade.data.history.datahandlers.idatahandler - WARNING - TAO/USDT:USDT, futures, 1h, data ends at 2026-04-20 00:00:00
2026-06-12 09:57:09,149 - freqtrade.optimize.backtesting - INFO - Loading data from 2024-11-20 08:00:00 up to 2026-05-07 00:00:00 (532 days).
2026-06-12 09:57:09,189 - freqtrade.data.history.datahandlers.idatahandler - WARNING - BTC/USDT:USDT, funding_rate, 1h, data ends at 2026-05-06 16:00:00
2026-06-12 09:57:09,210 - freqtrade.data.history.datahandlers.idatahandler - WARNING - ETH/USDT:USDT, funding_rate, 1h, data ends at 2026-05-06 16:00:00
2026-06-12 09:57:09,285 - freqtrade.data.history.datahandlers.idatahandler - WARNING - DOGE/USDT:USDT, funding_rate, 1h, data ends at 2026-05-06 16:00:00
2026-06-12 09:57:09,375 - freqtrade.data.history.datahandlers.idatahandler - WARNING - TRX/USDT:USDT, funding_rate, 1h, data ends at 2026-05-06 16:00:00
2026-06-12 09:57:09,386 - freqtrade.data.history.datahandlers.idatahandler - WARNING - ZEC/USDT:USDT, funding_rate, 1h, data ends at 2026-05-06 16:00:00
2026-06-12 09:57:09,458 - freqtrade.data.history.datahandlers.idatahandler - WARNING - TAO/USDT:USDT, funding_rate, 1h, data ends at 2026-04-19 20:00:00
2026-06-12 09:57:09,846 - freqtrade.data.history.datahandlers.idatahandler - WARNING - TAO/USDT:USDT, mark, 1h, data ends at 2026-04-20 00:00:00
2026-06-12 09:57:10,722 - freqtrade.optimize.backtesting - INFO - Dataload complete. Calculating indicators
2026-06-12 09:57:10,730 - freqtrade.optimize.backtesting - INFO - Running backtesting for Strategy DualTrendRobustRisk0p0075Cap0p45Strategy
2026-06-12 09:57:10,732 - freqtrade.data.dataprovider - INFO - Loading data for BTC/USDT:USDT 4h from 2024-07-18 08:00:00 to 2026-05-07 00:00:00
2026-06-12 09:57:10,740 - freqtrade.data.history.datahandlers.idatahandler - WARNING - BTC/USDT:USDT, futures, 4h, data ends at 2026-05-06 12:00:00
2026-06-12 09:57:10,785 - freqtrade.data.dataprovider - INFO - Loading data for ETH/USDT:USDT 4h from 2024-07-18 08:00:00 to 2026-05-07 00:00:00
2026-06-12 09:57:10,827 - freqtrade.data.history.datahandlers.idatahandler - WARNING - ETH/USDT:USDT, futures, 4h, data ends at 2026-05-06 12:00:00
2026-06-12 09:57:10,871 - freqtrade.data.dataprovider - INFO - Loading data for BNB/USDT:USDT 4h from 2024-07-18 08:00:00 to 2026-05-07 00:00:00
2026-06-12 09:57:10,884 - freqtrade.data.history.datahandlers.idatahandler - WARNING - BNB/USDT:USDT, futures, 4h, data ends at 2026-05-06 16:00:00
2026-06-12 09:57:10,927 - freqtrade.data.dataprovider - INFO - Loading data for SOL/USDT:USDT 4h from 2024-07-18 08:00:00 to 2026-05-07 00:00:00
2026-06-12 09:57:10,977 - freqtrade.data.history.datahandlers.idatahandler - WARNING - SOL/USDT:USDT, futures, 4h, data ends at 2026-05-06 16:00:00
2026-06-12 09:57:11,045 - freqtrade.data.dataprovider - INFO - Loading data for XRP/USDT:USDT 4h from 2024-07-18 08:00:00 to 2026-05-07 00:00:00
2026-06-12 09:57:11,062 - freqtrade.data.history.datahandlers.idatahandler - WARNING - XRP/USDT:USDT, futures, 4h, data ends at 2026-05-06 16:00:00
2026-06-12 09:57:11,115 - freqtrade.data.dataprovider - INFO - Loading data for DOGE/USDT:USDT 4h from 2024-07-18 08:00:00 to 2026-05-07 00:00:00
2026-06-12 09:57:11,132 - freqtrade.data.history.datahandlers.idatahandler - WARNING - DOGE/USDT:USDT, futures, 4h, data ends at 2026-05-06 12:00:00
2026-06-12 09:57:11,184 - freqtrade.data.dataprovider - INFO - Loading data for ADA/USDT:USDT 4h from 2024-07-18 08:00:00 to 2026-05-07 00:00:00
2026-06-12 09:57:11,201 - freqtrade.data.history.datahandlers.idatahandler - WARNING - ADA/USDT:USDT, futures, 4h, data ends at 2026-05-06 16:00:00
2026-06-12 09:57:11,253 - freqtrade.data.dataprovider - INFO - Loading data for LINK/USDT:USDT 4h from 2024-07-18 08:00:00 to 2026-05-07 00:00:00
2026-06-12 09:57:11,268 - freqtrade.data.history.datahandlers.idatahandler - WARNING - LINK/USDT:USDT, futures, 4h, data ends at 2026-05-06 16:00:00
2026-06-12 09:57:11,321 - freqtrade.data.dataprovider - INFO - Loading data for NEAR/USDT:USDT 4h from 2024-07-18 08:00:00 to 2026-05-07 00:00:00
2026-06-12 09:57:11,336 - freqtrade.data.history.datahandlers.idatahandler - WARNING - NEAR/USDT:USDT, futures, 4h, data ends at 2026-05-06 16:00:00
2026-06-12 09:57:11,392 - freqtrade.data.dataprovider - INFO - Loading data for SUI/USDT:USDT 4h from 2024-07-18 08:00:00 to 2026-05-07 00:00:00
2026-06-12 09:57:11,456 - freqtrade.data.dataprovider - INFO - Loading data for TRX/USDT:USDT 4h from 2024-07-18 08:00:00 to 2026-05-07 00:00:00
2026-06-12 09:57:11,471 - freqtrade.data.history.datahandlers.idatahandler - WARNING - TRX/USDT:USDT, futures, 4h, data ends at 2026-05-06 12:00:00
2026-06-12 09:57:11,534 - freqtrade.data.dataprovider - INFO - Loading data for ZEC/USDT:USDT 4h from 2024-07-18 08:00:00 to 2026-05-07 00:00:00
2026-06-12 09:57:11,549 - freqtrade.data.history.datahandlers.idatahandler - WARNING - ZEC/USDT:USDT, futures, 4h, data ends at 2026-05-06 12:00:00
2026-06-12 09:57:11,600 - freqtrade.data.dataprovider - INFO - Loading data for TAO/USDT:USDT 4h from 2024-07-18 08:00:00 to 2026-05-07 00:00:00
2026-06-12 09:57:11,615 - freqtrade.data.history.datahandlers.idatahandler - WARNING - TAO/USDT:USDT, futures, 4h, data ends at 2026-04-19 16:00:00
2026-06-12 09:57:11,669 - freqtrade.optimize.backtesting - INFO - Backtesting with data from 2025-01-01 00:00:00 up to 2026-05-07 00:00:00 (491 days).
2026-06-12 09:57:11,670 - freqtrade.resolvers.iresolver - INFO - Using resolved protection CooldownPeriod from '/freqtrade/freqtrade/plugins/protections/cooldown_period.py'...
2026-06-12 09:57:11,672 - freqtrade.resolvers.iresolver - INFO - Using resolved protection StoplossGuard from '/freqtrade/freqtrade/plugins/protections/stoploss_guard.py'...
2026-06-12 09:57:11,674 - freqtrade.resolvers.iresolver - INFO - Using resolved protection MaxDrawdown from '/freqtrade/freqtrade/plugins/protections/max_drawdown_protection.py'...
2026-06-12 09:57:34,591 - freqtrade.misc - INFO - dumping json to 
"/freqtrade/user_data/strategies/research/dual_trend_robustness_runs/20260612_165506/results/risk_recent_0.0075_0.45_5/backtest-result-2026-06-12_09-57-34.meta.json"
Result for strategy DualTrendRobustRisk0p0075Cap0p45Strategy
                                                  BACKTESTING REPORT                                                   
┏━━━━━━━━━━━━━━━━┳━━━━━━━━┳━━━━━━━━━━━━━━┳━━━━━━━━━━━━━━━━━┳━━━━━━━━━━━━━━┳━━━━━━━━━━━━━━━━━━┳━━━━━━━━━━━━━━━━━━━━━━━━┓
┃           Pair ┃ Trades ┃ Avg Profit % ┃ Tot Profit USDT ┃ Tot Profit % ┃     Avg Duration ┃  Win  Draw  Loss  Win% ┃
┡━━━━━━━━━━━━━━━━╇━━━━━━━━╇━━━━━━━━━━━━━━╇━━━━━━━━━━━━━━━━━╇━━━━━━━━━━━━━━╇━━━━━━━━━━━━━━━━━━╇━━━━━━━━━━━━━━━━━━━━━━━━┩
│  XRP/USDT:USDT │     20 │         2.05 │          93.920 │         9.39 │  3 days, 0:15:00 │    9     0    11  45.0 │
│  ETH/USDT:USDT │     17 │         1.55 │          74.907 │         7.49 │  2 days, 5:39:00 │    6     0    11  35.3 │
│ DOGE/USDT:USDT │     20 │         1.99 │          69.770 │         6.98 │  1 day, 11:12:00 │    7     0    13  35.0 │
│  ZEC/USDT:USDT │      7 │         4.83 │          69.278 │         6.93 │ 2 days, 17:34:00 │    5     0     2  71.4 │
│  ADA/USDT:USDT │     23 │          1.5 │          67.189 │         6.72 │  2 days, 2:21:00 │    7     0    16  30.4 │
│  SOL/USDT:USDT │     18 │         1.52 │          55.384 │         5.54 │   1 day, 5:47:00 │    6     0    12  33.3 │
│ NEAR/USDT:USDT │     20 │          0.6 │          51.368 │         5.14 │  1 day, 11:39:00 │    6     0    14  30.0 │
│  SUI/USDT:USDT │     15 │         0.83 │          30.115 │         3.01 │  2 days, 1:00:00 │    6     0     9  40.0 │
│  BTC/USDT:USDT │     18 │         0.59 │          28.458 │         2.85 │  2 days, 5:37:00 │    6     0    12  33.3 │
│  TAO/USDT:USDT │     12 │         0.74 │          17.040 │          1.7 │  1 day, 23:55:00 │    5     0     7  41.7 │
│  BNB/USDT:USDT │     12 │          0.4 │         -15.429 │        -1.54 │  2 days, 7:35:00 │    5     0     7  41.7 │
│  TRX/USDT:USDT │     14 │        -0.72 │         -38.115 │        -3.81 │ 2 days, 20:43:00 │    1     0    13   7.1 │
│ LINK/USDT:USDT │     14 │        -0.91 │         -46.102 │        -4.61 │  1 day, 10:09:00 │    2     0    12  14.3 │
│          TOTAL │    210 │         1.09 │         457.783 │        45.78 │  2 days, 1:05:00 │   71     0   139  33.8 │
└────────────────┴────────┴──────────────┴─────────────────┴──────────────┴──────────────────┴────────────────────────┘
                                         LEFT OPEN TRADES REPORT                                          
┏━━━━━━━┳━━━━━━━━┳━━━━━━━━━━━━━━┳━━━━━━━━━━━━━━━━━┳━━━━━━━━━━━━━━┳━━━━━━━━━━━━━━┳━━━━━━━━━━━━━━━━━━━━━━━━┓
┃  Pair ┃ Trades ┃ Avg Profit % ┃ Tot Profit USDT ┃ Tot Profit % ┃ Avg Duration ┃  Win  Draw  Loss  Win% ┃
┡━━━━━━━╇━━━━━━━━╇━━━━━━━━━━━━━━╇━━━━━━━━━━━━━━━━━╇━━━━━━━━━━━━━━╇━━━━━━━━━━━━━━╇━━━━━━━━━━━━━━━━━━━━━━━━┩
│ TOTAL │      0 │          0.0 │           0.000 │          0.0 │         0:00 │    0     0     0     0 │
└───────┴────────┴──────────────┴─────────────────┴──────────────┴──────────────┴────────────────────────┘
                                                          ENTER TAG STATS                                                           
┏━━━━━━━━━━━━━━━━━━━━━━━━━━━━━┳━━━━━━━━━┳━━━━━━━━━━━━━━┳━━━━━━━━━━━━━━━━━┳━━━━━━━━━━━━━━┳━━━━━━━━━━━━━━━━━┳━━━━━━━━━━━━━━━━━━━━━━━━┓
┃                   Enter Tag ┃ Entries ┃ Avg Profit % ┃ Tot Profit USDT ┃ Tot Profit % ┃    Avg Duration ┃  Win  Draw  Loss  Win% ┃
┡━━━━━━━━━━━━━━━━━━━━━━━━━━━━━╇━━━━━━━━━╇━━━━━━━━━━━━━━╇━━━━━━━━━━━━━━━━━╇━━━━━━━━━━━━━━╇━━━━━━━━━━━━━━━━━╇━━━━━━━━━━━━━━━━━━━━━━━━┩
│ short_compression_breakdown │      43 │         2.53 │         272.797 │        27.28 │ 1 day, 23:42:00 │   18     0    25  41.9 │
│      short_pullback_restart │     167 │         0.72 │         184.987 │         18.5 │ 2 days, 1:27:00 │   53     0   114  31.7 │
│                       TOTAL │     210 │         1.09 │         457.783 │        45.78 │ 2 days, 1:05:00 │   71     0   139  33.8 │
└─────────────────────────────┴─────────┴──────────────┴─────────────────┴──────────────┴─────────────────┴────────────────────────┘
                                                      EXIT REASON STATS                                                       
┏━━━━━━━━━━━━━━━━━━━━━━━┳━━━━━━━┳━━━━━━━━━━━━━━┳━━━━━━━━━━━━━━━━━┳━━━━━━━━━━━━━━┳━━━━━━━━━━━━━━━━━━━┳━━━━━━━━━━━━━━━━━━━━━━━━┓
┃           Exit Reason ┃ Exits ┃ Avg Profit % ┃ Tot Profit USDT ┃ Tot Profit % ┃      Avg Duration ┃  Win  Draw  Loss  Win% ┃
┡━━━━━━━━━━━━━━━━━━━━━━━╇━━━━━━━╇━━━━━━━━━━━━━━╇━━━━━━━━━━━━━━━━━╇━━━━━━━━━━━━━━╇━━━━━━━━━━━━━━━━━━━╇━━━━━━━━━━━━━━━━━━━━━━━━┩
│                   roi │    56 │         10.0 │        1409.850 │       140.98 │   1 day, 23:19:00 │   56     0     0   100 │
│       stale_flat_120h │    13 │         0.63 │          26.260 │         2.63 │  5 days, 23:09:00 │   13     0     0   100 │
│ stale_low_profit_240h │     2 │         2.71 │          21.956 │          2.2 │ 10 days, 13:30:00 │    2     0     0   100 │
│        stale_loss_72h │    35 │        -0.58 │         -57.675 │        -5.77 │  3 days, 15:45:00 │    0     0    35     0 │
│    trailing_stop_loss │    27 │        -2.97 │        -234.732 │       -23.47 │          19:02:00 │    0     0    27     0 │
│             stop_loss │    77 │        -3.17 │        -707.876 │       -70.79 │          22:09:00 │    0     0    77     0 │
│                 TOTAL │   210 │         1.09 │         457.783 │        45.78 │   2 days, 1:05:00 │   71     0   139  33.8 │
└───────────────────────┴───────┴──────────────┴─────────────────┴──────────────┴───────────────────┴────────────────────────┘
                                                                       MIXED TAG STATS                                                                       
┏━━━━━━━━━━━━━━━━━━━━━━━━━━━━━┳━━━━━━━━━━━━━━━━━━━━━━━┳━━━━━━━━┳━━━━━━━━━━━━━━┳━━━━━━━━━━━━━━━━━┳━━━━━━━━━━━━━━┳━━━━━━━━━━━━━━━━━━━┳━━━━━━━━━━━━━━━━━━━━━━━━┓
┃                   Enter Tag ┃           Exit Reason ┃ Trades ┃ Avg Profit % ┃ Tot Profit USDT ┃ Tot Profit % ┃      Avg Duration ┃  Win  Draw  Loss  Win% ┃
┡━━━━━━━━━━━━━━━━━━━━━━━━━━━━━╇━━━━━━━━━━━━━━━━━━━━━━━╇━━━━━━━━╇━━━━━━━━━━━━━━╇━━━━━━━━━━━━━━━━━╇━━━━━━━━━━━━━━╇━━━━━━━━━━━━━━━━━━━╇━━━━━━━━━━━━━━━━━━━━━━━━┩
│      short_pullback_restart │                   roi │     39 │         10.0 │         960.348 │        96.03 │   1 day, 22:09:00 │   39     0     0   100 │
│ short_compression_breakdown │                   roi │     17 │         10.0 │         449.502 │        44.95 │   2 days, 2:00:00 │   17     0     0   100 │
│      short_pullback_restart │       stale_flat_120h │     12 │         0.65 │          26.131 │         2.61 │   6 days, 0:55:00 │   12     0     0   100 │
│      short_pullback_restart │ stale_low_profit_240h │      2 │         2.71 │          21.956 │          2.2 │ 10 days, 13:30:00 │    2     0     0   100 │
│ short_compression_breakdown │       stale_flat_120h │      1 │          0.5 │           0.130 │         0.01 │   5 days, 2:00:00 │    1     0     0   100 │
│ short_compression_breakdown │        stale_loss_72h │      8 │        -0.71 │         -11.690 │        -1.17 │  3 days, 12:00:00 │    0     0     8     0 │
│      short_pullback_restart │        stale_loss_72h │     27 │        -0.54 │         -45.984 │         -4.6 │  3 days, 16:51:00 │    0     0    27     0 │
│ short_compression_breakdown │    trailing_stop_loss │      6 │        -3.33 │         -55.247 │        -5.52 │          21:50:00 │    0     0     6     0 │
│ short_compression_breakdown │             stop_loss │     11 │        -3.28 │        -109.898 │       -10.99 │    1 day, 1:05:00 │    0     0    11     0 │
│      short_pullback_restart │    trailing_stop_loss │     21 │        -2.87 │        -179.485 │       -17.95 │          18:14:00 │    0     0    21     0 │
│      short_pullback_restart │             stop_loss │     66 │        -3.16 │        -597.978 │        -59.8 │          21:40:00 │    0     0    66     0 │
│                       TOTAL │                       │    210 │         1.09 │         457.783 │        45.78 │   2 days, 1:05:00 │   71     0   139  33.8 │
└─────────────────────────────┴───────────────────────┴────────┴──────────────┴─────────────────┴──────────────┴───────────────────┴────────────────────────┘
                                  YEAR BREAKDOWN                                  
┏━━━━━━━━━━━━┳━━━━━━━━┳━━━━━━━━━━━━━━━━━┳━━━━━━━━━━━━━━━┳━━━━━━━━━━━━━━━━━━━━━━━━┓
┃       Year ┃ Trades ┃ Tot Profit USDT ┃ Profit Factor ┃  Win  Draw  Loss  Win% ┃
┡━━━━━━━━━━━━╇━━━━━━━━╇━━━━━━━━━━━━━━━━━╇━━━━━━━━━━━━━━━╇━━━━━━━━━━━━━━━━━━━━━━━━┩
│ 31/12/2025 │    154 │          376.15 │          1.53 │   53     0   101  34.4 │
│ 31/12/2026 │     56 │          81.633 │          1.28 │   18     0    38  32.1 │
└────────────┴────────┴─────────────────┴───────────────┴────────────────────────┘
                                   SUMMARY METRICS                                    
┏━━━━━━━━━━━━━━━━━━━━━━━━━━━━━━━━━━━━━━━━┳━━━━━━━━━━━━━━━━━━━━━━━━━━━━━━━━━━━━━━━━━━━┓
┃ Metric                                 ┃ Value                                     ┃
┡━━━━━━━━━━━━━━━━━━━━━━━━━━━━━━━━━━━━━━━━╇━━━━━━━━━━━━━━━━━━━━━━━━━━━━━━━━━━━━━━━━━━━┩
│ Backtesting from                       │ 2025-01-01 00:00:00                       │
│ Backtesting to                         │ 2026-05-07 00:00:00                       │
│ Trading Mode                           │ Isolated Futures                          │
│ Max open trades                        │ 5                                         │
│                                        │                                           │
│ Total/Daily Avg Trades                 │ 210 / 0.43                                │
│ Starting balance                       │ 1000 USDT                                 │
│ Final balance                          │ 1457.783 USDT                             │
│ Absolute profit                        │ 457.783 USDT                              │
│ Total profit %                         │ 45.78%                                    │
│ CAGR %                                 │ 32.34%                                    │
│ Sharpe (closed trades)                 │ 1.20                                      │
│ Sortino (closed trades)                │ 4.65                                      │
│ Calmar (closed trades)                 │ 18.89                                     │
│ SQN                                    │ 2.12                                      │
│ Profit factor                          │ 1.46                                      │
│ Expectancy (Ratio)                     │ 2.18 (0.30)                               │
│ Avg. daily profit                      │ 0.932 USDT                                │
│ Avg. stake amount                      │ 305.772 USDT                              │
│ Market change                          │ 29.77%                                    │
│ Total trade volume                     │ 127962.524 USDT                           │
│                                        │                                           │
│ Long / Short trades                    │ 0 / 210                                   │
│ Long / Short profit %                  │ 0.00% / 45.78%                            │
│ Long / Short profit USDT               │ 0.000 / 457.783                           │
│                                        │                                           │
│ Best Pair                              │ XRP/USDT:USDT 9.39%                       │
│ Worst Pair                             │ LINK/USDT:USDT -4.61%                     │
│ Best trade                             │ NEAR/USDT:USDT 10.02%                     │
│ Worst trade                            │ TAO/USDT:USDT -5.00%                      │
│ Best day                               │ 139.979 USDT                              │
│ Worst day                              │ -36.288 USDT                              │
│ Days win/draw/lose                     │ 34 / 335 / 88                             │
│ Min/Max/Avg. Duration Winners          │ 0d 08:00 / 11d 02:00 / 2d 22:41           │
│ Min/Max/Avg. Duration Losers           │ 0d 00:00 / 6d 08:00 / 1d 14:04            │
│ Max Consecutive Wins / Loss            │ 8 / 13                                    │
│ Rejected Entry signals                 │ 14                                        │
│ Entry/Exit Timeouts                    │ 0 / 0                                     │
│                                        │                                           │
│ Min/Max balance (closed trades)        │ 977.188 USDT / 1605.136 USDT              │
│ Max % of account underwater            │ 10.53%                                    │
│ Absolute drawdown                      │ 151.332 USDT (9.43%)                      │
│ Drawdown duration                      │ 49 days 12:00:00                          │
│ Profit at drawdown start               │ 605.136 USDT                              │
│ Profit at drawdown end                 │ 453.804 USDT                              │
│ Drawdown start                         │ 2026-02-12 20:00:00                       │
│ Drawdown end                           │ 2026-04-03 08:00:00                       │
│                                        │                                           │
│ Wallet based Metrics                   │                                           │
│ Min/Max balance (wallet balance)       │ 977.188 USDT / 1605.136 USDT              │
│ Min/Max balance dates (wallet balance) │ 2025-01-16 14:00:00 / 2026-02-12 21:00:00 │
│ Max % of account underwater (balance)  │ 10.53%                                    │
│ Absolute drawdown (wallet balance)     │ 151.332 USDT (9.43%)                      │
│ Drawdown duration                      │ 49 days 12:00:00                          │
│ Profit at drawdown start               │ 605.136 USDT                              │
│ Profit at drawdown end                 │ 453.804 USDT                              │
│ Drawdown start                         │ 2026-02-12 21:00:00                       │
│ Drawdown end                           │ 2026-04-03 09:00:00                       │
│ Sharpe (daily wallet balance)          │ 1.36                                      │
│ Sortino (daily wallet balance)         │ 2.56                                      │
│ Calmar (daily wallet balance)          │ 18.93                                     │
└────────────────────────────────────────┴───────────────────────────────────────────┘

Backtested 2025-01-01 00:00:00 -> 2026-05-07 00:00:00 | Max open trades : 5
                                                                           STRATEGY SUMMARY                                                                           
┏━━━━━━━━━━━━━━━━━━━━━━━━━━━━━━━━━━━━━━━━━━┳━━━━━━━━┳━━━━━━━━━━━━━━┳━━━━━━━━━━━━━━━━━┳━━━━━━━━━━━━━━┳━━━━━━━━━━━━━━━━━┳━━━━━━━━━━━━━━━━━━━━━━━━┳━━━━━━━━━━━━━━━━━━━━━┓
┃                                 Strategy ┃ Trades ┃ Avg Profit % ┃ Tot Profit USDT ┃ Tot Profit % ┃    Avg Duration ┃  Win  Draw  Loss  Win% ┃            Drawdown ┃
┡━━━━━━━━━━━━━━━━━━━━━━━━━━━━━━━━━━━━━━━━━━╇━━━━━━━━╇━━━━━━━━━━━━━━╇━━━━━━━━━━━━━━━━━╇━━━━━━━━━━━━━━╇━━━━━━━━━━━━━━━━━╇━━━━━━━━━━━━━━━━━━━━━━━━╇━━━━━━━━━━━━━━━━━━━━━┩
│ DualTrendRobustRisk0p0075Cap0p45Strategy │    210 │         1.09 │         457.783 │        45.78 │ 2 days, 1:05:00 │   71     0   139  33.8 │ 151.332 USDT  9.43% │
└──────────────────────────────────────────┴────────┴──────────────┴─────────────────┴──────────────┴─────────────────┴────────────────────────┴─────────────────────┘


=== attempt 1 ===
