time="2026-06-12T17:44:29+08:00" level=warning msg="Found orphan containers ([nfi-top9-exbtc-10000u-max4-dryrun]) for this project. If you removed or renamed this service in your compose file, you can run this command with the --remove-orphans flag to clean it up."
 Container ft_userdata-freqtrade-run-abbbb67daf82 Creating 
 Container ft_userdata-freqtrade-run-abbbb67daf82 Created 
2026-06-12 09:44:30,099 - freqtrade - INFO - freqtrade 2026.4
2026-06-12 09:44:30,409 - numexpr.utils - INFO - NumExpr defaulting to 16 threads.
2026-06-12 09:44:31,794 - freqtrade.configuration.load_config - INFO - Using config: /freqtrade/user_data/strategies/research/dual_trend_robustness_runs/20260612_165506/configs/base.json ...
2026-06-12 09:44:31,806 - freqtrade.loggers - INFO - Enabling colorized output.
2026-06-12 09:44:31,807 - freqtrade.loggers - INFO - Logfile configured
2026-06-12 09:44:31,807 - freqtrade.loggers - INFO - Verbosity set to 0
2026-06-12 09:44:31,807 - freqtrade.configuration.configuration - INFO - Using additional Strategy lookup path: /freqtrade/user_data/strategies
2026-06-12 09:44:31,808 - freqtrade.configuration.configuration - INFO - Parameter --max-open-trades detected, overriding max_open_trades to: 5 ...
2026-06-12 09:44:31,808 - freqtrade.configuration.configuration - INFO - Parameter --timerange detected: 20250101-20260507 ...
2026-06-12 09:44:50,534 - freqtrade.configuration.configuration - INFO - Using user-data directory: /freqtrade/user_data ...
2026-06-12 09:44:50,537 - freqtrade.configuration.configuration - INFO - Using data directory: /freqtrade/user_data/data/binance ...
2026-06-12 09:44:50,537 - freqtrade.configuration.configuration - INFO - Using /freqtrade/user_data/strategies/research/dual_trend_robustness_runs/20260612_165506/results/risk_recent_0.005_0.35_5 as 
backtest directory ...
2026-06-12 09:44:50,538 - freqtrade.configuration.configuration - INFO - Recursively searching for a strategy in the strategies folder.
2026-06-12 09:44:50,538 - freqtrade.configuration.configuration - INFO - Parameter --export detected: trades ...
2026-06-12 09:44:50,538 - freqtrade.configuration.configuration - INFO - Parameter --breakdown detected ...
2026-06-12 09:44:50,538 - freqtrade.configuration.configuration - INFO - Parameter --cache=none detected ...
2026-06-12 09:44:50,538 - freqtrade.configuration.configuration - INFO - Filter trades by timerange: 20250101-20260507
2026-06-12 09:44:50,539 - freqtrade.exchange.check_exchange - INFO - Checking exchange...
2026-06-12 09:44:50,545 - freqtrade.exchange.check_exchange - INFO - Exchange "binance" is officially supported by the Freqtrade development team.
2026-06-12 09:44:50,545 - freqtrade.configuration.configuration - INFO - Using pairlist from configuration.
2026-06-12 09:44:50,545 - freqtrade.configuration.config_validation - INFO - Validating configuration ...
2026-06-12 09:44:50,548 - freqtrade.commands.optimize_commands - INFO - Starting freqtrade in Backtesting mode
2026-06-12 09:44:50,548 - freqtrade.exchange.exchange - INFO - Instance is running with dry_run enabled
2026-06-12 09:44:50,548 - freqtrade.exchange.exchange - INFO - Using CCXT 4.5.50
2026-06-12 09:44:50,549 - freqtrade.exchange.exchange - INFO - Applying additional ccxt config: {'options': {'defaultType': 'swap', 'adjustForTimeDifference': True, 'recvWindow': 60000, 
'fetchCurrencies': False, 'fetchMarkets': ['linear']}, 'enableRateLimit': True, 'timeout': 60000}
2026-06-12 09:44:50,554 - freqtrade.exchange.exchange - INFO - Applying additional ccxt config: {'options': {'defaultType': 'swap', 'adjustForTimeDifference': True, 'recvWindow': 60000, 
'fetchCurrencies': False, 'fetchMarkets': ['linear']}, 'enableRateLimit': True, 'timeout': 60000}
2026-06-12 09:44:50,559 - freqtrade.exchange.exchange - INFO - Using Exchange "Binance"
2026-06-12 09:44:51,935 - freqtrade.resolvers.exchange_resolver - INFO - Using resolved exchange 'Binance'...
2026-06-12 09:44:54,005 - freqtrade.resolvers.iresolver - INFO - Using resolved strategy DualTrendRobustRisk0p005Cap0p35Strategy from 
'/freqtrade/user_data/strategies/DualTrendRobustnessTempStrategies.py'...
2026-06-12 09:44:54,007 - freqtrade.strategy.hyper - INFO - Found no parameter file.
2026-06-12 09:44:54,008 - freqtrade.resolvers.strategy_resolver - INFO - Override strategy 'stake_currency' with value from the configuration: USDT.
2026-06-12 09:44:54,009 - freqtrade.resolvers.strategy_resolver - INFO - Override strategy 'stake_amount' with value from the configuration: unlimited.
2026-06-12 09:44:54,009 - freqtrade.resolvers.strategy_resolver - INFO - Override strategy 'unfilledtimeout' with value from the configuration: {'entry': 10, 'exit': 10, 'exit_timeout_count': 0, 
'unit': 'minutes'}.
2026-06-12 09:44:54,010 - freqtrade.resolvers.strategy_resolver - INFO - Override strategy 'max_open_trades' with value from the configuration: 5.
2026-06-12 09:44:54,010 - freqtrade.resolvers.strategy_resolver - INFO - Strategy using minimal_roi: {'0': 0.1}
2026-06-12 09:44:54,011 - freqtrade.resolvers.strategy_resolver - INFO - Strategy using timeframe: 1h
2026-06-12 09:44:54,011 - freqtrade.resolvers.strategy_resolver - INFO - Strategy using stoploss: -0.06
2026-06-12 09:44:54,012 - freqtrade.resolvers.strategy_resolver - INFO - Strategy using trailing_stop: False
2026-06-12 09:44:54,012 - freqtrade.resolvers.strategy_resolver - INFO - Strategy using trailing_stop_positive_offset: 0.0
2026-06-12 09:44:54,013 - freqtrade.resolvers.strategy_resolver - INFO - Strategy using trailing_only_offset_is_reached: False
2026-06-12 09:44:54,013 - freqtrade.resolvers.strategy_resolver - INFO - Strategy using use_custom_stoploss: True
2026-06-12 09:44:54,013 - freqtrade.resolvers.strategy_resolver - INFO - Strategy using process_only_new_candles: True
2026-06-12 09:44:54,014 - freqtrade.resolvers.strategy_resolver - INFO - Strategy using order_types: {'entry': 'limit', 'exit': 'limit', 'stoploss': 'limit', 'stoploss_on_exchange': False, 
'stoploss_on_exchange_interval': 60}
2026-06-12 09:44:54,014 - freqtrade.resolvers.strategy_resolver - INFO - Strategy using order_time_in_force: {'entry': 'GTC', 'exit': 'GTC'}
2026-06-12 09:44:54,014 - freqtrade.resolvers.strategy_resolver - INFO - Strategy using stake_currency: USDT
2026-06-12 09:44:54,014 - freqtrade.resolvers.strategy_resolver - INFO - Strategy using stake_amount: unlimited
2026-06-12 09:44:54,015 - freqtrade.resolvers.strategy_resolver - INFO - Strategy using startup_candle_count: 1000
2026-06-12 09:44:54,015 - freqtrade.resolvers.strategy_resolver - INFO - Strategy using unfilledtimeout: {'entry': 10, 'exit': 10, 'exit_timeout_count': 0, 'unit': 'minutes'}
2026-06-12 09:44:54,015 - freqtrade.resolvers.strategy_resolver - INFO - Strategy using use_exit_signal: True
2026-06-12 09:44:54,016 - freqtrade.resolvers.strategy_resolver - INFO - Strategy using exit_profit_only: False
2026-06-12 09:44:54,016 - freqtrade.resolvers.strategy_resolver - INFO - Strategy using ignore_roi_if_entry_signal: True
2026-06-12 09:44:54,016 - freqtrade.resolvers.strategy_resolver - INFO - Strategy using exit_profit_offset: 0.0
2026-06-12 09:44:54,016 - freqtrade.resolvers.strategy_resolver - INFO - Strategy using disable_dataframe_checks: False
2026-06-12 09:44:54,017 - freqtrade.resolvers.strategy_resolver - INFO - Strategy using ignore_buying_expired_candle_after: 0
2026-06-12 09:44:54,017 - freqtrade.resolvers.strategy_resolver - INFO - Strategy using position_adjustment_enable: False
2026-06-12 09:44:54,017 - freqtrade.resolvers.strategy_resolver - INFO - Strategy using max_entry_position_adjustment: -1
2026-06-12 09:44:54,018 - freqtrade.resolvers.strategy_resolver - INFO - Strategy using max_open_trades: 5
2026-06-12 09:44:54,018 - freqtrade.configuration.config_validation - INFO - Validating configuration ...
2026-06-12 09:44:54,021 - freqtrade.resolvers.iresolver - INFO - Using resolved pairlist StaticPairList from '/freqtrade/freqtrade/plugins/pairlist/StaticPairList.py'...
2026-06-12 09:44:54,030 - freqtrade.optimize.backtesting - INFO - Using fee 0.0500% - worst case fee from exchange (lowest tier).
2026-06-12 09:44:54,031 - freqtrade.exchange.exchange - WARNING - Using 3 calls to get OHLCV. This can result in slower operations for the bot. Please check if you really need 1000 candles for your 
strategy.
2026-06-12 09:44:54,651 - freqtrade.data.history.datahandlers.idatahandler - WARNING - TAO/USDT:USDT, futures, 1h, data ends at 2026-04-20 00:00:00
2026-06-12 09:44:54,671 - freqtrade.optimize.backtesting - INFO - Loading data from 2024-11-20 08:00:00 up to 2026-05-07 00:00:00 (532 days).
2026-06-12 09:44:54,688 - freqtrade.data.history.datahandlers.idatahandler - WARNING - BTC/USDT:USDT, funding_rate, 1h, data ends at 2026-05-06 16:00:00
2026-06-12 09:44:54,708 - freqtrade.data.history.datahandlers.idatahandler - WARNING - ETH/USDT:USDT, funding_rate, 1h, data ends at 2026-05-06 16:00:00
2026-06-12 09:44:54,789 - freqtrade.data.history.datahandlers.idatahandler - WARNING - DOGE/USDT:USDT, funding_rate, 1h, data ends at 2026-05-06 16:00:00
2026-06-12 09:44:54,887 - freqtrade.data.history.datahandlers.idatahandler - WARNING - TRX/USDT:USDT, funding_rate, 1h, data ends at 2026-05-06 16:00:00
2026-06-12 09:44:54,907 - freqtrade.data.history.datahandlers.idatahandler - WARNING - ZEC/USDT:USDT, funding_rate, 1h, data ends at 2026-05-06 16:00:00
2026-06-12 09:44:54,931 - freqtrade.data.history.datahandlers.idatahandler - WARNING - TAO/USDT:USDT, funding_rate, 1h, data ends at 2026-04-19 20:00:00
2026-06-12 09:44:55,436 - freqtrade.data.history.datahandlers.idatahandler - WARNING - TAO/USDT:USDT, mark, 1h, data ends at 2026-04-20 00:00:00
2026-06-12 09:44:57,096 - freqtrade.optimize.backtesting - INFO - Dataload complete. Calculating indicators
2026-06-12 09:44:57,101 - freqtrade.optimize.backtesting - INFO - Running backtesting for Strategy DualTrendRobustRisk0p005Cap0p35Strategy
2026-06-12 09:44:57,104 - freqtrade.data.dataprovider - INFO - Loading data for BTC/USDT:USDT 4h from 2024-07-18 08:00:00 to 2026-05-07 00:00:00
2026-06-12 09:44:57,122 - freqtrade.data.history.datahandlers.idatahandler - WARNING - BTC/USDT:USDT, futures, 4h, data ends at 2026-05-06 12:00:00
2026-06-12 09:44:57,205 - freqtrade.data.dataprovider - INFO - Loading data for ETH/USDT:USDT 4h from 2024-07-18 08:00:00 to 2026-05-07 00:00:00
2026-06-12 09:44:57,224 - freqtrade.data.history.datahandlers.idatahandler - WARNING - ETH/USDT:USDT, futures, 4h, data ends at 2026-05-06 12:00:00
2026-06-12 09:44:57,297 - freqtrade.data.dataprovider - INFO - Loading data for BNB/USDT:USDT 4h from 2024-07-18 08:00:00 to 2026-05-07 00:00:00
2026-06-12 09:44:57,314 - freqtrade.data.history.datahandlers.idatahandler - WARNING - BNB/USDT:USDT, futures, 4h, data ends at 2026-05-06 16:00:00
2026-06-12 09:44:57,386 - freqtrade.data.dataprovider - INFO - Loading data for SOL/USDT:USDT 4h from 2024-07-18 08:00:00 to 2026-05-07 00:00:00
2026-06-12 09:44:57,414 - freqtrade.data.history.datahandlers.idatahandler - WARNING - SOL/USDT:USDT, futures, 4h, data ends at 2026-05-06 16:00:00
2026-06-12 09:44:57,550 - freqtrade.data.dataprovider - INFO - Loading data for XRP/USDT:USDT 4h from 2024-07-18 08:00:00 to 2026-05-07 00:00:00
2026-06-12 09:44:57,580 - freqtrade.data.history.datahandlers.idatahandler - WARNING - XRP/USDT:USDT, futures, 4h, data ends at 2026-05-06 16:00:00
2026-06-12 09:44:57,700 - freqtrade.data.dataprovider - INFO - Loading data for DOGE/USDT:USDT 4h from 2024-07-18 08:00:00 to 2026-05-07 00:00:00
2026-06-12 09:44:57,737 - freqtrade.data.history.datahandlers.idatahandler - WARNING - DOGE/USDT:USDT, futures, 4h, data ends at 2026-05-06 12:00:00
2026-06-12 09:44:57,886 - freqtrade.data.dataprovider - INFO - Loading data for ADA/USDT:USDT 4h from 2024-07-18 08:00:00 to 2026-05-07 00:00:00
2026-06-12 09:44:58,230 - freqtrade.data.history.datahandlers.idatahandler - WARNING - ADA/USDT:USDT, futures, 4h, data ends at 2026-05-06 16:00:00
2026-06-12 09:44:58,482 - freqtrade.data.dataprovider - INFO - Loading data for LINK/USDT:USDT 4h from 2024-07-18 08:00:00 to 2026-05-07 00:00:00
2026-06-12 09:44:58,657 - freqtrade.data.history.datahandlers.idatahandler - WARNING - LINK/USDT:USDT, futures, 4h, data ends at 2026-05-06 16:00:00
2026-06-12 09:44:58,835 - freqtrade.data.dataprovider - INFO - Loading data for NEAR/USDT:USDT 4h from 2024-07-18 08:00:00 to 2026-05-07 00:00:00
2026-06-12 09:44:58,898 - freqtrade.data.history.datahandlers.idatahandler - WARNING - NEAR/USDT:USDT, futures, 4h, data ends at 2026-05-06 16:00:00
2026-06-12 09:44:59,089 - freqtrade.data.dataprovider - INFO - Loading data for SUI/USDT:USDT 4h from 2024-07-18 08:00:00 to 2026-05-07 00:00:00
2026-06-12 09:44:59,452 - freqtrade.data.dataprovider - INFO - Loading data for TRX/USDT:USDT 4h from 2024-07-18 08:00:00 to 2026-05-07 00:00:00
2026-06-12 09:44:59,794 - freqtrade.data.history.datahandlers.idatahandler - WARNING - TRX/USDT:USDT, futures, 4h, data ends at 2026-05-06 12:00:00
2026-06-12 09:45:00,026 - freqtrade.data.dataprovider - INFO - Loading data for ZEC/USDT:USDT 4h from 2024-07-18 08:00:00 to 2026-05-07 00:00:00
2026-06-12 09:45:00,934 - freqtrade.data.history.datahandlers.idatahandler - WARNING - ZEC/USDT:USDT, futures, 4h, data ends at 2026-05-06 12:00:00
2026-06-12 09:45:01,191 - freqtrade.data.dataprovider - INFO - Loading data for TAO/USDT:USDT 4h from 2024-07-18 08:00:00 to 2026-05-07 00:00:00
2026-06-12 09:45:01,244 - freqtrade.data.history.datahandlers.idatahandler - WARNING - TAO/USDT:USDT, futures, 4h, data ends at 2026-04-19 16:00:00
2026-06-12 09:45:01,533 - freqtrade.optimize.backtesting - INFO - Backtesting with data from 2025-01-01 00:00:00 up to 2026-05-07 00:00:00 (491 days).
2026-06-12 09:45:01,546 - freqtrade.resolvers.iresolver - INFO - Using resolved protection CooldownPeriod from '/freqtrade/freqtrade/plugins/protections/cooldown_period.py'...
2026-06-12 09:45:01,550 - freqtrade.resolvers.iresolver - INFO - Using resolved protection StoplossGuard from '/freqtrade/freqtrade/plugins/protections/stoploss_guard.py'...
2026-06-12 09:45:01,564 - freqtrade.resolvers.iresolver - INFO - Using resolved protection MaxDrawdown from '/freqtrade/freqtrade/plugins/protections/max_drawdown_protection.py'...
2026-06-12 09:45:37,791 - freqtrade.misc - INFO - dumping json to 
"/freqtrade/user_data/strategies/research/dual_trend_robustness_runs/20260612_165506/results/risk_recent_0.005_0.35_5/backtest-result-2026-06-12_09-45-37.meta.json"
Result for strategy DualTrendRobustRisk0p005Cap0p35Strategy
                                                  BACKTESTING REPORT                                                   
┏━━━━━━━━━━━━━━━━┳━━━━━━━━┳━━━━━━━━━━━━━━┳━━━━━━━━━━━━━━━━━┳━━━━━━━━━━━━━━┳━━━━━━━━━━━━━━━━━━┳━━━━━━━━━━━━━━━━━━━━━━━━┓
┃           Pair ┃ Trades ┃ Avg Profit % ┃ Tot Profit USDT ┃ Tot Profit % ┃     Avg Duration ┃  Win  Draw  Loss  Win% ┃
┡━━━━━━━━━━━━━━━━╇━━━━━━━━╇━━━━━━━━━━━━━━╇━━━━━━━━━━━━━━━━━╇━━━━━━━━━━━━━━╇━━━━━━━━━━━━━━━━━━╇━━━━━━━━━━━━━━━━━━━━━━━━┩
│  XRP/USDT:USDT │     20 │         2.05 │          95.181 │         9.52 │  3 days, 0:15:00 │    9     0    11  45.0 │
│  BTC/USDT:USDT │     19 │         1.09 │          48.957 │          4.9 │  2 days, 5:13:00 │    7     0    12  36.8 │
│  ETH/USDT:USDT │     19 │         1.79 │          48.543 │         4.85 │  2 days, 3:13:00 │    7     0    12  36.8 │
│  ZEC/USDT:USDT │      7 │         4.83 │          47.318 │         4.73 │ 2 days, 17:34:00 │    5     0     2  71.4 │
│ DOGE/USDT:USDT │     21 │         1.71 │          36.474 │         3.65 │  1 day, 10:46:00 │    7     0    14  33.3 │
│ NEAR/USDT:USDT │     21 │         0.36 │          24.444 │         2.44 │   1 day, 7:26:00 │    6     0    15  28.6 │
│  ADA/USDT:USDT │     22 │         1.12 │          24.118 │         2.41 │  2 days, 1:16:00 │    6     0    16  27.3 │
│  SUI/USDT:USDT │     15 │         0.94 │          23.857 │         2.39 │  2 days, 1:52:00 │    6     0     9  40.0 │
│  SOL/USDT:USDT │     19 │         1.24 │          22.451 │         2.25 │   1 day, 5:47:00 │    6     0    13  31.6 │
│  TAO/USDT:USDT │     13 │         0.42 │          12.559 │         1.26 │  1 day, 22:00:00 │    5     0     8  38.5 │
│  BNB/USDT:USDT │     12 │        -0.45 │         -14.043 │         -1.4 │ 2 days, 10:15:00 │    4     0     8  33.3 │
│  TRX/USDT:USDT │     13 │         -0.7 │         -33.333 │        -3.33 │  3 days, 1:32:00 │    1     0    12   7.7 │
│ LINK/USDT:USDT │     19 │        -1.13 │         -50.308 │        -5.03 │  1 day, 15:47:00 │    3     0    16  15.8 │
│          TOTAL │    220 │         0.93 │         286.218 │        28.62 │  2 days, 0:34:00 │   72     0   148  32.7 │
└────────────────┴────────┴──────────────┴─────────────────┴──────────────┴──────────────────┴────────────────────────┘
                                         LEFT OPEN TRADES REPORT                                          
┏━━━━━━━┳━━━━━━━━┳━━━━━━━━━━━━━━┳━━━━━━━━━━━━━━━━━┳━━━━━━━━━━━━━━┳━━━━━━━━━━━━━━┳━━━━━━━━━━━━━━━━━━━━━━━━┓
┃  Pair ┃ Trades ┃ Avg Profit % ┃ Tot Profit USDT ┃ Tot Profit % ┃ Avg Duration ┃  Win  Draw  Loss  Win% ┃
┡━━━━━━━╇━━━━━━━━╇━━━━━━━━━━━━━━╇━━━━━━━━━━━━━━━━━╇━━━━━━━━━━━━━━╇━━━━━━━━━━━━━━╇━━━━━━━━━━━━━━━━━━━━━━━━┩
│ TOTAL │      0 │          0.0 │           0.000 │          0.0 │         0:00 │    0     0     0     0 │
└───────┴────────┴──────────────┴─────────────────┴──────────────┴──────────────┴────────────────────────┘
                                                          ENTER TAG STATS                                                           
┏━━━━━━━━━━━━━━━━━━━━━━━━━━━━━┳━━━━━━━━━┳━━━━━━━━━━━━━━┳━━━━━━━━━━━━━━━━━┳━━━━━━━━━━━━━━┳━━━━━━━━━━━━━━━━━┳━━━━━━━━━━━━━━━━━━━━━━━━┓
┃                   Enter Tag ┃ Entries ┃ Avg Profit % ┃ Tot Profit USDT ┃ Tot Profit % ┃    Avg Duration ┃  Win  Draw  Loss  Win% ┃
┡━━━━━━━━━━━━━━━━━━━━━━━━━━━━━╇━━━━━━━━━╇━━━━━━━━━━━━━━╇━━━━━━━━━━━━━━━━━╇━━━━━━━━━━━━━━╇━━━━━━━━━━━━━━━━━╇━━━━━━━━━━━━━━━━━━━━━━━━┩
│ short_compression_breakdown │      45 │          2.3 │         184.118 │        18.41 │ 1 day, 21:39:00 │   18     0    27  40.0 │
│      short_pullback_restart │     175 │         0.58 │         102.099 │        10.21 │ 2 days, 1:19:00 │   54     0   121  30.9 │
│                       TOTAL │     220 │         0.93 │         286.218 │        28.62 │ 2 days, 0:34:00 │   72     0   148  32.7 │
└─────────────────────────────┴─────────┴──────────────┴─────────────────┴──────────────┴─────────────────┴────────────────────────┘
                                                      EXIT REASON STATS                                                       
┏━━━━━━━━━━━━━━━━━━━━━━━┳━━━━━━━┳━━━━━━━━━━━━━━┳━━━━━━━━━━━━━━━━━┳━━━━━━━━━━━━━━┳━━━━━━━━━━━━━━━━━━━┳━━━━━━━━━━━━━━━━━━━━━━━━┓
┃           Exit Reason ┃ Exits ┃ Avg Profit % ┃ Tot Profit USDT ┃ Tot Profit % ┃      Avg Duration ┃  Win  Draw  Loss  Win% ┃
┡━━━━━━━━━━━━━━━━━━━━━━━╇━━━━━━━╇━━━━━━━━━━━━━━╇━━━━━━━━━━━━━━━━━╇━━━━━━━━━━━━━━╇━━━━━━━━━━━━━━━━━━━╇━━━━━━━━━━━━━━━━━━━━━━━━┩
│                   roi │    56 │         10.0 │         955.552 │        95.56 │   1 day, 22:38:00 │   56     0     0   100 │
│       stale_flat_120h │    14 │         0.64 │          18.144 │         1.81 │  5 days, 21:39:00 │   14     0     0   100 │
│ stale_low_profit_240h │     2 │         2.71 │          13.196 │         1.32 │ 10 days, 13:30:00 │    2     0     0   100 │
│        stale_loss_72h │    36 │        -0.56 │         -43.166 │        -4.32 │  3 days, 16:08:00 │    0     0    36     0 │
│    trailing_stop_loss │    32 │        -2.94 │        -175.500 │       -17.55 │          19:24:00 │    0     0    32     0 │
│             stop_loss │    80 │        -3.19 │        -482.008 │        -48.2 │          22:22:00 │    0     0    80     0 │
│                 TOTAL │   220 │         0.93 │         286.218 │        28.62 │   2 days, 0:34:00 │   72     0   148  32.7 │
└───────────────────────┴───────┴──────────────┴─────────────────┴──────────────┴───────────────────┴────────────────────────┘
                                                                       MIXED TAG STATS                                                                       
┏━━━━━━━━━━━━━━━━━━━━━━━━━━━━━┳━━━━━━━━━━━━━━━━━━━━━━━┳━━━━━━━━┳━━━━━━━━━━━━━━┳━━━━━━━━━━━━━━━━━┳━━━━━━━━━━━━━━┳━━━━━━━━━━━━━━━━━━━┳━━━━━━━━━━━━━━━━━━━━━━━━┓
┃                   Enter Tag ┃           Exit Reason ┃ Trades ┃ Avg Profit % ┃ Tot Profit USDT ┃ Tot Profit % ┃      Avg Duration ┃  Win  Draw  Loss  Win% ┃
┡━━━━━━━━━━━━━━━━━━━━━━━━━━━━━╇━━━━━━━━━━━━━━━━━━━━━━━╇━━━━━━━━╇━━━━━━━━━━━━━━╇━━━━━━━━━━━━━━━━━╇━━━━━━━━━━━━━━╇━━━━━━━━━━━━━━━━━━━╇━━━━━━━━━━━━━━━━━━━━━━━━┩
│      short_pullback_restart │                   roi │     39 │         10.0 │         653.348 │        65.33 │   1 day, 21:09:00 │   39     0     0   100 │
│ short_compression_breakdown │                   roi │     17 │         10.0 │         302.204 │        30.22 │   2 days, 2:00:00 │   17     0     0   100 │
│      short_pullback_restart │       stale_flat_120h │     13 │         0.65 │          17.494 │         1.75 │  5 days, 23:09:00 │   13     0     0   100 │
│      short_pullback_restart │ stale_low_profit_240h │      2 │         2.71 │          13.196 │         1.32 │ 10 days, 13:30:00 │    2     0     0   100 │
│ short_compression_breakdown │       stale_flat_120h │      1 │          0.5 │           0.649 │         0.06 │   5 days, 2:00:00 │    1     0     0   100 │
│ short_compression_breakdown │        stale_loss_72h │      8 │        -0.71 │         -10.747 │        -1.07 │  3 days, 12:00:00 │    0     0     8     0 │
│      short_pullback_restart │        stale_loss_72h │     28 │        -0.52 │         -32.419 │        -3.24 │  3 days, 17:19:00 │    0     0    28     0 │
│ short_compression_breakdown │    trailing_stop_loss │      9 │        -3.28 │         -47.303 │        -4.73 │          19:13:00 │    0     0     9     0 │
│ short_compression_breakdown │             stop_loss │     10 │         -3.2 │         -60.685 │        -6.07 │          23:42:00 │    0     0    10     0 │
│      short_pullback_restart │    trailing_stop_loss │     23 │        -2.81 │        -128.197 │       -12.82 │          19:29:00 │    0     0    23     0 │
│      short_pullback_restart │             stop_loss │     70 │        -3.19 │        -421.323 │       -42.13 │          22:11:00 │    0     0    70     0 │
│                       TOTAL │                       │    220 │         0.93 │         286.218 │        28.62 │   2 days, 0:34:00 │   72     0   148  32.7 │
└─────────────────────────────┴───────────────────────┴────────┴──────────────┴─────────────────┴──────────────┴───────────────────┴────────────────────────┘
                                  YEAR BREAKDOWN                                  
┏━━━━━━━━━━━━┳━━━━━━━━┳━━━━━━━━━━━━━━━━━┳━━━━━━━━━━━━━━━┳━━━━━━━━━━━━━━━━━━━━━━━━┓
┃       Year ┃ Trades ┃ Tot Profit USDT ┃ Profit Factor ┃  Win  Draw  Loss  Win% ┃
┡━━━━━━━━━━━━╇━━━━━━━━╇━━━━━━━━━━━━━━━━━╇━━━━━━━━━━━━━━━╇━━━━━━━━━━━━━━━━━━━━━━━━┩
│ 31/12/2025 │    159 │         244.244 │          1.49 │   53     0   106  33.3 │
│ 31/12/2026 │     61 │          41.974 │           1.2 │   19     0    42  31.1 │
└────────────┴────────┴─────────────────┴───────────────┴────────────────────────┘
                                   SUMMARY METRICS                                    
┏━━━━━━━━━━━━━━━━━━━━━━━━━━━━━━━━━━━━━━━━┳━━━━━━━━━━━━━━━━━━━━━━━━━━━━━━━━━━━━━━━━━━━┓
┃ Metric                                 ┃ Value                                     ┃
┡━━━━━━━━━━━━━━━━━━━━━━━━━━━━━━━━━━━━━━━━╇━━━━━━━━━━━━━━━━━━━━━━━━━━━━━━━━━━━━━━━━━━━┩
│ Backtesting from                       │ 2025-01-01 00:00:00                       │
│ Backtesting to                         │ 2026-05-07 00:00:00                       │
│ Trading Mode                           │ Isolated Futures                          │
│ Max open trades                        │ 5                                         │
│                                        │                                           │
│ Total/Daily Avg Trades                 │ 220 / 0.45                                │
│ Starting balance                       │ 1000 USDT                                 │
│ Final balance                          │ 1286.218 USDT                             │
│ Absolute profit                        │ 286.218 USDT                              │
│ Total profit %                         │ 28.62%                                    │
│ CAGR %                                 │ 20.58%                                    │
│ Sharpe (closed trades)                 │ 1.12                                      │
│ Sortino (closed trades)                │ 4.95                                      │
│ Calmar (closed trades)                 │ 12.05                                     │
│ SQN                                    │ 1.94                                      │
│ Profit factor                          │ 1.41                                      │
│ Expectancy (Ratio)                     │ 1.30 (0.27)                               │
│ Avg. daily profit                      │ 0.583 USDT                                │
│ Avg. stake amount                      │ 203.983 USDT                              │
│ Market change                          │ 29.77%                                    │
│ Total trade volume                     │ 89463.126 USDT                            │
│                                        │                                           │
│ Long / Short trades                    │ 0 / 220                                   │
│ Long / Short profit %                  │ 0.00% / 28.62%                            │
│ Long / Short profit USDT               │ 0.000 / 286.218                           │
│                                        │                                           │
│ Best Pair                              │ XRP/USDT:USDT 9.52%                       │
│ Worst Pair                             │ LINK/USDT:USDT -5.03%                     │
│ Best trade                             │ NEAR/USDT:USDT 10.02%                     │
│ Worst trade                            │ TAO/USDT:USDT -5.00%                      │
│ Best day                               │ 95.155 USDT                               │
│ Worst day                              │ -23.927 USDT                              │
│ Days win/draw/lose                     │ 34 / 332 / 91                             │
│ Min/Max/Avg. Duration Winners          │ 0d 08:00 / 11d 02:00 / 2d 22:51           │
│ Min/Max/Avg. Duration Losers           │ 0d 00:00 / 6d 08:00 / 1d 13:44            │
│ Max Consecutive Wins / Loss            │ 8 / 17                                    │
│ Rejected Entry signals                 │ 26                                        │
│ Entry/Exit Timeouts                    │ 0 / 0                                     │
│                                        │                                           │
│ Min/Max balance (closed trades)        │ 984.343 USDT / 1414.596 USDT              │
│ Max % of account underwater            │ 9.24%                                     │
│ Absolute drawdown                      │ 130.769 USDT (9.24%)                      │
│ Drawdown duration                      │ 47 days 23:00:00                          │
│ Profit at drawdown start               │ 414.596 USDT                              │
│ Profit at drawdown end                 │ 283.826 USDT                              │
│ Drawdown start                         │ 2026-02-14 09:00:00                       │
│ Drawdown end                           │ 2026-04-03 08:00:00                       │
│                                        │                                           │
│ Wallet based Metrics                   │                                           │
│ Min/Max balance (wallet balance)       │ 984.343 USDT / 1414.596 USDT              │
│ Min/Max balance dates (wallet balance) │ 2025-01-16 14:00:00 / 2026-02-14 10:00:00 │
│ Max % of account underwater (balance)  │ 9.24%                                     │
│ Absolute drawdown (wallet balance)     │ 130.769 USDT (9.24%)                      │
│ Drawdown duration                      │ 47 days 23:00:00                          │
│ Profit at drawdown start               │ 414.596 USDT                              │
│ Profit at drawdown end                 │ 283.826 USDT                              │
│ Drawdown start                         │ 2026-02-14 10:00:00                       │
│ Drawdown end                           │ 2026-04-03 09:00:00                       │
│ Sharpe (daily wallet balance)          │ 1.22                                      │
│ Sortino (daily wallet balance)         │ 2.16                                      │
│ Calmar (daily wallet balance)          │ 12.07                                     │
└────────────────────────────────────────┴───────────────────────────────────────────┘

Backtested 2025-01-01 00:00:00 -> 2026-05-07 00:00:00 | Max open trades : 5
                                                                          STRATEGY SUMMARY                                                                           
┏━━━━━━━━━━━━━━━━━━━━━━━━━━━━━━━━━━━━━━━━━┳━━━━━━━━┳━━━━━━━━━━━━━━┳━━━━━━━━━━━━━━━━━┳━━━━━━━━━━━━━━┳━━━━━━━━━━━━━━━━━┳━━━━━━━━━━━━━━━━━━━━━━━━┳━━━━━━━━━━━━━━━━━━━━━┓
┃                                Strategy ┃ Trades ┃ Avg Profit % ┃ Tot Profit USDT ┃ Tot Profit % ┃    Avg Duration ┃  Win  Draw  Loss  Win% ┃            Drawdown ┃
┡━━━━━━━━━━━━━━━━━━━━━━━━━━━━━━━━━━━━━━━━━╇━━━━━━━━╇━━━━━━━━━━━━━━╇━━━━━━━━━━━━━━━━━╇━━━━━━━━━━━━━━╇━━━━━━━━━━━━━━━━━╇━━━━━━━━━━━━━━━━━━━━━━━━╇━━━━━━━━━━━━━━━━━━━━━┩
│ DualTrendRobustRisk0p005Cap0p35Strategy │    220 │         0.93 │         286.218 │        28.62 │ 2 days, 0:34:00 │   72     0   148  32.7 │ 130.769 USDT  9.24% │
└─────────────────────────────────────────┴────────┴──────────────┴─────────────────┴──────────────┴─────────────────┴────────────────────────┴─────────────────────┘
