time="2026-06-12T16:56:17+08:00" level=warning msg="Found orphan containers ([nfi-top9-exbtc-10000u-max4-dryrun]) for this project. If you removed or renamed this service in your compose file, you can run this command with the --remove-orphans flag to clean it up."
 Container ft_userdata-freqtrade-run-a32498638dd0 Creating 
 Container ft_userdata-freqtrade-run-a32498638dd0 Created 
2026-06-12 08:56:17,898 - freqtrade - INFO - freqtrade 2026.4
2026-06-12 08:56:18,137 - numexpr.utils - INFO - NumExpr defaulting to 16 threads.
2026-06-12 08:56:19,262 - freqtrade.configuration.load_config - INFO - Using config: /freqtrade/user_data/strategies/research/dual_trend_robustness_runs/20260612_165506/configs/base.json ...
2026-06-12 08:56:19,272 - freqtrade.loggers - INFO - Enabling colorized output.
2026-06-12 08:56:19,272 - freqtrade.loggers - INFO - Logfile configured
2026-06-12 08:56:19,272 - freqtrade.loggers - INFO - Verbosity set to 0
2026-06-12 08:56:19,273 - freqtrade.configuration.configuration - INFO - Using additional Strategy lookup path: /freqtrade/user_data/strategies
2026-06-12 08:56:19,273 - freqtrade.configuration.configuration - INFO - Using max_open_trades: 3 ...
2026-06-12 08:56:19,273 - freqtrade.configuration.configuration - INFO - Parameter --timerange detected: 20250101-20260507 ...
2026-06-12 08:56:37,616 - freqtrade.configuration.configuration - INFO - Using user-data directory: /freqtrade/user_data ...
2026-06-12 08:56:37,619 - freqtrade.configuration.configuration - INFO - Using data directory: /freqtrade/user_data/data/binance ...
2026-06-12 08:56:37,620 - freqtrade.configuration.configuration - INFO - Using 
/freqtrade/user_data/strategies/research/dual_trend_robustness_runs/20260612_165506/results/pair_DualTrendCompressionRestartShortPullbackOnlyV1Strategy_recent as backtest directory ...
2026-06-12 08:56:37,620 - freqtrade.configuration.configuration - INFO - Recursively searching for a strategy in the strategies folder.
2026-06-12 08:56:37,621 - freqtrade.configuration.configuration - INFO - Parameter --export detected: trades ...
2026-06-12 08:56:37,622 - freqtrade.configuration.configuration - INFO - Parameter --breakdown detected ...
2026-06-12 08:56:37,622 - freqtrade.configuration.configuration - INFO - Parameter --cache=none detected ...
2026-06-12 08:56:37,622 - freqtrade.configuration.configuration - INFO - Filter trades by timerange: 20250101-20260507
2026-06-12 08:56:37,624 - freqtrade.exchange.check_exchange - INFO - Checking exchange...
2026-06-12 08:56:37,629 - freqtrade.exchange.check_exchange - INFO - Exchange "binance" is officially supported by the Freqtrade development team.
2026-06-12 08:56:37,630 - freqtrade.configuration.configuration - INFO - Using pairlist from configuration.
2026-06-12 08:56:37,630 - freqtrade.configuration.config_validation - INFO - Validating configuration ...
2026-06-12 08:56:37,632 - freqtrade.commands.optimize_commands - INFO - Starting freqtrade in Backtesting mode
2026-06-12 08:56:37,633 - freqtrade.exchange.exchange - INFO - Instance is running with dry_run enabled
2026-06-12 08:56:37,633 - freqtrade.exchange.exchange - INFO - Using CCXT 4.5.50
2026-06-12 08:56:37,633 - freqtrade.exchange.exchange - INFO - Applying additional ccxt config: {'options': {'defaultType': 'swap', 'adjustForTimeDifference': True, 'recvWindow': 60000, 
'fetchCurrencies': False, 'fetchMarkets': ['linear']}, 'enableRateLimit': True, 'timeout': 60000}
2026-06-12 08:56:37,639 - freqtrade.exchange.exchange - INFO - Applying additional ccxt config: {'options': {'defaultType': 'swap', 'adjustForTimeDifference': True, 'recvWindow': 60000, 
'fetchCurrencies': False, 'fetchMarkets': ['linear']}, 'enableRateLimit': True, 'timeout': 60000}
2026-06-12 08:56:37,645 - freqtrade.exchange.exchange - INFO - Using Exchange "Binance"
2026-06-12 08:56:38,401 - freqtrade.resolvers.exchange_resolver - INFO - Using resolved exchange 'Binance'...
2026-06-12 08:56:39,249 - freqtrade.resolvers.iresolver - INFO - Using resolved strategy DualTrendCompressionRestartShortPullbackOnlyV1Strategy from 
'/freqtrade/user_data/strategies/DualTrendCompressionRestartShortV1Strategy.py'...
2026-06-12 08:56:39,250 - freqtrade.strategy.hyper - INFO - Found no parameter file.
2026-06-12 08:56:39,251 - freqtrade.resolvers.strategy_resolver - INFO - Override strategy 'stake_currency' with value from the configuration: USDT.
2026-06-12 08:56:39,251 - freqtrade.resolvers.strategy_resolver - INFO - Override strategy 'stake_amount' with value from the configuration: unlimited.
2026-06-12 08:56:39,251 - freqtrade.resolvers.strategy_resolver - INFO - Override strategy 'unfilledtimeout' with value from the configuration: {'entry': 10, 'exit': 10, 'exit_timeout_count': 0, 
'unit': 'minutes'}.
2026-06-12 08:56:39,252 - freqtrade.resolvers.strategy_resolver - INFO - Override strategy 'max_open_trades' with value from the configuration: 3.
2026-06-12 08:56:39,252 - freqtrade.resolvers.strategy_resolver - INFO - Strategy using minimal_roi: {'0': 0.1}
2026-06-12 08:56:39,252 - freqtrade.resolvers.strategy_resolver - INFO - Strategy using timeframe: 1h
2026-06-12 08:56:39,252 - freqtrade.resolvers.strategy_resolver - INFO - Strategy using stoploss: -0.06
2026-06-12 08:56:39,252 - freqtrade.resolvers.strategy_resolver - INFO - Strategy using trailing_stop: False
2026-06-12 08:56:39,252 - freqtrade.resolvers.strategy_resolver - INFO - Strategy using trailing_stop_positive_offset: 0.0
2026-06-12 08:56:39,252 - freqtrade.resolvers.strategy_resolver - INFO - Strategy using trailing_only_offset_is_reached: False
2026-06-12 08:56:39,253 - freqtrade.resolvers.strategy_resolver - INFO - Strategy using use_custom_stoploss: True
2026-06-12 08:56:39,253 - freqtrade.resolvers.strategy_resolver - INFO - Strategy using process_only_new_candles: True
2026-06-12 08:56:39,253 - freqtrade.resolvers.strategy_resolver - INFO - Strategy using order_types: {'entry': 'limit', 'exit': 'limit', 'stoploss': 'limit', 'stoploss_on_exchange': False, 
'stoploss_on_exchange_interval': 60}
2026-06-12 08:56:39,253 - freqtrade.resolvers.strategy_resolver - INFO - Strategy using order_time_in_force: {'entry': 'GTC', 'exit': 'GTC'}
2026-06-12 08:56:39,253 - freqtrade.resolvers.strategy_resolver - INFO - Strategy using stake_currency: USDT
2026-06-12 08:56:39,253 - freqtrade.resolvers.strategy_resolver - INFO - Strategy using stake_amount: unlimited
2026-06-12 08:56:39,253 - freqtrade.resolvers.strategy_resolver - INFO - Strategy using startup_candle_count: 1000
2026-06-12 08:56:39,254 - freqtrade.resolvers.strategy_resolver - INFO - Strategy using unfilledtimeout: {'entry': 10, 'exit': 10, 'exit_timeout_count': 0, 'unit': 'minutes'}
2026-06-12 08:56:39,254 - freqtrade.resolvers.strategy_resolver - INFO - Strategy using use_exit_signal: True
2026-06-12 08:56:39,254 - freqtrade.resolvers.strategy_resolver - INFO - Strategy using exit_profit_only: False
2026-06-12 08:56:39,254 - freqtrade.resolvers.strategy_resolver - INFO - Strategy using ignore_roi_if_entry_signal: True
2026-06-12 08:56:39,254 - freqtrade.resolvers.strategy_resolver - INFO - Strategy using exit_profit_offset: 0.0
2026-06-12 08:56:39,254 - freqtrade.resolvers.strategy_resolver - INFO - Strategy using disable_dataframe_checks: False
2026-06-12 08:56:39,254 - freqtrade.resolvers.strategy_resolver - INFO - Strategy using ignore_buying_expired_candle_after: 0
2026-06-12 08:56:39,255 - freqtrade.resolvers.strategy_resolver - INFO - Strategy using position_adjustment_enable: False
2026-06-12 08:56:39,255 - freqtrade.resolvers.strategy_resolver - INFO - Strategy using max_entry_position_adjustment: -1
2026-06-12 08:56:39,255 - freqtrade.resolvers.strategy_resolver - INFO - Strategy using max_open_trades: 3
2026-06-12 08:56:39,255 - freqtrade.configuration.config_validation - INFO - Validating configuration ...
2026-06-12 08:56:39,258 - freqtrade.resolvers.iresolver - INFO - Using resolved pairlist StaticPairList from '/freqtrade/freqtrade/plugins/pairlist/StaticPairList.py'...
2026-06-12 08:56:39,265 - freqtrade.optimize.backtesting - INFO - Using fee 0.0500% - worst case fee from exchange (lowest tier).
2026-06-12 08:56:39,266 - freqtrade.exchange.exchange - WARNING - Using 3 calls to get OHLCV. This can result in slower operations for the bot. Please check if you really need 1000 candles for your 
strategy.
2026-06-12 08:56:39,705 - freqtrade.data.history.datahandlers.idatahandler - WARNING - TAO/USDT:USDT, futures, 1h, data ends at 2026-04-20 00:00:00
2026-06-12 08:56:39,717 - freqtrade.optimize.backtesting - INFO - Loading data from 2024-11-20 08:00:00 up to 2026-05-07 00:00:00 (532 days).
2026-06-12 08:56:39,734 - freqtrade.data.history.datahandlers.idatahandler - WARNING - BTC/USDT:USDT, funding_rate, 1h, data ends at 2026-05-06 16:00:00
2026-06-12 08:56:39,766 - freqtrade.data.history.datahandlers.idatahandler - WARNING - ETH/USDT:USDT, funding_rate, 1h, data ends at 2026-05-06 16:00:00
2026-06-12 08:56:39,830 - freqtrade.data.history.datahandlers.idatahandler - WARNING - DOGE/USDT:USDT, funding_rate, 1h, data ends at 2026-05-06 16:00:00
2026-06-12 08:56:39,940 - freqtrade.data.history.datahandlers.idatahandler - WARNING - TRX/USDT:USDT, funding_rate, 1h, data ends at 2026-05-06 16:00:00
2026-06-12 08:56:39,957 - freqtrade.data.history.datahandlers.idatahandler - WARNING - ZEC/USDT:USDT, funding_rate, 1h, data ends at 2026-05-06 16:00:00
2026-06-12 08:56:39,984 - freqtrade.data.history.datahandlers.idatahandler - WARNING - TAO/USDT:USDT, funding_rate, 1h, data ends at 2026-04-19 20:00:00
2026-06-12 08:56:40,418 - freqtrade.data.history.datahandlers.idatahandler - WARNING - TAO/USDT:USDT, mark, 1h, data ends at 2026-04-20 00:00:00
2026-06-12 08:56:41,415 - freqtrade.optimize.backtesting - INFO - Dataload complete. Calculating indicators
2026-06-12 08:56:41,420 - freqtrade.optimize.backtesting - INFO - Running backtesting for Strategy DualTrendCompressionRestartShortPullbackOnlyV1Strategy
2026-06-12 08:56:41,422 - freqtrade.data.dataprovider - INFO - Loading data for BTC/USDT:USDT 4h from 2024-07-18 08:00:00 to 2026-05-07 00:00:00
2026-06-12 08:56:41,440 - freqtrade.data.history.datahandlers.idatahandler - WARNING - BTC/USDT:USDT, futures, 4h, data ends at 2026-05-06 12:00:00
2026-06-12 08:56:41,491 - freqtrade.data.dataprovider - INFO - Loading data for ETH/USDT:USDT 4h from 2024-07-18 08:00:00 to 2026-05-07 00:00:00
2026-06-12 08:56:41,508 - freqtrade.data.history.datahandlers.idatahandler - WARNING - ETH/USDT:USDT, futures, 4h, data ends at 2026-05-06 12:00:00
2026-06-12 08:56:41,561 - freqtrade.data.dataprovider - INFO - Loading data for BNB/USDT:USDT 4h from 2024-07-18 08:00:00 to 2026-05-07 00:00:00
2026-06-12 08:56:41,577 - freqtrade.data.history.datahandlers.idatahandler - WARNING - BNB/USDT:USDT, futures, 4h, data ends at 2026-05-06 16:00:00
2026-06-12 08:56:41,624 - freqtrade.data.dataprovider - INFO - Loading data for SOL/USDT:USDT 4h from 2024-07-18 08:00:00 to 2026-05-07 00:00:00
2026-06-12 08:56:41,642 - freqtrade.data.history.datahandlers.idatahandler - WARNING - SOL/USDT:USDT, futures, 4h, data ends at 2026-05-06 16:00:00
2026-06-12 08:56:41,688 - freqtrade.data.dataprovider - INFO - Loading data for XRP/USDT:USDT 4h from 2024-07-18 08:00:00 to 2026-05-07 00:00:00
2026-06-12 08:56:41,704 - freqtrade.data.history.datahandlers.idatahandler - WARNING - XRP/USDT:USDT, futures, 4h, data ends at 2026-05-06 16:00:00
2026-06-12 08:56:41,749 - freqtrade.data.dataprovider - INFO - Loading data for DOGE/USDT:USDT 4h from 2024-07-18 08:00:00 to 2026-05-07 00:00:00
2026-06-12 08:56:41,773 - freqtrade.data.history.datahandlers.idatahandler - WARNING - DOGE/USDT:USDT, futures, 4h, data ends at 2026-05-06 12:00:00
2026-06-12 08:56:41,819 - freqtrade.data.dataprovider - INFO - Loading data for ADA/USDT:USDT 4h from 2024-07-18 08:00:00 to 2026-05-07 00:00:00
2026-06-12 08:56:41,836 - freqtrade.data.history.datahandlers.idatahandler - WARNING - ADA/USDT:USDT, futures, 4h, data ends at 2026-05-06 16:00:00
2026-06-12 08:56:41,882 - freqtrade.data.dataprovider - INFO - Loading data for LINK/USDT:USDT 4h from 2024-07-18 08:00:00 to 2026-05-07 00:00:00
2026-06-12 08:56:41,898 - freqtrade.data.history.datahandlers.idatahandler - WARNING - LINK/USDT:USDT, futures, 4h, data ends at 2026-05-06 16:00:00
2026-06-12 08:56:41,947 - freqtrade.data.dataprovider - INFO - Loading data for NEAR/USDT:USDT 4h from 2024-07-18 08:00:00 to 2026-05-07 00:00:00
2026-06-12 08:56:41,965 - freqtrade.data.history.datahandlers.idatahandler - WARNING - NEAR/USDT:USDT, futures, 4h, data ends at 2026-05-06 16:00:00
2026-06-12 08:56:42,010 - freqtrade.data.dataprovider - INFO - Loading data for SUI/USDT:USDT 4h from 2024-07-18 08:00:00 to 2026-05-07 00:00:00
2026-06-12 08:56:42,076 - freqtrade.data.dataprovider - INFO - Loading data for TRX/USDT:USDT 4h from 2024-07-18 08:00:00 to 2026-05-07 00:00:00
2026-06-12 08:56:42,096 - freqtrade.data.history.datahandlers.idatahandler - WARNING - TRX/USDT:USDT, futures, 4h, data ends at 2026-05-06 12:00:00
2026-06-12 08:56:42,142 - freqtrade.data.dataprovider - INFO - Loading data for ZEC/USDT:USDT 4h from 2024-07-18 08:00:00 to 2026-05-07 00:00:00
2026-06-12 08:56:42,159 - freqtrade.data.history.datahandlers.idatahandler - WARNING - ZEC/USDT:USDT, futures, 4h, data ends at 2026-05-06 12:00:00
2026-06-12 08:56:42,203 - freqtrade.data.dataprovider - INFO - Loading data for TAO/USDT:USDT 4h from 2024-07-18 08:00:00 to 2026-05-07 00:00:00
2026-06-12 08:56:42,224 - freqtrade.data.history.datahandlers.idatahandler - WARNING - TAO/USDT:USDT, futures, 4h, data ends at 2026-04-19 16:00:00
2026-06-12 08:56:42,275 - freqtrade.optimize.backtesting - INFO - Backtesting with data from 2025-01-01 00:00:00 up to 2026-05-07 00:00:00 (491 days).
2026-06-12 08:56:42,277 - freqtrade.resolvers.iresolver - INFO - Using resolved protection CooldownPeriod from '/freqtrade/freqtrade/plugins/protections/cooldown_period.py'...
2026-06-12 08:56:42,278 - freqtrade.resolvers.iresolver - INFO - Using resolved protection StoplossGuard from '/freqtrade/freqtrade/plugins/protections/stoploss_guard.py'...
2026-06-12 08:56:42,280 - freqtrade.resolvers.iresolver - INFO - Using resolved protection MaxDrawdown from '/freqtrade/freqtrade/plugins/protections/max_drawdown_protection.py'...
2026-06-12 08:57:01,716 - freqtrade.misc - INFO - dumping json to 
"/freqtrade/user_data/strategies/research/dual_trend_robustness_runs/20260612_165506/results/pair_DualTrendCompressionRestartShortPullbackOnlyV1Strategy_recent/backtest-result-2026-06-12_08-57-01.meta
.json"
Result for strategy DualTrendCompressionRestartShortPullbackOnlyV1Strategy
                                                  BACKTESTING REPORT                                                   
┏━━━━━━━━━━━━━━━━┳━━━━━━━━┳━━━━━━━━━━━━━━┳━━━━━━━━━━━━━━━━━┳━━━━━━━━━━━━━━┳━━━━━━━━━━━━━━━━━━┳━━━━━━━━━━━━━━━━━━━━━━━━┓
┃           Pair ┃ Trades ┃ Avg Profit % ┃ Tot Profit USDT ┃ Tot Profit % ┃     Avg Duration ┃  Win  Draw  Loss  Win% ┃
┡━━━━━━━━━━━━━━━━╇━━━━━━━━╇━━━━━━━━━━━━━━╇━━━━━━━━━━━━━━━━━╇━━━━━━━━━━━━━━╇━━━━━━━━━━━━━━━━━━╇━━━━━━━━━━━━━━━━━━━━━━━━┩
│  XRP/USDT:USDT │     16 │         1.65 │          87.870 │         8.79 │ 3 days, 13:00:00 │    7     0     9  43.8 │
│  ETH/USDT:USDT │     12 │         2.52 │          77.137 │         7.71 │  2 days, 7:50:00 │    5     0     7  41.7 │
│ DOGE/USDT:USDT │     17 │         2.16 │          73.373 │         7.34 │  1 day, 13:46:00 │    6     0    11  35.3 │
│  SUI/USDT:USDT │     12 │         1.74 │          52.731 │         5.27 │  1 day, 21:00:00 │    5     0     7  41.7 │
│  ZEC/USDT:USDT │      6 │         3.97 │          47.171 │         4.72 │  3 days, 2:20:00 │    4     0     2  66.7 │
│ NEAR/USDT:USDT │     15 │         0.75 │          42.585 │         4.26 │  1 day, 10:52:00 │    5     0    10  33.3 │
│  BTC/USDT:USDT │     18 │         0.59 │          40.084 │         4.01 │  2 days, 5:37:00 │    6     0    12  33.3 │
│  SOL/USDT:USDT │     14 │         1.79 │          36.846 │         3.68 │   1 day, 0:00:00 │    5     0     9  35.7 │
│  ADA/USDT:USDT │     17 │          0.9 │          11.978 │          1.2 │ 2 days, 10:04:00 │    4     0    13  23.5 │
│  TAO/USDT:USDT │      6 │         0.14 │           3.055 │         0.31 │  2 days, 5:30:00 │    3     0     3  50.0 │
│  BNB/USDT:USDT │     11 │        -0.48 │         -21.152 │        -2.12 │  2 days, 8:55:00 │    4     0     7  36.4 │
│  TRX/USDT:USDT │     12 │        -0.86 │         -35.468 │        -3.55 │ 2 days, 22:25:00 │    1     0    11   8.3 │
│ LINK/USDT:USDT │     13 │        -0.71 │         -38.541 │        -3.85 │   1 day, 9:46:00 │    2     0    11  15.4 │
│          TOTAL │    169 │         1.04 │         377.669 │        37.77 │  2 days, 3:29:00 │   57     0   112  33.7 │
└────────────────┴────────┴──────────────┴─────────────────┴──────────────┴──────────────────┴────────────────────────┘
                                         LEFT OPEN TRADES REPORT                                          
┏━━━━━━━┳━━━━━━━━┳━━━━━━━━━━━━━━┳━━━━━━━━━━━━━━━━━┳━━━━━━━━━━━━━━┳━━━━━━━━━━━━━━┳━━━━━━━━━━━━━━━━━━━━━━━━┓
┃  Pair ┃ Trades ┃ Avg Profit % ┃ Tot Profit USDT ┃ Tot Profit % ┃ Avg Duration ┃  Win  Draw  Loss  Win% ┃
┡━━━━━━━╇━━━━━━━━╇━━━━━━━━━━━━━━╇━━━━━━━━━━━━━━━━━╇━━━━━━━━━━━━━━╇━━━━━━━━━━━━━━╇━━━━━━━━━━━━━━━━━━━━━━━━┩
│ TOTAL │      0 │          0.0 │           0.000 │          0.0 │         0:00 │    0     0     0     0 │
└───────┴────────┴──────────────┴─────────────────┴──────────────┴──────────────┴────────────────────────┘
                                                        ENTER TAG STATS                                                        
┏━━━━━━━━━━━━━━━━━━━━━━━━┳━━━━━━━━━┳━━━━━━━━━━━━━━┳━━━━━━━━━━━━━━━━━┳━━━━━━━━━━━━━━┳━━━━━━━━━━━━━━━━━┳━━━━━━━━━━━━━━━━━━━━━━━━┓
┃              Enter Tag ┃ Entries ┃ Avg Profit % ┃ Tot Profit USDT ┃ Tot Profit % ┃    Avg Duration ┃  Win  Draw  Loss  Win% ┃
┡━━━━━━━━━━━━━━━━━━━━━━━━╇━━━━━━━━━╇━━━━━━━━━━━━━━╇━━━━━━━━━━━━━━━━━╇━━━━━━━━━━━━━━╇━━━━━━━━━━━━━━━━━╇━━━━━━━━━━━━━━━━━━━━━━━━┩
│ short_pullback_restart │     169 │         1.04 │         377.669 │        37.77 │ 2 days, 3:29:00 │   57     0   112  33.7 │
│                  TOTAL │     169 │         1.04 │         377.669 │        37.77 │ 2 days, 3:29:00 │   57     0   112  33.7 │
└────────────────────────┴─────────┴──────────────┴─────────────────┴──────────────┴─────────────────┴────────────────────────┘
                                                      EXIT REASON STATS                                                       
┏━━━━━━━━━━━━━━━━━━━━━━━┳━━━━━━━┳━━━━━━━━━━━━━━┳━━━━━━━━━━━━━━━━━┳━━━━━━━━━━━━━━┳━━━━━━━━━━━━━━━━━━━┳━━━━━━━━━━━━━━━━━━━━━━━━┓
┃           Exit Reason ┃ Exits ┃ Avg Profit % ┃ Tot Profit USDT ┃ Tot Profit % ┃      Avg Duration ┃  Win  Draw  Loss  Win% ┃
┡━━━━━━━━━━━━━━━━━━━━━━━╇━━━━━━━╇━━━━━━━━━━━━━━╇━━━━━━━━━━━━━━━━━╇━━━━━━━━━━━━━━╇━━━━━━━━━━━━━━━━━━━╇━━━━━━━━━━━━━━━━━━━━━━━━┩
│                   roi │    43 │         10.0 │        1128.683 │       112.87 │   2 days, 3:21:00 │   43     0     0   100 │
│       stale_flat_120h │    12 │         0.65 │          24.632 │         2.46 │   6 days, 0:55:00 │   12     0     0   100 │
│ stale_low_profit_240h │     2 │         2.71 │          21.197 │         2.12 │ 10 days, 13:30:00 │    2     0     0   100 │
│        stale_loss_72h │    28 │        -0.51 │         -46.044 │         -4.6 │  3 days, 18:28:00 │    0     0    28     0 │
│    trailing_stop_loss │    24 │        -2.92 │        -203.991 │        -20.4 │          20:02:00 │    0     0    24     0 │
│             stop_loss │    60 │        -3.04 │        -546.808 │       -54.68 │          20:32:00 │    0     0    60     0 │
│                 TOTAL │   169 │         1.04 │         377.669 │        37.77 │   2 days, 3:29:00 │   57     0   112  33.7 │
└───────────────────────┴───────┴──────────────┴─────────────────┴──────────────┴───────────────────┴────────────────────────┘
                                                                    MIXED TAG STATS                                                                     
┏━━━━━━━━━━━━━━━━━━━━━━━━┳━━━━━━━━━━━━━━━━━━━━━━━┳━━━━━━━━┳━━━━━━━━━━━━━━┳━━━━━━━━━━━━━━━━━┳━━━━━━━━━━━━━━┳━━━━━━━━━━━━━━━━━━━┳━━━━━━━━━━━━━━━━━━━━━━━━┓
┃              Enter Tag ┃           Exit Reason ┃ Trades ┃ Avg Profit % ┃ Tot Profit USDT ┃ Tot Profit % ┃      Avg Duration ┃  Win  Draw  Loss  Win% ┃
┡━━━━━━━━━━━━━━━━━━━━━━━━╇━━━━━━━━━━━━━━━━━━━━━━━╇━━━━━━━━╇━━━━━━━━━━━━━━╇━━━━━━━━━━━━━━━━━╇━━━━━━━━━━━━━━╇━━━━━━━━━━━━━━━━━━━╇━━━━━━━━━━━━━━━━━━━━━━━━┩
│ short_pullback_restart │                   roi │     43 │         10.0 │        1128.683 │       112.87 │   2 days, 3:21:00 │   43     0     0   100 │
│ short_pullback_restart │       stale_flat_120h │     12 │         0.65 │          24.632 │         2.46 │   6 days, 0:55:00 │   12     0     0   100 │
│ short_pullback_restart │ stale_low_profit_240h │      2 │         2.71 │          21.197 │         2.12 │ 10 days, 13:30:00 │    2     0     0   100 │
│ short_pullback_restart │        stale_loss_72h │     28 │        -0.51 │         -46.044 │         -4.6 │  3 days, 18:28:00 │    0     0    28     0 │
│ short_pullback_restart │    trailing_stop_loss │     24 │        -2.92 │        -203.991 │        -20.4 │          20:02:00 │    0     0    24     0 │
│ short_pullback_restart │             stop_loss │     60 │        -3.04 │        -546.808 │       -54.68 │          20:32:00 │    0     0    60     0 │
│                  TOTAL │                       │    169 │         1.04 │         377.669 │        37.77 │   2 days, 3:29:00 │   57     0   112  33.7 │
└────────────────────────┴───────────────────────┴────────┴──────────────┴─────────────────┴──────────────┴───────────────────┴────────────────────────┘
                                  YEAR BREAKDOWN                                  
┏━━━━━━━━━━━━┳━━━━━━━━┳━━━━━━━━━━━━━━━━━┳━━━━━━━━━━━━━━━┳━━━━━━━━━━━━━━━━━━━━━━━━┓
┃       Year ┃ Trades ┃ Tot Profit USDT ┃ Profit Factor ┃  Win  Draw  Loss  Win% ┃
┡━━━━━━━━━━━━╇━━━━━━━━╇━━━━━━━━━━━━━━━━━╇━━━━━━━━━━━━━━━╇━━━━━━━━━━━━━━━━━━━━━━━━┩
│ 31/12/2025 │    127 │         323.476 │          1.55 │   44     0    83  34.6 │
│ 31/12/2026 │     42 │          54.193 │          1.26 │   13     0    29  31.0 │
└────────────┴────────┴─────────────────┴───────────────┴────────────────────────┘
                                   SUMMARY METRICS                                    
┏━━━━━━━━━━━━━━━━━━━━━━━━━━━━━━━━━━━━━━━━┳━━━━━━━━━━━━━━━━━━━━━━━━━━━━━━━━━━━━━━━━━━━┓
┃ Metric                                 ┃ Value                                     ┃
┡━━━━━━━━━━━━━━━━━━━━━━━━━━━━━━━━━━━━━━━━╇━━━━━━━━━━━━━━━━━━━━━━━━━━━━━━━━━━━━━━━━━━━┩
│ Backtesting from                       │ 2025-01-01 00:00:00                       │
│ Backtesting to                         │ 2026-05-07 00:00:00                       │
│ Trading Mode                           │ Isolated Futures                          │
│ Max open trades                        │ 3                                         │
│                                        │                                           │
│ Total/Daily Avg Trades                 │ 169 / 0.34                                │
│ Starting balance                       │ 1000 USDT                                 │
│ Final balance                          │ 1377.669 USDT                             │
│ Absolute profit                        │ 377.669 USDT                              │
│ Total profit %                         │ 37.77%                                    │
│ CAGR %                                 │ 26.89%                                    │
│ Sharpe (closed trades)                 │ 0.98                                      │
│ Sortino (closed trades)                │ 4.09                                      │
│ Calmar (closed trades)                 │ 15.78                                     │
│ SQN                                    │ 1.94                                      │
│ Profit factor                          │ 1.47                                      │
│ Expectancy (Ratio)                     │ 2.23 (0.31)                               │
│ Avg. daily profit                      │ 0.769 USDT                                │
│ Avg. stake amount                      │ 309.029 USDT                              │
│ Market change                          │ 29.77%                                    │
│ Total trade volume                     │ 104071.342 USDT                           │
│                                        │                                           │
│ Long / Short trades                    │ 0 / 169                                   │
│ Long / Short profit %                  │ 0.00% / 37.77%                            │
│ Long / Short profit USDT               │ 0.000 / 377.669                           │
│                                        │                                           │
│ Best Pair                              │ XRP/USDT:USDT 8.79%                       │
│ Worst Pair                             │ LINK/USDT:USDT -3.85%                     │
│ Best trade                             │ NEAR/USDT:USDT 10.02%                     │
│ Worst trade                            │ TAO/USDT:USDT -5.00%                      │
│ Best day                               │ 124.641 USDT                              │
│ Worst day                              │ -33.913 USDT                              │
│ Days win/draw/lose                     │ 34 / 342 / 81                             │
│ Min/Max/Avg. Duration Winners          │ 0d 08:00 / 11d 02:00 / 3d 06:08           │
│ Min/Max/Avg. Duration Losers           │ 0d 00:00 / 6d 08:00 / 1d 13:55            │
│ Max Consecutive Wins / Loss            │ 8 / 12                                    │
│ Rejected Entry signals                 │ 100                                       │
│ Entry/Exit Timeouts                    │ 0 / 0                                     │
│                                        │                                           │
│ Min/Max balance (closed trades)        │ 978.502 USDT / 1493.235 USDT              │
│ Max % of account underwater            │ 9.31%                                     │
│ Absolute drawdown                      │ 124.675 USDT (9.31%)                      │
│ Drawdown duration                      │ 133 days 11:00:00                         │
│ Profit at drawdown start               │ 338.627 USDT                              │
│ Profit at drawdown end                 │ 213.952 USDT                              │
│ Drawdown start                         │ 2025-06-22 13:00:00                       │
│ Drawdown end                           │ 2025-11-03 00:00:00                       │
│                                        │                                           │
│ Wallet based Metrics                   │                                           │
│ Min/Max balance (wallet balance)       │ 978.502 USDT / 1493.235 USDT              │
│ Min/Max balance dates (wallet balance) │ 2025-01-16 14:00:00 / 2026-02-14 10:00:00 │
│ Max % of account underwater (balance)  │ 9.31%                                     │
│ Absolute drawdown (wallet balance)     │ 124.675 USDT (9.31%)                      │
│ Drawdown duration                      │ 133 days 11:00:00                         │
│ Profit at drawdown start               │ 338.627 USDT                              │
│ Profit at drawdown end                 │ 213.952 USDT                              │
│ Drawdown start                         │ 2025-06-22 14:00:00                       │
│ Drawdown end                           │ 2025-11-03 01:00:00                       │
│ Sharpe (daily wallet balance)          │ 1.34                                      │
│ Sortino (daily wallet balance)         │ 2.71                                      │
│ Calmar (daily wallet balance)          │ 15.81                                     │
└────────────────────────────────────────┴───────────────────────────────────────────┘

Backtested 2025-01-01 00:00:00 -> 2026-05-07 00:00:00 | Max open trades : 3
                                                                                  STRATEGY SUMMARY                                                                                  
┏━━━━━━━━━━━━━━━━━━━━━━━━━━━━━━━━━━━━━━━━━━━━━━━━━━━━━━━━┳━━━━━━━━┳━━━━━━━━━━━━━━┳━━━━━━━━━━━━━━━━━┳━━━━━━━━━━━━━━┳━━━━━━━━━━━━━━━━━┳━━━━━━━━━━━━━━━━━━━━━━━━┳━━━━━━━━━━━━━━━━━━━━━┓
┃                                               Strategy ┃ Trades ┃ Avg Profit % ┃ Tot Profit USDT ┃ Tot Profit % ┃    Avg Duration ┃  Win  Draw  Loss  Win% ┃            Drawdown ┃
┡━━━━━━━━━━━━━━━━━━━━━━━━━━━━━━━━━━━━━━━━━━━━━━━━━━━━━━━━╇━━━━━━━━╇━━━━━━━━━━━━━━╇━━━━━━━━━━━━━━━━━╇━━━━━━━━━━━━━━╇━━━━━━━━━━━━━━━━━╇━━━━━━━━━━━━━━━━━━━━━━━━╇━━━━━━━━━━━━━━━━━━━━━┩
│ DualTrendCompressionRestartShortPullbackOnlyV1Strategy │    169 │         1.04 │         377.669 │        37.77 │ 2 days, 3:29:00 │   57     0   112  33.7 │ 124.675 USDT  9.31% │
└────────────────────────────────────────────────────────┴────────┴──────────────┴─────────────────┴──────────────┴─────────────────┴────────────────────────┴─────────────────────┘
