time="2026-06-12T17:47:32+08:00" level=warning msg="Found orphan containers ([nfi-top9-exbtc-10000u-max4-dryrun]) for this project. If you removed or renamed this service in your compose file, you can run this command with the --remove-orphans flag to clean it up."
 Container ft_userdata-freqtrade-run-5c8d9212a5eb Creating 
 Container ft_userdata-freqtrade-run-5c8d9212a5eb Created 
2026-06-12 09:47:33,441 - freqtrade - INFO - freqtrade 2026.4
2026-06-12 09:47:33,718 - numexpr.utils - INFO - NumExpr defaulting to 16 threads.
2026-06-12 09:47:35,015 - freqtrade.configuration.load_config - INFO - Using config: /freqtrade/user_data/strategies/research/dual_trend_robustness_runs/20260612_165506/configs/base.json ...
2026-06-12 09:47:35,023 - freqtrade.loggers - INFO - Enabling colorized output.
2026-06-12 09:47:35,023 - freqtrade.loggers - INFO - Logfile configured
2026-06-12 09:47:35,023 - freqtrade.loggers - INFO - Verbosity set to 0
2026-06-12 09:47:35,024 - freqtrade.configuration.configuration - INFO - Using additional Strategy lookup path: /freqtrade/user_data/strategies
2026-06-12 09:47:35,024 - freqtrade.configuration.configuration - INFO - Parameter --max-open-trades detected, overriding max_open_trades to: 5 ...
2026-06-12 09:47:35,024 - freqtrade.configuration.configuration - INFO - Parameter --timerange detected: 20250101-20260507 ...
2026-06-12 09:47:57,825 - freqtrade.configuration.configuration - INFO - Using user-data directory: /freqtrade/user_data ...
2026-06-12 09:47:57,828 - freqtrade.configuration.configuration - INFO - Using data directory: /freqtrade/user_data/data/binance ...
2026-06-12 09:47:57,829 - freqtrade.configuration.configuration - INFO - Using /freqtrade/user_data/strategies/research/dual_trend_robustness_runs/20260612_165506/results/risk_recent_0.005_0.45_5 as 
backtest directory ...
2026-06-12 09:47:57,830 - freqtrade.configuration.configuration - INFO - Recursively searching for a strategy in the strategies folder.
2026-06-12 09:47:57,830 - freqtrade.configuration.configuration - INFO - Parameter --export detected: trades ...
2026-06-12 09:47:57,830 - freqtrade.configuration.configuration - INFO - Parameter --breakdown detected ...
2026-06-12 09:47:57,831 - freqtrade.configuration.configuration - INFO - Parameter --cache=none detected ...
2026-06-12 09:47:57,831 - freqtrade.configuration.configuration - INFO - Filter trades by timerange: 20250101-20260507
2026-06-12 09:47:57,832 - freqtrade.exchange.check_exchange - INFO - Checking exchange...
2026-06-12 09:47:57,840 - freqtrade.exchange.check_exchange - INFO - Exchange "binance" is officially supported by the Freqtrade development team.
2026-06-12 09:47:57,840 - freqtrade.configuration.configuration - INFO - Using pairlist from configuration.
2026-06-12 09:47:57,840 - freqtrade.configuration.config_validation - INFO - Validating configuration ...
2026-06-12 09:47:57,842 - freqtrade.commands.optimize_commands - INFO - Starting freqtrade in Backtesting mode
2026-06-12 09:47:57,843 - freqtrade.exchange.exchange - INFO - Instance is running with dry_run enabled
2026-06-12 09:47:57,843 - freqtrade.exchange.exchange - INFO - Using CCXT 4.5.50
2026-06-12 09:47:57,844 - freqtrade.exchange.exchange - INFO - Applying additional ccxt config: {'options': {'defaultType': 'swap', 'adjustForTimeDifference': True, 'recvWindow': 60000, 
'fetchCurrencies': False, 'fetchMarkets': ['linear']}, 'enableRateLimit': True, 'timeout': 60000}
2026-06-12 09:47:57,850 - freqtrade.exchange.exchange - INFO - Applying additional ccxt config: {'options': {'defaultType': 'swap', 'adjustForTimeDifference': True, 'recvWindow': 60000, 
'fetchCurrencies': False, 'fetchMarkets': ['linear']}, 'enableRateLimit': True, 'timeout': 60000}
2026-06-12 09:47:57,857 - freqtrade.exchange.exchange - INFO - Using Exchange "Binance"
2026-06-12 09:48:03,072 - freqtrade.exchange.common - WARNING - _load_async_markets() returned exception: "Error in reload_markets due to ExchangeNotAvailable. Message: binance GET 
https://fapi.binance.com/fapi/v1/exchangeInfo". Retrying still for 3 times.
2026-06-12 09:48:08,148 - freqtrade.exchange.common - WARNING - _load_async_markets() returned exception: "Error in reload_markets due to ExchangeNotAvailable. Message: binance GET 
https://fapi.binance.com/fapi/v1/exchangeInfo". Retrying still for 2 times.
2026-06-12 09:48:13,216 - freqtrade.exchange.common - WARNING - _load_async_markets() returned exception: "Error in reload_markets due to ExchangeNotAvailable. Message: binance GET 
https://fapi.binance.com/fapi/v1/exchangeInfo". Retrying still for 1 times.
2026-06-12 09:48:18,280 - freqtrade.exchange.common - WARNING - _load_async_markets() returned exception: "Error in reload_markets due to ExchangeNotAvailable. Message: binance GET 
https://fapi.binance.com/fapi/v1/exchangeInfo". Giving up.
2026-06-12 09:48:18,281 - freqtrade.exchange.exchange - ERROR - Could not load markets.
Traceback (most recent call last):
  File "/home/ftuser/.local/lib/python3.14/site-packages/aiohttp/connector.py", line 1325, in _wrap_create_connection
    return await self._loop.create_connection(*args, **kwargs, sock=sock)
           ^^^^^^^^^^^^^^^^^^^^^^^^^^^^^^^^^^^^^^^^^^^^^^^^^^^^^^^^^^^^^^
  File "/usr/local/lib/python3.14/asyncio/base_events.py", line 1198, in create_connection
    transport, protocol = await self._create_connection_transport(
                          ^^^^^^^^^^^^^^^^^^^^^^^^^^^^^^^^^^^^^^^^
    ...<2 lines>...
        ssl_shutdown_timeout=ssl_shutdown_timeout)
        ^^^^^^^^^^^^^^^^^^^^^^^^^^^^^^^^^^^^^^^^^^
  File "/usr/local/lib/python3.14/asyncio/base_events.py", line 1231, in _create_connection_transport
    await waiter
  File "/usr/local/lib/python3.14/asyncio/sslproto.py", line 581, in _on_handshake_complete
    raise handshake_exc
ConnectionResetError

The above exception was the direct cause of the following exception:

Traceback (most recent call last):
  File "/home/ftuser/.local/lib/python3.14/site-packages/ccxt/async_support/base/exchange.py", line 241, in fetch
    async with session_method(yarl.URL(url, encoded=True),
               ~~~~~~~~~~~~~~^^^^^^^^^^^^^^^^^^^^^^^^^^^^^
                              data=encoded_body,
                              ^^^^^^^^^^^^^^^^^^
                              headers=request_headers,
                              ^^^^^^^^^^^^^^^^^^^^^^^^
                              timeout=(self.timeout / 1000),
                              ^^^^^^^^^^^^^^^^^^^^^^^^^^^^^^
                              proxy=final_proxy) as response:
                              ^^^^^^^^^^^^^^^^^^
  File "/home/ftuser/.local/lib/python3.14/site-packages/aiohttp/client.py", line 1521, in __aenter__
    self._resp: _RetType = await self._coro
                           ^^^^^^^^^^^^^^^^
  File "/home/ftuser/.local/lib/python3.14/site-packages/aiohttp/client.py", line 788, in _request
    resp = await handler(req)
           ^^^^^^^^^^^^^^^^^^
  File "/home/ftuser/.local/lib/python3.14/site-packages/aiohttp/client.py", line 742, in _connect_and_send_request
    conn = await self._connector.connect(
           ^^^^^^^^^^^^^^^^^^^^^^^^^^^^^^
        req, traces=traces, timeout=real_timeout
        ^^^^^^^^^^^^^^^^^^^^^^^^^^^^^^^^^^^^^^^^
    )
    ^
  File "/home/ftuser/.local/lib/python3.14/site-packages/aiohttp/connector.py", line 672, in connect
    proto = await self._create_connection(req, traces, timeout)
            ^^^^^^^^^^^^^^^^^^^^^^^^^^^^^^^^^^^^^^^^^^^^^^^^^^^
  File "/home/ftuser/.local/lib/python3.14/site-packages/aiohttp/connector.py", line 1251, in _create_connection
    _, proto = await self._create_direct_connection(req, traces, timeout)
               ^^^^^^^^^^^^^^^^^^^^^^^^^^^^^^^^^^^^^^^^^^^^^^^^^^^^^^^^^^
  File "/home/ftuser/.local/lib/python3.14/site-packages/aiohttp/connector.py", line 1623, in _create_direct_connection
    raise last_exc
  File "/home/ftuser/.local/lib/python3.14/site-packages/aiohttp/connector.py", line 1592, in _create_direct_connection
    transp, proto = await self._wrap_create_connection(
                    ^^^^^^^^^^^^^^^^^^^^^^^^^^^^^^^^^^^
    ...<7 lines>...
    )
    ^
  File "/home/ftuser/.local/lib/python3.14/site-packages/aiohttp/connector.py", line 1333, in _wrap_create_connection
    raise client_error(req.connection_key, exc) from exc
aiohttp.client_exceptions.ClientConnectorError: Cannot connect to host fapi.binance.com:443 ssl:default [None]

The above exception was the direct cause of the following exception:

Traceback (most recent call last):
  File "/freqtrade/freqtrade/exchange/exchange.py", line 685, in _api_reload_markets
    await self._api_async.load_markets(reload=reload, params={})
  File "/home/ftuser/.local/lib/python3.14/site-packages/ccxt/async_support/base/exchange.py", line 365, in load_markets
    raise e
  File "/home/ftuser/.local/lib/python3.14/site-packages/ccxt/async_support/base/exchange.py", line 357, in load_markets
    result = await self.markets_loading
             ^^^^^^^^^^^^^^^^^^^^^^^^^^
  File "/home/ftuser/.local/lib/python3.14/site-packages/ccxt/async_support/base/exchange.py", line 324, in load_markets_helper
    markets = await self.fetch_markets(params)
              ^^^^^^^^^^^^^^^^^^^^^^^^^^^^^^^^
  File "/home/ftuser/.local/lib/python3.14/site-packages/ccxt/async_support/binance.py", line 3196, in fetch_markets
    results = await asyncio.gather(*promisesRaw)
              ^^^^^^^^^^^^^^^^^^^^^^^^^^^^^^^^^^
  File "/home/ftuser/.local/lib/python3.14/site-packages/ccxt/async_support/binance.py", line 11652, in request
    response = await self.fetch2(path, api, method, params, headers, body, config)
               ^^^^^^^^^^^^^^^^^^^^^^^^^^^^^^^^^^^^^^^^^^^^^^^^^^^^^^^^^^^^^^^^^^^
  File "/home/ftuser/.local/lib/python3.14/site-packages/ccxt/async_support/base/exchange.py", line 1027, in fetch2
    raise e
  File "/home/ftuser/.local/lib/python3.14/site-packages/ccxt/async_support/base/exchange.py", line 1017, in fetch2
    return await self.fetch(request['url'], request['method'], request['headers'], request['body'])
           ^^^^^^^^^^^^^^^^^^^^^^^^^^^^^^^^^^^^^^^^^^^^^^^^^^^^^^^^^^^^^^^^^^^^^^^^^^^^^^^^^^^^^^^^
  File "/home/ftuser/.local/lib/python3.14/site-packages/ccxt/async_support/base/exchange.py", line 281, in fetch
    raise ExchangeNotAvailable(details) from e
ccxt.base.errors.ExchangeNotAvailable: binance GET https://fapi.binance.com/fapi/v1/exchangeInfo

The above exception was the direct cause of the following exception:

Traceback (most recent call last):
  File "/freqtrade/freqtrade/exchange/common.py", line 179, in wrapper
    return f(*args, **kwargs)
  File "/freqtrade/freqtrade/exchange/exchange.py", line 698, in _load_async_markets
    markets = self.loop.run_until_complete(self._api_reload_markets(reload=reload))
  File "/usr/local/lib/python3.14/asyncio/base_events.py", line 719, in run_until_complete
    return future.result()
           ~~~~~~~~~~~~~^^
  File "/freqtrade/freqtrade/exchange/exchange.py", line 689, in _api_reload_markets
    raise TemporaryError(
        f"Error in reload_markets due to {e.__class__.__name__}. Message: {e}"
    ) from e
freqtrade.exceptions.TemporaryError: Error in reload_markets due to ExchangeNotAvailable. Message: binance GET https://fapi.binance.com/fapi/v1/exchangeInfo

During handling of the above exception, another exception occurred:

Traceback (most recent call last):
  File "/home/ftuser/.local/lib/python3.14/site-packages/aiohttp/connector.py", line 1325, in _wrap_create_connection
    return await self._loop.create_connection(*args, **kwargs, sock=sock)
           ^^^^^^^^^^^^^^^^^^^^^^^^^^^^^^^^^^^^^^^^^^^^^^^^^^^^^^^^^^^^^^
  File "/usr/local/lib/python3.14/asyncio/base_events.py", line 1198, in create_connection
    transport, protocol = await self._create_connection_transport(
                          ^^^^^^^^^^^^^^^^^^^^^^^^^^^^^^^^^^^^^^^^
    ...<2 lines>...
        ssl_shutdown_timeout=ssl_shutdown_timeout)
        ^^^^^^^^^^^^^^^^^^^^^^^^^^^^^^^^^^^^^^^^^^
  File "/usr/local/lib/python3.14/asyncio/base_events.py", line 1231, in _create_connection_transport
    await waiter
  File "/usr/local/lib/python3.14/asyncio/sslproto.py", line 581, in _on_handshake_complete
    raise handshake_exc
ConnectionResetError

The above exception was the direct cause of the following exception:

Traceback (most recent call last):
  File "/home/ftuser/.local/lib/python3.14/site-packages/ccxt/async_support/base/exchange.py", line 241, in fetch
    async with session_method(yarl.URL(url, encoded=True),
               ~~~~~~~~~~~~~~^^^^^^^^^^^^^^^^^^^^^^^^^^^^^
                              data=encoded_body,
                              ^^^^^^^^^^^^^^^^^^
                              headers=request_headers,
                              ^^^^^^^^^^^^^^^^^^^^^^^^
                              timeout=(self.timeout / 1000),
                              ^^^^^^^^^^^^^^^^^^^^^^^^^^^^^^
                              proxy=final_proxy) as response:
                              ^^^^^^^^^^^^^^^^^^
  File "/home/ftuser/.local/lib/python3.14/site-packages/aiohttp/client.py", line 1521, in __aenter__
    self._resp: _RetType = await self._coro
                           ^^^^^^^^^^^^^^^^
  File "/home/ftuser/.local/lib/python3.14/site-packages/aiohttp/client.py", line 788, in _request
    resp = await handler(req)
           ^^^^^^^^^^^^^^^^^^
  File "/home/ftuser/.local/lib/python3.14/site-packages/aiohttp/client.py", line 742, in _connect_and_send_request
    conn = await self._connector.connect(
           ^^^^^^^^^^^^^^^^^^^^^^^^^^^^^^
        req, traces=traces, timeout=real_timeout
        ^^^^^^^^^^^^^^^^^^^^^^^^^^^^^^^^^^^^^^^^
    )
    ^
  File "/home/ftuser/.local/lib/python3.14/site-packages/aiohttp/connector.py", line 672, in connect
    proto = await self._create_connection(req, traces, timeout)
            ^^^^^^^^^^^^^^^^^^^^^^^^^^^^^^^^^^^^^^^^^^^^^^^^^^^
  File "/home/ftuser/.local/lib/python3.14/site-packages/aiohttp/connector.py", line 1251, in _create_connection
    _, proto = await self._create_direct_connection(req, traces, timeout)
               ^^^^^^^^^^^^^^^^^^^^^^^^^^^^^^^^^^^^^^^^^^^^^^^^^^^^^^^^^^
  File "/home/ftuser/.local/lib/python3.14/site-packages/aiohttp/connector.py", line 1623, in _create_direct_connection
    raise last_exc
  File "/home/ftuser/.local/lib/python3.14/site-packages/aiohttp/connector.py", line 1592, in _create_direct_connection
    transp, proto = await self._wrap_create_connection(
                    ^^^^^^^^^^^^^^^^^^^^^^^^^^^^^^^^^^^
    ...<7 lines>...
    )
    ^
  File "/home/ftuser/.local/lib/python3.14/site-packages/aiohttp/connector.py", line 1333, in _wrap_create_connection
    raise client_error(req.connection_key, exc) from exc
aiohttp.client_exceptions.ClientConnectorError: Cannot connect to host fapi.binance.com:443 ssl:default [None]

The above exception was the direct cause of the following exception:

Traceback (most recent call last):
  File "/freqtrade/freqtrade/exchange/exchange.py", line 685, in _api_reload_markets
    await self._api_async.load_markets(reload=reload, params={})
  File "/home/ftuser/.local/lib/python3.14/site-packages/ccxt/async_support/base/exchange.py", line 365, in load_markets
    raise e
  File "/home/ftuser/.local/lib/python3.14/site-packages/ccxt/async_support/base/exchange.py", line 357, in load_markets
    result = await self.markets_loading
             ^^^^^^^^^^^^^^^^^^^^^^^^^^
  File "/home/ftuser/.local/lib/python3.14/site-packages/ccxt/async_support/base/exchange.py", line 324, in load_markets_helper
    markets = await self.fetch_markets(params)
              ^^^^^^^^^^^^^^^^^^^^^^^^^^^^^^^^
  File "/home/ftuser/.local/lib/python3.14/site-packages/ccxt/async_support/binance.py", line 3196, in fetch_markets
    results = await asyncio.gather(*promisesRaw)
              ^^^^^^^^^^^^^^^^^^^^^^^^^^^^^^^^^^
  File "/home/ftuser/.local/lib/python3.14/site-packages/ccxt/async_support/binance.py", line 11652, in request
    response = await self.fetch2(path, api, method, params, headers, body, config)
               ^^^^^^^^^^^^^^^^^^^^^^^^^^^^^^^^^^^^^^^^^^^^^^^^^^^^^^^^^^^^^^^^^^^
  File "/home/ftuser/.local/lib/python3.14/site-packages/ccxt/async_support/base/exchange.py", line 1027, in fetch2
    raise e
  File "/home/ftuser/.local/lib/python3.14/site-packages/ccxt/async_support/base/exchange.py", line 1017, in fetch2
    return await self.fetch(request['url'], request['method'], request['headers'], request['body'])
           ^^^^^^^^^^^^^^^^^^^^^^^^^^^^^^^^^^^^^^^^^^^^^^^^^^^^^^^^^^^^^^^^^^^^^^^^^^^^^^^^^^^^^^^^
  File "/home/ftuser/.local/lib/python3.14/site-packages/ccxt/async_support/base/exchange.py", line 281, in fetch
    raise ExchangeNotAvailable(details) from e
ccxt.base.errors.ExchangeNotAvailable: binance GET https://fapi.binance.com/fapi/v1/exchangeInfo

The above exception was the direct cause of the following exception:

Traceback (most recent call last):
  File "/freqtrade/freqtrade/exchange/common.py", line 179, in wrapper
    return f(*args, **kwargs)
  File "/freqtrade/freqtrade/exchange/exchange.py", line 698, in _load_async_markets
    markets = self.loop.run_until_complete(self._api_reload_markets(reload=reload))
  File "/usr/local/lib/python3.14/asyncio/base_events.py", line 719, in run_until_complete
    return future.result()
           ~~~~~~~~~~~~~^^
  File "/freqtrade/freqtrade/exchange/exchange.py", line 689, in _api_reload_markets
    raise TemporaryError(
        f"Error in reload_markets due to {e.__class__.__name__}. Message: {e}"
    ) from e
freqtrade.exceptions.TemporaryError: Error in reload_markets due to ExchangeNotAvailable. Message: binance GET https://fapi.binance.com/fapi/v1/exchangeInfo

During handling of the above exception, another exception occurred:

Traceback (most recent call last):
  File "/home/ftuser/.local/lib/python3.14/site-packages/aiohttp/connector.py", line 1325, in _wrap_create_connection
    return await self._loop.create_connection(*args, **kwargs, sock=sock)
           ^^^^^^^^^^^^^^^^^^^^^^^^^^^^^^^^^^^^^^^^^^^^^^^^^^^^^^^^^^^^^^
  File "/usr/local/lib/python3.14/asyncio/base_events.py", line 1198, in create_connection
    transport, protocol = await self._create_connection_transport(
                          ^^^^^^^^^^^^^^^^^^^^^^^^^^^^^^^^^^^^^^^^
    ...<2 lines>...
        ssl_shutdown_timeout=ssl_shutdown_timeout)
        ^^^^^^^^^^^^^^^^^^^^^^^^^^^^^^^^^^^^^^^^^^
  File "/usr/local/lib/python3.14/asyncio/base_events.py", line 1231, in _create_connection_transport
    await waiter
  File "/usr/local/lib/python3.14/asyncio/sslproto.py", line 581, in _on_handshake_complete
    raise handshake_exc
ConnectionResetError

The above exception was the direct cause of the following exception:

Traceback (most recent call last):
  File "/home/ftuser/.local/lib/python3.14/site-packages/ccxt/async_support/base/exchange.py", line 241, in fetch
    async with session_method(yarl.URL(url, encoded=True),
               ~~~~~~~~~~~~~~^^^^^^^^^^^^^^^^^^^^^^^^^^^^^
                              data=encoded_body,
                              ^^^^^^^^^^^^^^^^^^
                              headers=request_headers,
                              ^^^^^^^^^^^^^^^^^^^^^^^^
                              timeout=(self.timeout / 1000),
                              ^^^^^^^^^^^^^^^^^^^^^^^^^^^^^^
                              proxy=final_proxy) as response:
                              ^^^^^^^^^^^^^^^^^^
  File "/home/ftuser/.local/lib/python3.14/site-packages/aiohttp/client.py", line 1521, in __aenter__
    self._resp: _RetType = await self._coro
                           ^^^^^^^^^^^^^^^^
  File "/home/ftuser/.local/lib/python3.14/site-packages/aiohttp/client.py", line 788, in _request
    resp = await handler(req)
           ^^^^^^^^^^^^^^^^^^
  File "/home/ftuser/.local/lib/python3.14/site-packages/aiohttp/client.py", line 742, in _connect_and_send_request
    conn = await self._connector.connect(
           ^^^^^^^^^^^^^^^^^^^^^^^^^^^^^^
        req, traces=traces, timeout=real_timeout
        ^^^^^^^^^^^^^^^^^^^^^^^^^^^^^^^^^^^^^^^^
    )
    ^
  File "/home/ftuser/.local/lib/python3.14/site-packages/aiohttp/connector.py", line 672, in connect
    proto = await self._create_connection(req, traces, timeout)
            ^^^^^^^^^^^^^^^^^^^^^^^^^^^^^^^^^^^^^^^^^^^^^^^^^^^
  File "/home/ftuser/.local/lib/python3.14/site-packages/aiohttp/connector.py", line 1251, in _create_connection
    _, proto = await self._create_direct_connection(req, traces, timeout)
               ^^^^^^^^^^^^^^^^^^^^^^^^^^^^^^^^^^^^^^^^^^^^^^^^^^^^^^^^^^
  File "/home/ftuser/.local/lib/python3.14/site-packages/aiohttp/connector.py", line 1623, in _create_direct_connection
    raise last_exc
  File "/home/ftuser/.local/lib/python3.14/site-packages/aiohttp/connector.py", line 1592, in _create_direct_connection
    transp, proto = await self._wrap_create_connection(
                    ^^^^^^^^^^^^^^^^^^^^^^^^^^^^^^^^^^^
    ...<7 lines>...
    )
    ^
  File "/home/ftuser/.local/lib/python3.14/site-packages/aiohttp/connector.py", line 1333, in _wrap_create_connection
    raise client_error(req.connection_key, exc) from exc
aiohttp.client_exceptions.ClientConnectorError: Cannot connect to host fapi.binance.com:443 ssl:default [None]

The above exception was the direct cause of the following exception:

Traceback (most recent call last):
  File "/freqtrade/freqtrade/exchange/exchange.py", line 685, in _api_reload_markets
    await self._api_async.load_markets(reload=reload, params={})
  File "/home/ftuser/.local/lib/python3.14/site-packages/ccxt/async_support/base/exchange.py", line 365, in load_markets
    raise e
  File "/home/ftuser/.local/lib/python3.14/site-packages/ccxt/async_support/base/exchange.py", line 357, in load_markets
    result = await self.markets_loading
             ^^^^^^^^^^^^^^^^^^^^^^^^^^
  File "/home/ftuser/.local/lib/python3.14/site-packages/ccxt/async_support/base/exchange.py", line 324, in load_markets_helper
    markets = await self.fetch_markets(params)
              ^^^^^^^^^^^^^^^^^^^^^^^^^^^^^^^^
  File "/home/ftuser/.local/lib/python3.14/site-packages/ccxt/async_support/binance.py", line 3196, in fetch_markets
    results = await asyncio.gather(*promisesRaw)
              ^^^^^^^^^^^^^^^^^^^^^^^^^^^^^^^^^^
  File "/home/ftuser/.local/lib/python3.14/site-packages/ccxt/async_support/binance.py", line 11652, in request
    response = await self.fetch2(path, api, method, params, headers, body, config)
               ^^^^^^^^^^^^^^^^^^^^^^^^^^^^^^^^^^^^^^^^^^^^^^^^^^^^^^^^^^^^^^^^^^^
  File "/home/ftuser/.local/lib/python3.14/site-packages/ccxt/async_support/base/exchange.py", line 1027, in fetch2
    raise e
  File "/home/ftuser/.local/lib/python3.14/site-packages/ccxt/async_support/base/exchange.py", line 1017, in fetch2
    return await self.fetch(request['url'], request['method'], request['headers'], request['body'])
           ^^^^^^^^^^^^^^^^^^^^^^^^^^^^^^^^^^^^^^^^^^^^^^^^^^^^^^^^^^^^^^^^^^^^^^^^^^^^^^^^^^^^^^^^
  File "/home/ftuser/.local/lib/python3.14/site-packages/ccxt/async_support/base/exchange.py", line 281, in fetch
    raise ExchangeNotAvailable(details) from e
ccxt.base.errors.ExchangeNotAvailable: binance GET https://fapi.binance.com/fapi/v1/exchangeInfo

The above exception was the direct cause of the following exception:

Traceback (most recent call last):
  File "/freqtrade/freqtrade/exchange/common.py", line 179, in wrapper
    return f(*args, **kwargs)
  File "/freqtrade/freqtrade/exchange/exchange.py", line 698, in _load_async_markets
    markets = self.loop.run_until_complete(self._api_reload_markets(reload=reload))
  File "/usr/local/lib/python3.14/asyncio/base_events.py", line 719, in run_until_complete
    return future.result()
           ~~~~~~~~~~~~~^^
  File "/freqtrade/freqtrade/exchange/exchange.py", line 689, in _api_reload_markets
    raise TemporaryError(
        f"Error in reload_markets due to {e.__class__.__name__}. Message: {e}"
    ) from e
freqtrade.exceptions.TemporaryError: Error in reload_markets due to ExchangeNotAvailable. Message: binance GET https://fapi.binance.com/fapi/v1/exchangeInfo

During handling of the above exception, another exception occurred:

Traceback (most recent call last):
  File "/home/ftuser/.local/lib/python3.14/site-packages/aiohttp/connector.py", line 1325, in _wrap_create_connection
    return await self._loop.create_connection(*args, **kwargs, sock=sock)
           ^^^^^^^^^^^^^^^^^^^^^^^^^^^^^^^^^^^^^^^^^^^^^^^^^^^^^^^^^^^^^^
  File "/usr/local/lib/python3.14/asyncio/base_events.py", line 1198, in create_connection
    transport, protocol = await self._create_connection_transport(
                          ^^^^^^^^^^^^^^^^^^^^^^^^^^^^^^^^^^^^^^^^
    ...<2 lines>...
        ssl_shutdown_timeout=ssl_shutdown_timeout)
        ^^^^^^^^^^^^^^^^^^^^^^^^^^^^^^^^^^^^^^^^^^
  File "/usr/local/lib/python3.14/asyncio/base_events.py", line 1231, in _create_connection_transport
    await waiter
  File "/usr/local/lib/python3.14/asyncio/sslproto.py", line 581, in _on_handshake_complete
    raise handshake_exc
ConnectionResetError

The above exception was the direct cause of the following exception:

Traceback (most recent call last):
  File "/home/ftuser/.local/lib/python3.14/site-packages/ccxt/async_support/base/exchange.py", line 241, in fetch
    async with session_method(yarl.URL(url, encoded=True),
               ~~~~~~~~~~~~~~^^^^^^^^^^^^^^^^^^^^^^^^^^^^^
                              data=encoded_body,
                              ^^^^^^^^^^^^^^^^^^
                              headers=request_headers,
                              ^^^^^^^^^^^^^^^^^^^^^^^^
                              timeout=(self.timeout / 1000),
                              ^^^^^^^^^^^^^^^^^^^^^^^^^^^^^^
                              proxy=final_proxy) as response:
                              ^^^^^^^^^^^^^^^^^^
  File "/home/ftuser/.local/lib/python3.14/site-packages/aiohttp/client.py", line 1521, in __aenter__
    self._resp: _RetType = await self._coro
                           ^^^^^^^^^^^^^^^^
  File "/home/ftuser/.local/lib/python3.14/site-packages/aiohttp/client.py", line 788, in _request
    resp = await handler(req)
           ^^^^^^^^^^^^^^^^^^
  File "/home/ftuser/.local/lib/python3.14/site-packages/aiohttp/client.py", line 742, in _connect_and_send_request
    conn = await self._connector.connect(
           ^^^^^^^^^^^^^^^^^^^^^^^^^^^^^^
        req, traces=traces, timeout=real_timeout
        ^^^^^^^^^^^^^^^^^^^^^^^^^^^^^^^^^^^^^^^^
    )
    ^
  File "/home/ftuser/.local/lib/python3.14/site-packages/aiohttp/connector.py", line 672, in connect
    proto = await self._create_connection(req, traces, timeout)
            ^^^^^^^^^^^^^^^^^^^^^^^^^^^^^^^^^^^^^^^^^^^^^^^^^^^
  File "/home/ftuser/.local/lib/python3.14/site-packages/aiohttp/connector.py", line 1251, in _create_connection
    _, proto = await self._create_direct_connection(req, traces, timeout)
               ^^^^^^^^^^^^^^^^^^^^^^^^^^^^^^^^^^^^^^^^^^^^^^^^^^^^^^^^^^
  File "/home/ftuser/.local/lib/python3.14/site-packages/aiohttp/connector.py", line 1623, in _create_direct_connection
    raise last_exc
  File "/home/ftuser/.local/lib/python3.14/site-packages/aiohttp/connector.py", line 1592, in _create_direct_connection
    transp, proto = await self._wrap_create_connection(
                    ^^^^^^^^^^^^^^^^^^^^^^^^^^^^^^^^^^^
    ...<7 lines>...
    )
    ^
  File "/home/ftuser/.local/lib/python3.14/site-packages/aiohttp/connector.py", line 1333, in _wrap_create_connection
    raise client_error(req.connection_key, exc) from exc
aiohttp.client_exceptions.ClientConnectorError: Cannot connect to host fapi.binance.com:443 ssl:default [None]

The above exception was the direct cause of the following exception:

Traceback (most recent call last):
  File "/freqtrade/freqtrade/exchange/exchange.py", line 685, in _api_reload_markets
    await self._api_async.load_markets(reload=reload, params={})
  File "/home/ftuser/.local/lib/python3.14/site-packages/ccxt/async_support/base/exchange.py", line 365, in load_markets
    raise e
  File "/home/ftuser/.local/lib/python3.14/site-packages/ccxt/async_support/base/exchange.py", line 357, in load_markets
    result = await self.markets_loading
             ^^^^^^^^^^^^^^^^^^^^^^^^^^
  File "/home/ftuser/.local/lib/python3.14/site-packages/ccxt/async_support/base/exchange.py", line 324, in load_markets_helper
    markets = await self.fetch_markets(params)
              ^^^^^^^^^^^^^^^^^^^^^^^^^^^^^^^^
  File "/home/ftuser/.local/lib/python3.14/site-packages/ccxt/async_support/binance.py", line 3196, in fetch_markets
    results = await asyncio.gather(*promisesRaw)
              ^^^^^^^^^^^^^^^^^^^^^^^^^^^^^^^^^^
  File "/home/ftuser/.local/lib/python3.14/site-packages/ccxt/async_support/binance.py", line 11652, in request
    response = await self.fetch2(path, api, method, params, headers, body, config)
               ^^^^^^^^^^^^^^^^^^^^^^^^^^^^^^^^^^^^^^^^^^^^^^^^^^^^^^^^^^^^^^^^^^^
  File "/home/ftuser/.local/lib/python3.14/site-packages/ccxt/async_support/base/exchange.py", line 1027, in fetch2
    raise e
  File "/home/ftuser/.local/lib/python3.14/site-packages/ccxt/async_support/base/exchange.py", line 1017, in fetch2
    return await self.fetch(request['url'], request['method'], request['headers'], request['body'])
           ^^^^^^^^^^^^^^^^^^^^^^^^^^^^^^^^^^^^^^^^^^^^^^^^^^^^^^^^^^^^^^^^^^^^^^^^^^^^^^^^^^^^^^^^
  File "/home/ftuser/.local/lib/python3.14/site-packages/ccxt/async_support/base/exchange.py", line 281, in fetch
    raise ExchangeNotAvailable(details) from e
ccxt.base.errors.ExchangeNotAvailable: binance GET https://fapi.binance.com/fapi/v1/exchangeInfo

The above exception was the direct cause of the following exception:

Traceback (most recent call last):
  File "/freqtrade/freqtrade/exchange/exchange.py", line 725, in reload_markets
    retrier(self._load_async_markets, retries=retries)(reload=True)
    ~~~~~~~~~~~~~~~~~~~~~~~~~~~~~~~~~~~~~~~~~~~~~~~~~~^^^^^^^^^^^^^
  File "/freqtrade/freqtrade/exchange/common.py", line 191, in wrapper
    return wrapper(*args, **kwargs)
  File "/freqtrade/freqtrade/exchange/common.py", line 191, in wrapper
    return wrapper(*args, **kwargs)
  File "/freqtrade/freqtrade/exchange/common.py", line 191, in wrapper
    return wrapper(*args, **kwargs)
  File "/freqtrade/freqtrade/exchange/common.py", line 194, in wrapper
    raise ex
  File "/freqtrade/freqtrade/exchange/common.py", line 179, in wrapper
    return f(*args, **kwargs)
  File "/freqtrade/freqtrade/exchange/exchange.py", line 698, in _load_async_markets
    markets = self.loop.run_until_complete(self._api_reload_markets(reload=reload))
  File "/usr/local/lib/python3.14/asyncio/base_events.py", line 719, in run_until_complete
    return future.result()
           ~~~~~~~~~~~~~^^
  File "/freqtrade/freqtrade/exchange/exchange.py", line 689, in _api_reload_markets
    raise TemporaryError(
        f"Error in reload_markets due to {e.__class__.__name__}. Message: {e}"
    ) from e
freqtrade.exceptions.TemporaryError: Error in reload_markets due to ExchangeNotAvailable. Message: binance GET https://fapi.binance.com/fapi/v1/exchangeInfo
2026-06-12 09:48:18,301 - freqtrade - ERROR - Could not load markets, therefore cannot start. Please investigate the above error for more details.

time="2026-06-12T17:49:13+08:00" level=warning msg="Found orphan containers ([nfi-top9-exbtc-10000u-max4-dryrun]) for this project. If you removed or renamed this service in your compose file, you can run this command with the --remove-orphans flag to clean it up."
 Container ft_userdata-freqtrade-run-39b6da2bbf15 Creating 
 Container ft_userdata-freqtrade-run-39b6da2bbf15 Created 
2026-06-12 09:49:14,032 - freqtrade - INFO - freqtrade 2026.4
2026-06-12 09:49:14,276 - numexpr.utils - INFO - NumExpr defaulting to 16 threads.
2026-06-12 09:49:15,420 - freqtrade.configuration.load_config - INFO - Using config: /freqtrade/user_data/strategies/research/dual_trend_robustness_runs/20260612_165506/configs/base.json ...
2026-06-12 09:49:15,431 - freqtrade.loggers - INFO - Enabling colorized output.
2026-06-12 09:49:15,431 - freqtrade.loggers - INFO - Logfile configured
2026-06-12 09:49:15,431 - freqtrade.loggers - INFO - Verbosity set to 0
2026-06-12 09:49:15,432 - freqtrade.configuration.configuration - INFO - Using additional Strategy lookup path: /freqtrade/user_data/strategies
2026-06-12 09:49:15,432 - freqtrade.configuration.configuration - INFO - Parameter --max-open-trades detected, overriding max_open_trades to: 5 ...
2026-06-12 09:49:15,432 - freqtrade.configuration.configuration - INFO - Parameter --timerange detected: 20250101-20260507 ...
2026-06-12 09:49:38,786 - freqtrade.configuration.configuration - INFO - Using user-data directory: /freqtrade/user_data ...
2026-06-12 09:49:38,789 - freqtrade.configuration.configuration - INFO - Using data directory: /freqtrade/user_data/data/binance ...
2026-06-12 09:49:38,790 - freqtrade.configuration.configuration - INFO - Using /freqtrade/user_data/strategies/research/dual_trend_robustness_runs/20260612_165506/results/risk_recent_0.005_0.45_5 as 
backtest directory ...
2026-06-12 09:49:38,790 - freqtrade.configuration.configuration - INFO - Recursively searching for a strategy in the strategies folder.
2026-06-12 09:49:38,790 - freqtrade.configuration.configuration - INFO - Parameter --export detected: trades ...
2026-06-12 09:49:38,791 - freqtrade.configuration.configuration - INFO - Parameter --breakdown detected ...
2026-06-12 09:49:38,791 - freqtrade.configuration.configuration - INFO - Parameter --cache=none detected ...
2026-06-12 09:49:38,791 - freqtrade.configuration.configuration - INFO - Filter trades by timerange: 20250101-20260507
2026-06-12 09:49:38,792 - freqtrade.exchange.check_exchange - INFO - Checking exchange...
2026-06-12 09:49:38,800 - freqtrade.exchange.check_exchange - INFO - Exchange "binance" is officially supported by the Freqtrade development team.
2026-06-12 09:49:38,800 - freqtrade.configuration.configuration - INFO - Using pairlist from configuration.
2026-06-12 09:49:38,801 - freqtrade.configuration.config_validation - INFO - Validating configuration ...
2026-06-12 09:49:38,802 - freqtrade.commands.optimize_commands - INFO - Starting freqtrade in Backtesting mode
2026-06-12 09:49:38,803 - freqtrade.exchange.exchange - INFO - Instance is running with dry_run enabled
2026-06-12 09:49:38,803 - freqtrade.exchange.exchange - INFO - Using CCXT 4.5.50
2026-06-12 09:49:38,803 - freqtrade.exchange.exchange - INFO - Applying additional ccxt config: {'options': {'defaultType': 'swap', 'adjustForTimeDifference': True, 'recvWindow': 60000, 
'fetchCurrencies': False, 'fetchMarkets': ['linear']}, 'enableRateLimit': True, 'timeout': 60000}
2026-06-12 09:49:38,810 - freqtrade.exchange.exchange - INFO - Applying additional ccxt config: {'options': {'defaultType': 'swap', 'adjustForTimeDifference': True, 'recvWindow': 60000, 
'fetchCurrencies': False, 'fetchMarkets': ['linear']}, 'enableRateLimit': True, 'timeout': 60000}
2026-06-12 09:49:38,816 - freqtrade.exchange.exchange - INFO - Using Exchange "Binance"
2026-06-12 09:49:43,859 - freqtrade.exchange.common - WARNING - _load_async_markets() returned exception: "Error in reload_markets due to ExchangeNotAvailable. Message: binance GET 
https://fapi.binance.com/fapi/v1/exchangeInfo". Retrying still for 3 times.
2026-06-12 09:49:45,239 - freqtrade.resolvers.exchange_resolver - INFO - Using resolved exchange 'Binance'...
2026-06-12 09:49:47,961 - freqtrade.resolvers.iresolver - INFO - Using resolved strategy DualTrendRobustRisk0p005Cap0p45Strategy from 
'/freqtrade/user_data/strategies/DualTrendRobustnessTempStrategies.py'...
2026-06-12 09:49:47,964 - freqtrade.strategy.hyper - INFO - Found no parameter file.
2026-06-12 09:49:47,964 - freqtrade.resolvers.strategy_resolver - INFO - Override strategy 'stake_currency' with value from the configuration: USDT.
2026-06-12 09:49:47,965 - freqtrade.resolvers.strategy_resolver - INFO - Override strategy 'stake_amount' with value from the configuration: unlimited.
2026-06-12 09:49:47,965 - freqtrade.resolvers.strategy_resolver - INFO - Override strategy 'unfilledtimeout' with value from the configuration: {'entry': 10, 'exit': 10, 'exit_timeout_count': 0, 
'unit': 'minutes'}.
2026-06-12 09:49:47,965 - freqtrade.resolvers.strategy_resolver - INFO - Override strategy 'max_open_trades' with value from the configuration: 5.
2026-06-12 09:49:47,965 - freqtrade.resolvers.strategy_resolver - INFO - Strategy using minimal_roi: {'0': 0.1}
2026-06-12 09:49:47,965 - freqtrade.resolvers.strategy_resolver - INFO - Strategy using timeframe: 1h
2026-06-12 09:49:47,966 - freqtrade.resolvers.strategy_resolver - INFO - Strategy using stoploss: -0.06
2026-06-12 09:49:47,966 - freqtrade.resolvers.strategy_resolver - INFO - Strategy using trailing_stop: False
2026-06-12 09:49:47,966 - freqtrade.resolvers.strategy_resolver - INFO - Strategy using trailing_stop_positive_offset: 0.0
2026-06-12 09:49:47,966 - freqtrade.resolvers.strategy_resolver - INFO - Strategy using trailing_only_offset_is_reached: False
2026-06-12 09:49:47,966 - freqtrade.resolvers.strategy_resolver - INFO - Strategy using use_custom_stoploss: True
2026-06-12 09:49:47,966 - freqtrade.resolvers.strategy_resolver - INFO - Strategy using process_only_new_candles: True
2026-06-12 09:49:47,966 - freqtrade.resolvers.strategy_resolver - INFO - Strategy using order_types: {'entry': 'limit', 'exit': 'limit', 'stoploss': 'limit', 'stoploss_on_exchange': False, 
'stoploss_on_exchange_interval': 60}
2026-06-12 09:49:47,967 - freqtrade.resolvers.strategy_resolver - INFO - Strategy using order_time_in_force: {'entry': 'GTC', 'exit': 'GTC'}
2026-06-12 09:49:47,967 - freqtrade.resolvers.strategy_resolver - INFO - Strategy using stake_currency: USDT
2026-06-12 09:49:47,967 - freqtrade.resolvers.strategy_resolver - INFO - Strategy using stake_amount: unlimited
2026-06-12 09:49:47,967 - freqtrade.resolvers.strategy_resolver - INFO - Strategy using startup_candle_count: 1000
2026-06-12 09:49:47,967 - freqtrade.resolvers.strategy_resolver - INFO - Strategy using unfilledtimeout: {'entry': 10, 'exit': 10, 'exit_timeout_count': 0, 'unit': 'minutes'}
2026-06-12 09:49:47,967 - freqtrade.resolvers.strategy_resolver - INFO - Strategy using use_exit_signal: True
2026-06-12 09:49:47,968 - freqtrade.resolvers.strategy_resolver - INFO - Strategy using exit_profit_only: False
2026-06-12 09:49:47,968 - freqtrade.resolvers.strategy_resolver - INFO - Strategy using ignore_roi_if_entry_signal: True
2026-06-12 09:49:47,968 - freqtrade.resolvers.strategy_resolver - INFO - Strategy using exit_profit_offset: 0.0
2026-06-12 09:49:47,968 - freqtrade.resolvers.strategy_resolver - INFO - Strategy using disable_dataframe_checks: False
2026-06-12 09:49:47,968 - freqtrade.resolvers.strategy_resolver - INFO - Strategy using ignore_buying_expired_candle_after: 0
2026-06-12 09:49:47,968 - freqtrade.resolvers.strategy_resolver - INFO - Strategy using position_adjustment_enable: False
2026-06-12 09:49:47,968 - freqtrade.resolvers.strategy_resolver - INFO - Strategy using max_entry_position_adjustment: -1
2026-06-12 09:49:47,969 - freqtrade.resolvers.strategy_resolver - INFO - Strategy using max_open_trades: 5
2026-06-12 09:49:47,969 - freqtrade.configuration.config_validation - INFO - Validating configuration ...
2026-06-12 09:49:47,972 - freqtrade.resolvers.iresolver - INFO - Using resolved pairlist StaticPairList from '/freqtrade/freqtrade/plugins/pairlist/StaticPairList.py'...
2026-06-12 09:49:47,979 - freqtrade.optimize.backtesting - INFO - Using fee 0.0500% - worst case fee from exchange (lowest tier).
2026-06-12 09:49:47,979 - freqtrade.exchange.exchange - WARNING - Using 3 calls to get OHLCV. This can result in slower operations for the bot. Please check if you really need 1000 candles for your 
strategy.
2026-06-12 09:49:48,518 - freqtrade.data.history.datahandlers.idatahandler - WARNING - TAO/USDT:USDT, futures, 1h, data ends at 2026-04-20 00:00:00
2026-06-12 09:49:48,532 - freqtrade.optimize.backtesting - INFO - Loading data from 2024-11-20 08:00:00 up to 2026-05-07 00:00:00 (532 days).
2026-06-12 09:49:48,607 - freqtrade.data.history.datahandlers.idatahandler - WARNING - BTC/USDT:USDT, funding_rate, 1h, data ends at 2026-05-06 16:00:00
2026-06-12 09:49:48,629 - freqtrade.data.history.datahandlers.idatahandler - WARNING - ETH/USDT:USDT, funding_rate, 1h, data ends at 2026-05-06 16:00:00
2026-06-12 09:49:48,796 - freqtrade.data.history.datahandlers.idatahandler - WARNING - DOGE/USDT:USDT, funding_rate, 1h, data ends at 2026-05-06 16:00:00
2026-06-12 09:49:48,925 - freqtrade.data.history.datahandlers.idatahandler - WARNING - TRX/USDT:USDT, funding_rate, 1h, data ends at 2026-05-06 16:00:00
2026-06-12 09:49:48,976 - freqtrade.data.history.datahandlers.idatahandler - WARNING - ZEC/USDT:USDT, funding_rate, 1h, data ends at 2026-05-06 16:00:00
2026-06-12 09:49:48,999 - freqtrade.data.history.datahandlers.idatahandler - WARNING - TAO/USDT:USDT, funding_rate, 1h, data ends at 2026-04-19 20:00:00
2026-06-12 09:49:49,606 - freqtrade.data.history.datahandlers.idatahandler - WARNING - TAO/USDT:USDT, mark, 1h, data ends at 2026-04-20 00:00:00
2026-06-12 09:49:50,505 - freqtrade.optimize.backtesting - INFO - Dataload complete. Calculating indicators
2026-06-12 09:49:50,511 - freqtrade.optimize.backtesting - INFO - Running backtesting for Strategy DualTrendRobustRisk0p005Cap0p45Strategy
2026-06-12 09:49:50,513 - freqtrade.data.dataprovider - INFO - Loading data for BTC/USDT:USDT 4h from 2024-07-18 08:00:00 to 2026-05-07 00:00:00
2026-06-12 09:49:50,534 - freqtrade.data.history.datahandlers.idatahandler - WARNING - BTC/USDT:USDT, futures, 4h, data ends at 2026-05-06 12:00:00
2026-06-12 09:49:50,578 - freqtrade.data.dataprovider - INFO - Loading data for ETH/USDT:USDT 4h from 2024-07-18 08:00:00 to 2026-05-07 00:00:00
2026-06-12 09:49:50,592 - freqtrade.data.history.datahandlers.idatahandler - WARNING - ETH/USDT:USDT, futures, 4h, data ends at 2026-05-06 12:00:00
2026-06-12 09:49:50,634 - freqtrade.data.dataprovider - INFO - Loading data for BNB/USDT:USDT 4h from 2024-07-18 08:00:00 to 2026-05-07 00:00:00
2026-06-12 09:49:50,646 - freqtrade.data.history.datahandlers.idatahandler - WARNING - BNB/USDT:USDT, futures, 4h, data ends at 2026-05-06 16:00:00
2026-06-12 09:49:50,689 - freqtrade.data.dataprovider - INFO - Loading data for SOL/USDT:USDT 4h from 2024-07-18 08:00:00 to 2026-05-07 00:00:00
2026-06-12 09:49:50,707 - freqtrade.data.history.datahandlers.idatahandler - WARNING - SOL/USDT:USDT, futures, 4h, data ends at 2026-05-06 16:00:00
2026-06-12 09:49:50,751 - freqtrade.data.dataprovider - INFO - Loading data for XRP/USDT:USDT 4h from 2024-07-18 08:00:00 to 2026-05-07 00:00:00
2026-06-12 09:49:50,797 - freqtrade.data.history.datahandlers.idatahandler - WARNING - XRP/USDT:USDT, futures, 4h, data ends at 2026-05-06 16:00:00
2026-06-12 09:49:50,842 - freqtrade.data.dataprovider - INFO - Loading data for DOGE/USDT:USDT 4h from 2024-07-18 08:00:00 to 2026-05-07 00:00:00
2026-06-12 09:49:50,869 - freqtrade.data.history.datahandlers.idatahandler - WARNING - DOGE/USDT:USDT, futures, 4h, data ends at 2026-05-06 12:00:00
2026-06-12 09:49:50,921 - freqtrade.data.dataprovider - INFO - Loading data for ADA/USDT:USDT 4h from 2024-07-18 08:00:00 to 2026-05-07 00:00:00
2026-06-12 09:49:50,943 - freqtrade.data.history.datahandlers.idatahandler - WARNING - ADA/USDT:USDT, futures, 4h, data ends at 2026-05-06 16:00:00
2026-06-12 09:49:50,995 - freqtrade.data.dataprovider - INFO - Loading data for LINK/USDT:USDT 4h from 2024-07-18 08:00:00 to 2026-05-07 00:00:00
2026-06-12 09:49:51,017 - freqtrade.data.history.datahandlers.idatahandler - WARNING - LINK/USDT:USDT, futures, 4h, data ends at 2026-05-06 16:00:00
2026-06-12 09:49:51,068 - freqtrade.data.dataprovider - INFO - Loading data for NEAR/USDT:USDT 4h from 2024-07-18 08:00:00 to 2026-05-07 00:00:00
2026-06-12 09:49:51,083 - freqtrade.data.history.datahandlers.idatahandler - WARNING - NEAR/USDT:USDT, futures, 4h, data ends at 2026-05-06 16:00:00
2026-06-12 09:49:51,135 - freqtrade.data.dataprovider - INFO - Loading data for SUI/USDT:USDT 4h from 2024-07-18 08:00:00 to 2026-05-07 00:00:00
2026-06-12 09:49:51,205 - freqtrade.data.dataprovider - INFO - Loading data for TRX/USDT:USDT 4h from 2024-07-18 08:00:00 to 2026-05-07 00:00:00
2026-06-12 09:49:51,225 - freqtrade.data.history.datahandlers.idatahandler - WARNING - TRX/USDT:USDT, futures, 4h, data ends at 2026-05-06 12:00:00
2026-06-12 09:49:51,275 - freqtrade.data.dataprovider - INFO - Loading data for ZEC/USDT:USDT 4h from 2024-07-18 08:00:00 to 2026-05-07 00:00:00
2026-06-12 09:49:51,347 - freqtrade.data.history.datahandlers.idatahandler - WARNING - ZEC/USDT:USDT, futures, 4h, data ends at 2026-05-06 12:00:00
2026-06-12 09:49:51,395 - freqtrade.data.dataprovider - INFO - Loading data for TAO/USDT:USDT 4h from 2024-07-18 08:00:00 to 2026-05-07 00:00:00
2026-06-12 09:49:51,412 - freqtrade.data.history.datahandlers.idatahandler - WARNING - TAO/USDT:USDT, futures, 4h, data ends at 2026-04-19 16:00:00
2026-06-12 09:49:51,459 - freqtrade.optimize.backtesting - INFO - Backtesting with data from 2025-01-01 00:00:00 up to 2026-05-07 00:00:00 (491 days).
2026-06-12 09:49:51,461 - freqtrade.resolvers.iresolver - INFO - Using resolved protection CooldownPeriod from '/freqtrade/freqtrade/plugins/protections/cooldown_period.py'...
2026-06-12 09:49:51,462 - freqtrade.resolvers.iresolver - INFO - Using resolved protection StoplossGuard from '/freqtrade/freqtrade/plugins/protections/stoploss_guard.py'...
2026-06-12 09:49:51,464 - freqtrade.resolvers.iresolver - INFO - Using resolved protection MaxDrawdown from '/freqtrade/freqtrade/plugins/protections/max_drawdown_protection.py'...
2026-06-12 09:50:13,927 - freqtrade.misc - INFO - dumping json to 
"/freqtrade/user_data/strategies/research/dual_trend_robustness_runs/20260612_165506/results/risk_recent_0.005_0.45_5/backtest-result-2026-06-12_09-50-13.meta.json"
Result for strategy DualTrendRobustRisk0p005Cap0p45Strategy
                                                  BACKTESTING REPORT                                                   
┏━━━━━━━━━━━━━━━━┳━━━━━━━━┳━━━━━━━━━━━━━━┳━━━━━━━━━━━━━━━━━┳━━━━━━━━━━━━━━┳━━━━━━━━━━━━━━━━━━┳━━━━━━━━━━━━━━━━━━━━━━━━┓
┃           Pair ┃ Trades ┃ Avg Profit % ┃ Tot Profit USDT ┃ Tot Profit % ┃     Avg Duration ┃  Win  Draw  Loss  Win% ┃
┡━━━━━━━━━━━━━━━━╇━━━━━━━━╇━━━━━━━━━━━━━━╇━━━━━━━━━━━━━━━━━╇━━━━━━━━━━━━━━╇━━━━━━━━━━━━━━━━━━╇━━━━━━━━━━━━━━━━━━━━━━━━┩
│  XRP/USDT:USDT │     20 │         2.05 │          65.802 │         6.58 │  3 days, 0:15:00 │    9     0    11  45.0 │
│  BTC/USDT:USDT │     19 │         1.09 │          56.768 │         5.68 │  2 days, 5:13:00 │    7     0    12  36.8 │
│  ETH/USDT:USDT │     19 │         1.79 │          47.415 │         4.74 │  2 days, 3:13:00 │    7     0    12  36.8 │
│  ZEC/USDT:USDT │      7 │         4.83 │          47.239 │         4.72 │ 2 days, 17:34:00 │    5     0     2  71.4 │
│  ADA/USDT:USDT │     23 │          1.5 │          39.471 │         3.95 │  2 days, 2:21:00 │    7     0    16  30.4 │
│ DOGE/USDT:USDT │     21 │         1.71 │          36.537 │         3.65 │  1 day, 10:46:00 │    7     0    14  33.3 │
│  SUI/USDT:USDT │     15 │         0.94 │          24.329 │         2.43 │  2 days, 1:52:00 │    6     0     9  40.0 │
│ NEAR/USDT:USDT │     21 │         0.48 │          23.526 │         2.35 │  1 day, 10:34:00 │    6     0    15  28.6 │
│  SOL/USDT:USDT │     19 │         1.24 │          22.078 │         2.21 │   1 day, 5:47:00 │    6     0    13  31.6 │
│  TAO/USDT:USDT │     13 │         0.42 │          18.460 │         1.85 │  1 day, 22:00:00 │    5     0     8  38.5 │
│  BNB/USDT:USDT │     11 │        -0.48 │         -14.289 │        -1.43 │  2 days, 8:55:00 │    4     0     7  36.4 │
│  TRX/USDT:USDT │     13 │         -0.7 │         -36.271 │        -3.63 │  3 days, 1:32:00 │    1     0    12   7.7 │
│ LINK/USDT:USDT │     19 │        -1.13 │         -46.584 │        -4.66 │  1 day, 15:47:00 │    3     0    16  15.8 │
│          TOTAL │    220 │         0.99 │         284.481 │        28.45 │  2 days, 0:52:00 │   73     0   147  33.2 │
└────────────────┴────────┴──────────────┴─────────────────┴──────────────┴──────────────────┴────────────────────────┘
                                         LEFT OPEN TRADES REPORT                                          
┏━━━━━━━┳━━━━━━━━┳━━━━━━━━━━━━━━┳━━━━━━━━━━━━━━━━━┳━━━━━━━━━━━━━━┳━━━━━━━━━━━━━━┳━━━━━━━━━━━━━━━━━━━━━━━━┓
┃  Pair ┃ Trades ┃ Avg Profit % ┃ Tot Profit USDT ┃ Tot Profit % ┃ Avg Duration ┃  Win  Draw  Loss  Win% ┃
┡━━━━━━━╇━━━━━━━━╇━━━━━━━━━━━━━━╇━━━━━━━━━━━━━━━━━╇━━━━━━━━━━━━━━╇━━━━━━━━━━━━━━╇━━━━━━━━━━━━━━━━━━━━━━━━┩
│ TOTAL │      0 │          0.0 │           0.000 │          0.0 │         0:00 │    0     0     0     0 │
└───────┴────────┴──────────────┴─────────────────┴──────────────┴──────────────┴────────────────────────┘
                                                          ENTER TAG STATS                                                           
┏━━━━━━━━━━━━━━━━━━━━━━━━━━━━━┳━━━━━━━━━┳━━━━━━━━━━━━━━┳━━━━━━━━━━━━━━━━━┳━━━━━━━━━━━━━━┳━━━━━━━━━━━━━━━━━┳━━━━━━━━━━━━━━━━━━━━━━━━┓
┃                   Enter Tag ┃ Entries ┃ Avg Profit % ┃ Tot Profit USDT ┃ Tot Profit % ┃    Avg Duration ┃  Win  Draw  Loss  Win% ┃
┡━━━━━━━━━━━━━━━━━━━━━━━━━━━━━╇━━━━━━━━━╇━━━━━━━━━━━━━━╇━━━━━━━━━━━━━━━━━╇━━━━━━━━━━━━━━╇━━━━━━━━━━━━━━━━━╇━━━━━━━━━━━━━━━━━━━━━━━━┩
│ short_compression_breakdown │      44 │         2.42 │         189.780 │        18.98 │ 1 day, 22:30:00 │   18     0    26  40.9 │
│      short_pullback_restart │     176 │         0.63 │          94.701 │         9.47 │ 2 days, 1:28:00 │   55     0   121  31.3 │
│                       TOTAL │     220 │         0.99 │         284.481 │        28.45 │ 2 days, 0:52:00 │   73     0   147  33.2 │
└─────────────────────────────┴─────────┴──────────────┴─────────────────┴──────────────┴─────────────────┴────────────────────────┘
                                                      EXIT REASON STATS                                                       
┏━━━━━━━━━━━━━━━━━━━━━━━┳━━━━━━━┳━━━━━━━━━━━━━━┳━━━━━━━━━━━━━━━━━┳━━━━━━━━━━━━━━┳━━━━━━━━━━━━━━━━━━━┳━━━━━━━━━━━━━━━━━━━━━━━━┓
┃           Exit Reason ┃ Exits ┃ Avg Profit % ┃ Tot Profit USDT ┃ Tot Profit % ┃      Avg Duration ┃  Win  Draw  Loss  Win% ┃
┡━━━━━━━━━━━━━━━━━━━━━━━╇━━━━━━━╇━━━━━━━━━━━━━━╇━━━━━━━━━━━━━━━━━╇━━━━━━━━━━━━━━╇━━━━━━━━━━━━━━━━━━━╇━━━━━━━━━━━━━━━━━━━━━━━━┩
│                   roi │    57 │         10.0 │         951.517 │        95.15 │   1 day, 23:06:00 │   57     0     0   100 │
│       stale_flat_120h │    14 │         0.64 │          19.604 │         1.96 │  5 days, 21:39:00 │   14     0     0   100 │
│ stale_low_profit_240h │     2 │         2.71 │          13.205 │         1.32 │ 10 days, 13:30:00 │    2     0     0   100 │
│        stale_loss_72h │    36 │        -0.58 │         -43.867 │        -4.39 │  3 days, 16:10:00 │    0     0    36     0 │
│    trailing_stop_loss │    31 │        -2.93 │        -172.221 │       -17.22 │          19:46:00 │    0     0    31     0 │
│             stop_loss │    80 │        -3.19 │        -483.757 │       -48.38 │          22:22:00 │    0     0    80     0 │
│                 TOTAL │   220 │         0.99 │         284.481 │        28.45 │   2 days, 0:52:00 │   73     0   147  33.2 │
└───────────────────────┴───────┴──────────────┴─────────────────┴──────────────┴───────────────────┴────────────────────────┘
                                                                       MIXED TAG STATS                                                                       
┏━━━━━━━━━━━━━━━━━━━━━━━━━━━━━┳━━━━━━━━━━━━━━━━━━━━━━━┳━━━━━━━━┳━━━━━━━━━━━━━━┳━━━━━━━━━━━━━━━━━┳━━━━━━━━━━━━━━┳━━━━━━━━━━━━━━━━━━━┳━━━━━━━━━━━━━━━━━━━━━━━━┓
┃                   Enter Tag ┃           Exit Reason ┃ Trades ┃ Avg Profit % ┃ Tot Profit USDT ┃ Tot Profit % ┃      Avg Duration ┃  Win  Draw  Loss  Win% ┃
┡━━━━━━━━━━━━━━━━━━━━━━━━━━━━━╇━━━━━━━━━━━━━━━━━━━━━━━╇━━━━━━━━╇━━━━━━━━━━━━━━╇━━━━━━━━━━━━━━━━━╇━━━━━━━━━━━━━━╇━━━━━━━━━━━━━━━━━━━╇━━━━━━━━━━━━━━━━━━━━━━━━┩
│      short_pullback_restart │                   roi │     40 │         10.0 │         648.659 │        64.87 │   1 day, 21:52:00 │   40     0     0   100 │
│ short_compression_breakdown │                   roi │     17 │         10.0 │         302.858 │        30.29 │   2 days, 2:00:00 │   17     0     0   100 │
│      short_pullback_restart │       stale_flat_120h │     13 │         0.65 │          18.951 │          1.9 │  5 days, 23:09:00 │   13     0     0   100 │
│      short_pullback_restart │ stale_low_profit_240h │      2 │         2.71 │          13.205 │         1.32 │ 10 days, 13:30:00 │    2     0     0   100 │
│ short_compression_breakdown │       stale_flat_120h │      1 │          0.5 │           0.653 │         0.07 │   5 days, 2:00:00 │    1     0     0   100 │
│ short_compression_breakdown │        stale_loss_72h │      8 │        -0.71 │         -10.735 │        -1.07 │  3 days, 12:00:00 │    0     0     8     0 │
│      short_pullback_restart │        stale_loss_72h │     28 │        -0.54 │         -33.131 │        -3.31 │  3 days, 17:21:00 │    0     0    28     0 │
│ short_compression_breakdown │    trailing_stop_loss │      8 │        -3.29 │         -42.165 │        -4.22 │          20:38:00 │    0     0     8     0 │
│ short_compression_breakdown │             stop_loss │     10 │         -3.2 │         -60.830 │        -6.08 │          23:42:00 │    0     0    10     0 │
│      short_pullback_restart │    trailing_stop_loss │     23 │        -2.81 │        -130.057 │       -13.01 │          19:29:00 │    0     0    23     0 │
│      short_pullback_restart │             stop_loss │     70 │        -3.19 │        -422.926 │       -42.29 │          22:11:00 │    0     0    70     0 │
│                       TOTAL │                       │    220 │         0.99 │         284.481 │        28.45 │   2 days, 0:52:00 │   73     0   147  33.2 │
└─────────────────────────────┴───────────────────────┴────────┴──────────────┴─────────────────┴──────────────┴───────────────────┴────────────────────────┘
                                  YEAR BREAKDOWN                                  
┏━━━━━━━━━━━━┳━━━━━━━━┳━━━━━━━━━━━━━━━━━┳━━━━━━━━━━━━━━━┳━━━━━━━━━━━━━━━━━━━━━━━━┓
┃       Year ┃ Trades ┃ Tot Profit USDT ┃ Profit Factor ┃  Win  Draw  Loss  Win% ┃
┡━━━━━━━━━━━━╇━━━━━━━━╇━━━━━━━━━━━━━━━━━╇━━━━━━━━━━━━━━━╇━━━━━━━━━━━━━━━━━━━━━━━━┩
│ 31/12/2025 │    159 │         242.784 │          1.49 │   54     0   105  34.0 │
│ 31/12/2026 │     61 │          41.697 │           1.2 │   19     0    42  31.1 │
└────────────┴────────┴─────────────────┴───────────────┴────────────────────────┘
                                   SUMMARY METRICS                                    
┏━━━━━━━━━━━━━━━━━━━━━━━━━━━━━━━━━━━━━━━━┳━━━━━━━━━━━━━━━━━━━━━━━━━━━━━━━━━━━━━━━━━━━┓
┃ Metric                                 ┃ Value                                     ┃
┡━━━━━━━━━━━━━━━━━━━━━━━━━━━━━━━━━━━━━━━━╇━━━━━━━━━━━━━━━━━━━━━━━━━━━━━━━━━━━━━━━━━━━┩
│ Backtesting from                       │ 2025-01-01 00:00:00                       │
│ Backtesting to                         │ 2026-05-07 00:00:00                       │
│ Trading Mode                           │ Isolated Futures                          │
│ Max open trades                        │ 5                                         │
│                                        │                                           │
│ Total/Daily Avg Trades                 │ 220 / 0.45                                │
│ Starting balance                       │ 1000 USDT                                 │
│ Final balance                          │ 1284.481 USDT                             │
│ Absolute profit                        │ 284.481 USDT                              │
│ Total profit %                         │ 28.45%                                    │
│ CAGR %                                 │ 20.46%                                    │
│ Sharpe (closed trades)                 │ 1.13                                      │
│ Sortino (closed trades)                │ 4.88                                      │
│ Calmar (closed trades)                 │ 11.97                                     │
│ SQN                                    │ 1.96                                      │
│ Profit factor                          │ 1.41                                      │
│ Expectancy (Ratio)                     │ 1.29 (0.27)                               │
│ Avg. daily profit                      │ 0.579 USDT                                │
│ Avg. stake amount                      │ 205.91 USDT                               │
│ Market change                          │ 29.77%                                    │
│ Total trade volume                     │ 90313.298 USDT                            │
│                                        │                                           │
│ Long / Short trades                    │ 0 / 220                                   │
│ Long / Short profit %                  │ 0.00% / 28.45%                            │
│ Long / Short profit USDT               │ 0.000 / 284.481                           │
│                                        │                                           │
│ Best Pair                              │ XRP/USDT:USDT 6.58%                       │
│ Worst Pair                             │ LINK/USDT:USDT -4.66%                     │
│ Best trade                             │ NEAR/USDT:USDT 10.02%                     │
│ Worst trade                            │ TAO/USDT:USDT -5.00%                      │
│ Best day                               │ 95.081 USDT                               │
│ Worst day                              │ -24.589 USDT                              │
│ Days win/draw/lose                     │ 34 / 333 / 90                             │
│ Min/Max/Avg. Duration Winners          │ 0d 08:00 / 11d 02:00 / 2d 22:53           │
│ Min/Max/Avg. Duration Losers           │ 0d 00:00 / 6d 08:00 / 1d 13:56            │
│ Max Consecutive Wins / Loss            │ 8 / 17                                    │
│ Rejected Entry signals                 │ 27                                        │
│ Entry/Exit Timeouts                    │ 0 / 0                                     │
│                                        │                                           │
│ Min/Max balance (closed trades)        │ 983.029 USDT / 1412.745 USDT              │
│ Max % of account underwater            │ 9.25%                                     │
│ Absolute drawdown                      │ 130.654 USDT (9.25%)                      │
│ Drawdown duration                      │ 47 days 23:00:00                          │
│ Profit at drawdown start               │ 412.745 USDT                              │
│ Profit at drawdown end                 │ 282.091 USDT                              │
│ Drawdown start                         │ 2026-02-14 09:00:00                       │
│ Drawdown end                           │ 2026-04-03 08:00:00                       │
│                                        │                                           │
│ Wallet based Metrics                   │                                           │
│ Min/Max balance (wallet balance)       │ 983.029 USDT / 1412.745 USDT              │
│ Min/Max balance dates (wallet balance) │ 2025-01-16 14:00:00 / 2026-02-14 10:00:00 │
│ Max % of account underwater (balance)  │ 9.25%                                     │
│ Absolute drawdown (wallet balance)     │ 130.654 USDT (9.25%)                      │
│ Drawdown duration                      │ 47 days 23:00:00                          │
│ Profit at drawdown start               │ 412.745 USDT                              │
│ Profit at drawdown end                 │ 282.091 USDT                              │
│ Drawdown start                         │ 2026-02-14 10:00:00                       │
│ Drawdown end                           │ 2026-04-03 09:00:00                       │
│ Sharpe (daily wallet balance)          │ 1.22                                      │
│ Sortino (daily wallet balance)         │ 2.16                                      │
│ Calmar (daily wallet balance)          │ 11.99                                     │
└────────────────────────────────────────┴───────────────────────────────────────────┘

Backtested 2025-01-01 00:00:00 -> 2026-05-07 00:00:00 | Max open trades : 5
                                                                          STRATEGY SUMMARY                                                                           
┏━━━━━━━━━━━━━━━━━━━━━━━━━━━━━━━━━━━━━━━━━┳━━━━━━━━┳━━━━━━━━━━━━━━┳━━━━━━━━━━━━━━━━━┳━━━━━━━━━━━━━━┳━━━━━━━━━━━━━━━━━┳━━━━━━━━━━━━━━━━━━━━━━━━┳━━━━━━━━━━━━━━━━━━━━━┓
┃                                Strategy ┃ Trades ┃ Avg Profit % ┃ Tot Profit USDT ┃ Tot Profit % ┃    Avg Duration ┃  Win  Draw  Loss  Win% ┃            Drawdown ┃
┡━━━━━━━━━━━━━━━━━━━━━━━━━━━━━━━━━━━━━━━━━╇━━━━━━━━╇━━━━━━━━━━━━━━╇━━━━━━━━━━━━━━━━━╇━━━━━━━━━━━━━━╇━━━━━━━━━━━━━━━━━╇━━━━━━━━━━━━━━━━━━━━━━━━╇━━━━━━━━━━━━━━━━━━━━━┩
│ DualTrendRobustRisk0p005Cap0p45Strategy │    220 │         0.99 │         284.481 │        28.45 │ 2 days, 0:52:00 │   73     0   147  33.2 │ 130.654 USDT  9.25% │
└─────────────────────────────────────────┴────────┴──────────────┴─────────────────┴──────────────┴─────────────────┴────────────────────────┴─────────────────────┘


=== attempt 1 ===
