time="2026-06-12T17:34:29+08:00" level=warning msg="Found orphan containers ([nfi-top9-exbtc-10000u-max4-dryrun]) for this project. If you removed or renamed this service in your compose file, you can run this command with the --remove-orphans flag to clean it up."
 Container ft_userdata-freqtrade-run-2ffc5c3aada8 Creating 
 Container ft_userdata-freqtrade-run-2ffc5c3aada8 Created 
2026-06-12 09:34:30,011 - freqtrade - INFO - freqtrade 2026.4
2026-06-12 09:34:30,242 - numexpr.utils - INFO - NumExpr defaulting to 16 threads.
2026-06-12 09:34:31,420 - freqtrade.configuration.load_config - INFO - Using config: /freqtrade/user_data/strategies/research/dual_trend_robustness_runs/20260612_165506/configs/base.json ...
2026-06-12 09:34:31,432 - freqtrade.loggers - INFO - Enabling colorized output.
2026-06-12 09:34:31,432 - freqtrade.loggers - INFO - Logfile configured
2026-06-12 09:34:31,432 - freqtrade.loggers - INFO - Verbosity set to 0
2026-06-12 09:34:31,433 - freqtrade.configuration.configuration - INFO - Using additional Strategy lookup path: /freqtrade/user_data/strategies
2026-06-12 09:34:31,433 - freqtrade.configuration.configuration - INFO - Parameter --max-open-trades detected, overriding max_open_trades to: 5 ...
2026-06-12 09:34:31,433 - freqtrade.configuration.configuration - INFO - Parameter --timerange detected: 20221001-20260507 ...
2026-06-12 09:34:49,119 - freqtrade.configuration.configuration - INFO - Using user-data directory: /freqtrade/user_data ...
2026-06-12 09:34:49,148 - freqtrade.configuration.configuration - INFO - Using data directory: /freqtrade/user_data/data/binance ...
2026-06-12 09:34:49,148 - freqtrade.configuration.configuration - INFO - Using /freqtrade/user_data/strategies/research/dual_trend_robustness_runs/20260612_165506/results/risk_full_0.01_0.35_5 as 
backtest directory ...
2026-06-12 09:34:49,149 - freqtrade.configuration.configuration - INFO - Recursively searching for a strategy in the strategies folder.
2026-06-12 09:34:49,149 - freqtrade.configuration.configuration - INFO - Parameter --export detected: trades ...
2026-06-12 09:34:49,149 - freqtrade.configuration.configuration - INFO - Parameter --breakdown detected ...
2026-06-12 09:34:49,149 - freqtrade.configuration.configuration - INFO - Parameter --cache=none detected ...
2026-06-12 09:34:49,149 - freqtrade.configuration.configuration - INFO - Filter trades by timerange: 20221001-20260507
2026-06-12 09:34:49,150 - freqtrade.exchange.check_exchange - INFO - Checking exchange...
2026-06-12 09:34:49,157 - freqtrade.exchange.check_exchange - INFO - Exchange "binance" is officially supported by the Freqtrade development team.
2026-06-12 09:34:49,157 - freqtrade.configuration.configuration - INFO - Using pairlist from configuration.
2026-06-12 09:34:49,158 - freqtrade.configuration.config_validation - INFO - Validating configuration ...
2026-06-12 09:34:49,159 - freqtrade.commands.optimize_commands - INFO - Starting freqtrade in Backtesting mode
2026-06-12 09:34:49,160 - freqtrade.exchange.exchange - INFO - Instance is running with dry_run enabled
2026-06-12 09:34:49,160 - freqtrade.exchange.exchange - INFO - Using CCXT 4.5.50
2026-06-12 09:34:49,161 - freqtrade.exchange.exchange - INFO - Applying additional ccxt config: {'options': {'defaultType': 'swap', 'adjustForTimeDifference': True, 'recvWindow': 60000, 
'fetchCurrencies': False, 'fetchMarkets': ['linear']}, 'enableRateLimit': True, 'timeout': 60000}
2026-06-12 09:34:49,167 - freqtrade.exchange.exchange - INFO - Applying additional ccxt config: {'options': {'defaultType': 'swap', 'adjustForTimeDifference': True, 'recvWindow': 60000, 
'fetchCurrencies': False, 'fetchMarkets': ['linear']}, 'enableRateLimit': True, 'timeout': 60000}
2026-06-12 09:34:49,173 - freqtrade.exchange.exchange - INFO - Using Exchange "Binance"
2026-06-12 09:34:50,483 - freqtrade.resolvers.exchange_resolver - INFO - Using resolved exchange 'Binance'...
2026-06-12 09:34:52,480 - freqtrade.resolvers.iresolver - INFO - Using resolved strategy DualTrendRobustRisk0p01Cap0p35Strategy from 
'/freqtrade/user_data/strategies/DualTrendRobustnessTempStrategies.py'...
2026-06-12 09:34:52,481 - freqtrade.strategy.hyper - INFO - Found no parameter file.
2026-06-12 09:34:52,482 - freqtrade.resolvers.strategy_resolver - INFO - Override strategy 'stake_currency' with value from the configuration: USDT.
2026-06-12 09:34:52,482 - freqtrade.resolvers.strategy_resolver - INFO - Override strategy 'stake_amount' with value from the configuration: unlimited.
2026-06-12 09:34:52,482 - freqtrade.resolvers.strategy_resolver - INFO - Override strategy 'unfilledtimeout' with value from the configuration: {'entry': 10, 'exit': 10, 'exit_timeout_count': 0, 
'unit': 'minutes'}.
2026-06-12 09:34:52,483 - freqtrade.resolvers.strategy_resolver - INFO - Override strategy 'max_open_trades' with value from the configuration: 5.
2026-06-12 09:34:52,483 - freqtrade.resolvers.strategy_resolver - INFO - Strategy using minimal_roi: {'0': 0.1}
2026-06-12 09:34:52,483 - freqtrade.resolvers.strategy_resolver - INFO - Strategy using timeframe: 1h
2026-06-12 09:34:52,483 - freqtrade.resolvers.strategy_resolver - INFO - Strategy using stoploss: -0.06
2026-06-12 09:34:52,483 - freqtrade.resolvers.strategy_resolver - INFO - Strategy using trailing_stop: False
2026-06-12 09:34:52,484 - freqtrade.resolvers.strategy_resolver - INFO - Strategy using trailing_stop_positive_offset: 0.0
2026-06-12 09:34:52,484 - freqtrade.resolvers.strategy_resolver - INFO - Strategy using trailing_only_offset_is_reached: False
2026-06-12 09:34:52,484 - freqtrade.resolvers.strategy_resolver - INFO - Strategy using use_custom_stoploss: True
2026-06-12 09:34:52,484 - freqtrade.resolvers.strategy_resolver - INFO - Strategy using process_only_new_candles: True
2026-06-12 09:34:52,484 - freqtrade.resolvers.strategy_resolver - INFO - Strategy using order_types: {'entry': 'limit', 'exit': 'limit', 'stoploss': 'limit', 'stoploss_on_exchange': False, 
'stoploss_on_exchange_interval': 60}
2026-06-12 09:34:52,484 - freqtrade.resolvers.strategy_resolver - INFO - Strategy using order_time_in_force: {'entry': 'GTC', 'exit': 'GTC'}
2026-06-12 09:34:52,484 - freqtrade.resolvers.strategy_resolver - INFO - Strategy using stake_currency: USDT
2026-06-12 09:34:52,485 - freqtrade.resolvers.strategy_resolver - INFO - Strategy using stake_amount: unlimited
2026-06-12 09:34:52,485 - freqtrade.resolvers.strategy_resolver - INFO - Strategy using startup_candle_count: 1000
2026-06-12 09:34:52,485 - freqtrade.resolvers.strategy_resolver - INFO - Strategy using unfilledtimeout: {'entry': 10, 'exit': 10, 'exit_timeout_count': 0, 'unit': 'minutes'}
2026-06-12 09:34:52,485 - freqtrade.resolvers.strategy_resolver - INFO - Strategy using use_exit_signal: True
2026-06-12 09:34:52,485 - freqtrade.resolvers.strategy_resolver - INFO - Strategy using exit_profit_only: False
2026-06-12 09:34:52,485 - freqtrade.resolvers.strategy_resolver - INFO - Strategy using ignore_roi_if_entry_signal: True
2026-06-12 09:34:52,485 - freqtrade.resolvers.strategy_resolver - INFO - Strategy using exit_profit_offset: 0.0
2026-06-12 09:34:52,486 - freqtrade.resolvers.strategy_resolver - INFO - Strategy using disable_dataframe_checks: False
2026-06-12 09:34:52,486 - freqtrade.resolvers.strategy_resolver - INFO - Strategy using ignore_buying_expired_candle_after: 0
2026-06-12 09:34:52,486 - freqtrade.resolvers.strategy_resolver - INFO - Strategy using position_adjustment_enable: False
2026-06-12 09:34:52,486 - freqtrade.resolvers.strategy_resolver - INFO - Strategy using max_entry_position_adjustment: -1
2026-06-12 09:34:52,486 - freqtrade.resolvers.strategy_resolver - INFO - Strategy using max_open_trades: 5
2026-06-12 09:34:52,486 - freqtrade.configuration.config_validation - INFO - Validating configuration ...
2026-06-12 09:34:52,490 - freqtrade.resolvers.iresolver - INFO - Using resolved pairlist StaticPairList from '/freqtrade/freqtrade/plugins/pairlist/StaticPairList.py'...
2026-06-12 09:34:52,499 - freqtrade.optimize.backtesting - INFO - Using fee 0.0500% - worst case fee from exchange (lowest tier).
2026-06-12 09:34:52,500 - freqtrade.exchange.exchange - WARNING - Using 3 calls to get OHLCV. This can result in slower operations for the bot. Please check if you really need 1000 candles for your 
strategy.
2026-06-12 09:34:52,556 - freqtrade.data.history.datahandlers.idatahandler - WARNING - BTC/USDT:USDT, futures, 1h, data starts at 2022-10-01 00:00:00
2026-06-12 09:34:52,602 - freqtrade.data.history.datahandlers.idatahandler - WARNING - ETH/USDT:USDT, futures, 1h, data starts at 2022-10-01 00:00:00
2026-06-12 09:34:52,656 - freqtrade.data.history.datahandlers.idatahandler - WARNING - BNB/USDT:USDT, futures, 1h, data starts at 2022-10-01 00:00:00
2026-06-12 09:34:52,708 - freqtrade.data.history.datahandlers.idatahandler - WARNING - SOL/USDT:USDT, futures, 1h, data starts at 2022-10-01 00:00:00
2026-06-12 09:34:52,754 - freqtrade.data.history.datahandlers.idatahandler - WARNING - XRP/USDT:USDT, futures, 1h, data starts at 2022-10-01 00:00:00
2026-06-12 09:34:52,798 - freqtrade.data.history.datahandlers.idatahandler - WARNING - DOGE/USDT:USDT, futures, 1h, data starts at 2022-10-01 00:00:00
2026-06-12 09:34:52,846 - freqtrade.data.history.datahandlers.idatahandler - WARNING - ADA/USDT:USDT, futures, 1h, data starts at 2022-10-01 00:00:00
2026-06-12 09:34:52,893 - freqtrade.data.history.datahandlers.idatahandler - WARNING - LINK/USDT:USDT, futures, 1h, data starts at 2022-10-01 00:00:00
2026-06-12 09:34:52,929 - freqtrade.data.history.datahandlers.idatahandler - WARNING - NEAR/USDT:USDT, futures, 1h, data starts at 2022-10-01 00:00:00
2026-06-12 09:34:52,964 - freqtrade.data.history.datahandlers.idatahandler - WARNING - SUI/USDT:USDT, futures, 1h, data starts at 2024-05-01 00:00:00
2026-06-12 09:34:52,999 - freqtrade.data.history.datahandlers.idatahandler - WARNING - TRX/USDT:USDT, futures, 1h, data starts at 2022-10-01 00:00:00
2026-06-12 09:34:53,046 - freqtrade.data.history.datahandlers.idatahandler - WARNING - ZEC/USDT:USDT, futures, 1h, data starts at 2022-10-01 00:00:00
2026-06-12 09:34:53,093 - freqtrade.data.history.datahandlers.idatahandler - WARNING - TAO/USDT:USDT, futures, 1h, data starts at 2024-04-11 14:00:00
2026-06-12 09:34:53,093 - freqtrade.data.history.datahandlers.idatahandler - WARNING - TAO/USDT:USDT, futures, 1h, data ends at 2026-04-20 00:00:00
2026-06-12 09:34:53,110 - freqtrade.optimize.backtesting - INFO - Loading data from 2022-10-01 00:00:00 up to 2026-05-07 00:00:00 (1314 days).
2026-06-12 09:34:53,111 - freqtrade.configuration.timerange - WARNING - Moving start-date by 1000 candles to account for startup time.
2026-06-12 09:34:53,129 - freqtrade.data.history.datahandlers.idatahandler - WARNING - BTC/USDT:USDT, funding_rate, 1h, data ends at 2026-05-06 16:00:00
2026-06-12 09:34:53,149 - freqtrade.data.history.datahandlers.idatahandler - WARNING - ETH/USDT:USDT, funding_rate, 1h, data ends at 2026-05-06 16:00:00
2026-06-12 09:34:53,219 - freqtrade.data.history.datahandlers.idatahandler - WARNING - DOGE/USDT:USDT, funding_rate, 1h, data ends at 2026-05-06 16:00:00
2026-06-12 09:34:53,289 - freqtrade.data.history.datahandlers.idatahandler - WARNING - SUI/USDT:USDT, funding_rate, 1h, data starts at 2024-02-28 00:00:00
2026-06-12 09:34:53,309 - freqtrade.data.history.datahandlers.idatahandler - WARNING - TRX/USDT:USDT, funding_rate, 1h, data ends at 2026-05-06 16:00:00
2026-06-12 09:34:53,331 - freqtrade.data.history.datahandlers.idatahandler - WARNING - ZEC/USDT:USDT, funding_rate, 1h, data ends at 2026-05-06 16:00:00
2026-06-12 09:34:53,349 - freqtrade.data.history.datahandlers.idatahandler - WARNING - TAO/USDT:USDT, funding_rate, 1h, data starts at 2024-04-11 16:00:00
2026-06-12 09:34:53,349 - freqtrade.data.history.datahandlers.idatahandler - WARNING - TAO/USDT:USDT, funding_rate, 1h, data ends at 2026-04-19 20:00:00
2026-06-12 09:34:53,699 - freqtrade.data.history.datahandlers.idatahandler - WARNING - SUI/USDT:USDT, mark, 1h, data starts at 2024-02-28 00:00:00
2026-06-12 09:34:53,805 - freqtrade.data.history.datahandlers.idatahandler - WARNING - TAO/USDT:USDT, mark, 1h, data starts at 2024-04-11 12:00:00
2026-06-12 09:34:53,805 - freqtrade.data.history.datahandlers.idatahandler - WARNING - TAO/USDT:USDT, mark, 1h, data ends at 2026-04-20 00:00:00
2026-06-12 09:34:55,948 - freqtrade.optimize.backtesting - INFO - Dataload complete. Calculating indicators
2026-06-12 09:34:55,952 - freqtrade.optimize.backtesting - INFO - Running backtesting for Strategy DualTrendRobustRisk0p01Cap0p35Strategy
2026-06-12 09:34:55,954 - freqtrade.data.dataprovider - INFO - Loading data for BTC/USDT:USDT 4h from 2022-04-17 08:00:00 to 2026-05-07 00:00:00
2026-06-12 09:34:55,969 - freqtrade.data.history.datahandlers.idatahandler - WARNING - BTC/USDT:USDT, futures, 4h, data starts at 2022-10-01 00:00:00
2026-06-12 09:34:55,970 - freqtrade.data.history.datahandlers.idatahandler - WARNING - BTC/USDT:USDT, futures, 4h, data ends at 2026-05-06 12:00:00
2026-06-12 09:34:56,026 - freqtrade.data.dataprovider - INFO - Loading data for ETH/USDT:USDT 4h from 2022-04-17 08:00:00 to 2026-05-07 00:00:00
2026-06-12 09:34:56,044 - freqtrade.data.history.datahandlers.idatahandler - WARNING - ETH/USDT:USDT, futures, 4h, data starts at 2022-10-01 00:00:00
2026-06-12 09:34:56,045 - freqtrade.data.history.datahandlers.idatahandler - WARNING - ETH/USDT:USDT, futures, 4h, data ends at 2026-05-06 12:00:00
2026-06-12 09:34:56,100 - freqtrade.data.dataprovider - INFO - Loading data for BNB/USDT:USDT 4h from 2022-04-17 08:00:00 to 2026-05-07 00:00:00
2026-06-12 09:34:56,120 - freqtrade.data.history.datahandlers.idatahandler - WARNING - BNB/USDT:USDT, futures, 4h, data starts at 2022-10-01 00:00:00
2026-06-12 09:34:56,121 - freqtrade.data.history.datahandlers.idatahandler - WARNING - BNB/USDT:USDT, futures, 4h, data ends at 2026-05-06 16:00:00
2026-06-12 09:34:56,179 - freqtrade.data.dataprovider - INFO - Loading data for SOL/USDT:USDT 4h from 2022-04-17 08:00:00 to 2026-05-07 00:00:00
2026-06-12 09:34:56,197 - freqtrade.data.history.datahandlers.idatahandler - WARNING - SOL/USDT:USDT, futures, 4h, data starts at 2022-10-01 00:00:00
2026-06-12 09:34:56,198 - freqtrade.data.history.datahandlers.idatahandler - WARNING - SOL/USDT:USDT, futures, 4h, data ends at 2026-05-06 16:00:00
2026-06-12 09:34:56,303 - freqtrade.data.dataprovider - INFO - Loading data for XRP/USDT:USDT 4h from 2022-04-17 08:00:00 to 2026-05-07 00:00:00
2026-06-12 09:34:56,325 - freqtrade.data.history.datahandlers.idatahandler - WARNING - XRP/USDT:USDT, futures, 4h, data starts at 2022-10-01 00:00:00
2026-06-12 09:34:56,326 - freqtrade.data.history.datahandlers.idatahandler - WARNING - XRP/USDT:USDT, futures, 4h, data ends at 2026-05-06 16:00:00
2026-06-12 09:34:56,455 - freqtrade.data.dataprovider - INFO - Loading data for DOGE/USDT:USDT 4h from 2022-04-17 08:00:00 to 2026-05-07 00:00:00
2026-06-12 09:34:56,474 - freqtrade.data.history.datahandlers.idatahandler - WARNING - DOGE/USDT:USDT, futures, 4h, data starts at 2022-10-01 00:00:00
2026-06-12 09:34:56,475 - freqtrade.data.history.datahandlers.idatahandler - WARNING - DOGE/USDT:USDT, futures, 4h, data ends at 2026-05-06 12:00:00
2026-06-12 09:34:56,579 - freqtrade.data.dataprovider - INFO - Loading data for ADA/USDT:USDT 4h from 2022-04-17 08:00:00 to 2026-05-07 00:00:00
2026-06-12 09:34:56,606 - freqtrade.data.history.datahandlers.idatahandler - WARNING - ADA/USDT:USDT, futures, 4h, data starts at 2022-10-01 00:00:00
2026-06-12 09:34:56,606 - freqtrade.data.history.datahandlers.idatahandler - WARNING - ADA/USDT:USDT, futures, 4h, data ends at 2026-05-06 16:00:00
2026-06-12 09:34:56,708 - freqtrade.data.dataprovider - INFO - Loading data for LINK/USDT:USDT 4h from 2022-04-17 08:00:00 to 2026-05-07 00:00:00
2026-06-12 09:34:56,736 - freqtrade.data.history.datahandlers.idatahandler - WARNING - LINK/USDT:USDT, futures, 4h, data starts at 2022-10-01 00:00:00
2026-06-12 09:34:56,737 - freqtrade.data.history.datahandlers.idatahandler - WARNING - LINK/USDT:USDT, futures, 4h, data ends at 2026-05-06 16:00:00
2026-06-12 09:34:56,856 - freqtrade.data.dataprovider - INFO - Loading data for NEAR/USDT:USDT 4h from 2022-04-17 08:00:00 to 2026-05-07 00:00:00
2026-06-12 09:34:56,882 - freqtrade.data.history.datahandlers.idatahandler - WARNING - NEAR/USDT:USDT, futures, 4h, data starts at 2022-10-01 00:00:00
2026-06-12 09:34:56,883 - freqtrade.data.history.datahandlers.idatahandler - WARNING - NEAR/USDT:USDT, futures, 4h, data ends at 2026-05-06 16:00:00
2026-06-12 09:34:56,968 - freqtrade.data.dataprovider - INFO - Loading data for SUI/USDT:USDT 4h from 2022-04-17 08:00:00 to 2026-05-07 00:00:00
2026-06-12 09:34:56,985 - freqtrade.data.history.datahandlers.idatahandler - WARNING - SUI/USDT:USDT, futures, 4h, data starts at 2024-05-01 00:00:00
2026-06-12 09:34:57,056 - freqtrade.data.dataprovider - INFO - Loading data for TRX/USDT:USDT 4h from 2022-04-17 08:00:00 to 2026-05-07 00:00:00
2026-06-12 09:34:57,080 - freqtrade.data.history.datahandlers.idatahandler - WARNING - TRX/USDT:USDT, futures, 4h, data starts at 2022-10-01 00:00:00
2026-06-12 09:34:57,080 - freqtrade.data.history.datahandlers.idatahandler - WARNING - TRX/USDT:USDT, futures, 4h, data ends at 2026-05-06 12:00:00
2026-06-12 09:34:57,153 - freqtrade.data.dataprovider - INFO - Loading data for ZEC/USDT:USDT 4h from 2022-04-17 08:00:00 to 2026-05-07 00:00:00
2026-06-12 09:34:57,175 - freqtrade.data.history.datahandlers.idatahandler - WARNING - ZEC/USDT:USDT, futures, 4h, data starts at 2022-10-01 00:00:00
2026-06-12 09:34:57,175 - freqtrade.data.history.datahandlers.idatahandler - WARNING - ZEC/USDT:USDT, futures, 4h, data ends at 2026-05-06 12:00:00
2026-06-12 09:34:57,257 - freqtrade.data.dataprovider - INFO - Loading data for TAO/USDT:USDT 4h from 2022-04-17 08:00:00 to 2026-05-07 00:00:00
2026-06-12 09:34:57,281 - freqtrade.data.history.datahandlers.idatahandler - WARNING - TAO/USDT:USDT, futures, 4h, data starts at 2024-04-11 12:00:00
2026-06-12 09:34:57,281 - freqtrade.data.history.datahandlers.idatahandler - WARNING - TAO/USDT:USDT, futures, 4h, data ends at 2026-04-19 16:00:00
2026-06-12 09:34:57,364 - freqtrade.optimize.backtesting - INFO - Backtesting with data from 2022-11-11 16:00:00 up to 2026-05-07 00:00:00 (1272 days).
2026-06-12 09:34:57,367 - freqtrade.resolvers.iresolver - INFO - Using resolved protection CooldownPeriod from '/freqtrade/freqtrade/plugins/protections/cooldown_period.py'...
2026-06-12 09:34:57,370 - freqtrade.resolvers.iresolver - INFO - Using resolved protection StoplossGuard from '/freqtrade/freqtrade/plugins/protections/stoploss_guard.py'...
2026-06-12 09:34:57,374 - freqtrade.resolvers.iresolver - INFO - Using resolved protection MaxDrawdown from '/freqtrade/freqtrade/plugins/protections/max_drawdown_protection.py'...
2026-06-12 09:35:59,369 - freqtrade.misc - INFO - dumping json to 
"/freqtrade/user_data/strategies/research/dual_trend_robustness_runs/20260612_165506/results/risk_full_0.01_0.35_5/backtest-result-2026-06-12_09-35-59.meta.json"
Result for strategy DualTrendRobustRisk0p01Cap0p35Strategy
                                                  BACKTESTING REPORT                                                   
┏━━━━━━━━━━━━━━━━┳━━━━━━━━┳━━━━━━━━━━━━━━┳━━━━━━━━━━━━━━━━━┳━━━━━━━━━━━━━━┳━━━━━━━━━━━━━━━━━━┳━━━━━━━━━━━━━━━━━━━━━━━━┓
┃           Pair ┃ Trades ┃ Avg Profit % ┃ Tot Profit USDT ┃ Tot Profit % ┃     Avg Duration ┃  Win  Draw  Loss  Win% ┃
┡━━━━━━━━━━━━━━━━╇━━━━━━━━╇━━━━━━━━━━━━━━╇━━━━━━━━━━━━━━━━━╇━━━━━━━━━━━━━━╇━━━━━━━━━━━━━━━━━━╇━━━━━━━━━━━━━━━━━━━━━━━━┩
│  ZEC/USDT:USDT │     20 │         4.04 │         328.357 │        32.84 │ 2 days, 14:33:00 │   11     0     9  55.0 │
│  ADA/USDT:USDT │     44 │          1.5 │         270.043 │         27.0 │  2 days, 2:15:00 │   14     0    30  31.8 │
│  ETH/USDT:USDT │     30 │         1.63 │         263.971 │         26.4 │  2 days, 4:58:00 │   10     0    20  33.3 │
│ DOGE/USDT:USDT │     37 │         1.94 │         261.137 │        26.11 │  1 day, 21:54:00 │   14     0    23  37.8 │
│  BNB/USDT:USDT │     25 │         2.07 │         162.444 │        16.24 │  2 days, 9:12:00 │   12     0    13  48.0 │
│  SOL/USDT:USDT │     32 │         1.32 │         148.814 │        14.88 │  1 day, 18:00:00 │   11     0    21  34.4 │
│  TAO/USDT:USDT │     14 │         3.07 │         125.542 │        12.55 │  1 day, 21:13:00 │    8     0     6  57.1 │
│  SUI/USDT:USDT │     16 │         1.18 │         100.018 │         10.0 │  1 day, 20:22:00 │    6     0    10  37.5 │
│  XRP/USDT:USDT │     39 │         0.18 │          91.653 │         9.17 │ 2 days, 17:49:00 │   10     0    29  25.6 │
│ NEAR/USDT:USDT │     39 │         0.12 │          59.185 │         5.92 │  1 day, 14:48:00 │    9     0    30  23.1 │
│  BTC/USDT:USDT │     30 │        -0.08 │           6.631 │         0.66 │  2 days, 6:02:00 │    8     0    22  26.7 │
│ LINK/USDT:USDT │     33 │        -0.23 │         -87.214 │        -8.72 │  1 day, 15:49:00 │    6     0    27  18.2 │
│  TRX/USDT:USDT │     20 │        -1.15 │        -113.799 │       -11.38 │ 2 days, 11:30:00 │    1     0    19   5.0 │
│          TOTAL │    379 │         1.06 │        1616.783 │       161.68 │  2 days, 2:19:00 │  120     0   259  31.7 │
└────────────────┴────────┴──────────────┴─────────────────┴──────────────┴──────────────────┴────────────────────────┘
                                         LEFT OPEN TRADES REPORT                                          
┏━━━━━━━┳━━━━━━━━┳━━━━━━━━━━━━━━┳━━━━━━━━━━━━━━━━━┳━━━━━━━━━━━━━━┳━━━━━━━━━━━━━━┳━━━━━━━━━━━━━━━━━━━━━━━━┓
┃  Pair ┃ Trades ┃ Avg Profit % ┃ Tot Profit USDT ┃ Tot Profit % ┃ Avg Duration ┃  Win  Draw  Loss  Win% ┃
┡━━━━━━━╇━━━━━━━━╇━━━━━━━━━━━━━━╇━━━━━━━━━━━━━━━━━╇━━━━━━━━━━━━━━╇━━━━━━━━━━━━━━╇━━━━━━━━━━━━━━━━━━━━━━━━┩
│ TOTAL │      0 │          0.0 │           0.000 │          0.0 │         0:00 │    0     0     0     0 │
└───────┴────────┴──────────────┴─────────────────┴──────────────┴──────────────┴────────────────────────┘
                                                          ENTER TAG STATS                                                           
┏━━━━━━━━━━━━━━━━━━━━━━━━━━━━━┳━━━━━━━━━┳━━━━━━━━━━━━━━┳━━━━━━━━━━━━━━━━━┳━━━━━━━━━━━━━━┳━━━━━━━━━━━━━━━━━┳━━━━━━━━━━━━━━━━━━━━━━━━┓
┃                   Enter Tag ┃ Entries ┃ Avg Profit % ┃ Tot Profit USDT ┃ Tot Profit % ┃    Avg Duration ┃  Win  Draw  Loss  Win% ┃
┡━━━━━━━━━━━━━━━━━━━━━━━━━━━━━╇━━━━━━━━━╇━━━━━━━━━━━━━━╇━━━━━━━━━━━━━━━━━╇━━━━━━━━━━━━━━╇━━━━━━━━━━━━━━━━━╇━━━━━━━━━━━━━━━━━━━━━━━━┩
│      short_pullback_restart │     294 │         0.93 │        1022.022 │        102.2 │ 2 days, 2:06:00 │   92     0   202  31.3 │
│ short_compression_breakdown │      85 │         1.51 │         594.761 │        59.48 │ 2 days, 3:05:00 │   28     0    57  32.9 │
│                       TOTAL │     379 │         1.06 │        1616.783 │       161.68 │ 2 days, 2:19:00 │  120     0   259  31.7 │
└─────────────────────────────┴─────────┴──────────────┴─────────────────┴──────────────┴─────────────────┴────────────────────────┘
                                                      EXIT REASON STATS                                                      
┏━━━━━━━━━━━━━━━━━━━━━━━┳━━━━━━━┳━━━━━━━━━━━━━━┳━━━━━━━━━━━━━━━━━┳━━━━━━━━━━━━━━┳━━━━━━━━━━━━━━━━━━┳━━━━━━━━━━━━━━━━━━━━━━━━┓
┃           Exit Reason ┃ Exits ┃ Avg Profit % ┃ Tot Profit USDT ┃ Tot Profit % ┃     Avg Duration ┃  Win  Draw  Loss  Win% ┃
┡━━━━━━━━━━━━━━━━━━━━━━━╇━━━━━━━╇━━━━━━━━━━━━━━╇━━━━━━━━━━━━━━━━━╇━━━━━━━━━━━━━━╇━━━━━━━━━━━━━━━━━━╇━━━━━━━━━━━━━━━━━━━━━━━━┩
│                   roi │    98 │         10.0 │        4427.887 │       442.79 │  2 days, 6:04:00 │   98     0     0   100 │
│       stale_flat_120h │    19 │         0.64 │          69.750 │         6.98 │ 6 days, 10:03:00 │   19     0     0   100 │
│ stale_low_profit_240h │     3 │         2.62 │          56.188 │         5.62 │ 10 days, 9:20:00 │    3     0     0   100 │
│        stale_loss_72h │    64 │        -0.61 │        -167.367 │       -16.74 │ 3 days, 13:19:00 │    0     0    64     0 │
│    trailing_stop_loss │    55 │        -2.77 │        -743.166 │       -74.32 │         23:15:00 │    0     0    55     0 │
│             stop_loss │   140 │         -2.9 │       -2026.510 │      -202.65 │         23:59:00 │    0     0   140     0 │
│                 TOTAL │   379 │         1.06 │        1616.783 │       161.68 │  2 days, 2:19:00 │  120     0   259  31.7 │
└───────────────────────┴───────┴──────────────┴─────────────────┴──────────────┴──────────────────┴────────────────────────┘
                                                                      MIXED TAG STATS                                                                       
┏━━━━━━━━━━━━━━━━━━━━━━━━━━━━━┳━━━━━━━━━━━━━━━━━━━━━━━┳━━━━━━━━┳━━━━━━━━━━━━━━┳━━━━━━━━━━━━━━━━━┳━━━━━━━━━━━━━━┳━━━━━━━━━━━━━━━━━━┳━━━━━━━━━━━━━━━━━━━━━━━━┓
┃                   Enter Tag ┃           Exit Reason ┃ Trades ┃ Avg Profit % ┃ Tot Profit USDT ┃ Tot Profit % ┃     Avg Duration ┃  Win  Draw  Loss  Win% ┃
┡━━━━━━━━━━━━━━━━━━━━━━━━━━━━━╇━━━━━━━━━━━━━━━━━━━━━━━╇━━━━━━━━╇━━━━━━━━━━━━━━╇━━━━━━━━━━━━━━━━━╇━━━━━━━━━━━━━━╇━━━━━━━━━━━━━━━━━━╇━━━━━━━━━━━━━━━━━━━━━━━━┩
│      short_pullback_restart │                   roi │     72 │         10.0 │        3200.829 │       320.08 │  2 days, 5:22:00 │   72     0     0   100 │
│ short_compression_breakdown │                   roi │     26 │         10.0 │        1227.059 │       122.71 │  2 days, 8:00:00 │   26     0     0   100 │
│      short_pullback_restart │       stale_flat_120h │     17 │         0.65 │          63.829 │         6.38 │  6 days, 6:21:00 │   17     0     0   100 │
│      short_pullback_restart │ stale_low_profit_240h │      3 │         2.62 │          56.188 │         5.62 │ 10 days, 9:20:00 │    3     0     0   100 │
│ short_compression_breakdown │       stale_flat_120h │      2 │         0.55 │           5.921 │         0.59 │ 7 days, 17:30:00 │    2     0     0   100 │
│ short_compression_breakdown │        stale_loss_72h │     18 │        -0.53 │         -40.983 │         -4.1 │  3 days, 9:30:00 │    0     0    18     0 │
│      short_pullback_restart │        stale_loss_72h │     46 │        -0.65 │        -126.385 │       -12.64 │ 3 days, 14:48:00 │    0     0    46     0 │
│ short_compression_breakdown │    trailing_stop_loss │     13 │        -3.27 │        -197.459 │       -19.75 │   1 day, 3:18:00 │    0     0    13     0 │
│ short_compression_breakdown │             stop_loss │     26 │        -3.12 │        -399.778 │       -39.98 │   1 day, 2:39:00 │    0     0    26     0 │
│      short_pullback_restart │    trailing_stop_loss │     42 │        -2.62 │        -545.707 │       -54.57 │         22:00:00 │    0     0    42     0 │
│      short_pullback_restart │             stop_loss │    114 │        -2.85 │       -1626.732 │      -162.67 │         23:23:00 │    0     0   114     0 │
│                       TOTAL │                       │    379 │         1.06 │        1616.783 │       161.68 │  2 days, 2:19:00 │  120     0   259  31.7 │
└─────────────────────────────┴───────────────────────┴────────┴──────────────┴─────────────────┴──────────────┴──────────────────┴────────────────────────┘
                                  YEAR BREAKDOWN                                  
┏━━━━━━━━━━━━┳━━━━━━━━┳━━━━━━━━━━━━━━━━━┳━━━━━━━━━━━━━━━┳━━━━━━━━━━━━━━━━━━━━━━━━┓
┃       Year ┃ Trades ┃ Tot Profit USDT ┃ Profit Factor ┃  Win  Draw  Loss  Win% ┃
┡━━━━━━━━━━━━╇━━━━━━━━╇━━━━━━━━━━━━━━━━━╇━━━━━━━━━━━━━━━╇━━━━━━━━━━━━━━━━━━━━━━━━┩
│ 31/12/2022 │     18 │          89.115 │          2.24 │    6     0    12  33.3 │
│ 31/12/2023 │     80 │          42.588 │           1.1 │   17     0    63  21.2 │
│ 31/12/2024 │     82 │         504.511 │          2.11 │   30     0    52  36.6 │
│ 31/12/2025 │    147 │         780.791 │          1.55 │   50     0    97  34.0 │
│ 31/12/2026 │     52 │         199.778 │          1.37 │   17     0    35  32.7 │
└────────────┴────────┴─────────────────┴───────────────┴────────────────────────┘
                                   SUMMARY METRICS                                    
┏━━━━━━━━━━━━━━━━━━━━━━━━━━━━━━━━━━━━━━━━┳━━━━━━━━━━━━━━━━━━━━━━━━━━━━━━━━━━━━━━━━━━━┓
┃ Metric                                 ┃ Value                                     ┃
┡━━━━━━━━━━━━━━━━━━━━━━━━━━━━━━━━━━━━━━━━╇━━━━━━━━━━━━━━━━━━━━━━━━━━━━━━━━━━━━━━━━━━━┩
│ Backtesting from                       │ 2022-11-11 16:00:00                       │
│ Backtesting to                         │ 2026-05-07 00:00:00                       │
│ Trading Mode                           │ Isolated Futures                          │
│ Max open trades                        │ 5                                         │
│                                        │                                           │
│ Total/Daily Avg Trades                 │ 379 / 0.3                                 │
│ Starting balance                       │ 1000 USDT                                 │
│ Final balance                          │ 2616.783 USDT                             │
│ Absolute profit                        │ 1616.783 USDT                             │
│ Total profit %                         │ 161.68%                                   │
│ CAGR %                                 │ 31.79%                                    │
│ Sharpe (closed trades)                 │ 0.91                                      │
│ Sortino (closed trades)                │ 3.05                                      │
│ Calmar (closed trades)                 │ 19.55                                     │
│ SQN                                    │ 3.12                                      │
│ Profit factor                          │ 1.55                                      │
│ Expectancy (Ratio)                     │ 4.27 (0.38)                               │
│ Avg. daily profit                      │ 1.271 USDT                                │
│ Avg. stake amount                      │ 494.302 USDT                              │
│ Market change                          │ 238.41%                                   │
│ Total trade volume                     │ 373072.308 USDT                           │
│                                        │                                           │
│ Long / Short trades                    │ 0 / 379                                   │
│ Long / Short profit %                  │ 0.00% / 161.68%                           │
│ Long / Short profit USDT               │ 0.000 / 1616.783                          │
│                                        │                                           │
│ Best Pair                              │ ZEC/USDT:USDT 32.84%                      │
│ Worst Pair                             │ TRX/USDT:USDT -11.38%                     │
│ Best trade                             │ NEAR/USDT:USDT 10.02%                     │
│ Worst trade                            │ TAO/USDT:USDT -5.00%                      │
│ Best day                               │ 303.855 USDT                              │
│ Worst day                              │ -87.366 USDT                              │
│ Days win/draw/lose                     │ 72 / 996 / 175                            │
│ Min/Max/Avg. Duration Winners          │ 0d 02:00 / 11d 02:00 / 3d 02:47           │
│ Min/Max/Avg. Duration Losers           │ 0d 00:00 / 7d 08:00 / 1d 14:59            │
│ Max Consecutive Wins / Loss            │ 8 / 19                                    │
│ Rejected Entry signals                 │ 8                                         │
│ Entry/Exit Timeouts                    │ 0 / 0                                     │
│                                        │                                           │
│ Min/Max balance (closed trades)        │ 989.208 USDT / 2894.377 USDT              │
│ Max % of account underwater            │ 12.42%                                    │
│ Absolute drawdown                      │ 297.443 USDT (12.42%)                     │
│ Drawdown duration                      │ 133 days 11:00:00                         │
│ Profit at drawdown start               │ 1394.37 USDT                              │
│ Profit at drawdown end                 │ 1096.927 USDT                             │
│ Drawdown start                         │ 2025-06-22 13:00:00                       │
│ Drawdown end                           │ 2025-11-03 00:00:00                       │
│                                        │                                           │
│ Wallet based Metrics                   │                                           │
│ Min/Max balance (wallet balance)       │ 989.208 USDT / 2894.377 USDT              │
│ Min/Max balance dates (wallet balance) │ 2022-11-20 12:00:00 / 2026-02-14 10:00:00 │
│ Max % of account underwater (balance)  │ 12.42%                                    │
│ Absolute drawdown (wallet balance)     │ 297.443 USDT (12.42%)                     │
│ Drawdown duration                      │ 133 days 11:00:00                         │
│ Profit at drawdown start               │ 1394.37 USDT                              │
│ Profit at drawdown end                 │ 1096.927 USDT                             │
│ Drawdown start                         │ 2025-06-22 14:00:00                       │
│ Drawdown end                           │ 2025-11-03 01:00:00                       │
│ Sharpe (daily wallet balance)          │ 1.36                                      │
│ Sortino (daily wallet balance)         │ 2.51                                      │
│ Calmar (daily wallet balance)          │ 19.55                                     │
└────────────────────────────────────────┴───────────────────────────────────────────┘

Backtested 2022-11-11 16:00:00 -> 2026-05-07 00:00:00 | Max open trades : 5
                                                                          STRATEGY SUMMARY                                                                           
┏━━━━━━━━━━━━━━━━━━━━━━━━━━━━━━━━━━━━━━━━┳━━━━━━━━┳━━━━━━━━━━━━━━┳━━━━━━━━━━━━━━━━━┳━━━━━━━━━━━━━━┳━━━━━━━━━━━━━━━━━┳━━━━━━━━━━━━━━━━━━━━━━━━┳━━━━━━━━━━━━━━━━━━━━━━┓
┃                               Strategy ┃ Trades ┃ Avg Profit % ┃ Tot Profit USDT ┃ Tot Profit % ┃    Avg Duration ┃  Win  Draw  Loss  Win% ┃             Drawdown ┃
┡━━━━━━━━━━━━━━━━━━━━━━━━━━━━━━━━━━━━━━━━╇━━━━━━━━╇━━━━━━━━━━━━━━╇━━━━━━━━━━━━━━━━━╇━━━━━━━━━━━━━━╇━━━━━━━━━━━━━━━━━╇━━━━━━━━━━━━━━━━━━━━━━━━╇━━━━━━━━━━━━━━━━━━━━━━┩
│ DualTrendRobustRisk0p01Cap0p35Strategy │    379 │         1.06 │        1616.783 │       161.68 │ 2 days, 2:19:00 │  120     0   259  31.7 │ 297.443 USDT  12.42% │
└────────────────────────────────────────┴────────┴──────────────┴─────────────────┴──────────────┴─────────────────┴────────────────────────┴──────────────────────┘
