time="2026-06-15T14:56:25+08:00" level=warning msg="Found orphan containers ([nfi-top9-exbtc-10000u-max4-dryrun]) for this project. If you removed or renamed this service in your compose file, you can run this command with the --remove-orphans flag to clean it up."
 Container ft_userdata-freqtrade-run-acd0300078bf Creating 
 Container ft_userdata-freqtrade-run-acd0300078bf Created 
2026-06-15 06:56:26,481 - freqtrade - INFO - freqtrade 2026.4
2026-06-15 06:56:26,736 - numexpr.utils - INFO - NumExpr defaulting to 16 threads.
2026-06-15 06:56:27,936 - freqtrade.configuration.load_config - INFO - Using config: /freqtrade/user_data/strategies/research/dual_trend_robustness_runs/20260612_165506/configs/base.json ...
2026-06-15 06:56:27,960 - freqtrade.loggers - INFO - Enabling colorized output.
2026-06-15 06:56:27,960 - freqtrade.loggers - INFO - Logfile configured
2026-06-15 06:56:27,961 - freqtrade.loggers - INFO - Verbosity set to 0
2026-06-15 06:56:27,961 - freqtrade.configuration.configuration - INFO - Using additional Strategy lookup path: /freqtrade/user_data/strategies
2026-06-15 06:56:27,961 - freqtrade.configuration.configuration - INFO - Using max_open_trades: 3 ...
2026-06-15 06:56:27,962 - freqtrade.configuration.configuration - INFO - Parameter --fee detected, setting fee to: 0.001 ...
2026-06-15 06:56:27,962 - freqtrade.configuration.configuration - INFO - Parameter --timerange detected: 20221001-20260507 ...
2026-06-15 06:56:46,354 - freqtrade.configuration.configuration - INFO - Using user-data directory: /freqtrade/user_data ...
2026-06-15 06:56:46,357 - freqtrade.configuration.configuration - INFO - Using data directory: /freqtrade/user_data/data/binance ...
2026-06-15 06:56:46,357 - freqtrade.configuration.configuration - INFO - Using /freqtrade/user_data/strategies/research/dual_trend_robustness_runs/20260612_165506/results/fee_full_fee_2x as backtest 
directory ...
2026-06-15 06:56:46,358 - freqtrade.configuration.configuration - INFO - Recursively searching for a strategy in the strategies folder.
2026-06-15 06:56:46,358 - freqtrade.configuration.configuration - INFO - Parameter --export detected: trades ...
2026-06-15 06:56:46,358 - freqtrade.configuration.configuration - INFO - Parameter --breakdown detected ...
2026-06-15 06:56:46,358 - freqtrade.configuration.configuration - INFO - Parameter --cache=none detected ...
2026-06-15 06:56:46,358 - freqtrade.configuration.configuration - INFO - Filter trades by timerange: 20221001-20260507
2026-06-15 06:56:46,359 - freqtrade.exchange.check_exchange - INFO - Checking exchange...
2026-06-15 06:56:46,366 - freqtrade.exchange.check_exchange - INFO - Exchange "binance" is officially supported by the Freqtrade development team.
2026-06-15 06:56:46,367 - freqtrade.configuration.configuration - INFO - Using pairlist from configuration.
2026-06-15 06:56:46,367 - freqtrade.configuration.config_validation - INFO - Validating configuration ...
2026-06-15 06:56:46,369 - freqtrade.commands.optimize_commands - INFO - Starting freqtrade in Backtesting mode
2026-06-15 06:56:46,369 - freqtrade.exchange.exchange - INFO - Instance is running with dry_run enabled
2026-06-15 06:56:46,370 - freqtrade.exchange.exchange - INFO - Using CCXT 4.5.50
2026-06-15 06:56:46,370 - freqtrade.exchange.exchange - INFO - Applying additional ccxt config: {'options': {'defaultType': 'swap', 'adjustForTimeDifference': True, 'recvWindow': 60000, 
'fetchCurrencies': False, 'fetchMarkets': ['linear']}, 'enableRateLimit': True, 'timeout': 60000}
2026-06-15 06:56:46,376 - freqtrade.exchange.exchange - INFO - Applying additional ccxt config: {'options': {'defaultType': 'swap', 'adjustForTimeDifference': True, 'recvWindow': 60000, 
'fetchCurrencies': False, 'fetchMarkets': ['linear']}, 'enableRateLimit': True, 'timeout': 60000}
2026-06-15 06:56:46,382 - freqtrade.exchange.exchange - INFO - Using Exchange "Binance"
2026-06-15 06:56:47,333 - freqtrade.resolvers.exchange_resolver - INFO - Using resolved exchange 'Binance'...
2026-06-15 06:56:49,884 - freqtrade.resolvers.iresolver - INFO - Using resolved strategy DualTrendCompressionRestartShortV1Strategy from 
'/freqtrade/user_data/strategies/DualTrendCompressionRestartShortV1Strategy.py'...
2026-06-15 06:56:49,885 - freqtrade.strategy.hyper - INFO - Found no parameter file.
2026-06-15 06:56:49,885 - freqtrade.resolvers.strategy_resolver - INFO - Override strategy 'stake_currency' with value from the configuration: USDT.
2026-06-15 06:56:49,885 - freqtrade.resolvers.strategy_resolver - INFO - Override strategy 'stake_amount' with value from the configuration: unlimited.
2026-06-15 06:56:49,886 - freqtrade.resolvers.strategy_resolver - INFO - Override strategy 'unfilledtimeout' with value from the configuration: {'entry': 10, 'exit': 10, 'exit_timeout_count': 0, 
'unit': 'minutes'}.
2026-06-15 06:56:49,886 - freqtrade.resolvers.strategy_resolver - INFO - Override strategy 'max_open_trades' with value from the configuration: 3.
2026-06-15 06:56:49,886 - freqtrade.resolvers.strategy_resolver - INFO - Strategy using minimal_roi: {'0': 0.1}
2026-06-15 06:56:49,886 - freqtrade.resolvers.strategy_resolver - INFO - Strategy using timeframe: 1h
2026-06-15 06:56:49,886 - freqtrade.resolvers.strategy_resolver - INFO - Strategy using stoploss: -0.06
2026-06-15 06:56:49,887 - freqtrade.resolvers.strategy_resolver - INFO - Strategy using trailing_stop: False
2026-06-15 06:56:49,887 - freqtrade.resolvers.strategy_resolver - INFO - Strategy using trailing_stop_positive_offset: 0.0
2026-06-15 06:56:49,887 - freqtrade.resolvers.strategy_resolver - INFO - Strategy using trailing_only_offset_is_reached: False
2026-06-15 06:56:49,887 - freqtrade.resolvers.strategy_resolver - INFO - Strategy using use_custom_stoploss: True
2026-06-15 06:56:49,887 - freqtrade.resolvers.strategy_resolver - INFO - Strategy using process_only_new_candles: True
2026-06-15 06:56:49,887 - freqtrade.resolvers.strategy_resolver - INFO - Strategy using order_types: {'entry': 'limit', 'exit': 'limit', 'stoploss': 'limit', 'stoploss_on_exchange': False, 
'stoploss_on_exchange_interval': 60}
2026-06-15 06:56:49,887 - freqtrade.resolvers.strategy_resolver - INFO - Strategy using order_time_in_force: {'entry': 'GTC', 'exit': 'GTC'}
2026-06-15 06:56:49,888 - freqtrade.resolvers.strategy_resolver - INFO - Strategy using stake_currency: USDT
2026-06-15 06:56:49,888 - freqtrade.resolvers.strategy_resolver - INFO - Strategy using stake_amount: unlimited
2026-06-15 06:56:49,888 - freqtrade.resolvers.strategy_resolver - INFO - Strategy using startup_candle_count: 1000
2026-06-15 06:56:49,888 - freqtrade.resolvers.strategy_resolver - INFO - Strategy using unfilledtimeout: {'entry': 10, 'exit': 10, 'exit_timeout_count': 0, 'unit': 'minutes'}
2026-06-15 06:56:49,888 - freqtrade.resolvers.strategy_resolver - INFO - Strategy using use_exit_signal: True
2026-06-15 06:56:49,888 - freqtrade.resolvers.strategy_resolver - INFO - Strategy using exit_profit_only: False
2026-06-15 06:56:49,889 - freqtrade.resolvers.strategy_resolver - INFO - Strategy using ignore_roi_if_entry_signal: True
2026-06-15 06:56:49,889 - freqtrade.resolvers.strategy_resolver - INFO - Strategy using exit_profit_offset: 0.0
2026-06-15 06:56:49,889 - freqtrade.resolvers.strategy_resolver - INFO - Strategy using disable_dataframe_checks: False
2026-06-15 06:56:49,889 - freqtrade.resolvers.strategy_resolver - INFO - Strategy using ignore_buying_expired_candle_after: 0
2026-06-15 06:56:49,889 - freqtrade.resolvers.strategy_resolver - INFO - Strategy using position_adjustment_enable: False
2026-06-15 06:56:49,890 - freqtrade.resolvers.strategy_resolver - INFO - Strategy using max_entry_position_adjustment: -1
2026-06-15 06:56:49,890 - freqtrade.resolvers.strategy_resolver - INFO - Strategy using max_open_trades: 3
2026-06-15 06:56:49,890 - freqtrade.configuration.config_validation - INFO - Validating configuration ...
2026-06-15 06:56:49,893 - freqtrade.resolvers.iresolver - INFO - Using resolved pairlist StaticPairList from '/freqtrade/freqtrade/plugins/pairlist/StaticPairList.py'...
2026-06-15 06:56:49,901 - freqtrade.optimize.backtesting - INFO - Using fee 0.1000% from config.
2026-06-15 06:56:49,902 - freqtrade.exchange.exchange - WARNING - Using 3 calls to get OHLCV. This can result in slower operations for the bot. Please check if you really need 1000 candles for your 
strategy.
2026-06-15 06:56:49,949 - freqtrade.data.history.datahandlers.idatahandler - WARNING - BTC/USDT:USDT, futures, 1h, data starts at 2022-10-01 00:00:00
2026-06-15 06:56:49,988 - freqtrade.data.history.datahandlers.idatahandler - WARNING - ETH/USDT:USDT, futures, 1h, data starts at 2022-10-01 00:00:00
2026-06-15 06:56:50,024 - freqtrade.data.history.datahandlers.idatahandler - WARNING - BNB/USDT:USDT, futures, 1h, data starts at 2022-10-01 00:00:00
2026-06-15 06:56:50,061 - freqtrade.data.history.datahandlers.idatahandler - WARNING - SOL/USDT:USDT, futures, 1h, data starts at 2022-10-01 00:00:00
2026-06-15 06:56:50,092 - freqtrade.data.history.datahandlers.idatahandler - WARNING - XRP/USDT:USDT, futures, 1h, data starts at 2022-10-01 00:00:00
2026-06-15 06:56:50,131 - freqtrade.data.history.datahandlers.idatahandler - WARNING - DOGE/USDT:USDT, futures, 1h, data starts at 2022-10-01 00:00:00
2026-06-15 06:56:50,170 - freqtrade.data.history.datahandlers.idatahandler - WARNING - ADA/USDT:USDT, futures, 1h, data starts at 2022-10-01 00:00:00
2026-06-15 06:56:50,209 - freqtrade.data.history.datahandlers.idatahandler - WARNING - LINK/USDT:USDT, futures, 1h, data starts at 2022-10-01 00:00:00
2026-06-15 06:56:50,246 - freqtrade.data.history.datahandlers.idatahandler - WARNING - NEAR/USDT:USDT, futures, 1h, data starts at 2022-10-01 00:00:00
2026-06-15 06:56:50,284 - freqtrade.data.history.datahandlers.idatahandler - WARNING - SUI/USDT:USDT, futures, 1h, data starts at 2024-05-01 00:00:00
2026-06-15 06:56:50,321 - freqtrade.data.history.datahandlers.idatahandler - WARNING - TRX/USDT:USDT, futures, 1h, data starts at 2022-10-01 00:00:00
2026-06-15 06:56:50,356 - freqtrade.data.history.datahandlers.idatahandler - WARNING - ZEC/USDT:USDT, futures, 1h, data starts at 2022-10-01 00:00:00
2026-06-15 06:56:50,391 - freqtrade.data.history.datahandlers.idatahandler - WARNING - TAO/USDT:USDT, futures, 1h, data starts at 2024-04-11 14:00:00
2026-06-15 06:56:50,392 - freqtrade.data.history.datahandlers.idatahandler - WARNING - TAO/USDT:USDT, futures, 1h, data ends at 2026-04-20 00:00:00
2026-06-15 06:56:50,407 - freqtrade.optimize.backtesting - INFO - Loading data from 2022-10-01 00:00:00 up to 2026-05-07 00:00:00 (1314 days).
2026-06-15 06:56:50,408 - freqtrade.configuration.timerange - WARNING - Moving start-date by 1000 candles to account for startup time.
2026-06-15 06:56:50,426 - freqtrade.data.history.datahandlers.idatahandler - WARNING - BTC/USDT:USDT, funding_rate, 1h, data ends at 2026-05-06 16:00:00
2026-06-15 06:56:50,445 - freqtrade.data.history.datahandlers.idatahandler - WARNING - ETH/USDT:USDT, funding_rate, 1h, data ends at 2026-05-06 16:00:00
2026-06-15 06:56:50,545 - freqtrade.data.history.datahandlers.idatahandler - WARNING - DOGE/USDT:USDT, funding_rate, 1h, data ends at 2026-05-06 16:00:00
2026-06-15 06:56:50,627 - freqtrade.data.history.datahandlers.idatahandler - WARNING - SUI/USDT:USDT, funding_rate, 1h, data starts at 2024-02-28 00:00:00
2026-06-15 06:56:50,649 - freqtrade.data.history.datahandlers.idatahandler - WARNING - TRX/USDT:USDT, funding_rate, 1h, data ends at 2026-05-06 16:00:00
2026-06-15 06:56:50,668 - freqtrade.data.history.datahandlers.idatahandler - WARNING - ZEC/USDT:USDT, funding_rate, 1h, data ends at 2026-05-06 16:00:00
2026-06-15 06:56:50,685 - freqtrade.data.history.datahandlers.idatahandler - WARNING - TAO/USDT:USDT, funding_rate, 1h, data starts at 2024-04-11 16:00:00
2026-06-15 06:56:50,686 - freqtrade.data.history.datahandlers.idatahandler - WARNING - TAO/USDT:USDT, funding_rate, 1h, data ends at 2026-04-19 20:00:00
2026-06-15 06:56:51,029 - freqtrade.data.history.datahandlers.idatahandler - WARNING - SUI/USDT:USDT, mark, 1h, data starts at 2024-02-28 00:00:00
2026-06-15 06:56:51,125 - freqtrade.data.history.datahandlers.idatahandler - WARNING - TAO/USDT:USDT, mark, 1h, data starts at 2024-04-11 12:00:00
2026-06-15 06:56:51,126 - freqtrade.data.history.datahandlers.idatahandler - WARNING - TAO/USDT:USDT, mark, 1h, data ends at 2026-04-20 00:00:00
2026-06-15 06:56:53,222 - freqtrade.optimize.backtesting - INFO - Dataload complete. Calculating indicators
2026-06-15 06:56:53,226 - freqtrade.optimize.backtesting - INFO - Running backtesting for Strategy DualTrendCompressionRestartShortV1Strategy
2026-06-15 06:56:53,230 - freqtrade.data.dataprovider - INFO - Loading data for BTC/USDT:USDT 4h from 2022-04-17 08:00:00 to 2026-05-07 00:00:00
2026-06-15 06:56:53,249 - freqtrade.data.history.datahandlers.idatahandler - WARNING - BTC/USDT:USDT, futures, 4h, data starts at 2022-10-01 00:00:00
2026-06-15 06:56:53,249 - freqtrade.data.history.datahandlers.idatahandler - WARNING - BTC/USDT:USDT, futures, 4h, data ends at 2026-05-06 12:00:00
2026-06-15 06:56:53,304 - freqtrade.data.dataprovider - INFO - Loading data for ETH/USDT:USDT 4h from 2022-04-17 08:00:00 to 2026-05-07 00:00:00
2026-06-15 06:56:53,320 - freqtrade.data.history.datahandlers.idatahandler - WARNING - ETH/USDT:USDT, futures, 4h, data starts at 2022-10-01 00:00:00
2026-06-15 06:56:53,321 - freqtrade.data.history.datahandlers.idatahandler - WARNING - ETH/USDT:USDT, futures, 4h, data ends at 2026-05-06 12:00:00
2026-06-15 06:56:53,379 - freqtrade.data.dataprovider - INFO - Loading data for BNB/USDT:USDT 4h from 2022-04-17 08:00:00 to 2026-05-07 00:00:00
2026-06-15 06:56:53,393 - freqtrade.data.history.datahandlers.idatahandler - WARNING - BNB/USDT:USDT, futures, 4h, data starts at 2022-10-01 00:00:00
2026-06-15 06:56:53,394 - freqtrade.data.history.datahandlers.idatahandler - WARNING - BNB/USDT:USDT, futures, 4h, data ends at 2026-05-06 16:00:00
2026-06-15 06:56:53,454 - freqtrade.data.dataprovider - INFO - Loading data for SOL/USDT:USDT 4h from 2022-04-17 08:00:00 to 2026-05-07 00:00:00
2026-06-15 06:56:53,467 - freqtrade.data.history.datahandlers.idatahandler - WARNING - SOL/USDT:USDT, futures, 4h, data starts at 2022-10-01 00:00:00
2026-06-15 06:56:53,468 - freqtrade.data.history.datahandlers.idatahandler - WARNING - SOL/USDT:USDT, futures, 4h, data ends at 2026-05-06 16:00:00
2026-06-15 06:56:53,520 - freqtrade.data.dataprovider - INFO - Loading data for XRP/USDT:USDT 4h from 2022-04-17 08:00:00 to 2026-05-07 00:00:00
2026-06-15 06:56:53,536 - freqtrade.data.history.datahandlers.idatahandler - WARNING - XRP/USDT:USDT, futures, 4h, data starts at 2022-10-01 00:00:00
2026-06-15 06:56:53,537 - freqtrade.data.history.datahandlers.idatahandler - WARNING - XRP/USDT:USDT, futures, 4h, data ends at 2026-05-06 16:00:00
2026-06-15 06:56:53,600 - freqtrade.data.dataprovider - INFO - Loading data for DOGE/USDT:USDT 4h from 2022-04-17 08:00:00 to 2026-05-07 00:00:00
2026-06-15 06:56:53,613 - freqtrade.data.history.datahandlers.idatahandler - WARNING - DOGE/USDT:USDT, futures, 4h, data starts at 2022-10-01 00:00:00
2026-06-15 06:56:53,613 - freqtrade.data.history.datahandlers.idatahandler - WARNING - DOGE/USDT:USDT, futures, 4h, data ends at 2026-05-06 12:00:00
2026-06-15 06:56:53,688 - freqtrade.data.dataprovider - INFO - Loading data for ADA/USDT:USDT 4h from 2022-04-17 08:00:00 to 2026-05-07 00:00:00
2026-06-15 06:56:53,705 - freqtrade.data.history.datahandlers.idatahandler - WARNING - ADA/USDT:USDT, futures, 4h, data starts at 2022-10-01 00:00:00
2026-06-15 06:56:53,705 - freqtrade.data.history.datahandlers.idatahandler - WARNING - ADA/USDT:USDT, futures, 4h, data ends at 2026-05-06 16:00:00
2026-06-15 06:56:53,769 - freqtrade.data.dataprovider - INFO - Loading data for LINK/USDT:USDT 4h from 2022-04-17 08:00:00 to 2026-05-07 00:00:00
2026-06-15 06:56:53,785 - freqtrade.data.history.datahandlers.idatahandler - WARNING - LINK/USDT:USDT, futures, 4h, data starts at 2022-10-01 00:00:00
2026-06-15 06:56:53,786 - freqtrade.data.history.datahandlers.idatahandler - WARNING - LINK/USDT:USDT, futures, 4h, data ends at 2026-05-06 16:00:00
2026-06-15 06:56:53,844 - freqtrade.data.dataprovider - INFO - Loading data for NEAR/USDT:USDT 4h from 2022-04-17 08:00:00 to 2026-05-07 00:00:00
2026-06-15 06:56:53,861 - freqtrade.data.history.datahandlers.idatahandler - WARNING - NEAR/USDT:USDT, futures, 4h, data starts at 2022-10-01 00:00:00
2026-06-15 06:56:53,862 - freqtrade.data.history.datahandlers.idatahandler - WARNING - NEAR/USDT:USDT, futures, 4h, data ends at 2026-05-06 16:00:00
2026-06-15 06:56:53,923 - freqtrade.data.dataprovider - INFO - Loading data for SUI/USDT:USDT 4h from 2022-04-17 08:00:00 to 2026-05-07 00:00:00
2026-06-15 06:56:53,941 - freqtrade.data.history.datahandlers.idatahandler - WARNING - SUI/USDT:USDT, futures, 4h, data starts at 2024-05-01 00:00:00
2026-06-15 06:56:53,986 - freqtrade.data.dataprovider - INFO - Loading data for TRX/USDT:USDT 4h from 2022-04-17 08:00:00 to 2026-05-07 00:00:00
2026-06-15 06:56:54,001 - freqtrade.data.history.datahandlers.idatahandler - WARNING - TRX/USDT:USDT, futures, 4h, data starts at 2022-10-01 00:00:00
2026-06-15 06:56:54,002 - freqtrade.data.history.datahandlers.idatahandler - WARNING - TRX/USDT:USDT, futures, 4h, data ends at 2026-05-06 12:00:00
2026-06-15 06:56:54,059 - freqtrade.data.dataprovider - INFO - Loading data for ZEC/USDT:USDT 4h from 2022-04-17 08:00:00 to 2026-05-07 00:00:00
2026-06-15 06:56:54,076 - freqtrade.data.history.datahandlers.idatahandler - WARNING - ZEC/USDT:USDT, futures, 4h, data starts at 2022-10-01 00:00:00
2026-06-15 06:56:54,076 - freqtrade.data.history.datahandlers.idatahandler - WARNING - ZEC/USDT:USDT, futures, 4h, data ends at 2026-05-06 12:00:00
2026-06-15 06:56:54,135 - freqtrade.data.dataprovider - INFO - Loading data for TAO/USDT:USDT 4h from 2022-04-17 08:00:00 to 2026-05-07 00:00:00
2026-06-15 06:56:54,152 - freqtrade.data.history.datahandlers.idatahandler - WARNING - TAO/USDT:USDT, futures, 4h, data starts at 2024-04-11 12:00:00
2026-06-15 06:56:54,152 - freqtrade.data.history.datahandlers.idatahandler - WARNING - TAO/USDT:USDT, futures, 4h, data ends at 2026-04-19 16:00:00
2026-06-15 06:56:54,206 - freqtrade.optimize.backtesting - INFO - Backtesting with data from 2022-11-11 16:00:00 up to 2026-05-07 00:00:00 (1272 days).
2026-06-15 06:56:54,207 - freqtrade.resolvers.iresolver - INFO - Using resolved protection CooldownPeriod from '/freqtrade/freqtrade/plugins/protections/cooldown_period.py'...
2026-06-15 06:56:54,209 - freqtrade.resolvers.iresolver - INFO - Using resolved protection StoplossGuard from '/freqtrade/freqtrade/plugins/protections/stoploss_guard.py'...
2026-06-15 06:56:54,210 - freqtrade.resolvers.iresolver - INFO - Using resolved protection MaxDrawdown from '/freqtrade/freqtrade/plugins/protections/max_drawdown_protection.py'...
2026-06-15 06:57:40,304 - freqtrade.misc - INFO - dumping json to 
"/freqtrade/user_data/strategies/research/dual_trend_robustness_runs/20260612_165506/results/fee_full_fee_2x/backtest-result-2026-06-15_06-57-40.meta.json"
Result for strategy DualTrendCompressionRestartShortV1Strategy
                                                  BACKTESTING REPORT                                                   
┏━━━━━━━━━━━━━━━━┳━━━━━━━━┳━━━━━━━━━━━━━━┳━━━━━━━━━━━━━━━━━┳━━━━━━━━━━━━━━┳━━━━━━━━━━━━━━━━━━┳━━━━━━━━━━━━━━━━━━━━━━━━┓
┃           Pair ┃ Trades ┃ Avg Profit % ┃ Tot Profit USDT ┃ Tot Profit % ┃     Avg Duration ┃  Win  Draw  Loss  Win% ┃
┡━━━━━━━━━━━━━━━━╇━━━━━━━━╇━━━━━━━━━━━━━━╇━━━━━━━━━━━━━━━━━╇━━━━━━━━━━━━━━╇━━━━━━━━━━━━━━━━━━╇━━━━━━━━━━━━━━━━━━━━━━━━┩
│  ZEC/USDT:USDT │     19 │         3.96 │         205.715 │        20.57 │ 2 days, 14:47:00 │   11     0     8  57.9 │
│ DOGE/USDT:USDT │     31 │         1.94 │         169.374 │        16.94 │  1 day, 20:54:00 │   11     0    20  35.5 │
│  ETH/USDT:USDT │     25 │         1.96 │         158.218 │        15.82 │  2 days, 8:05:00 │    9     0    16  36.0 │
│  BNB/USDT:USDT │     25 │         2.04 │         129.574 │        12.96 │  2 days, 9:05:00 │   12     0    13  48.0 │
│  ADA/USDT:USDT │     37 │         1.28 │         101.023 │         10.1 │  2 days, 5:34:00 │   11     0    26  29.7 │
│  SUI/USDT:USDT │     14 │         1.92 │          84.189 │         8.42 │  1 day, 21:30:00 │    6     0     8  42.9 │
│  TAO/USDT:USDT │     12 │         2.83 │          67.070 │         6.71 │  1 day, 20:55:00 │    7     0     5  58.3 │
│  SOL/USDT:USDT │     27 │         1.15 │          60.266 │         6.03 │  1 day, 20:49:00 │    9     0    18  33.3 │
│  BTC/USDT:USDT │     30 │        -0.16 │          26.676 │         2.67 │  2 days, 4:54:00 │    7     0    23  23.3 │
│  XRP/USDT:USDT │     37 │         -0.1 │          25.157 │         2.52 │ 2 days, 15:47:00 │    9     0    28  24.3 │
│ NEAR/USDT:USDT │     34 │        -0.38 │          -9.120 │        -0.91 │  1 day, 13:35:00 │    7     0    27  20.6 │
│ LINK/USDT:USDT │     31 │        -0.15 │         -62.430 │        -6.24 │  1 day, 14:46:00 │    6     0    25  19.4 │
│  TRX/USDT:USDT │     19 │        -1.23 │         -86.577 │        -8.66 │ 2 days, 14:16:00 │    1     0    18   5.3 │
│          TOTAL │    341 │         0.95 │         869.136 │        86.91 │  2 days, 3:00:00 │  106     0   235  31.1 │
└────────────────┴────────┴──────────────┴─────────────────┴──────────────┴──────────────────┴────────────────────────┘
                                         LEFT OPEN TRADES REPORT                                          
┏━━━━━━━┳━━━━━━━━┳━━━━━━━━━━━━━━┳━━━━━━━━━━━━━━━━━┳━━━━━━━━━━━━━━┳━━━━━━━━━━━━━━┳━━━━━━━━━━━━━━━━━━━━━━━━┓
┃  Pair ┃ Trades ┃ Avg Profit % ┃ Tot Profit USDT ┃ Tot Profit % ┃ Avg Duration ┃  Win  Draw  Loss  Win% ┃
┡━━━━━━━╇━━━━━━━━╇━━━━━━━━━━━━━━╇━━━━━━━━━━━━━━━━━╇━━━━━━━━━━━━━━╇━━━━━━━━━━━━━━╇━━━━━━━━━━━━━━━━━━━━━━━━┩
│ TOTAL │      0 │          0.0 │           0.000 │          0.0 │         0:00 │    0     0     0     0 │
└───────┴────────┴──────────────┴─────────────────┴──────────────┴──────────────┴────────────────────────┘
                                                          ENTER TAG STATS                                                           
┏━━━━━━━━━━━━━━━━━━━━━━━━━━━━━┳━━━━━━━━━┳━━━━━━━━━━━━━━┳━━━━━━━━━━━━━━━━━┳━━━━━━━━━━━━━━┳━━━━━━━━━━━━━━━━━┳━━━━━━━━━━━━━━━━━━━━━━━━┓
┃                   Enter Tag ┃ Entries ┃ Avg Profit % ┃ Tot Profit USDT ┃ Tot Profit % ┃    Avg Duration ┃  Win  Draw  Loss  Win% ┃
┡━━━━━━━━━━━━━━━━━━━━━━━━━━━━━╇━━━━━━━━━╇━━━━━━━━━━━━━━╇━━━━━━━━━━━━━━━━━╇━━━━━━━━━━━━━━╇━━━━━━━━━━━━━━━━━╇━━━━━━━━━━━━━━━━━━━━━━━━┩
│      short_pullback_restart │     262 │         0.88 │         546.397 │        54.64 │ 2 days, 2:36:00 │   81     0   181  30.9 │
│ short_compression_breakdown │      79 │         1.21 │         322.739 │        32.27 │ 2 days, 4:19:00 │   25     0    54  31.6 │
│                       TOTAL │     341 │         0.95 │         869.136 │        86.91 │ 2 days, 3:00:00 │  106     0   235  31.1 │
└─────────────────────────────┴─────────┴──────────────┴─────────────────┴──────────────┴─────────────────┴────────────────────────┘
                                                      EXIT REASON STATS                                                       
┏━━━━━━━━━━━━━━━━━━━━━━━┳━━━━━━━┳━━━━━━━━━━━━━━┳━━━━━━━━━━━━━━━━━┳━━━━━━━━━━━━━━┳━━━━━━━━━━━━━━━━━━━┳━━━━━━━━━━━━━━━━━━━━━━━━┓
┃           Exit Reason ┃ Exits ┃ Avg Profit % ┃ Tot Profit USDT ┃ Tot Profit % ┃      Avg Duration ┃  Win  Draw  Loss  Win% ┃
┡━━━━━━━━━━━━━━━━━━━━━━━╇━━━━━━━╇━━━━━━━━━━━━━━╇━━━━━━━━━━━━━━━━━╇━━━━━━━━━━━━━━╇━━━━━━━━━━━━━━━━━━━╇━━━━━━━━━━━━━━━━━━━━━━━━┩
│                   roi │    85 │         10.0 │        2725.562 │       272.56 │   2 days, 6:43:00 │   85     0     0   100 │
│       stale_flat_120h │    17 │         0.67 │          45.979 │          4.6 │   6 days, 9:49:00 │   17     0     0   100 │
│ stale_low_profit_240h │     4 │         2.62 │          44.035 │          4.4 │ 10 days, 14:15:00 │    4     0     0   100 │
│        stale_loss_72h │    59 │        -0.62 │        -122.618 │       -12.26 │  3 days, 14:11:00 │    0     0    59     0 │
│    trailing_stop_loss │    51 │         -2.8 │        -512.168 │       -51.22 │          22:25:00 │    0     0    51     0 │
│             stop_loss │   125 │        -2.94 │       -1311.652 │      -131.17 │          23:03:00 │    0     0   125     0 │
│                 TOTAL │   341 │         0.95 │         869.136 │        86.91 │   2 days, 3:00:00 │  106     0   235  31.1 │
└───────────────────────┴───────┴──────────────┴─────────────────┴──────────────┴───────────────────┴────────────────────────┘
                                                                      MIXED TAG STATS                                                                       
┏━━━━━━━━━━━━━━━━━━━━━━━━━━━━━┳━━━━━━━━━━━━━━━━━━━━━━━┳━━━━━━━━┳━━━━━━━━━━━━━━┳━━━━━━━━━━━━━━━━━┳━━━━━━━━━━━━━━┳━━━━━━━━━━━━━━━━━━┳━━━━━━━━━━━━━━━━━━━━━━━━┓
┃                   Enter Tag ┃           Exit Reason ┃ Trades ┃ Avg Profit % ┃ Tot Profit USDT ┃ Tot Profit % ┃     Avg Duration ┃  Win  Draw  Loss  Win% ┃
┡━━━━━━━━━━━━━━━━━━━━━━━━━━━━━╇━━━━━━━━━━━━━━━━━━━━━━━╇━━━━━━━━╇━━━━━━━━━━━━━━╇━━━━━━━━━━━━━━━━━╇━━━━━━━━━━━━━━╇━━━━━━━━━━━━━━━━━━╇━━━━━━━━━━━━━━━━━━━━━━━━┩
│      short_pullback_restart │                   roi │     63 │         10.0 │        1983.775 │       198.38 │  2 days, 8:20:00 │   63     0     0   100 │
│ short_compression_breakdown │                   roi │     22 │         10.0 │         741.787 │        74.18 │  2 days, 2:05:00 │   22     0     0   100 │
│      short_pullback_restart │       stale_flat_120h │     15 │         0.69 │          41.763 │         4.18 │  6 days, 5:36:00 │   15     0     0   100 │
│      short_pullback_restart │ stale_low_profit_240h │      3 │         2.53 │          36.835 │         3.68 │ 10 days, 9:20:00 │    3     0     0   100 │
│ short_compression_breakdown │ stale_low_profit_240h │      1 │         2.89 │           7.200 │         0.72 │ 11 days, 5:00:00 │    1     0     0   100 │
│ short_compression_breakdown │       stale_flat_120h │      2 │         0.45 │           4.216 │         0.42 │ 7 days, 17:30:00 │    2     0     0   100 │
│ short_compression_breakdown │        stale_loss_72h │     17 │         -0.6 │         -31.289 │        -3.13 │  3 days, 9:53:00 │    0     0    17     0 │
│      short_pullback_restart │        stale_loss_72h │     42 │        -0.63 │         -91.329 │        -9.13 │ 3 days, 15:56:00 │    0     0    42     0 │
│ short_compression_breakdown │    trailing_stop_loss │     13 │         -3.3 │        -139.275 │       -13.93 │   1 day, 3:37:00 │    0     0    13     0 │
│ short_compression_breakdown │             stop_loss │     24 │        -3.15 │        -259.900 │       -25.99 │   1 day, 2:40:00 │    0     0    24     0 │
│      short_pullback_restart │    trailing_stop_loss │     38 │        -2.63 │        -372.894 │       -37.29 │         20:38:00 │    0     0    38     0 │
│      short_pullback_restart │             stop_loss │    101 │        -2.89 │       -1051.752 │      -105.18 │         22:11:00 │    0     0   101     0 │
│                       TOTAL │                       │    341 │         0.95 │         869.136 │        86.91 │  2 days, 3:00:00 │  106     0   235  31.1 │
└─────────────────────────────┴───────────────────────┴────────┴──────────────┴─────────────────┴──────────────┴──────────────────┴────────────────────────┘
                                  YEAR BREAKDOWN                                  
┏━━━━━━━━━━━━┳━━━━━━━━┳━━━━━━━━━━━━━━━━━┳━━━━━━━━━━━━━━━┳━━━━━━━━━━━━━━━━━━━━━━━━┓
┃       Year ┃ Trades ┃ Tot Profit USDT ┃ Profit Factor ┃  Win  Draw  Loss  Win% ┃
┡━━━━━━━━━━━━╇━━━━━━━━╇━━━━━━━━━━━━━━━━━╇━━━━━━━━━━━━━━━╇━━━━━━━━━━━━━━━━━━━━━━━━┩
│ 31/12/2022 │     17 │          52.399 │           1.8 │    5     0    12  29.4 │
│ 31/12/2023 │     78 │           2.091 │          1.01 │   16     0    62  20.5 │
│ 31/12/2024 │     73 │         337.774 │          2.03 │   28     0    45  38.4 │
│ 31/12/2025 │    131 │         415.731 │          1.47 │   44     0    87  33.6 │
│ 31/12/2026 │     42 │          61.141 │           1.2 │   13     0    29  31.0 │
└────────────┴────────┴─────────────────┴───────────────┴────────────────────────┘
                                   SUMMARY METRICS                                    
┏━━━━━━━━━━━━━━━━━━━━━━━━━━━━━━━━━━━━━━━━┳━━━━━━━━━━━━━━━━━━━━━━━━━━━━━━━━━━━━━━━━━━━┓
┃ Metric                                 ┃ Value                                     ┃
┡━━━━━━━━━━━━━━━━━━━━━━━━━━━━━━━━━━━━━━━━╇━━━━━━━━━━━━━━━━━━━━━━━━━━━━━━━━━━━━━━━━━━━┩
│ Backtesting from                       │ 2022-11-11 16:00:00                       │
│ Backtesting to                         │ 2026-05-07 00:00:00                       │
│ Trading Mode                           │ Isolated Futures                          │
│ Max open trades                        │ 3                                         │
│                                        │                                           │
│ Total/Daily Avg Trades                 │ 341 / 0.27                                │
│ Starting balance                       │ 1000 USDT                                 │
│ Final balance                          │ 1869.136 USDT                             │
│ Absolute profit                        │ 869.136 USDT                              │
│ Total profit %                         │ 86.91%                                    │
│ CAGR %                                 │ 19.66%                                    │
│ Sharpe (closed trades)                 │ 0.71                                      │
│ Sortino (closed trades)                │ 2.85                                      │
│ Calmar (closed trades)                 │ 13.08                                     │
│ SQN                                    │ 2.57                                      │
│ Profit factor                          │ 1.45                                      │
│ Expectancy (Ratio)                     │ 2.55 (0.31)                               │
│ Avg. daily profit                      │ 0.683 USDT                                │
│ Avg. stake amount                      │ 366.122 USDT                              │
│ Market change                          │ 238.41%                                   │
│ Total trade volume                     │ 248833.414 USDT                           │
│                                        │                                           │
│ Long / Short trades                    │ 0 / 341                                   │
│ Long / Short profit %                  │ 0.00% / 86.91%                            │
│ Long / Short profit USDT               │ 0.000 / 869.136                           │
│                                        │                                           │
│ Best Pair                              │ ZEC/USDT:USDT 20.57%                      │
│ Worst Pair                             │ TRX/USDT:USDT -8.66%                      │
│ Best trade                             │ NEAR/USDT:USDT 10.02%                     │
│ Worst trade                            │ TAO/USDT:USDT -5.10%                      │
│ Best day                               │ 171.383 USDT                              │
│ Worst day                              │ -47.567 USDT                              │
│ Days win/draw/lose                     │ 71 / 1000 / 172                           │
│ Min/Max/Avg. Duration Winners          │ 0d 02:00 / 11d 05:00 / 3d 06:08           │
│ Min/Max/Avg. Duration Losers           │ 0d 00:00 / 6d 08:00 / 1d 14:46            │
│ Max Consecutive Wins / Loss            │ 8 / 18                                    │
│ Rejected Entry signals                 │ 159                                       │
│ Entry/Exit Timeouts                    │ 0 / 0                                     │
│                                        │                                           │
│ Min/Max balance (closed trades)        │ 991.325 USDT / 2039.157 USDT              │
│ Max % of account underwater            │ 11.05%                                    │
│ Absolute drawdown                      │ 183.688 USDT (9.98%)                      │
│ Drawdown duration                      │ 133 days 11:00:00                         │
│ Profit at drawdown start               │ 840.195 USDT                              │
│ Profit at drawdown end                 │ 656.507 USDT                              │
│ Drawdown start                         │ 2025-06-22 13:00:00                       │
│ Drawdown end                           │ 2025-11-03 00:00:00                       │
│                                        │                                           │
│ Wallet based Metrics                   │                                           │
│ Min/Max balance (wallet balance)       │ 991.325 USDT / 2039.157 USDT              │
│ Min/Max balance dates (wallet balance) │ 2022-11-20 12:00:00 / 2026-02-14 10:00:00 │
│ Max % of account underwater (balance)  │ 11.05%                                    │
│ Absolute drawdown (wallet balance)     │ 183.688 USDT (9.98%)                      │
│ Drawdown duration                      │ 133 days 11:00:00                         │
│ Profit at drawdown start               │ 840.195 USDT                              │
│ Profit at drawdown end                 │ 656.507 USDT                              │
│ Drawdown start                         │ 2025-06-22 14:00:00                       │
│ Drawdown end                           │ 2025-11-03 01:00:00                       │
│ Sharpe (daily wallet balance)          │ 1.13                                      │
│ Sortino (daily wallet balance)         │ 2.04                                      │
│ Calmar (daily wallet balance)          │ 13.08                                     │
└────────────────────────────────────────┴───────────────────────────────────────────┘

Backtested 2022-11-11 16:00:00 -> 2026-05-07 00:00:00 | Max open trades : 3
                                                                            STRATEGY SUMMARY                                                                            
┏━━━━━━━━━━━━━━━━━━━━━━━━━━━━━━━━━━━━━━━━━━━━┳━━━━━━━━┳━━━━━━━━━━━━━━┳━━━━━━━━━━━━━━━━━┳━━━━━━━━━━━━━━┳━━━━━━━━━━━━━━━━━┳━━━━━━━━━━━━━━━━━━━━━━━━┳━━━━━━━━━━━━━━━━━━━━━┓
┃                                   Strategy ┃ Trades ┃ Avg Profit % ┃ Tot Profit USDT ┃ Tot Profit % ┃    Avg Duration ┃  Win  Draw  Loss  Win% ┃            Drawdown ┃
┡━━━━━━━━━━━━━━━━━━━━━━━━━━━━━━━━━━━━━━━━━━━━╇━━━━━━━━╇━━━━━━━━━━━━━━╇━━━━━━━━━━━━━━━━━╇━━━━━━━━━━━━━━╇━━━━━━━━━━━━━━━━━╇━━━━━━━━━━━━━━━━━━━━━━━━╇━━━━━━━━━━━━━━━━━━━━━┩
│ DualTrendCompressionRestartShortV1Strategy │    341 │         0.95 │         869.136 │        86.91 │ 2 days, 3:00:00 │  106     0   235  31.1 │ 183.688 USDT  9.98% │
└────────────────────────────────────────────┴────────┴──────────────┴─────────────────┴──────────────┴─────────────────┴────────────────────────┴─────────────────────┘


=== attempt 1 ===
