time="2026-06-15T14:58:33+08:00" level=warning msg="Found orphan containers ([nfi-top9-exbtc-10000u-max4-dryrun]) for this project. If you removed or renamed this service in your compose file, you can run this command with the --remove-orphans flag to clean it up."
 Container ft_userdata-freqtrade-run-ec491954c3ac Creating 
 Container ft_userdata-freqtrade-run-ec491954c3ac Created 
2026-06-15 06:58:34,530 - freqtrade - INFO - freqtrade 2026.4
2026-06-15 06:58:34,880 - numexpr.utils - INFO - NumExpr defaulting to 16 threads.
2026-06-15 06:58:36,232 - freqtrade.configuration.load_config - INFO - Using config: /freqtrade/user_data/strategies/research/dual_trend_robustness_runs/20260612_165506/configs/base.json ...
2026-06-15 06:58:36,242 - freqtrade.loggers - INFO - Enabling colorized output.
2026-06-15 06:58:36,243 - freqtrade.loggers - INFO - Logfile configured
2026-06-15 06:58:36,243 - freqtrade.loggers - INFO - Verbosity set to 0
2026-06-15 06:58:36,243 - freqtrade.configuration.configuration - INFO - Using additional Strategy lookup path: /freqtrade/user_data/strategies
2026-06-15 06:58:36,244 - freqtrade.configuration.configuration - INFO - Using max_open_trades: 3 ...
2026-06-15 06:58:36,244 - freqtrade.configuration.configuration - INFO - Parameter --fee detected, setting fee to: 0.001 ...
2026-06-15 06:58:36,245 - freqtrade.configuration.configuration - INFO - Parameter --timerange detected: 20250101-20260507 ...
2026-06-15 06:58:56,797 - freqtrade.configuration.configuration - INFO - Using user-data directory: /freqtrade/user_data ...
2026-06-15 06:58:56,800 - freqtrade.configuration.configuration - INFO - Using data directory: /freqtrade/user_data/data/binance ...
2026-06-15 06:58:56,800 - freqtrade.configuration.configuration - INFO - Using /freqtrade/user_data/strategies/research/dual_trend_robustness_runs/20260612_165506/results/fee_recent_fee_2x as backtest
directory ...
2026-06-15 06:58:56,800 - freqtrade.configuration.configuration - INFO - Recursively searching for a strategy in the strategies folder.
2026-06-15 06:58:56,800 - freqtrade.configuration.configuration - INFO - Parameter --export detected: trades ...
2026-06-15 06:58:56,801 - freqtrade.configuration.configuration - INFO - Parameter --breakdown detected ...
2026-06-15 06:58:56,801 - freqtrade.configuration.configuration - INFO - Parameter --cache=none detected ...
2026-06-15 06:58:56,801 - freqtrade.configuration.configuration - INFO - Filter trades by timerange: 20250101-20260507
2026-06-15 06:58:56,802 - freqtrade.exchange.check_exchange - INFO - Checking exchange...
2026-06-15 06:58:56,808 - freqtrade.exchange.check_exchange - INFO - Exchange "binance" is officially supported by the Freqtrade development team.
2026-06-15 06:58:56,808 - freqtrade.configuration.configuration - INFO - Using pairlist from configuration.
2026-06-15 06:58:56,808 - freqtrade.configuration.config_validation - INFO - Validating configuration ...
2026-06-15 06:58:56,810 - freqtrade.commands.optimize_commands - INFO - Starting freqtrade in Backtesting mode
2026-06-15 06:58:56,811 - freqtrade.exchange.exchange - INFO - Instance is running with dry_run enabled
2026-06-15 06:58:56,811 - freqtrade.exchange.exchange - INFO - Using CCXT 4.5.50
2026-06-15 06:58:56,811 - freqtrade.exchange.exchange - INFO - Applying additional ccxt config: {'options': {'defaultType': 'swap', 'adjustForTimeDifference': True, 'recvWindow': 60000, 
'fetchCurrencies': False, 'fetchMarkets': ['linear']}, 'enableRateLimit': True, 'timeout': 60000}
2026-06-15 06:58:56,818 - freqtrade.exchange.exchange - INFO - Applying additional ccxt config: {'options': {'defaultType': 'swap', 'adjustForTimeDifference': True, 'recvWindow': 60000, 
'fetchCurrencies': False, 'fetchMarkets': ['linear']}, 'enableRateLimit': True, 'timeout': 60000}
2026-06-15 06:58:56,823 - freqtrade.exchange.exchange - INFO - Using Exchange "Binance"
2026-06-15 06:59:01,258 - freqtrade.resolvers.exchange_resolver - INFO - Using resolved exchange 'Binance'...
2026-06-15 06:59:04,319 - freqtrade.resolvers.iresolver - INFO - Using resolved strategy DualTrendCompressionRestartShortV1Strategy from 
'/freqtrade/user_data/strategies/DualTrendCompressionRestartShortV1Strategy.py'...
2026-06-15 06:59:04,321 - freqtrade.strategy.hyper - INFO - Found no parameter file.
2026-06-15 06:59:04,322 - freqtrade.resolvers.strategy_resolver - INFO - Override strategy 'stake_currency' with value from the configuration: USDT.
2026-06-15 06:59:04,323 - freqtrade.resolvers.strategy_resolver - INFO - Override strategy 'stake_amount' with value from the configuration: unlimited.
2026-06-15 06:59:04,323 - freqtrade.resolvers.strategy_resolver - INFO - Override strategy 'unfilledtimeout' with value from the configuration: {'entry': 10, 'exit': 10, 'exit_timeout_count': 0, 
'unit': 'minutes'}.
2026-06-15 06:59:04,323 - freqtrade.resolvers.strategy_resolver - INFO - Override strategy 'max_open_trades' with value from the configuration: 3.
2026-06-15 06:59:04,323 - freqtrade.resolvers.strategy_resolver - INFO - Strategy using minimal_roi: {'0': 0.1}
2026-06-15 06:59:04,323 - freqtrade.resolvers.strategy_resolver - INFO - Strategy using timeframe: 1h
2026-06-15 06:59:04,323 - freqtrade.resolvers.strategy_resolver - INFO - Strategy using stoploss: -0.06
2026-06-15 06:59:04,324 - freqtrade.resolvers.strategy_resolver - INFO - Strategy using trailing_stop: False
2026-06-15 06:59:04,324 - freqtrade.resolvers.strategy_resolver - INFO - Strategy using trailing_stop_positive_offset: 0.0
2026-06-15 06:59:04,324 - freqtrade.resolvers.strategy_resolver - INFO - Strategy using trailing_only_offset_is_reached: False
2026-06-15 06:59:04,324 - freqtrade.resolvers.strategy_resolver - INFO - Strategy using use_custom_stoploss: True
2026-06-15 06:59:04,324 - freqtrade.resolvers.strategy_resolver - INFO - Strategy using process_only_new_candles: True
2026-06-15 06:59:04,324 - freqtrade.resolvers.strategy_resolver - INFO - Strategy using order_types: {'entry': 'limit', 'exit': 'limit', 'stoploss': 'limit', 'stoploss_on_exchange': False, 
'stoploss_on_exchange_interval': 60}
2026-06-15 06:59:04,324 - freqtrade.resolvers.strategy_resolver - INFO - Strategy using order_time_in_force: {'entry': 'GTC', 'exit': 'GTC'}
2026-06-15 06:59:04,325 - freqtrade.resolvers.strategy_resolver - INFO - Strategy using stake_currency: USDT
2026-06-15 06:59:04,325 - freqtrade.resolvers.strategy_resolver - INFO - Strategy using stake_amount: unlimited
2026-06-15 06:59:04,325 - freqtrade.resolvers.strategy_resolver - INFO - Strategy using startup_candle_count: 1000
2026-06-15 06:59:04,325 - freqtrade.resolvers.strategy_resolver - INFO - Strategy using unfilledtimeout: {'entry': 10, 'exit': 10, 'exit_timeout_count': 0, 'unit': 'minutes'}
2026-06-15 06:59:04,325 - freqtrade.resolvers.strategy_resolver - INFO - Strategy using use_exit_signal: True
2026-06-15 06:59:04,325 - freqtrade.resolvers.strategy_resolver - INFO - Strategy using exit_profit_only: False
2026-06-15 06:59:04,326 - freqtrade.resolvers.strategy_resolver - INFO - Strategy using ignore_roi_if_entry_signal: True
2026-06-15 06:59:04,326 - freqtrade.resolvers.strategy_resolver - INFO - Strategy using exit_profit_offset: 0.0
2026-06-15 06:59:04,326 - freqtrade.resolvers.strategy_resolver - INFO - Strategy using disable_dataframe_checks: False
2026-06-15 06:59:04,327 - freqtrade.resolvers.strategy_resolver - INFO - Strategy using ignore_buying_expired_candle_after: 0
2026-06-15 06:59:04,327 - freqtrade.resolvers.strategy_resolver - INFO - Strategy using position_adjustment_enable: False
2026-06-15 06:59:04,327 - freqtrade.resolvers.strategy_resolver - INFO - Strategy using max_entry_position_adjustment: -1
2026-06-15 06:59:04,327 - freqtrade.resolvers.strategy_resolver - INFO - Strategy using max_open_trades: 3
2026-06-15 06:59:04,328 - freqtrade.configuration.config_validation - INFO - Validating configuration ...
2026-06-15 06:59:04,334 - freqtrade.resolvers.iresolver - INFO - Using resolved pairlist StaticPairList from '/freqtrade/freqtrade/plugins/pairlist/StaticPairList.py'...
2026-06-15 06:59:04,348 - freqtrade.optimize.backtesting - INFO - Using fee 0.1000% from config.
2026-06-15 06:59:04,349 - freqtrade.exchange.exchange - WARNING - Using 3 calls to get OHLCV. This can result in slower operations for the bot. Please check if you really need 1000 candles for your 
strategy.
2026-06-15 06:59:04,885 - freqtrade.data.history.datahandlers.idatahandler - WARNING - TAO/USDT:USDT, futures, 1h, data ends at 2026-04-20 00:00:00
2026-06-15 06:59:04,902 - freqtrade.optimize.backtesting - INFO - Loading data from 2024-11-20 08:00:00 up to 2026-05-07 00:00:00 (532 days).
2026-06-15 06:59:04,919 - freqtrade.data.history.datahandlers.idatahandler - WARNING - BTC/USDT:USDT, funding_rate, 1h, data ends at 2026-05-06 16:00:00
2026-06-15 06:59:04,941 - freqtrade.data.history.datahandlers.idatahandler - WARNING - ETH/USDT:USDT, funding_rate, 1h, data ends at 2026-05-06 16:00:00
2026-06-15 06:59:05,021 - freqtrade.data.history.datahandlers.idatahandler - WARNING - DOGE/USDT:USDT, funding_rate, 1h, data ends at 2026-05-06 16:00:00
2026-06-15 06:59:05,118 - freqtrade.data.history.datahandlers.idatahandler - WARNING - TRX/USDT:USDT, funding_rate, 1h, data ends at 2026-05-06 16:00:00
2026-06-15 06:59:05,137 - freqtrade.data.history.datahandlers.idatahandler - WARNING - ZEC/USDT:USDT, funding_rate, 1h, data ends at 2026-05-06 16:00:00
2026-06-15 06:59:05,157 - freqtrade.data.history.datahandlers.idatahandler - WARNING - TAO/USDT:USDT, funding_rate, 1h, data ends at 2026-04-19 20:00:00
2026-06-15 06:59:05,582 - freqtrade.data.history.datahandlers.idatahandler - WARNING - TAO/USDT:USDT, mark, 1h, data ends at 2026-04-20 00:00:00
2026-06-15 06:59:06,559 - freqtrade.optimize.backtesting - INFO - Dataload complete. Calculating indicators
2026-06-15 06:59:06,563 - freqtrade.optimize.backtesting - INFO - Running backtesting for Strategy DualTrendCompressionRestartShortV1Strategy
2026-06-15 06:59:06,566 - freqtrade.data.dataprovider - INFO - Loading data for BTC/USDT:USDT 4h from 2024-07-18 08:00:00 to 2026-05-07 00:00:00
2026-06-15 06:59:06,583 - freqtrade.data.history.datahandlers.idatahandler - WARNING - BTC/USDT:USDT, futures, 4h, data ends at 2026-05-06 12:00:00
2026-06-15 06:59:06,630 - freqtrade.data.dataprovider - INFO - Loading data for ETH/USDT:USDT 4h from 2024-07-18 08:00:00 to 2026-05-07 00:00:00
2026-06-15 06:59:06,657 - freqtrade.data.history.datahandlers.idatahandler - WARNING - ETH/USDT:USDT, futures, 4h, data ends at 2026-05-06 12:00:00
2026-06-15 06:59:06,702 - freqtrade.data.dataprovider - INFO - Loading data for BNB/USDT:USDT 4h from 2024-07-18 08:00:00 to 2026-05-07 00:00:00
2026-06-15 06:59:06,721 - freqtrade.data.history.datahandlers.idatahandler - WARNING - BNB/USDT:USDT, futures, 4h, data ends at 2026-05-06 16:00:00
2026-06-15 06:59:06,765 - freqtrade.data.dataprovider - INFO - Loading data for SOL/USDT:USDT 4h from 2024-07-18 08:00:00 to 2026-05-07 00:00:00
2026-06-15 06:59:06,785 - freqtrade.data.history.datahandlers.idatahandler - WARNING - SOL/USDT:USDT, futures, 4h, data ends at 2026-05-06 16:00:00
2026-06-15 06:59:06,829 - freqtrade.data.dataprovider - INFO - Loading data for XRP/USDT:USDT 4h from 2024-07-18 08:00:00 to 2026-05-07 00:00:00
2026-06-15 06:59:06,849 - freqtrade.data.history.datahandlers.idatahandler - WARNING - XRP/USDT:USDT, futures, 4h, data ends at 2026-05-06 16:00:00
2026-06-15 06:59:06,893 - freqtrade.data.dataprovider - INFO - Loading data for DOGE/USDT:USDT 4h from 2024-07-18 08:00:00 to 2026-05-07 00:00:00
2026-06-15 06:59:06,914 - freqtrade.data.history.datahandlers.idatahandler - WARNING - DOGE/USDT:USDT, futures, 4h, data ends at 2026-05-06 12:00:00
2026-06-15 06:59:06,960 - freqtrade.data.dataprovider - INFO - Loading data for ADA/USDT:USDT 4h from 2024-07-18 08:00:00 to 2026-05-07 00:00:00
2026-06-15 06:59:06,980 - freqtrade.data.history.datahandlers.idatahandler - WARNING - ADA/USDT:USDT, futures, 4h, data ends at 2026-05-06 16:00:00
2026-06-15 06:59:07,028 - freqtrade.data.dataprovider - INFO - Loading data for LINK/USDT:USDT 4h from 2024-07-18 08:00:00 to 2026-05-07 00:00:00
2026-06-15 06:59:07,048 - freqtrade.data.history.datahandlers.idatahandler - WARNING - LINK/USDT:USDT, futures, 4h, data ends at 2026-05-06 16:00:00
2026-06-15 06:59:07,092 - freqtrade.data.dataprovider - INFO - Loading data for NEAR/USDT:USDT 4h from 2024-07-18 08:00:00 to 2026-05-07 00:00:00
2026-06-15 06:59:07,110 - freqtrade.data.history.datahandlers.idatahandler - WARNING - NEAR/USDT:USDT, futures, 4h, data ends at 2026-05-06 16:00:00
2026-06-15 06:59:07,153 - freqtrade.data.dataprovider - INFO - Loading data for SUI/USDT:USDT 4h from 2024-07-18 08:00:00 to 2026-05-07 00:00:00
2026-06-15 06:59:07,227 - freqtrade.data.dataprovider - INFO - Loading data for TRX/USDT:USDT 4h from 2024-07-18 08:00:00 to 2026-05-07 00:00:00
2026-06-15 06:59:07,248 - freqtrade.data.history.datahandlers.idatahandler - WARNING - TRX/USDT:USDT, futures, 4h, data ends at 2026-05-06 12:00:00
2026-06-15 06:59:07,292 - freqtrade.data.dataprovider - INFO - Loading data for ZEC/USDT:USDT 4h from 2024-07-18 08:00:00 to 2026-05-07 00:00:00
2026-06-15 06:59:07,309 - freqtrade.data.history.datahandlers.idatahandler - WARNING - ZEC/USDT:USDT, futures, 4h, data ends at 2026-05-06 12:00:00
2026-06-15 06:59:07,352 - freqtrade.data.dataprovider - INFO - Loading data for TAO/USDT:USDT 4h from 2024-07-18 08:00:00 to 2026-05-07 00:00:00
2026-06-15 06:59:07,374 - freqtrade.data.history.datahandlers.idatahandler - WARNING - TAO/USDT:USDT, futures, 4h, data ends at 2026-04-19 16:00:00
2026-06-15 06:59:07,425 - freqtrade.optimize.backtesting - INFO - Backtesting with data from 2025-01-01 00:00:00 up to 2026-05-07 00:00:00 (491 days).
2026-06-15 06:59:07,427 - freqtrade.resolvers.iresolver - INFO - Using resolved protection CooldownPeriod from '/freqtrade/freqtrade/plugins/protections/cooldown_period.py'...
2026-06-15 06:59:07,428 - freqtrade.resolvers.iresolver - INFO - Using resolved protection StoplossGuard from '/freqtrade/freqtrade/plugins/protections/stoploss_guard.py'...
2026-06-15 06:59:07,430 - freqtrade.resolvers.iresolver - INFO - Using resolved protection MaxDrawdown from '/freqtrade/freqtrade/plugins/protections/max_drawdown_protection.py'...
2026-06-15 06:59:27,759 - freqtrade.misc - INFO - dumping json to 
"/freqtrade/user_data/strategies/research/dual_trend_robustness_runs/20260612_165506/results/fee_recent_fee_2x/backtest-result-2026-06-15_06-59-27.meta.json"
Result for strategy DualTrendCompressionRestartShortV1Strategy
                                                  BACKTESTING REPORT                                                   
┏━━━━━━━━━━━━━━━━┳━━━━━━━━┳━━━━━━━━━━━━━━┳━━━━━━━━━━━━━━━━━┳━━━━━━━━━━━━━━┳━━━━━━━━━━━━━━━━━━┳━━━━━━━━━━━━━━━━━━━━━━━━┓
┃           Pair ┃ Trades ┃ Avg Profit % ┃ Tot Profit USDT ┃ Tot Profit % ┃     Avg Duration ┃  Win  Draw  Loss  Win% ┃
┡━━━━━━━━━━━━━━━━╇━━━━━━━━╇━━━━━━━━━━━━━━╇━━━━━━━━━━━━━━━━━╇━━━━━━━━━━━━━━╇━━━━━━━━━━━━━━━━━━╇━━━━━━━━━━━━━━━━━━━━━━━━┩
│  ETH/USDT:USDT │     12 │         2.46 │          73.957 │          7.4 │  2 days, 9:10:00 │    5     0     7  41.7 │
│  XRP/USDT:USDT │     17 │         1.33 │          73.724 │         7.37 │  3 days, 8:04:00 │    7     0    10  41.2 │
│ DOGE/USDT:USDT │     17 │         2.12 │          71.242 │         7.12 │  1 day, 13:42:00 │    6     0    11  35.3 │
│  SUI/USDT:USDT │     12 │         1.67 │          50.411 │         5.04 │  1 day, 21:00:00 │    5     0     7  41.7 │
│  ZEC/USDT:USDT │      6 │         3.92 │          45.985 │          4.6 │  3 days, 2:20:00 │    4     0     2  66.7 │
│ NEAR/USDT:USDT │     15 │         0.68 │          40.261 │         4.03 │  1 day, 10:52:00 │    5     0    10  33.3 │
│  BTC/USDT:USDT │     18 │         0.53 │          38.214 │         3.82 │  2 days, 3:43:00 │    5     0    13  27.8 │
│  SOL/USDT:USDT │     14 │         1.73 │          33.383 │         3.34 │   1 day, 3:43:00 │    5     0     9  35.7 │
│  ADA/USDT:USDT │     18 │         1.33 │          29.727 │         2.97 │ 2 days, 10:23:00 │    5     0    13  27.8 │
│  TAO/USDT:USDT │      7 │        -0.45 │          -9.182 │        -0.92 │  2 days, 1:09:00 │    3     0     4  42.9 │
│  BNB/USDT:USDT │     11 │        -0.56 │         -24.619 │        -2.46 │  2 days, 8:49:00 │    4     0     7  36.4 │
│  TRX/USDT:USDT │     12 │        -0.91 │         -36.698 │        -3.67 │ 2 days, 22:20:00 │    1     0    11   8.3 │
│ LINK/USDT:USDT │     13 │         -0.8 │         -41.512 │        -4.15 │   1 day, 9:46:00 │    2     0    11  15.4 │
│          TOTAL │    172 │         0.98 │         344.891 │        34.49 │  2 days, 3:16:00 │   57     0   115  33.1 │
└────────────────┴────────┴──────────────┴─────────────────┴──────────────┴──────────────────┴────────────────────────┘
                                         LEFT OPEN TRADES REPORT                                          
┏━━━━━━━┳━━━━━━━━┳━━━━━━━━━━━━━━┳━━━━━━━━━━━━━━━━━┳━━━━━━━━━━━━━━┳━━━━━━━━━━━━━━┳━━━━━━━━━━━━━━━━━━━━━━━━┓
┃  Pair ┃ Trades ┃ Avg Profit % ┃ Tot Profit USDT ┃ Tot Profit % ┃ Avg Duration ┃  Win  Draw  Loss  Win% ┃
┡━━━━━━━╇━━━━━━━━╇━━━━━━━━━━━━━━╇━━━━━━━━━━━━━━━━━╇━━━━━━━━━━━━━━╇━━━━━━━━━━━━━━╇━━━━━━━━━━━━━━━━━━━━━━━━┩
│ TOTAL │      0 │          0.0 │           0.000 │          0.0 │         0:00 │    0     0     0     0 │
└───────┴────────┴──────────────┴─────────────────┴──────────────┴──────────────┴────────────────────────┘
                                                          ENTER TAG STATS                                                           
┏━━━━━━━━━━━━━━━━━━━━━━━━━━━━━┳━━━━━━━━━┳━━━━━━━━━━━━━━┳━━━━━━━━━━━━━━━━━┳━━━━━━━━━━━━━━┳━━━━━━━━━━━━━━━━━┳━━━━━━━━━━━━━━━━━━━━━━━━┓
┃                   Enter Tag ┃ Entries ┃ Avg Profit % ┃ Tot Profit USDT ┃ Tot Profit % ┃    Avg Duration ┃  Win  Draw  Loss  Win% ┃
┡━━━━━━━━━━━━━━━━━━━━━━━━━━━━━╇━━━━━━━━━╇━━━━━━━━━━━━━━╇━━━━━━━━━━━━━━━━━╇━━━━━━━━━━━━━━╇━━━━━━━━━━━━━━━━━╇━━━━━━━━━━━━━━━━━━━━━━━━┩
│ short_compression_breakdown │      36 │         2.42 │         220.073 │        22.01 │ 1 day, 23:37:00 │   14     0    22  38.9 │
│      short_pullback_restart │     136 │          0.6 │         124.818 │        12.48 │ 2 days, 4:15:00 │   43     0    93  31.6 │
│                       TOTAL │     172 │         0.98 │         344.891 │        34.49 │ 2 days, 3:16:00 │   57     0   115  33.1 │
└─────────────────────────────┴─────────┴──────────────┴─────────────────┴──────────────┴─────────────────┴────────────────────────┘
                                                      EXIT REASON STATS                                                       
┏━━━━━━━━━━━━━━━━━━━━━━━┳━━━━━━━┳━━━━━━━━━━━━━━┳━━━━━━━━━━━━━━━━━┳━━━━━━━━━━━━━━┳━━━━━━━━━━━━━━━━━━━┳━━━━━━━━━━━━━━━━━━━━━━━━┓
┃           Exit Reason ┃ Exits ┃ Avg Profit % ┃ Tot Profit USDT ┃ Tot Profit % ┃      Avg Duration ┃  Win  Draw  Loss  Win% ┃
┡━━━━━━━━━━━━━━━━━━━━━━━╇━━━━━━━╇━━━━━━━━━━━━━━╇━━━━━━━━━━━━━━━━━╇━━━━━━━━━━━━━━╇━━━━━━━━━━━━━━━━━━━╇━━━━━━━━━━━━━━━━━━━━━━━━┩
│                   roi │    44 │         10.0 │        1139.907 │       113.99 │   2 days, 5:11:00 │   44     0     0   100 │
│       stale_flat_120h │    11 │         0.63 │          22.251 │         2.23 │   6 days, 1:00:00 │   11     0     0   100 │
│ stale_low_profit_240h │     2 │         2.61 │          20.135 │         2.01 │ 10 days, 13:30:00 │    2     0     0   100 │
│        stale_loss_72h │    29 │        -0.55 │         -50.017 │         -5.0 │  3 days, 19:02:00 │    0     0    29     0 │
│    trailing_stop_loss │    26 │        -3.02 │        -226.476 │       -22.65 │          19:25:00 │    0     0    26     0 │
│             stop_loss │    60 │        -3.14 │        -560.909 │       -56.09 │          20:32:00 │    0     0    60     0 │
│                 TOTAL │   172 │         0.98 │         344.891 │        34.49 │   2 days, 3:16:00 │   57     0   115  33.1 │
└───────────────────────┴───────┴──────────────┴─────────────────┴──────────────┴───────────────────┴────────────────────────┘
                                                                       MIXED TAG STATS                                                                       
┏━━━━━━━━━━━━━━━━━━━━━━━━━━━━━┳━━━━━━━━━━━━━━━━━━━━━━━┳━━━━━━━━┳━━━━━━━━━━━━━━┳━━━━━━━━━━━━━━━━━┳━━━━━━━━━━━━━━┳━━━━━━━━━━━━━━━━━━━┳━━━━━━━━━━━━━━━━━━━━━━━━┓
┃                   Enter Tag ┃           Exit Reason ┃ Trades ┃ Avg Profit % ┃ Tot Profit USDT ┃ Tot Profit % ┃      Avg Duration ┃  Win  Draw  Loss  Win% ┃
┡━━━━━━━━━━━━━━━━━━━━━━━━━━━━━╇━━━━━━━━━━━━━━━━━━━━━━━╇━━━━━━━━╇━━━━━━━━━━━━━━╇━━━━━━━━━━━━━━━━━╇━━━━━━━━━━━━━━╇━━━━━━━━━━━━━━━━━━━╇━━━━━━━━━━━━━━━━━━━━━━━━┩
│      short_pullback_restart │                   roi │     30 │         10.0 │         757.094 │        75.71 │   2 days, 3:52:00 │   30     0     0   100 │
│ short_compression_breakdown │                   roi │     14 │         10.0 │         382.813 │        38.28 │   2 days, 8:00:00 │   14     0     0   100 │
│      short_pullback_restart │       stale_flat_120h │     11 │         0.63 │          22.251 │         2.23 │   6 days, 1:00:00 │   11     0     0   100 │
│      short_pullback_restart │ stale_low_profit_240h │      2 │         2.61 │          20.135 │         2.01 │ 10 days, 13:30:00 │    2     0     0   100 │
│ short_compression_breakdown │        stale_loss_72h │      7 │         -0.5 │         -11.408 │        -1.14 │  3 days, 13:34:00 │    0     0     7     0 │
│      short_pullback_restart │        stale_loss_72h │     22 │        -0.57 │         -38.609 │        -3.86 │  3 days, 20:46:00 │    0     0    22     0 │
│ short_compression_breakdown │    trailing_stop_loss │      6 │        -3.27 │         -56.479 │        -5.65 │          22:30:00 │    0     0     6     0 │
│ short_compression_breakdown │             stop_loss │      9 │         -3.3 │         -94.853 │        -9.49 │          21:47:00 │    0     0     9     0 │
│      short_pullback_restart │    trailing_stop_loss │     20 │        -2.94 │        -169.997 │        -17.0 │          18:30:00 │    0     0    20     0 │
│      short_pullback_restart │             stop_loss │     51 │        -3.11 │        -466.056 │       -46.61 │          20:19:00 │    0     0    51     0 │
│                       TOTAL │                       │    172 │         0.98 │         344.891 │        34.49 │   2 days, 3:16:00 │   57     0   115  33.1 │
└─────────────────────────────┴───────────────────────┴────────┴──────────────┴─────────────────┴──────────────┴───────────────────┴────────────────────────┘
                                  YEAR BREAKDOWN                                  
┏━━━━━━━━━━━━┳━━━━━━━━┳━━━━━━━━━━━━━━━━━┳━━━━━━━━━━━━━━━┳━━━━━━━━━━━━━━━━━━━━━━━━┓
┃       Year ┃ Trades ┃ Tot Profit USDT ┃ Profit Factor ┃  Win  Draw  Loss  Win% ┃
┡━━━━━━━━━━━━╇━━━━━━━━╇━━━━━━━━━━━━━━━━━╇━━━━━━━━━━━━━━━╇━━━━━━━━━━━━━━━━━━━━━━━━┩
│ 31/12/2025 │    130 │         300.355 │          1.48 │   44     0    86  33.8 │
│ 31/12/2026 │     42 │          44.536 │          1.21 │   13     0    29  31.0 │
└────────────┴────────┴─────────────────┴───────────────┴────────────────────────┘
                                   SUMMARY METRICS                                    
┏━━━━━━━━━━━━━━━━━━━━━━━━━━━━━━━━━━━━━━━━┳━━━━━━━━━━━━━━━━━━━━━━━━━━━━━━━━━━━━━━━━━━━┓
┃ Metric                                 ┃ Value                                     ┃
┡━━━━━━━━━━━━━━━━━━━━━━━━━━━━━━━━━━━━━━━━╇━━━━━━━━━━━━━━━━━━━━━━━━━━━━━━━━━━━━━━━━━━━┩
│ Backtesting from                       │ 2025-01-01 00:00:00                       │
│ Backtesting to                         │ 2026-05-07 00:00:00                       │
│ Trading Mode                           │ Isolated Futures                          │
│ Max open trades                        │ 3                                         │
│                                        │                                           │
│ Total/Daily Avg Trades                 │ 172 / 0.35                                │
│ Starting balance                       │ 1000 USDT                                 │
│ Final balance                          │ 1344.891 USDT                             │
│ Absolute profit                        │ 344.891 USDT                              │
│ Total profit %                         │ 34.49%                                    │
│ CAGR %                                 │ 24.64%                                    │
│ Sharpe (closed trades)                 │ 0.90                                      │
│ Sortino (closed trades)                │ 3.68                                      │
│ Calmar (closed trades)                 │ 13.63                                     │
│ SQN                                    │ 1.76                                      │
│ Profit factor                          │ 1.41                                      │
│ Expectancy (Ratio)                     │ 2.01 (0.28)                               │
│ Avg. daily profit                      │ 0.702 USDT                                │
│ Avg. stake amount                      │ 304.505 USDT                              │
│ Market change                          │ 29.77%                                    │
│ Total trade volume                     │ 104402.023 USDT                           │
│                                        │                                           │
│ Long / Short trades                    │ 0 / 172                                   │
│ Long / Short profit %                  │ 0.00% / 34.49%                            │
│ Long / Short profit USDT               │ 0.000 / 344.891                           │
│                                        │                                           │
│ Best Pair                              │ ETH/USDT:USDT 7.40%                       │
│ Worst Pair                             │ LINK/USDT:USDT -4.15%                     │
│ Best trade                             │ NEAR/USDT:USDT 10.02%                     │
│ Worst trade                            │ TAO/USDT:USDT -5.10%                      │
│ Best day                               │ 122.758 USDT                              │
│ Worst day                              │ -34.043 USDT                              │
│ Days win/draw/lose                     │ 36 / 338 / 83                             │
│ Min/Max/Avg. Duration Winners          │ 0d 08:00 / 11d 02:00 / 3d 05:56           │
│ Min/Max/Avg. Duration Losers           │ 0d 00:00 / 6d 08:00 / 1d 14:04            │
│ Max Consecutive Wins / Loss            │ 8 / 14                                    │
│ Rejected Entry signals                 │ 99                                        │
│ Entry/Exit Timeouts                    │ 0 / 0                                     │
│                                        │                                           │
│ Min/Max balance (closed trades)        │ 977.373 USDT / 1466.068 USDT              │
│ Max % of account underwater            │ 9.84%                                     │
│ Absolute drawdown                      │ 130.602 USDT (9.84%)                      │
│ Drawdown duration                      │ 133 days 11:00:00                         │
│ Profit at drawdown start               │ 326.73 USDT                               │
│ Profit at drawdown end                 │ 196.127 USDT                              │
│ Drawdown start                         │ 2025-06-22 13:00:00                       │
│ Drawdown end                           │ 2025-11-03 00:00:00                       │
│                                        │                                           │
│ Wallet based Metrics                   │                                           │
│ Min/Max balance (wallet balance)       │ 977.373 USDT / 1466.068 USDT              │
│ Min/Max balance dates (wallet balance) │ 2025-01-16 14:00:00 / 2026-02-14 10:00:00 │
│ Max % of account underwater (balance)  │ 9.84%                                     │
│ Absolute drawdown (wallet balance)     │ 130.602 USDT (9.84%)                      │
│ Drawdown duration                      │ 133 days 11:00:00                         │
│ Profit at drawdown start               │ 326.73 USDT                               │
│ Profit at drawdown end                 │ 196.127 USDT                              │
│ Drawdown start                         │ 2025-06-22 14:00:00                       │
│ Drawdown end                           │ 2025-11-03 01:00:00                       │
│ Sharpe (daily wallet balance)          │ 1.24                                      │
│ Sortino (daily wallet balance)         │ 2.41                                      │
│ Calmar (daily wallet balance)          │ 13.66                                     │
└────────────────────────────────────────┴───────────────────────────────────────────┘

Backtested 2025-01-01 00:00:00 -> 2026-05-07 00:00:00 | Max open trades : 3
                                                                            STRATEGY SUMMARY                                                                            
┏━━━━━━━━━━━━━━━━━━━━━━━━━━━━━━━━━━━━━━━━━━━━┳━━━━━━━━┳━━━━━━━━━━━━━━┳━━━━━━━━━━━━━━━━━┳━━━━━━━━━━━━━━┳━━━━━━━━━━━━━━━━━┳━━━━━━━━━━━━━━━━━━━━━━━━┳━━━━━━━━━━━━━━━━━━━━━┓
┃                                   Strategy ┃ Trades ┃ Avg Profit % ┃ Tot Profit USDT ┃ Tot Profit % ┃    Avg Duration ┃  Win  Draw  Loss  Win% ┃            Drawdown ┃
┡━━━━━━━━━━━━━━━━━━━━━━━━━━━━━━━━━━━━━━━━━━━━╇━━━━━━━━╇━━━━━━━━━━━━━━╇━━━━━━━━━━━━━━━━━╇━━━━━━━━━━━━━━╇━━━━━━━━━━━━━━━━━╇━━━━━━━━━━━━━━━━━━━━━━━━╇━━━━━━━━━━━━━━━━━━━━━┩
│ DualTrendCompressionRestartShortV1Strategy │    172 │         0.98 │         344.891 │        34.49 │ 2 days, 3:16:00 │   57     0   115  33.1 │ 130.602 USDT  9.84% │
└────────────────────────────────────────────┴────────┴──────────────┴─────────────────┴──────────────┴─────────────────┴────────────────────────┴─────────────────────┘


=== attempt 1 ===
