time="2026-06-15T14:57:41+08:00" level=warning msg="Found orphan containers ([nfi-top9-exbtc-10000u-max4-dryrun]) for this project. If you removed or renamed this service in your compose file, you can run this command with the --remove-orphans flag to clean it up."
 Container ft_userdata-freqtrade-run-f951316b1811 Creating 
 Container ft_userdata-freqtrade-run-f951316b1811 Created 
2026-06-15 06:57:42,620 - freqtrade - INFO - freqtrade 2026.4
2026-06-15 06:57:42,874 - numexpr.utils - INFO - NumExpr defaulting to 16 threads.
2026-06-15 06:57:44,079 - freqtrade.configuration.load_config - INFO - Using config: /freqtrade/user_data/strategies/research/dual_trend_robustness_runs/20260612_165506/configs/base.json ...
2026-06-15 06:57:44,089 - freqtrade.loggers - INFO - Enabling colorized output.
2026-06-15 06:57:44,090 - freqtrade.loggers - INFO - Logfile configured
2026-06-15 06:57:44,090 - freqtrade.loggers - INFO - Verbosity set to 0
2026-06-15 06:57:44,090 - freqtrade.configuration.configuration - INFO - Using additional Strategy lookup path: /freqtrade/user_data/strategies
2026-06-15 06:57:44,091 - freqtrade.configuration.configuration - INFO - Using max_open_trades: 3 ...
2026-06-15 06:57:44,091 - freqtrade.configuration.configuration - INFO - Parameter --fee detected, setting fee to: 0.00075 ...
2026-06-15 06:57:44,091 - freqtrade.configuration.configuration - INFO - Parameter --timerange detected: 20250101-20260507 ...
2026-06-15 06:58:04,062 - freqtrade.configuration.configuration - INFO - Using user-data directory: /freqtrade/user_data ...
2026-06-15 06:58:04,065 - freqtrade.configuration.configuration - INFO - Using data directory: /freqtrade/user_data/data/binance ...
2026-06-15 06:58:04,065 - freqtrade.configuration.configuration - INFO - Using /freqtrade/user_data/strategies/research/dual_trend_robustness_runs/20260612_165506/results/fee_recent_fee_1p5x as 
backtest directory ...
2026-06-15 06:58:04,066 - freqtrade.configuration.configuration - INFO - Recursively searching for a strategy in the strategies folder.
2026-06-15 06:58:04,066 - freqtrade.configuration.configuration - INFO - Parameter --export detected: trades ...
2026-06-15 06:58:04,067 - freqtrade.configuration.configuration - INFO - Parameter --breakdown detected ...
2026-06-15 06:58:04,067 - freqtrade.configuration.configuration - INFO - Parameter --cache=none detected ...
2026-06-15 06:58:04,067 - freqtrade.configuration.configuration - INFO - Filter trades by timerange: 20250101-20260507
2026-06-15 06:58:04,068 - freqtrade.exchange.check_exchange - INFO - Checking exchange...
2026-06-15 06:58:04,074 - freqtrade.exchange.check_exchange - INFO - Exchange "binance" is officially supported by the Freqtrade development team.
2026-06-15 06:58:04,074 - freqtrade.configuration.configuration - INFO - Using pairlist from configuration.
2026-06-15 06:58:04,075 - freqtrade.configuration.config_validation - INFO - Validating configuration ...
2026-06-15 06:58:04,076 - freqtrade.commands.optimize_commands - INFO - Starting freqtrade in Backtesting mode
2026-06-15 06:58:04,077 - freqtrade.exchange.exchange - INFO - Instance is running with dry_run enabled
2026-06-15 06:58:04,077 - freqtrade.exchange.exchange - INFO - Using CCXT 4.5.50
2026-06-15 06:58:04,077 - freqtrade.exchange.exchange - INFO - Applying additional ccxt config: {'options': {'defaultType': 'swap', 'adjustForTimeDifference': True, 'recvWindow': 60000, 
'fetchCurrencies': False, 'fetchMarkets': ['linear']}, 'enableRateLimit': True, 'timeout': 60000}
2026-06-15 06:58:04,083 - freqtrade.exchange.exchange - INFO - Applying additional ccxt config: {'options': {'defaultType': 'swap', 'adjustForTimeDifference': True, 'recvWindow': 60000, 
'fetchCurrencies': False, 'fetchMarkets': ['linear']}, 'enableRateLimit': True, 'timeout': 60000}
2026-06-15 06:58:04,088 - freqtrade.exchange.exchange - INFO - Using Exchange "Binance"
2026-06-15 06:58:06,342 - freqtrade.resolvers.exchange_resolver - INFO - Using resolved exchange 'Binance'...
2026-06-15 06:58:08,977 - freqtrade.resolvers.iresolver - INFO - Using resolved strategy DualTrendCompressionRestartShortV1Strategy from 
'/freqtrade/user_data/strategies/DualTrendCompressionRestartShortV1Strategy.py'...
2026-06-15 06:58:08,979 - freqtrade.strategy.hyper - INFO - Found no parameter file.
2026-06-15 06:58:08,980 - freqtrade.resolvers.strategy_resolver - INFO - Override strategy 'stake_currency' with value from the configuration: USDT.
2026-06-15 06:58:08,981 - freqtrade.resolvers.strategy_resolver - INFO - Override strategy 'stake_amount' with value from the configuration: unlimited.
2026-06-15 06:58:08,981 - freqtrade.resolvers.strategy_resolver - INFO - Override strategy 'unfilledtimeout' with value from the configuration: {'entry': 10, 'exit': 10, 'exit_timeout_count': 0, 
'unit': 'minutes'}.
2026-06-15 06:58:08,982 - freqtrade.resolvers.strategy_resolver - INFO - Override strategy 'max_open_trades' with value from the configuration: 3.
2026-06-15 06:58:08,982 - freqtrade.resolvers.strategy_resolver - INFO - Strategy using minimal_roi: {'0': 0.1}
2026-06-15 06:58:08,983 - freqtrade.resolvers.strategy_resolver - INFO - Strategy using timeframe: 1h
2026-06-15 06:58:08,984 - freqtrade.resolvers.strategy_resolver - INFO - Strategy using stoploss: -0.06
2026-06-15 06:58:08,984 - freqtrade.resolvers.strategy_resolver - INFO - Strategy using trailing_stop: False
2026-06-15 06:58:08,985 - freqtrade.resolvers.strategy_resolver - INFO - Strategy using trailing_stop_positive_offset: 0.0
2026-06-15 06:58:08,985 - freqtrade.resolvers.strategy_resolver - INFO - Strategy using trailing_only_offset_is_reached: False
2026-06-15 06:58:08,986 - freqtrade.resolvers.strategy_resolver - INFO - Strategy using use_custom_stoploss: True
2026-06-15 06:58:08,986 - freqtrade.resolvers.strategy_resolver - INFO - Strategy using process_only_new_candles: True
2026-06-15 06:58:08,988 - freqtrade.resolvers.strategy_resolver - INFO - Strategy using order_types: {'entry': 'limit', 'exit': 'limit', 'stoploss': 'limit', 'stoploss_on_exchange': False, 
'stoploss_on_exchange_interval': 60}
2026-06-15 06:58:08,988 - freqtrade.resolvers.strategy_resolver - INFO - Strategy using order_time_in_force: {'entry': 'GTC', 'exit': 'GTC'}
2026-06-15 06:58:08,989 - freqtrade.resolvers.strategy_resolver - INFO - Strategy using stake_currency: USDT
2026-06-15 06:58:08,989 - freqtrade.resolvers.strategy_resolver - INFO - Strategy using stake_amount: unlimited
2026-06-15 06:58:08,989 - freqtrade.resolvers.strategy_resolver - INFO - Strategy using startup_candle_count: 1000
2026-06-15 06:58:08,989 - freqtrade.resolvers.strategy_resolver - INFO - Strategy using unfilledtimeout: {'entry': 10, 'exit': 10, 'exit_timeout_count': 0, 'unit': 'minutes'}
2026-06-15 06:58:08,991 - freqtrade.resolvers.strategy_resolver - INFO - Strategy using use_exit_signal: True
2026-06-15 06:58:08,992 - freqtrade.resolvers.strategy_resolver - INFO - Strategy using exit_profit_only: False
2026-06-15 06:58:08,992 - freqtrade.resolvers.strategy_resolver - INFO - Strategy using ignore_roi_if_entry_signal: True
2026-06-15 06:58:08,992 - freqtrade.resolvers.strategy_resolver - INFO - Strategy using exit_profit_offset: 0.0
2026-06-15 06:58:08,993 - freqtrade.resolvers.strategy_resolver - INFO - Strategy using disable_dataframe_checks: False
2026-06-15 06:58:08,993 - freqtrade.resolvers.strategy_resolver - INFO - Strategy using ignore_buying_expired_candle_after: 0
2026-06-15 06:58:08,993 - freqtrade.resolvers.strategy_resolver - INFO - Strategy using position_adjustment_enable: False
2026-06-15 06:58:08,993 - freqtrade.resolvers.strategy_resolver - INFO - Strategy using max_entry_position_adjustment: -1
2026-06-15 06:58:08,994 - freqtrade.resolvers.strategy_resolver - INFO - Strategy using max_open_trades: 3
2026-06-15 06:58:08,994 - freqtrade.configuration.config_validation - INFO - Validating configuration ...
2026-06-15 06:58:08,999 - freqtrade.resolvers.iresolver - INFO - Using resolved pairlist StaticPairList from '/freqtrade/freqtrade/plugins/pairlist/StaticPairList.py'...
2026-06-15 06:58:09,006 - freqtrade.optimize.backtesting - INFO - Using fee 0.0750% from config.
2026-06-15 06:58:09,007 - freqtrade.exchange.exchange - WARNING - Using 3 calls to get OHLCV. This can result in slower operations for the bot. Please check if you really need 1000 candles for your 
strategy.
2026-06-15 06:58:09,598 - freqtrade.data.history.datahandlers.idatahandler - WARNING - TAO/USDT:USDT, futures, 1h, data ends at 2026-04-20 00:00:00
2026-06-15 06:58:09,625 - freqtrade.optimize.backtesting - INFO - Loading data from 2024-11-20 08:00:00 up to 2026-05-07 00:00:00 (532 days).
2026-06-15 06:58:09,641 - freqtrade.data.history.datahandlers.idatahandler - WARNING - BTC/USDT:USDT, funding_rate, 1h, data ends at 2026-05-06 16:00:00
2026-06-15 06:58:09,660 - freqtrade.data.history.datahandlers.idatahandler - WARNING - ETH/USDT:USDT, funding_rate, 1h, data ends at 2026-05-06 16:00:00
2026-06-15 06:58:09,741 - freqtrade.data.history.datahandlers.idatahandler - WARNING - DOGE/USDT:USDT, funding_rate, 1h, data ends at 2026-05-06 16:00:00
2026-06-15 06:58:09,844 - freqtrade.data.history.datahandlers.idatahandler - WARNING - TRX/USDT:USDT, funding_rate, 1h, data ends at 2026-05-06 16:00:00
2026-06-15 06:58:09,867 - freqtrade.data.history.datahandlers.idatahandler - WARNING - ZEC/USDT:USDT, funding_rate, 1h, data ends at 2026-05-06 16:00:00
2026-06-15 06:58:09,888 - freqtrade.data.history.datahandlers.idatahandler - WARNING - TAO/USDT:USDT, funding_rate, 1h, data ends at 2026-04-19 20:00:00
2026-06-15 06:58:10,422 - freqtrade.data.history.datahandlers.idatahandler - WARNING - TAO/USDT:USDT, mark, 1h, data ends at 2026-04-20 00:00:00
2026-06-15 06:58:11,356 - freqtrade.optimize.backtesting - INFO - Dataload complete. Calculating indicators
2026-06-15 06:58:11,361 - freqtrade.optimize.backtesting - INFO - Running backtesting for Strategy DualTrendCompressionRestartShortV1Strategy
2026-06-15 06:58:11,364 - freqtrade.data.dataprovider - INFO - Loading data for BTC/USDT:USDT 4h from 2024-07-18 08:00:00 to 2026-05-07 00:00:00
2026-06-15 06:58:11,379 - freqtrade.data.history.datahandlers.idatahandler - WARNING - BTC/USDT:USDT, futures, 4h, data ends at 2026-05-06 12:00:00
2026-06-15 06:58:11,424 - freqtrade.data.dataprovider - INFO - Loading data for ETH/USDT:USDT 4h from 2024-07-18 08:00:00 to 2026-05-07 00:00:00
2026-06-15 06:58:11,448 - freqtrade.data.history.datahandlers.idatahandler - WARNING - ETH/USDT:USDT, futures, 4h, data ends at 2026-05-06 12:00:00
2026-06-15 06:58:11,493 - freqtrade.data.dataprovider - INFO - Loading data for BNB/USDT:USDT 4h from 2024-07-18 08:00:00 to 2026-05-07 00:00:00
2026-06-15 06:58:11,513 - freqtrade.data.history.datahandlers.idatahandler - WARNING - BNB/USDT:USDT, futures, 4h, data ends at 2026-05-06 16:00:00
2026-06-15 06:58:11,560 - freqtrade.data.dataprovider - INFO - Loading data for SOL/USDT:USDT 4h from 2024-07-18 08:00:00 to 2026-05-07 00:00:00
2026-06-15 06:58:11,578 - freqtrade.data.history.datahandlers.idatahandler - WARNING - SOL/USDT:USDT, futures, 4h, data ends at 2026-05-06 16:00:00
2026-06-15 06:58:11,625 - freqtrade.data.dataprovider - INFO - Loading data for XRP/USDT:USDT 4h from 2024-07-18 08:00:00 to 2026-05-07 00:00:00
2026-06-15 06:58:11,642 - freqtrade.data.history.datahandlers.idatahandler - WARNING - XRP/USDT:USDT, futures, 4h, data ends at 2026-05-06 16:00:00
2026-06-15 06:58:11,690 - freqtrade.data.dataprovider - INFO - Loading data for DOGE/USDT:USDT 4h from 2024-07-18 08:00:00 to 2026-05-07 00:00:00
2026-06-15 06:58:11,710 - freqtrade.data.history.datahandlers.idatahandler - WARNING - DOGE/USDT:USDT, futures, 4h, data ends at 2026-05-06 12:00:00
2026-06-15 06:58:11,757 - freqtrade.data.dataprovider - INFO - Loading data for ADA/USDT:USDT 4h from 2024-07-18 08:00:00 to 2026-05-07 00:00:00
2026-06-15 06:58:11,775 - freqtrade.data.history.datahandlers.idatahandler - WARNING - ADA/USDT:USDT, futures, 4h, data ends at 2026-05-06 16:00:00
2026-06-15 06:58:11,822 - freqtrade.data.dataprovider - INFO - Loading data for LINK/USDT:USDT 4h from 2024-07-18 08:00:00 to 2026-05-07 00:00:00
2026-06-15 06:58:11,839 - freqtrade.data.history.datahandlers.idatahandler - WARNING - LINK/USDT:USDT, futures, 4h, data ends at 2026-05-06 16:00:00
2026-06-15 06:58:11,885 - freqtrade.data.dataprovider - INFO - Loading data for NEAR/USDT:USDT 4h from 2024-07-18 08:00:00 to 2026-05-07 00:00:00
2026-06-15 06:58:11,904 - freqtrade.data.history.datahandlers.idatahandler - WARNING - NEAR/USDT:USDT, futures, 4h, data ends at 2026-05-06 16:00:00
2026-06-15 06:58:11,956 - freqtrade.data.dataprovider - INFO - Loading data for SUI/USDT:USDT 4h from 2024-07-18 08:00:00 to 2026-05-07 00:00:00
2026-06-15 06:58:12,027 - freqtrade.data.dataprovider - INFO - Loading data for TRX/USDT:USDT 4h from 2024-07-18 08:00:00 to 2026-05-07 00:00:00
2026-06-15 06:58:12,051 - freqtrade.data.history.datahandlers.idatahandler - WARNING - TRX/USDT:USDT, futures, 4h, data ends at 2026-05-06 12:00:00
2026-06-15 06:58:12,099 - freqtrade.data.dataprovider - INFO - Loading data for ZEC/USDT:USDT 4h from 2024-07-18 08:00:00 to 2026-05-07 00:00:00
2026-06-15 06:58:12,119 - freqtrade.data.history.datahandlers.idatahandler - WARNING - ZEC/USDT:USDT, futures, 4h, data ends at 2026-05-06 12:00:00
2026-06-15 06:58:12,165 - freqtrade.data.dataprovider - INFO - Loading data for TAO/USDT:USDT 4h from 2024-07-18 08:00:00 to 2026-05-07 00:00:00
2026-06-15 06:58:12,185 - freqtrade.data.history.datahandlers.idatahandler - WARNING - TAO/USDT:USDT, futures, 4h, data ends at 2026-04-19 16:00:00
2026-06-15 06:58:12,239 - freqtrade.optimize.backtesting - INFO - Backtesting with data from 2025-01-01 00:00:00 up to 2026-05-07 00:00:00 (491 days).
2026-06-15 06:58:12,241 - freqtrade.resolvers.iresolver - INFO - Using resolved protection CooldownPeriod from '/freqtrade/freqtrade/plugins/protections/cooldown_period.py'...
2026-06-15 06:58:12,242 - freqtrade.resolvers.iresolver - INFO - Using resolved protection StoplossGuard from '/freqtrade/freqtrade/plugins/protections/stoploss_guard.py'...
2026-06-15 06:58:12,244 - freqtrade.resolvers.iresolver - INFO - Using resolved protection MaxDrawdown from '/freqtrade/freqtrade/plugins/protections/max_drawdown_protection.py'...
2026-06-15 06:58:32,409 - freqtrade.misc - INFO - dumping json to 
"/freqtrade/user_data/strategies/research/dual_trend_robustness_runs/20260612_165506/results/fee_recent_fee_1p5x/backtest-result-2026-06-15_06-58-32.meta.json"
Result for strategy DualTrendCompressionRestartShortV1Strategy
                                                  BACKTESTING REPORT                                                   
┏━━━━━━━━━━━━━━━━┳━━━━━━━━┳━━━━━━━━━━━━━━┳━━━━━━━━━━━━━━━━━┳━━━━━━━━━━━━━━┳━━━━━━━━━━━━━━━━━━┳━━━━━━━━━━━━━━━━━━━━━━━━┓
┃           Pair ┃ Trades ┃ Avg Profit % ┃ Tot Profit USDT ┃ Tot Profit % ┃     Avg Duration ┃  Win  Draw  Loss  Win% ┃
┡━━━━━━━━━━━━━━━━╇━━━━━━━━╇━━━━━━━━━━━━━━╇━━━━━━━━━━━━━━━━━╇━━━━━━━━━━━━━━╇━━━━━━━━━━━━━━━━━━╇━━━━━━━━━━━━━━━━━━━━━━━━┩
│  XRP/USDT:USDT │     17 │         1.37 │          77.104 │         7.71 │  3 days, 8:04:00 │    7     0    10  41.2 │
│  ETH/USDT:USDT │     12 │         2.49 │          75.018 │          7.5 │  2 days, 9:10:00 │    5     0     7  41.7 │
│ DOGE/USDT:USDT │     17 │         2.13 │          71.267 │         7.13 │  1 day, 13:46:00 │    6     0    11  35.3 │
│  SUI/USDT:USDT │     12 │          1.7 │          51.461 │         5.15 │  1 day, 21:00:00 │    5     0     7  41.7 │
│  ZEC/USDT:USDT │      6 │         3.94 │          46.670 │         4.67 │  3 days, 2:20:00 │    4     0     2  66.7 │
│ NEAR/USDT:USDT │     15 │         0.71 │          41.173 │         4.12 │  1 day, 10:52:00 │    5     0    10  33.3 │
│  BTC/USDT:USDT │     18 │         0.55 │          39.275 │         3.93 │  2 days, 5:17:00 │    5     0    13  27.8 │
│  SOL/USDT:USDT │     14 │         1.76 │          35.137 │         3.51 │   1 day, 0:00:00 │    5     0     9  35.7 │
│  ADA/USDT:USDT │     18 │         1.37 │          31.686 │         3.17 │ 2 days, 10:23:00 │    5     0    13  27.8 │
│  TAO/USDT:USDT │      6 │          0.1 │           2.368 │         0.24 │  2 days, 5:30:00 │    3     0     3  50.0 │
│  BNB/USDT:USDT │     11 │        -0.51 │         -22.807 │        -2.28 │  2 days, 8:49:00 │    4     0     7  36.4 │
│  TRX/USDT:USDT │     12 │        -0.86 │         -34.520 │        -3.45 │ 2 days, 22:20:00 │    1     0    11   8.3 │
│ LINK/USDT:USDT │     13 │        -0.75 │         -40.115 │        -4.01 │   1 day, 9:46:00 │    2     0    11  15.4 │
│          TOTAL │    171 │         1.04 │         373.715 │        37.37 │  2 days, 3:18:00 │   57     0   114  33.3 │
└────────────────┴────────┴──────────────┴─────────────────┴──────────────┴──────────────────┴────────────────────────┘
                                         LEFT OPEN TRADES REPORT                                          
┏━━━━━━━┳━━━━━━━━┳━━━━━━━━━━━━━━┳━━━━━━━━━━━━━━━━━┳━━━━━━━━━━━━━━┳━━━━━━━━━━━━━━┳━━━━━━━━━━━━━━━━━━━━━━━━┓
┃  Pair ┃ Trades ┃ Avg Profit % ┃ Tot Profit USDT ┃ Tot Profit % ┃ Avg Duration ┃  Win  Draw  Loss  Win% ┃
┡━━━━━━━╇━━━━━━━━╇━━━━━━━━━━━━━━╇━━━━━━━━━━━━━━━━━╇━━━━━━━━━━━━━━╇━━━━━━━━━━━━━━╇━━━━━━━━━━━━━━━━━━━━━━━━┩
│ TOTAL │      0 │          0.0 │           0.000 │          0.0 │         0:00 │    0     0     0     0 │
└───────┴────────┴──────────────┴─────────────────┴──────────────┴──────────────┴────────────────────────┘
                                                          ENTER TAG STATS                                                           
┏━━━━━━━━━━━━━━━━━━━━━━━━━━━━━┳━━━━━━━━━┳━━━━━━━━━━━━━━┳━━━━━━━━━━━━━━━━━┳━━━━━━━━━━━━━━┳━━━━━━━━━━━━━━━━━┳━━━━━━━━━━━━━━━━━━━━━━━━┓
┃                   Enter Tag ┃ Entries ┃ Avg Profit % ┃ Tot Profit USDT ┃ Tot Profit % ┃    Avg Duration ┃  Win  Draw  Loss  Win% ┃
┡━━━━━━━━━━━━━━━━━━━━━━━━━━━━━╇━━━━━━━━━╇━━━━━━━━━━━━━━╇━━━━━━━━━━━━━━━━━╇━━━━━━━━━━━━━━╇━━━━━━━━━━━━━━━━━╇━━━━━━━━━━━━━━━━━━━━━━━━┩
│ short_compression_breakdown │      35 │         2.62 │         233.791 │        23.38 │ 2 days, 0:19:00 │   14     0    21  40.0 │
│      short_pullback_restart │     136 │         0.64 │         139.925 │        13.99 │ 2 days, 4:04:00 │   43     0    93  31.6 │
│                       TOTAL │     171 │         1.04 │         373.715 │        37.37 │ 2 days, 3:18:00 │   57     0   114  33.3 │
└─────────────────────────────┴─────────┴──────────────┴─────────────────┴──────────────┴─────────────────┴────────────────────────┘
                                                      EXIT REASON STATS                                                       
┏━━━━━━━━━━━━━━━━━━━━━━━┳━━━━━━━┳━━━━━━━━━━━━━━┳━━━━━━━━━━━━━━━━━┳━━━━━━━━━━━━━━┳━━━━━━━━━━━━━━━━━━━┳━━━━━━━━━━━━━━━━━━━━━━━━┓
┃           Exit Reason ┃ Exits ┃ Avg Profit % ┃ Tot Profit USDT ┃ Tot Profit % ┃      Avg Duration ┃  Win  Draw  Loss  Win% ┃
┡━━━━━━━━━━━━━━━━━━━━━━━╇━━━━━━━╇━━━━━━━━━━━━━━╇━━━━━━━━━━━━━━━━━╇━━━━━━━━━━━━━━╇━━━━━━━━━━━━━━━━━━━╇━━━━━━━━━━━━━━━━━━━━━━━━┩
│                   roi │    44 │         10.0 │        1147.182 │       114.72 │   2 days, 4:00:00 │   44     0     0   100 │
│       stale_flat_120h │    11 │         0.66 │          22.859 │         2.29 │   6 days, 3:00:00 │   11     0     0   100 │
│ stale_low_profit_240h │     2 │         2.66 │          20.813 │         2.08 │ 10 days, 13:30:00 │    2     0     0   100 │
│        stale_loss_72h │    29 │        -0.52 │         -47.472 │        -4.75 │  3 days, 19:17:00 │    0     0    29     0 │
│    trailing_stop_loss │    25 │        -2.95 │        -213.700 │       -21.37 │          19:17:00 │    0     0    25     0 │
│             stop_loss │    60 │        -3.09 │        -555.967 │        -55.6 │          20:32:00 │    0     0    60     0 │
│                 TOTAL │   171 │         1.04 │         373.715 │        37.37 │   2 days, 3:18:00 │   57     0   114  33.3 │
└───────────────────────┴───────┴──────────────┴─────────────────┴──────────────┴───────────────────┴────────────────────────┘
                                                                       MIXED TAG STATS                                                                       
┏━━━━━━━━━━━━━━━━━━━━━━━━━━━━━┳━━━━━━━━━━━━━━━━━━━━━━━┳━━━━━━━━┳━━━━━━━━━━━━━━┳━━━━━━━━━━━━━━━━━┳━━━━━━━━━━━━━━┳━━━━━━━━━━━━━━━━━━━┳━━━━━━━━━━━━━━━━━━━━━━━━┓
┃                   Enter Tag ┃           Exit Reason ┃ Trades ┃ Avg Profit % ┃ Tot Profit USDT ┃ Tot Profit % ┃      Avg Duration ┃  Win  Draw  Loss  Win% ┃
┡━━━━━━━━━━━━━━━━━━━━━━━━━━━━━╇━━━━━━━━━━━━━━━━━━━━━━━╇━━━━━━━━╇━━━━━━━━━━━━━━╇━━━━━━━━━━━━━━━━━╇━━━━━━━━━━━━━━╇━━━━━━━━━━━━━━━━━━━╇━━━━━━━━━━━━━━━━━━━━━━━━┩
│      short_pullback_restart │                   roi │     30 │         10.0 │         762.832 │        76.28 │   2 days, 2:08:00 │   30     0     0   100 │
│ short_compression_breakdown │                   roi │     14 │         10.0 │         384.350 │        38.43 │   2 days, 8:00:00 │   14     0     0   100 │
│      short_pullback_restart │       stale_flat_120h │     11 │         0.66 │          22.859 │         2.29 │   6 days, 3:00:00 │   11     0     0   100 │
│      short_pullback_restart │ stale_low_profit_240h │      2 │         2.66 │          20.813 │         2.08 │ 10 days, 13:30:00 │    2     0     0   100 │
│ short_compression_breakdown │        stale_loss_72h │      7 │        -0.45 │         -10.594 │        -1.06 │  3 days, 13:34:00 │    0     0     7     0 │
│      short_pullback_restart │        stale_loss_72h │     22 │        -0.55 │         -36.878 │        -3.69 │  3 days, 21:05:00 │    0     0    22     0 │
│ short_compression_breakdown │    trailing_stop_loss │      5 │        -3.18 │         -45.474 │        -4.55 │          22:24:00 │    0     0     5     0 │
│ short_compression_breakdown │             stop_loss │      9 │        -3.25 │         -94.491 │        -9.45 │          21:47:00 │    0     0     9     0 │
│      short_pullback_restart │    trailing_stop_loss │     20 │        -2.89 │        -168.226 │       -16.82 │          18:30:00 │    0     0    20     0 │
│      short_pullback_restart │             stop_loss │     51 │        -3.06 │        -461.476 │       -46.15 │          20:19:00 │    0     0    51     0 │
│                       TOTAL │                       │    171 │         1.04 │         373.715 │        37.37 │   2 days, 3:18:00 │   57     0   114  33.3 │
└─────────────────────────────┴───────────────────────┴────────┴──────────────┴─────────────────┴──────────────┴───────────────────┴────────────────────────┘
                                  YEAR BREAKDOWN                                  
┏━━━━━━━━━━━━┳━━━━━━━━┳━━━━━━━━━━━━━━━━━┳━━━━━━━━━━━━━━━┳━━━━━━━━━━━━━━━━━━━━━━━━┓
┃       Year ┃ Trades ┃ Tot Profit USDT ┃ Profit Factor ┃  Win  Draw  Loss  Win% ┃
┡━━━━━━━━━━━━╇━━━━━━━━╇━━━━━━━━━━━━━━━━━╇━━━━━━━━━━━━━━━╇━━━━━━━━━━━━━━━━━━━━━━━━┩
│ 31/12/2025 │    129 │          322.63 │          1.53 │   44     0    85  34.1 │
│ 31/12/2026 │     42 │          51.086 │          1.24 │   13     0    29  31.0 │
└────────────┴────────┴─────────────────┴───────────────┴────────────────────────┘
                                   SUMMARY METRICS                                    
┏━━━━━━━━━━━━━━━━━━━━━━━━━━━━━━━━━━━━━━━━┳━━━━━━━━━━━━━━━━━━━━━━━━━━━━━━━━━━━━━━━━━━━┓
┃ Metric                                 ┃ Value                                     ┃
┡━━━━━━━━━━━━━━━━━━━━━━━━━━━━━━━━━━━━━━━━╇━━━━━━━━━━━━━━━━━━━━━━━━━━━━━━━━━━━━━━━━━━━┩
│ Backtesting from                       │ 2025-01-01 00:00:00                       │
│ Backtesting to                         │ 2026-05-07 00:00:00                       │
│ Trading Mode                           │ Isolated Futures                          │
│ Max open trades                        │ 3                                         │
│                                        │                                           │
│ Total/Daily Avg Trades                 │ 171 / 0.35                                │
│ Starting balance                       │ 1000 USDT                                 │
│ Final balance                          │ 1373.715 USDT                             │
│ Absolute profit                        │ 373.715 USDT                              │
│ Total profit %                         │ 37.37%                                    │
│ CAGR %                                 │ 26.62%                                    │
│ Sharpe (closed trades)                 │ 0.97                                      │
│ Sortino (closed trades)                │ 3.97                                      │
│ Calmar (closed trades)                 │ 15.26                                     │
│ SQN                                    │ 1.90                                      │
│ Profit factor                          │ 1.46                                      │
│ Expectancy (Ratio)                     │ 2.19 (0.30)                               │
│ Avg. daily profit                      │ 0.761 USDT                                │
│ Avg. stake amount                      │ 307.396 USDT                              │
│ Market change                          │ 29.77%                                    │
│ Total trade volume                     │ 104753.134 USDT                           │
│                                        │                                           │
│ Long / Short trades                    │ 0 / 171                                   │
│ Long / Short profit %                  │ 0.00% / 37.37%                            │
│ Long / Short profit USDT               │ 0.000 / 373.715                           │
│                                        │                                           │
│ Best Pair                              │ XRP/USDT:USDT 7.71%                       │
│ Worst Pair                             │ LINK/USDT:USDT -4.01%                     │
│ Best trade                             │ NEAR/USDT:USDT 10.01%                     │
│ Worst trade                            │ TAO/USDT:USDT -5.05%                      │
│ Best day                               │ 124.521 USDT                              │
│ Worst day                              │ -34.373 USDT                              │
│ Days win/draw/lose                     │ 34 / 340 / 83                             │
│ Min/Max/Avg. Duration Winners          │ 0d 08:00 / 11d 02:00 / 3d 05:24           │
│ Min/Max/Avg. Duration Losers           │ 0d 00:00 / 6d 08:00 / 1d 14:15            │
│ Max Consecutive Wins / Loss            │ 8 / 12                                    │
│ Rejected Entry signals                 │ 100                                       │
│ Entry/Exit Timeouts                    │ 0 / 0                                     │
│                                        │                                           │
│ Min/Max balance (closed trades)        │ 977.938 USDT / 1493.042 USDT              │
│ Max % of account underwater            │ 9.53%                                     │
│ Absolute drawdown                      │ 126.853 USDT (9.53%)                      │
│ Drawdown duration                      │ 133 days 11:00:00                         │
│ Profit at drawdown start               │ 331.187 USDT                              │
│ Profit at drawdown end                 │ 204.334 USDT                              │
│ Drawdown start                         │ 2025-06-22 13:00:00                       │
│ Drawdown end                           │ 2025-11-03 00:00:00                       │
│                                        │                                           │
│ Wallet based Metrics                   │                                           │
│ Min/Max balance (wallet balance)       │ 977.938 USDT / 1493.042 USDT              │
│ Min/Max balance dates (wallet balance) │ 2025-01-16 14:00:00 / 2026-02-14 10:00:00 │
│ Max % of account underwater (balance)  │ 9.53%                                     │
│ Absolute drawdown (wallet balance)     │ 126.853 USDT (9.53%)                      │
│ Drawdown duration                      │ 133 days 11:00:00                         │
│ Profit at drawdown start               │ 331.187 USDT                              │
│ Profit at drawdown end                 │ 204.334 USDT                              │
│ Drawdown start                         │ 2025-06-22 14:00:00                       │
│ Drawdown end                           │ 2025-11-03 01:00:00                       │
│ Sharpe (daily wallet balance)          │ 1.32                                      │
│ Sortino (daily wallet balance)         │ 2.65                                      │
│ Calmar (daily wallet balance)          │ 15.29                                     │
└────────────────────────────────────────┴───────────────────────────────────────────┘

Backtested 2025-01-01 00:00:00 -> 2026-05-07 00:00:00 | Max open trades : 3
                                                                            STRATEGY SUMMARY                                                                            
┏━━━━━━━━━━━━━━━━━━━━━━━━━━━━━━━━━━━━━━━━━━━━┳━━━━━━━━┳━━━━━━━━━━━━━━┳━━━━━━━━━━━━━━━━━┳━━━━━━━━━━━━━━┳━━━━━━━━━━━━━━━━━┳━━━━━━━━━━━━━━━━━━━━━━━━┳━━━━━━━━━━━━━━━━━━━━━┓
┃                                   Strategy ┃ Trades ┃ Avg Profit % ┃ Tot Profit USDT ┃ Tot Profit % ┃    Avg Duration ┃  Win  Draw  Loss  Win% ┃            Drawdown ┃
┡━━━━━━━━━━━━━━━━━━━━━━━━━━━━━━━━━━━━━━━━━━━━╇━━━━━━━━╇━━━━━━━━━━━━━━╇━━━━━━━━━━━━━━━━━╇━━━━━━━━━━━━━━╇━━━━━━━━━━━━━━━━━╇━━━━━━━━━━━━━━━━━━━━━━━━╇━━━━━━━━━━━━━━━━━━━━━┩
│ DualTrendCompressionRestartShortV1Strategy │    171 │         1.04 │         373.715 │        37.37 │ 2 days, 3:18:00 │   57     0   114  33.3 │ 126.853 USDT  9.53% │
└────────────────────────────────────────────┴────────┴──────────────┴─────────────────┴──────────────┴─────────────────┴────────────────────────┴─────────────────────┘


=== attempt 1 ===
