time="2026-06-12T17:09:44+08:00" level=warning msg="Found orphan containers ([nfi-top9-exbtc-10000u-max4-dryrun]) for this project. If you removed or renamed this service in your compose file, you can run this command with the --remove-orphans flag to clean it up."
 Container ft_userdata-freqtrade-run-f2fdd65430e5 Creating 
 Container ft_userdata-freqtrade-run-f2fdd65430e5 Created 
2026-06-12 09:09:44,995 - freqtrade - INFO - freqtrade 2026.4
2026-06-12 09:09:45,235 - numexpr.utils - INFO - NumExpr defaulting to 16 threads.
2026-06-12 09:09:46,601 - freqtrade.configuration.load_config - INFO - Using config: /freqtrade/user_data/strategies/research/dual_trend_robustness_runs/20260612_165506/configs/base.json ...
2026-06-12 09:09:46,612 - freqtrade.loggers - INFO - Enabling colorized output.
2026-06-12 09:09:46,612 - freqtrade.loggers - INFO - Logfile configured
2026-06-12 09:09:46,613 - freqtrade.loggers - INFO - Verbosity set to 0
2026-06-12 09:09:46,614 - freqtrade.configuration.configuration - INFO - Using additional Strategy lookup path: /freqtrade/user_data/strategies
2026-06-12 09:09:46,614 - freqtrade.configuration.configuration - INFO - Parameter --max-open-trades detected, overriding max_open_trades to: 5 ...
2026-06-12 09:09:46,615 - freqtrade.configuration.configuration - INFO - Parameter --timerange detected: 20221001-20260507 ...
2026-06-12 09:10:03,899 - freqtrade.configuration.configuration - INFO - Using user-data directory: /freqtrade/user_data ...
2026-06-12 09:10:03,901 - freqtrade.configuration.configuration - INFO - Using data directory: /freqtrade/user_data/data/binance ...
2026-06-12 09:10:03,901 - freqtrade.configuration.configuration - INFO - Using /freqtrade/user_data/strategies/research/dual_trend_robustness_runs/20260612_165506/results/risk_full_0.005_0.25_5 as 
backtest directory ...
2026-06-12 09:10:03,902 - freqtrade.configuration.configuration - INFO - Recursively searching for a strategy in the strategies folder.
2026-06-12 09:10:03,902 - freqtrade.configuration.configuration - INFO - Parameter --export detected: trades ...
2026-06-12 09:10:03,902 - freqtrade.configuration.configuration - INFO - Parameter --breakdown detected ...
2026-06-12 09:10:03,902 - freqtrade.configuration.configuration - INFO - Parameter --cache=none detected ...
2026-06-12 09:10:03,903 - freqtrade.configuration.configuration - INFO - Filter trades by timerange: 20221001-20260507
2026-06-12 09:10:03,904 - freqtrade.exchange.check_exchange - INFO - Checking exchange...
2026-06-12 09:10:03,914 - freqtrade.exchange.check_exchange - INFO - Exchange "binance" is officially supported by the Freqtrade development team.
2026-06-12 09:10:03,914 - freqtrade.configuration.configuration - INFO - Using pairlist from configuration.
2026-06-12 09:10:03,915 - freqtrade.configuration.config_validation - INFO - Validating configuration ...
2026-06-12 09:10:03,916 - freqtrade.commands.optimize_commands - INFO - Starting freqtrade in Backtesting mode
2026-06-12 09:10:03,917 - freqtrade.exchange.exchange - INFO - Instance is running with dry_run enabled
2026-06-12 09:10:03,917 - freqtrade.exchange.exchange - INFO - Using CCXT 4.5.50
2026-06-12 09:10:03,917 - freqtrade.exchange.exchange - INFO - Applying additional ccxt config: {'options': {'defaultType': 'swap', 'adjustForTimeDifference': True, 'recvWindow': 60000, 
'fetchCurrencies': False, 'fetchMarkets': ['linear']}, 'enableRateLimit': True, 'timeout': 60000}
2026-06-12 09:10:03,924 - freqtrade.exchange.exchange - INFO - Applying additional ccxt config: {'options': {'defaultType': 'swap', 'adjustForTimeDifference': True, 'recvWindow': 60000, 
'fetchCurrencies': False, 'fetchMarkets': ['linear']}, 'enableRateLimit': True, 'timeout': 60000}
2026-06-12 09:10:03,930 - freqtrade.exchange.exchange - INFO - Using Exchange "Binance"
2026-06-12 09:10:04,804 - freqtrade.resolvers.exchange_resolver - INFO - Using resolved exchange 'Binance'...
2026-06-12 09:10:05,937 - freqtrade.resolvers.iresolver - INFO - Using resolved strategy DualTrendRobustRisk0p005Cap0p25Strategy from 
'/freqtrade/user_data/strategies/DualTrendRobustnessTempStrategies.py'...
2026-06-12 09:10:05,939 - freqtrade.strategy.hyper - INFO - Found no parameter file.
2026-06-12 09:10:05,940 - freqtrade.resolvers.strategy_resolver - INFO - Override strategy 'stake_currency' with value from the configuration: USDT.
2026-06-12 09:10:05,941 - freqtrade.resolvers.strategy_resolver - INFO - Override strategy 'stake_amount' with value from the configuration: unlimited.
2026-06-12 09:10:05,941 - freqtrade.resolvers.strategy_resolver - INFO - Override strategy 'unfilledtimeout' with value from the configuration: {'entry': 10, 'exit': 10, 'exit_timeout_count': 0, 
'unit': 'minutes'}.
2026-06-12 09:10:05,941 - freqtrade.resolvers.strategy_resolver - INFO - Override strategy 'max_open_trades' with value from the configuration: 5.
2026-06-12 09:10:05,941 - freqtrade.resolvers.strategy_resolver - INFO - Strategy using minimal_roi: {'0': 0.1}
2026-06-12 09:10:05,942 - freqtrade.resolvers.strategy_resolver - INFO - Strategy using timeframe: 1h
2026-06-12 09:10:05,942 - freqtrade.resolvers.strategy_resolver - INFO - Strategy using stoploss: -0.06
2026-06-12 09:10:05,942 - freqtrade.resolvers.strategy_resolver - INFO - Strategy using trailing_stop: False
2026-06-12 09:10:05,942 - freqtrade.resolvers.strategy_resolver - INFO - Strategy using trailing_stop_positive_offset: 0.0
2026-06-12 09:10:05,942 - freqtrade.resolvers.strategy_resolver - INFO - Strategy using trailing_only_offset_is_reached: False
2026-06-12 09:10:05,942 - freqtrade.resolvers.strategy_resolver - INFO - Strategy using use_custom_stoploss: True
2026-06-12 09:10:05,942 - freqtrade.resolvers.strategy_resolver - INFO - Strategy using process_only_new_candles: True
2026-06-12 09:10:05,943 - freqtrade.resolvers.strategy_resolver - INFO - Strategy using order_types: {'entry': 'limit', 'exit': 'limit', 'stoploss': 'limit', 'stoploss_on_exchange': False, 
'stoploss_on_exchange_interval': 60}
2026-06-12 09:10:05,944 - freqtrade.resolvers.strategy_resolver - INFO - Strategy using order_time_in_force: {'entry': 'GTC', 'exit': 'GTC'}
2026-06-12 09:10:05,944 - freqtrade.resolvers.strategy_resolver - INFO - Strategy using stake_currency: USDT
2026-06-12 09:10:05,945 - freqtrade.resolvers.strategy_resolver - INFO - Strategy using stake_amount: unlimited
2026-06-12 09:10:05,945 - freqtrade.resolvers.strategy_resolver - INFO - Strategy using startup_candle_count: 1000
2026-06-12 09:10:05,946 - freqtrade.resolvers.strategy_resolver - INFO - Strategy using unfilledtimeout: {'entry': 10, 'exit': 10, 'exit_timeout_count': 0, 'unit': 'minutes'}
2026-06-12 09:10:05,946 - freqtrade.resolvers.strategy_resolver - INFO - Strategy using use_exit_signal: True
2026-06-12 09:10:05,947 - freqtrade.resolvers.strategy_resolver - INFO - Strategy using exit_profit_only: False
2026-06-12 09:10:05,947 - freqtrade.resolvers.strategy_resolver - INFO - Strategy using ignore_roi_if_entry_signal: True
2026-06-12 09:10:05,948 - freqtrade.resolvers.strategy_resolver - INFO - Strategy using exit_profit_offset: 0.0
2026-06-12 09:10:05,948 - freqtrade.resolvers.strategy_resolver - INFO - Strategy using disable_dataframe_checks: False
2026-06-12 09:10:05,949 - freqtrade.resolvers.strategy_resolver - INFO - Strategy using ignore_buying_expired_candle_after: 0
2026-06-12 09:10:05,949 - freqtrade.resolvers.strategy_resolver - INFO - Strategy using position_adjustment_enable: False
2026-06-12 09:10:05,950 - freqtrade.resolvers.strategy_resolver - INFO - Strategy using max_entry_position_adjustment: -1
2026-06-12 09:10:05,950 - freqtrade.resolvers.strategy_resolver - INFO - Strategy using max_open_trades: 5
2026-06-12 09:10:05,950 - freqtrade.configuration.config_validation - INFO - Validating configuration ...
2026-06-12 09:10:05,956 - freqtrade.resolvers.iresolver - INFO - Using resolved pairlist StaticPairList from '/freqtrade/freqtrade/plugins/pairlist/StaticPairList.py'...
2026-06-12 09:10:05,962 - freqtrade.optimize.backtesting - INFO - Using fee 0.0500% - worst case fee from exchange (lowest tier).
2026-06-12 09:10:05,963 - freqtrade.exchange.exchange - WARNING - Using 3 calls to get OHLCV. This can result in slower operations for the bot. Please check if you really need 1000 candles for your 
strategy.
2026-06-12 09:10:06,016 - freqtrade.data.history.datahandlers.idatahandler - WARNING - BTC/USDT:USDT, futures, 1h, data starts at 2022-10-01 00:00:00
2026-06-12 09:10:06,060 - freqtrade.data.history.datahandlers.idatahandler - WARNING - ETH/USDT:USDT, futures, 1h, data starts at 2022-10-01 00:00:00
2026-06-12 09:10:06,095 - freqtrade.data.history.datahandlers.idatahandler - WARNING - BNB/USDT:USDT, futures, 1h, data starts at 2022-10-01 00:00:00
2026-06-12 09:10:06,129 - freqtrade.data.history.datahandlers.idatahandler - WARNING - SOL/USDT:USDT, futures, 1h, data starts at 2022-10-01 00:00:00
2026-06-12 09:10:06,170 - freqtrade.data.history.datahandlers.idatahandler - WARNING - XRP/USDT:USDT, futures, 1h, data starts at 2022-10-01 00:00:00
2026-06-12 09:10:06,207 - freqtrade.data.history.datahandlers.idatahandler - WARNING - DOGE/USDT:USDT, futures, 1h, data starts at 2022-10-01 00:00:00
2026-06-12 09:10:06,245 - freqtrade.data.history.datahandlers.idatahandler - WARNING - ADA/USDT:USDT, futures, 1h, data starts at 2022-10-01 00:00:00
2026-06-12 09:10:06,282 - freqtrade.data.history.datahandlers.idatahandler - WARNING - LINK/USDT:USDT, futures, 1h, data starts at 2022-10-01 00:00:00
2026-06-12 09:10:06,319 - freqtrade.data.history.datahandlers.idatahandler - WARNING - NEAR/USDT:USDT, futures, 1h, data starts at 2022-10-01 00:00:00
2026-06-12 09:10:06,352 - freqtrade.data.history.datahandlers.idatahandler - WARNING - SUI/USDT:USDT, futures, 1h, data starts at 2024-05-01 00:00:00
2026-06-12 09:10:06,407 - freqtrade.data.history.datahandlers.idatahandler - WARNING - TRX/USDT:USDT, futures, 1h, data starts at 2022-10-01 00:00:00
2026-06-12 09:10:06,443 - freqtrade.data.history.datahandlers.idatahandler - WARNING - ZEC/USDT:USDT, futures, 1h, data starts at 2022-10-01 00:00:00
2026-06-12 09:10:06,477 - freqtrade.data.history.datahandlers.idatahandler - WARNING - TAO/USDT:USDT, futures, 1h, data starts at 2024-04-11 14:00:00
2026-06-12 09:10:06,477 - freqtrade.data.history.datahandlers.idatahandler - WARNING - TAO/USDT:USDT, futures, 1h, data ends at 2026-04-20 00:00:00
2026-06-12 09:10:06,494 - freqtrade.optimize.backtesting - INFO - Loading data from 2022-10-01 00:00:00 up to 2026-05-07 00:00:00 (1314 days).
2026-06-12 09:10:06,494 - freqtrade.configuration.timerange - WARNING - Moving start-date by 1000 candles to account for startup time.
2026-06-12 09:10:06,508 - freqtrade.data.history.datahandlers.idatahandler - WARNING - BTC/USDT:USDT, funding_rate, 1h, data ends at 2026-05-06 16:00:00
2026-06-12 09:10:06,526 - freqtrade.data.history.datahandlers.idatahandler - WARNING - ETH/USDT:USDT, funding_rate, 1h, data ends at 2026-05-06 16:00:00
2026-06-12 09:10:06,593 - freqtrade.data.history.datahandlers.idatahandler - WARNING - DOGE/USDT:USDT, funding_rate, 1h, data ends at 2026-05-06 16:00:00
2026-06-12 09:10:06,664 - freqtrade.data.history.datahandlers.idatahandler - WARNING - SUI/USDT:USDT, funding_rate, 1h, data starts at 2024-02-28 00:00:00
2026-06-12 09:10:06,682 - freqtrade.data.history.datahandlers.idatahandler - WARNING - TRX/USDT:USDT, funding_rate, 1h, data ends at 2026-05-06 16:00:00
2026-06-12 09:10:06,700 - freqtrade.data.history.datahandlers.idatahandler - WARNING - ZEC/USDT:USDT, funding_rate, 1h, data ends at 2026-05-06 16:00:00
2026-06-12 09:10:06,714 - freqtrade.data.history.datahandlers.idatahandler - WARNING - TAO/USDT:USDT, funding_rate, 1h, data starts at 2024-04-11 16:00:00
2026-06-12 09:10:06,715 - freqtrade.data.history.datahandlers.idatahandler - WARNING - TAO/USDT:USDT, funding_rate, 1h, data ends at 2026-04-19 20:00:00
2026-06-12 09:10:07,094 - freqtrade.data.history.datahandlers.idatahandler - WARNING - SUI/USDT:USDT, mark, 1h, data starts at 2024-02-28 00:00:00
2026-06-12 09:10:07,195 - freqtrade.data.history.datahandlers.idatahandler - WARNING - TAO/USDT:USDT, mark, 1h, data starts at 2024-04-11 12:00:00
2026-06-12 09:10:07,196 - freqtrade.data.history.datahandlers.idatahandler - WARNING - TAO/USDT:USDT, mark, 1h, data ends at 2026-04-20 00:00:00
2026-06-12 09:10:09,318 - freqtrade.optimize.backtesting - INFO - Dataload complete. Calculating indicators
2026-06-12 09:10:09,323 - freqtrade.optimize.backtesting - INFO - Running backtesting for Strategy DualTrendRobustRisk0p005Cap0p25Strategy
2026-06-12 09:10:09,326 - freqtrade.data.dataprovider - INFO - Loading data for BTC/USDT:USDT 4h from 2022-04-17 08:00:00 to 2026-05-07 00:00:00
2026-06-12 09:10:09,343 - freqtrade.data.history.datahandlers.idatahandler - WARNING - BTC/USDT:USDT, futures, 4h, data starts at 2022-10-01 00:00:00
2026-06-12 09:10:09,343 - freqtrade.data.history.datahandlers.idatahandler - WARNING - BTC/USDT:USDT, futures, 4h, data ends at 2026-05-06 12:00:00
2026-06-12 09:10:09,401 - freqtrade.data.dataprovider - INFO - Loading data for ETH/USDT:USDT 4h from 2022-04-17 08:00:00 to 2026-05-07 00:00:00
2026-06-12 09:10:09,415 - freqtrade.data.history.datahandlers.idatahandler - WARNING - ETH/USDT:USDT, futures, 4h, data starts at 2022-10-01 00:00:00
2026-06-12 09:10:09,415 - freqtrade.data.history.datahandlers.idatahandler - WARNING - ETH/USDT:USDT, futures, 4h, data ends at 2026-05-06 12:00:00
2026-06-12 09:10:09,474 - freqtrade.data.dataprovider - INFO - Loading data for BNB/USDT:USDT 4h from 2022-04-17 08:00:00 to 2026-05-07 00:00:00
2026-06-12 09:10:09,499 - freqtrade.data.history.datahandlers.idatahandler - WARNING - BNB/USDT:USDT, futures, 4h, data starts at 2022-10-01 00:00:00
2026-06-12 09:10:09,499 - freqtrade.data.history.datahandlers.idatahandler - WARNING - BNB/USDT:USDT, futures, 4h, data ends at 2026-05-06 16:00:00
2026-06-12 09:10:09,553 - freqtrade.data.dataprovider - INFO - Loading data for SOL/USDT:USDT 4h from 2022-04-17 08:00:00 to 2026-05-07 00:00:00
2026-06-12 09:10:09,573 - freqtrade.data.history.datahandlers.idatahandler - WARNING - SOL/USDT:USDT, futures, 4h, data starts at 2022-10-01 00:00:00
2026-06-12 09:10:09,574 - freqtrade.data.history.datahandlers.idatahandler - WARNING - SOL/USDT:USDT, futures, 4h, data ends at 2026-05-06 16:00:00
2026-06-12 09:10:09,626 - freqtrade.data.dataprovider - INFO - Loading data for XRP/USDT:USDT 4h from 2022-04-17 08:00:00 to 2026-05-07 00:00:00
2026-06-12 09:10:09,645 - freqtrade.data.history.datahandlers.idatahandler - WARNING - XRP/USDT:USDT, futures, 4h, data starts at 2022-10-01 00:00:00
2026-06-12 09:10:09,646 - freqtrade.data.history.datahandlers.idatahandler - WARNING - XRP/USDT:USDT, futures, 4h, data ends at 2026-05-06 16:00:00
2026-06-12 09:10:09,698 - freqtrade.data.dataprovider - INFO - Loading data for DOGE/USDT:USDT 4h from 2022-04-17 08:00:00 to 2026-05-07 00:00:00
2026-06-12 09:10:09,724 - freqtrade.data.history.datahandlers.idatahandler - WARNING - DOGE/USDT:USDT, futures, 4h, data starts at 2022-10-01 00:00:00
2026-06-12 09:10:09,724 - freqtrade.data.history.datahandlers.idatahandler - WARNING - DOGE/USDT:USDT, futures, 4h, data ends at 2026-05-06 12:00:00
2026-06-12 09:10:09,776 - freqtrade.data.dataprovider - INFO - Loading data for ADA/USDT:USDT 4h from 2022-04-17 08:00:00 to 2026-05-07 00:00:00
2026-06-12 09:10:09,794 - freqtrade.data.history.datahandlers.idatahandler - WARNING - ADA/USDT:USDT, futures, 4h, data starts at 2022-10-01 00:00:00
2026-06-12 09:10:09,794 - freqtrade.data.history.datahandlers.idatahandler - WARNING - ADA/USDT:USDT, futures, 4h, data ends at 2026-05-06 16:00:00
2026-06-12 09:10:09,849 - freqtrade.data.dataprovider - INFO - Loading data for LINK/USDT:USDT 4h from 2022-04-17 08:00:00 to 2026-05-07 00:00:00
2026-06-12 09:10:09,870 - freqtrade.data.history.datahandlers.idatahandler - WARNING - LINK/USDT:USDT, futures, 4h, data starts at 2022-10-01 00:00:00
2026-06-12 09:10:09,870 - freqtrade.data.history.datahandlers.idatahandler - WARNING - LINK/USDT:USDT, futures, 4h, data ends at 2026-05-06 16:00:00
2026-06-12 09:10:09,932 - freqtrade.data.dataprovider - INFO - Loading data for NEAR/USDT:USDT 4h from 2022-04-17 08:00:00 to 2026-05-07 00:00:00
2026-06-12 09:10:09,949 - freqtrade.data.history.datahandlers.idatahandler - WARNING - NEAR/USDT:USDT, futures, 4h, data starts at 2022-10-01 00:00:00
2026-06-12 09:10:09,949 - freqtrade.data.history.datahandlers.idatahandler - WARNING - NEAR/USDT:USDT, futures, 4h, data ends at 2026-05-06 16:00:00
2026-06-12 09:10:10,004 - freqtrade.data.dataprovider - INFO - Loading data for SUI/USDT:USDT 4h from 2022-04-17 08:00:00 to 2026-05-07 00:00:00
2026-06-12 09:10:10,025 - freqtrade.data.history.datahandlers.idatahandler - WARNING - SUI/USDT:USDT, futures, 4h, data starts at 2024-05-01 00:00:00
2026-06-12 09:10:10,067 - freqtrade.data.dataprovider - INFO - Loading data for TRX/USDT:USDT 4h from 2022-04-17 08:00:00 to 2026-05-07 00:00:00
2026-06-12 09:10:10,084 - freqtrade.data.history.datahandlers.idatahandler - WARNING - TRX/USDT:USDT, futures, 4h, data starts at 2022-10-01 00:00:00
2026-06-12 09:10:10,085 - freqtrade.data.history.datahandlers.idatahandler - WARNING - TRX/USDT:USDT, futures, 4h, data ends at 2026-05-06 12:00:00
2026-06-12 09:10:10,139 - freqtrade.data.dataprovider - INFO - Loading data for ZEC/USDT:USDT 4h from 2022-04-17 08:00:00 to 2026-05-07 00:00:00
2026-06-12 09:10:10,157 - freqtrade.data.history.datahandlers.idatahandler - WARNING - ZEC/USDT:USDT, futures, 4h, data starts at 2022-10-01 00:00:00
2026-06-12 09:10:10,157 - freqtrade.data.history.datahandlers.idatahandler - WARNING - ZEC/USDT:USDT, futures, 4h, data ends at 2026-05-06 12:00:00
2026-06-12 09:10:10,209 - freqtrade.data.dataprovider - INFO - Loading data for TAO/USDT:USDT 4h from 2022-04-17 08:00:00 to 2026-05-07 00:00:00
2026-06-12 09:10:10,286 - freqtrade.data.history.datahandlers.idatahandler - WARNING - TAO/USDT:USDT, futures, 4h, data starts at 2024-04-11 12:00:00
2026-06-12 09:10:10,287 - freqtrade.data.history.datahandlers.idatahandler - WARNING - TAO/USDT:USDT, futures, 4h, data ends at 2026-04-19 16:00:00
2026-06-12 09:10:10,336 - freqtrade.optimize.backtesting - INFO - Backtesting with data from 2022-11-11 16:00:00 up to 2026-05-07 00:00:00 (1272 days).
2026-06-12 09:10:10,338 - freqtrade.resolvers.iresolver - INFO - Using resolved protection CooldownPeriod from '/freqtrade/freqtrade/plugins/protections/cooldown_period.py'...
2026-06-12 09:10:10,339 - freqtrade.resolvers.iresolver - INFO - Using resolved protection StoplossGuard from '/freqtrade/freqtrade/plugins/protections/stoploss_guard.py'...
2026-06-12 09:10:10,341 - freqtrade.resolvers.iresolver - INFO - Using resolved protection MaxDrawdown from '/freqtrade/freqtrade/plugins/protections/max_drawdown_protection.py'...
2026-06-12 09:11:08,049 - freqtrade.misc - INFO - dumping json to 
"/freqtrade/user_data/strategies/research/dual_trend_robustness_runs/20260612_165506/results/risk_full_0.005_0.25_5/backtest-result-2026-06-12_09-11-07.meta.json"
Result for strategy DualTrendRobustRisk0p005Cap0p25Strategy
                                                  BACKTESTING REPORT                                                   
┏━━━━━━━━━━━━━━━━┳━━━━━━━━┳━━━━━━━━━━━━━━┳━━━━━━━━━━━━━━━━━┳━━━━━━━━━━━━━━┳━━━━━━━━━━━━━━━━━━┳━━━━━━━━━━━━━━━━━━━━━━━━┓
┃           Pair ┃ Trades ┃ Avg Profit % ┃ Tot Profit USDT ┃ Tot Profit % ┃     Avg Duration ┃  Win  Draw  Loss  Win% ┃
┡━━━━━━━━━━━━━━━━╇━━━━━━━━╇━━━━━━━━━━━━━━╇━━━━━━━━━━━━━━━━━╇━━━━━━━━━━━━━━╇━━━━━━━━━━━━━━━━━━╇━━━━━━━━━━━━━━━━━━━━━━━━┩
│  ZEC/USDT:USDT │     24 │         3.43 │         157.767 │        15.78 │ 2 days, 11:50:00 │   12     0    12  50.0 │
│ DOGE/USDT:USDT │     41 │         1.77 │         127.239 │        12.72 │  1 day, 19:06:00 │   15     0    26  36.6 │
│  ETH/USDT:USDT │     32 │          1.7 │         105.670 │        10.57 │  2 days, 4:51:00 │   11     0    21  34.4 │
│  ADA/USDT:USDT │     49 │         1.39 │         104.347 │        10.43 │  2 days, 1:06:00 │   15     0    34  30.6 │
│  BNB/USDT:USDT │     25 │         2.05 │          98.292 │         9.83 │  2 days, 5:05:00 │   11     0    14  44.0 │
│  XRP/USDT:USDT │     42 │         0.58 │          78.344 │         7.83 │ 2 days, 14:59:00 │   12     0    30  28.6 │
│  TAO/USDT:USDT │     18 │         2.31 │          72.957 │          7.3 │  1 day, 19:00:00 │    9     0     9  50.0 │
│  BTC/USDT:USDT │     31 │         0.28 │          50.561 │         5.06 │  2 days, 6:12:00 │    9     0    22  29.0 │
│  SUI/USDT:USDT │     18 │         1.07 │          37.904 │         3.79 │  1 day, 22:43:00 │    7     0    11  38.9 │
│  SOL/USDT:USDT │     35 │         0.58 │          17.872 │         1.79 │  1 day, 17:38:00 │   10     0    25  28.6 │
│ NEAR/USDT:USDT │     46 │         0.09 │          10.077 │         1.01 │  1 day, 16:53:00 │   10     0    36  21.7 │
│  TRX/USDT:USDT │     21 │         -1.0 │         -57.200 │        -5.72 │ 2 days, 17:11:00 │    1     0    20   4.8 │
│ LINK/USDT:USDT │     40 │        -0.53 │         -82.627 │        -8.26 │  1 day, 17:20:00 │    7     0    33  17.5 │
│          TOTAL │    422 │         0.96 │         721.204 │        72.12 │  2 days, 1:35:00 │  129     0   293  30.6 │
└────────────────┴────────┴──────────────┴─────────────────┴──────────────┴──────────────────┴────────────────────────┘
                                         LEFT OPEN TRADES REPORT                                          
┏━━━━━━━┳━━━━━━━━┳━━━━━━━━━━━━━━┳━━━━━━━━━━━━━━━━━┳━━━━━━━━━━━━━━┳━━━━━━━━━━━━━━┳━━━━━━━━━━━━━━━━━━━━━━━━┓
┃  Pair ┃ Trades ┃ Avg Profit % ┃ Tot Profit USDT ┃ Tot Profit % ┃ Avg Duration ┃  Win  Draw  Loss  Win% ┃
┡━━━━━━━╇━━━━━━━━╇━━━━━━━━━━━━━━╇━━━━━━━━━━━━━━━━━╇━━━━━━━━━━━━━━╇━━━━━━━━━━━━━━╇━━━━━━━━━━━━━━━━━━━━━━━━┩
│ TOTAL │      0 │          0.0 │           0.000 │          0.0 │         0:00 │    0     0     0     0 │
└───────┴────────┴──────────────┴─────────────────┴──────────────┴──────────────┴────────────────────────┘
                                                          ENTER TAG STATS                                                           
┏━━━━━━━━━━━━━━━━━━━━━━━━━━━━━┳━━━━━━━━━┳━━━━━━━━━━━━━━┳━━━━━━━━━━━━━━━━━┳━━━━━━━━━━━━━━┳━━━━━━━━━━━━━━━━━┳━━━━━━━━━━━━━━━━━━━━━━━━┓
┃                   Enter Tag ┃ Entries ┃ Avg Profit % ┃ Tot Profit USDT ┃ Tot Profit % ┃    Avg Duration ┃  Win  Draw  Loss  Win% ┃
┡━━━━━━━━━━━━━━━━━━━━━━━━━━━━━╇━━━━━━━━━╇━━━━━━━━━━━━━━╇━━━━━━━━━━━━━━━━━╇━━━━━━━━━━━━━━╇━━━━━━━━━━━━━━━━━╇━━━━━━━━━━━━━━━━━━━━━━━━┩
│      short_pullback_restart │     329 │         0.88 │         470.162 │        47.02 │ 2 days, 1:12:00 │  100     0   229  30.4 │
│ short_compression_breakdown │      93 │         1.24 │         251.041 │         25.1 │ 2 days, 2:57:00 │   29     0    64  31.2 │
│                       TOTAL │     422 │         0.96 │         721.204 │        72.12 │ 2 days, 1:35:00 │  129     0   293  30.6 │
└─────────────────────────────┴─────────┴──────────────┴─────────────────┴──────────────┴─────────────────┴────────────────────────┘
                                                      EXIT REASON STATS                                                      
┏━━━━━━━━━━━━━━━━━━━━━━━┳━━━━━━━┳━━━━━━━━━━━━━━┳━━━━━━━━━━━━━━━━━┳━━━━━━━━━━━━━━┳━━━━━━━━━━━━━━━━━━┳━━━━━━━━━━━━━━━━━━━━━━━━┓
┃           Exit Reason ┃ Exits ┃ Avg Profit % ┃ Tot Profit USDT ┃ Tot Profit % ┃     Avg Duration ┃  Win  Draw  Loss  Win% ┃
┡━━━━━━━━━━━━━━━━━━━━━━━╇━━━━━━━╇━━━━━━━━━━━━━━╇━━━━━━━━━━━━━━━━━╇━━━━━━━━━━━━━━╇━━━━━━━━━━━━━━━━━━╇━━━━━━━━━━━━━━━━━━━━━━━━┩
│                   roi │   106 │         10.0 │        2205.386 │       220.54 │  2 days, 4:08:00 │  106     0     0   100 │
│       stale_flat_120h │    20 │         0.66 │          33.945 │         3.39 │  6 days, 5:45:00 │   20     0     0   100 │
│ stale_low_profit_240h │     3 │         2.62 │          24.587 │         2.46 │ 10 days, 9:20:00 │    3     0     0   100 │
│        stale_loss_72h │    75 │        -0.63 │         -99.018 │         -9.9 │ 3 days, 12:10:00 │    0     0    75     0 │
│    trailing_stop_loss │    62 │         -2.7 │        -387.882 │       -38.79 │   1 day, 0:19:00 │    0     0    62     0 │
│             stop_loss │   156 │        -2.96 │       -1055.815 │      -105.58 │   1 day, 0:36:00 │    0     0   156     0 │
│                 TOTAL │   422 │         0.96 │         721.204 │        72.12 │  2 days, 1:35:00 │  129     0   293  30.6 │
└───────────────────────┴───────┴──────────────┴─────────────────┴──────────────┴──────────────────┴────────────────────────┘
                                                                      MIXED TAG STATS                                                                       
┏━━━━━━━━━━━━━━━━━━━━━━━━━━━━━┳━━━━━━━━━━━━━━━━━━━━━━━┳━━━━━━━━┳━━━━━━━━━━━━━━┳━━━━━━━━━━━━━━━━━┳━━━━━━━━━━━━━━┳━━━━━━━━━━━━━━━━━━┳━━━━━━━━━━━━━━━━━━━━━━━━┓
┃                   Enter Tag ┃           Exit Reason ┃ Trades ┃ Avg Profit % ┃ Tot Profit USDT ┃ Tot Profit % ┃     Avg Duration ┃  Win  Draw  Loss  Win% ┃
┡━━━━━━━━━━━━━━━━━━━━━━━━━━━━━╇━━━━━━━━━━━━━━━━━━━━━━━╇━━━━━━━━╇━━━━━━━━━━━━━━╇━━━━━━━━━━━━━━━━━╇━━━━━━━━━━━━━━╇━━━━━━━━━━━━━━━━━━╇━━━━━━━━━━━━━━━━━━━━━━━━┩
│      short_pullback_restart │                   roi │     80 │         10.0 │        1640.515 │       164.05 │  2 days, 3:20:00 │   80     0     0   100 │
│ short_compression_breakdown │                   roi │     26 │         10.0 │         564.871 │        56.49 │  2 days, 6:37:00 │   26     0     0   100 │
│      short_pullback_restart │       stale_flat_120h │     17 │         0.68 │          29.613 │         2.96 │  6 days, 3:11:00 │   17     0     0   100 │
│      short_pullback_restart │ stale_low_profit_240h │      3 │         2.62 │          24.587 │         2.46 │ 10 days, 9:20:00 │    3     0     0   100 │
│ short_compression_breakdown │       stale_flat_120h │      3 │         0.53 │           4.332 │         0.43 │ 6 days, 20:20:00 │    3     0     0   100 │
│ short_compression_breakdown │        stale_loss_72h │     21 │        -0.61 │         -25.871 │        -2.59 │  3 days, 8:26:00 │    0     0    21     0 │
│      short_pullback_restart │        stale_loss_72h │     54 │        -0.63 │         -73.147 │        -7.31 │ 3 days, 13:38:00 │    0     0    54     0 │
│ short_compression_breakdown │    trailing_stop_loss │     16 │        -3.14 │        -106.660 │       -10.67 │   1 day, 3:11:00 │    0     0    16     0 │
│ short_compression_breakdown │             stop_loss │     27 │        -3.09 │        -185.630 │       -18.56 │   1 day, 2:00:00 │    0     0    27     0 │
│      short_pullback_restart │    trailing_stop_loss │     46 │        -2.55 │        -281.222 │       -28.12 │         23:20:00 │    0     0    46     0 │
│      short_pullback_restart │             stop_loss │    129 │        -2.94 │        -870.184 │       -87.02 │   1 day, 0:18:00 │    0     0   129     0 │
│                       TOTAL │                       │    422 │         0.96 │         721.204 │        72.12 │  2 days, 1:35:00 │  129     0   293  30.6 │
└─────────────────────────────┴───────────────────────┴────────┴──────────────┴─────────────────┴──────────────┴──────────────────┴────────────────────────┘
                                  YEAR BREAKDOWN                                  
┏━━━━━━━━━━━━┳━━━━━━━━┳━━━━━━━━━━━━━━━━━┳━━━━━━━━━━━━━━━┳━━━━━━━━━━━━━━━━━━━━━━━━┓
┃       Year ┃ Trades ┃ Tot Profit USDT ┃ Profit Factor ┃  Win  Draw  Loss  Win% ┃
┡━━━━━━━━━━━━╇━━━━━━━━╇━━━━━━━━━━━━━━━━━╇━━━━━━━━━━━━━━━╇━━━━━━━━━━━━━━━━━━━━━━━━┩
│ 31/12/2022 │     18 │          47.036 │          2.12 │    6     0    12  33.3 │
│ 31/12/2023 │     95 │          84.389 │          1.29 │   21     0    74  22.1 │
│ 31/12/2024 │     88 │          215.54 │          1.77 │   30     0    58  34.1 │
│ 31/12/2025 │    160 │         319.193 │          1.49 │   53     0   107  33.1 │
│ 31/12/2026 │     61 │          55.046 │           1.2 │   19     0    42  31.1 │
└────────────┴────────┴─────────────────┴───────────────┴────────────────────────┘
                                   SUMMARY METRICS                                    
┏━━━━━━━━━━━━━━━━━━━━━━━━━━━━━━━━━━━━━━━━┳━━━━━━━━━━━━━━━━━━━━━━━━━━━━━━━━━━━━━━━━━━━┓
┃ Metric                                 ┃ Value                                     ┃
┡━━━━━━━━━━━━━━━━━━━━━━━━━━━━━━━━━━━━━━━━╇━━━━━━━━━━━━━━━━━━━━━━━━━━━━━━━━━━━━━━━━━━━┩
│ Backtesting from                       │ 2022-11-11 16:00:00                       │
│ Backtesting to                         │ 2026-05-07 00:00:00                       │
│ Trading Mode                           │ Isolated Futures                          │
│ Max open trades                        │ 5                                         │
│                                        │                                           │
│ Total/Daily Avg Trades                 │ 422 / 0.33                                │
│ Starting balance                       │ 1000 USDT                                 │
│ Final balance                          │ 1721.204 USDT                             │
│ Absolute profit                        │ 721.204 USDT                              │
│ Total profit %                         │ 72.12%                                    │
│ CAGR %                                 │ 16.86%                                    │
│ Sharpe (closed trades)                 │ 0.92                                      │
│ Sortino (closed trades)                │ 3.90                                      │
│ Calmar (closed trades)                 │ 11.37                                     │
│ SQN                                    │ 2.97                                      │
│ Profit factor                          │ 1.47                                      │
│ Expectancy (Ratio)                     │ 1.71 (0.32)                               │
│ Avg. daily profit                      │ 0.567 USDT                                │
│ Avg. stake amount                      │ 236.502 USDT                              │
│ Market change                          │ 238.41%                                   │
│ Total trade volume                     │ 198892.781 USDT                           │
│                                        │                                           │
│ Long / Short trades                    │ 0 / 422                                   │
│ Long / Short profit %                  │ 0.00% / 72.12%                            │
│ Long / Short profit USDT               │ 0.000 / 721.204                           │
│                                        │                                           │
│ Best Pair                              │ ZEC/USDT:USDT 15.78%                      │
│ Worst Pair                             │ LINK/USDT:USDT -8.26%                     │
│ Best trade                             │ NEAR/USDT:USDT 10.02%                     │
│ Worst trade                            │ TAO/USDT:USDT -5.00%                      │
│ Best day                               │ 127.481 USDT                              │
│ Worst day                              │ -34.012 USDT                              │
│ Days win/draw/lose                     │ 72 / 985 / 186                            │
│ Min/Max/Avg. Duration Winners          │ 0d 02:00 / 11d 02:00 / 2d 23:51           │
│ Min/Max/Avg. Duration Losers           │ 0d 00:00 / 7d 08:00 / 1d 15:47            │
│ Max Consecutive Wins / Loss            │ 8 / 22                                    │
│ Rejected Entry signals                 │ 40                                        │
│ Entry/Exit Timeouts                    │ 0 / 0                                     │
│                                        │                                           │
│ Min/Max balance (closed trades)        │ 994.528 USDT / 1898.987 USDT              │
│ Max % of account underwater            │ 9.53%                                     │
│ Absolute drawdown                      │ 180.963 USDT (9.53%)                      │
│ Drawdown duration                      │ 47 days 23:00:00                          │
│ Profit at drawdown start               │ 898.987 USDT                              │
│ Profit at drawdown end                 │ 718.024 USDT                              │
│ Drawdown start                         │ 2026-02-14 09:00:00                       │
│ Drawdown end                           │ 2026-04-03 08:00:00                       │
│                                        │                                           │
│ Wallet based Metrics                   │                                           │
│ Min/Max balance (wallet balance)       │ 994.528 USDT / 1898.987 USDT              │
│ Min/Max balance dates (wallet balance) │ 2022-11-20 12:00:00 / 2026-02-14 10:00:00 │
│ Max % of account underwater (balance)  │ 9.53%                                     │
│ Absolute drawdown (wallet balance)     │ 180.963 USDT (9.53%)                      │
│ Drawdown duration                      │ 47 days 23:00:00                          │
│ Profit at drawdown start               │ 898.987 USDT                              │
│ Profit at drawdown end                 │ 718.024 USDT                              │
│ Drawdown start                         │ 2026-02-14 10:00:00                       │
│ Drawdown end                           │ 2026-04-03 09:00:00                       │
│ Sharpe (daily wallet balance)          │ 1.17                                      │
│ Sortino (daily wallet balance)         │ 2.09                                      │
│ Calmar (daily wallet balance)          │ 11.37                                     │
└────────────────────────────────────────┴───────────────────────────────────────────┘

Backtested 2022-11-11 16:00:00 -> 2026-05-07 00:00:00 | Max open trades : 5
                                                                          STRATEGY SUMMARY                                                                           
┏━━━━━━━━━━━━━━━━━━━━━━━━━━━━━━━━━━━━━━━━━┳━━━━━━━━┳━━━━━━━━━━━━━━┳━━━━━━━━━━━━━━━━━┳━━━━━━━━━━━━━━┳━━━━━━━━━━━━━━━━━┳━━━━━━━━━━━━━━━━━━━━━━━━┳━━━━━━━━━━━━━━━━━━━━━┓
┃                                Strategy ┃ Trades ┃ Avg Profit % ┃ Tot Profit USDT ┃ Tot Profit % ┃    Avg Duration ┃  Win  Draw  Loss  Win% ┃            Drawdown ┃
┡━━━━━━━━━━━━━━━━━━━━━━━━━━━━━━━━━━━━━━━━━╇━━━━━━━━╇━━━━━━━━━━━━━━╇━━━━━━━━━━━━━━━━━╇━━━━━━━━━━━━━━╇━━━━━━━━━━━━━━━━━╇━━━━━━━━━━━━━━━━━━━━━━━━╇━━━━━━━━━━━━━━━━━━━━━┩
│ DualTrendRobustRisk0p005Cap0p25Strategy │    422 │         0.96 │         721.204 │        72.12 │ 2 days, 1:35:00 │  129     0   293  30.6 │ 180.963 USDT  9.53% │
└─────────────────────────────────────────┴────────┴──────────────┴─────────────────┴──────────────┴─────────────────┴────────────────────────┴─────────────────────┘
