time="2026-07-10T13:05:03+08:00" level=warning msg="Found orphan containers ([nfi-top9-exbtc-10000u-max4-dryrun]) for this project. If you removed or renamed this service in your compose file, you can run this command with the --remove-orphans flag to clean it up."
 Container ft_userdata-freqtrade-run-e7af63378a3a Creating 
 Container ft_userdata-freqtrade-run-e7af63378a3a Created 
2026-07-10 05:05:04,721 - freqtrade - INFO - freqtrade 2026.4
2026-07-10 05:05:04,947 - numexpr.utils - INFO - NumExpr defaulting to 16 threads.
2026-07-10 05:05:06,164 - freqtrade.configuration.load_config - INFO - Using config: /freqtrade/user_data/config.backtest.dualtrend.combined.top50.positive13.max3.json ...
2026-07-10 05:05:06,169 - freqtrade.loggers - INFO - Enabling colorized output.
2026-07-10 05:05:06,170 - freqtrade.loggers - INFO - Logfile configured
2026-07-10 05:05:06,170 - freqtrade.loggers - INFO - Verbosity set to 0
2026-07-10 05:05:06,170 - freqtrade.configuration.configuration - INFO - Using additional Strategy lookup path: /freqtrade/user_data/strategies
2026-07-10 05:05:06,170 - freqtrade.configuration.configuration - INFO - Parameter -i/--timeframe detected ... Using timeframe: 1h ...
2026-07-10 05:05:06,171 - freqtrade.configuration.configuration - INFO - Using max_open_trades: 3 ...
2026-07-10 05:05:06,171 - freqtrade.configuration.configuration - INFO - Parameter --timeframe-detail detected, using 5m for intra-candle backtesting ...
2026-07-10 05:05:06,171 - freqtrade.configuration.configuration - INFO - Parameter --timerange detected: 20250618-20260618 ...
2026-07-10 05:05:21,747 - freqtrade.configuration.configuration - INFO - Using user-data directory: /freqtrade/user_data ...
2026-07-10 05:05:21,754 - freqtrade.configuration.configuration - INFO - Using data directory: /freqtrade/user_data/data/binance ...
2026-07-10 05:05:21,755 - freqtrade.configuration.configuration - INFO - Using /freqtrade/user_data/analysis/pyramid_risk_budget_2026-07-10 as backtest directory ...
2026-07-10 05:05:21,756 - freqtrade.configuration.configuration - INFO - Parameter --export detected: trades ...
2026-07-10 05:05:21,756 - freqtrade.configuration.configuration - INFO - Parameter --cache=day detected ...
2026-07-10 05:05:21,757 - freqtrade.configuration.configuration - INFO - Parameter --notes detected: 1y_closefloor07 ...
2026-07-10 05:05:21,757 - freqtrade.configuration.configuration - INFO - Filter trades by timerange: 20250618-20260618
2026-07-10 05:05:21,758 - freqtrade.exchange.check_exchange - INFO - Checking exchange...
2026-07-10 05:05:21,766 - freqtrade.exchange.check_exchange - INFO - Exchange "binance" is officially supported by the Freqtrade development team.
2026-07-10 05:05:21,766 - freqtrade.configuration.configuration - INFO - Using pairlist from configuration.
2026-07-10 05:05:21,766 - freqtrade.configuration.config_validation - INFO - Validating configuration ...
2026-07-10 05:05:21,768 - freqtrade.commands.optimize_commands - INFO - Starting freqtrade in Backtesting mode
2026-07-10 05:05:21,769 - freqtrade.exchange.exchange - INFO - Instance is running with dry_run enabled
2026-07-10 05:05:21,769 - freqtrade.exchange.exchange - INFO - Using CCXT 4.5.50
2026-07-10 05:05:21,769 - freqtrade.exchange.exchange - INFO - Applying additional ccxt config: {'options': {'defaultType': 'swap', 'adjustForTimeDifference': True, 'recvWindow': 60000, 
'fetchCurrencies': False, 'fetchMarkets': ['linear']}, 'enableRateLimit': True, 'timeout': 60000}
2026-07-10 05:05:21,775 - freqtrade.exchange.exchange - INFO - Applying additional ccxt config: {'options': {'defaultType': 'swap', 'adjustForTimeDifference': True, 'recvWindow': 60000, 
'fetchCurrencies': False, 'fetchMarkets': ['linear']}, 'enableRateLimit': True, 'timeout': 60000}
2026-07-10 05:05:21,781 - freqtrade.exchange.exchange - INFO - Using Exchange "Binance"
2026-07-10 05:05:22,400 - freqtrade.resolvers.exchange_resolver - INFO - Using resolved exchange 'Binance'...
2026-07-10 05:05:22,511 - freqtrade.resolvers.iresolver - INFO - Using resolved strategy DualTrendPyramidCloseFloor07V1Strategy from '/freqtrade/user_data/strategies/DualTrendMainStrategies.py'...
2026-07-10 05:05:22,513 - freqtrade.strategy.hyper - INFO - Found no parameter file.
2026-07-10 05:05:22,513 - freqtrade.resolvers.strategy_resolver - INFO - Override strategy 'timeframe' with value from the configuration: 1h.
2026-07-10 05:05:22,514 - freqtrade.resolvers.strategy_resolver - INFO - Override strategy 'stake_currency' with value from the configuration: USDT.
2026-07-10 05:05:22,514 - freqtrade.resolvers.strategy_resolver - INFO - Override strategy 'stake_amount' with value from the configuration: unlimited.
2026-07-10 05:05:22,514 - freqtrade.resolvers.strategy_resolver - INFO - Override strategy 'unfilledtimeout' with value from the configuration: {'entry': 10, 'exit': 10, 'exit_timeout_count': 0, 
'unit': 'minutes'}.
2026-07-10 05:05:22,515 - freqtrade.resolvers.strategy_resolver - INFO - Override strategy 'max_open_trades' with value from the configuration: 3.
2026-07-10 05:05:22,515 - freqtrade.resolvers.strategy_resolver - INFO - Strategy using minimal_roi: {'0': 0.1}
2026-07-10 05:05:22,516 - freqtrade.resolvers.strategy_resolver - INFO - Strategy using timeframe: 1h
2026-07-10 05:05:22,516 - freqtrade.resolvers.strategy_resolver - INFO - Strategy using stoploss: -0.06
2026-07-10 05:05:22,516 - freqtrade.resolvers.strategy_resolver - INFO - Strategy using trailing_stop: False
2026-07-10 05:05:22,517 - freqtrade.resolvers.strategy_resolver - INFO - Strategy using trailing_stop_positive_offset: 0.0
2026-07-10 05:05:22,517 - freqtrade.resolvers.strategy_resolver - INFO - Strategy using trailing_only_offset_is_reached: False
2026-07-10 05:05:22,517 - freqtrade.resolvers.strategy_resolver - INFO - Strategy using use_custom_stoploss: True
2026-07-10 05:05:22,517 - freqtrade.resolvers.strategy_resolver - INFO - Strategy using process_only_new_candles: True
2026-07-10 05:05:22,518 - freqtrade.resolvers.strategy_resolver - INFO - Strategy using order_types: {'entry': 'limit', 'exit': 'limit', 'stoploss': 'limit', 'stoploss_on_exchange': False, 
'stoploss_on_exchange_interval': 60}
2026-07-10 05:05:22,518 - freqtrade.resolvers.strategy_resolver - INFO - Strategy using order_time_in_force: {'entry': 'GTC', 'exit': 'GTC'}
2026-07-10 05:05:22,518 - freqtrade.resolvers.strategy_resolver - INFO - Strategy using stake_currency: USDT
2026-07-10 05:05:22,518 - freqtrade.resolvers.strategy_resolver - INFO - Strategy using stake_amount: unlimited
2026-07-10 05:05:22,518 - freqtrade.resolvers.strategy_resolver - INFO - Strategy using startup_candle_count: 1000
2026-07-10 05:05:22,518 - freqtrade.resolvers.strategy_resolver - INFO - Strategy using unfilledtimeout: {'entry': 10, 'exit': 10, 'exit_timeout_count': 0, 'unit': 'minutes'}
2026-07-10 05:05:22,518 - freqtrade.resolvers.strategy_resolver - INFO - Strategy using use_exit_signal: True
2026-07-10 05:05:22,519 - freqtrade.resolvers.strategy_resolver - INFO - Strategy using exit_profit_only: False
2026-07-10 05:05:22,519 - freqtrade.resolvers.strategy_resolver - INFO - Strategy using ignore_roi_if_entry_signal: True
2026-07-10 05:05:22,519 - freqtrade.resolvers.strategy_resolver - INFO - Strategy using exit_profit_offset: 0.0
2026-07-10 05:05:22,519 - freqtrade.resolvers.strategy_resolver - INFO - Strategy using disable_dataframe_checks: False
2026-07-10 05:05:22,519 - freqtrade.resolvers.strategy_resolver - INFO - Strategy using ignore_buying_expired_candle_after: 0
2026-07-10 05:05:22,519 - freqtrade.resolvers.strategy_resolver - INFO - Strategy using position_adjustment_enable: True
2026-07-10 05:05:22,520 - freqtrade.resolvers.strategy_resolver - INFO - Strategy using max_entry_position_adjustment: 1
2026-07-10 05:05:22,520 - freqtrade.resolvers.strategy_resolver - INFO - Strategy using max_open_trades: 3
2026-07-10 05:05:22,520 - freqtrade.configuration.config_validation - INFO - Validating configuration ...
2026-07-10 05:05:22,523 - freqtrade.resolvers.iresolver - INFO - Using resolved pairlist StaticPairList from '/freqtrade/freqtrade/plugins/pairlist/StaticPairList.py'...
2026-07-10 05:05:22,531 - freqtrade.optimize.backtesting - INFO - Using fee 0.0500% - worst case fee from exchange (lowest tier).
2026-07-10 05:05:22,532 - freqtrade.exchange.exchange - WARNING - Using 3 calls to get OHLCV. This can result in slower operations for the bot. Please check if you really need 1000 candles for your 
strategy.
2026-07-10 05:05:22,971 - freqtrade.optimize.backtesting - INFO - Loading data from 2025-05-07 08:00:00 up to 2026-06-18 00:00:00 (406 days).
2026-07-10 05:05:23,049 - freqtrade.data.history.datahandlers.idatahandler - WARNING - ETH/USDT:USDT, futures, 5m, data ends at 2026-06-17 23:55:00
2026-07-10 05:05:23,159 - freqtrade.data.history.datahandlers.idatahandler - WARNING - ZEC/USDT:USDT, futures, 5m, data ends at 2026-06-17 23:55:00
2026-07-10 05:05:23,286 - freqtrade.data.history.datahandlers.idatahandler - WARNING - BTC/USDT:USDT, futures, 5m, data ends at 2026-06-17 23:55:00
2026-07-10 05:05:23,370 - freqtrade.data.history.datahandlers.idatahandler - WARNING - ADA/USDT:USDT, futures, 5m, data ends at 2026-06-17 23:55:00
2026-07-10 05:05:23,496 - freqtrade.data.history.datahandlers.idatahandler - WARNING - BNB/USDT:USDT, futures, 5m, data ends at 2026-06-17 23:55:00
2026-07-10 05:05:23,596 - freqtrade.data.history.datahandlers.idatahandler - WARNING - SOL/USDT:USDT, futures, 5m, data ends at 2026-06-17 23:55:00
2026-07-10 05:05:23,722 - freqtrade.data.history.datahandlers.idatahandler - WARNING - DOGE/USDT:USDT, futures, 5m, data ends at 2026-06-17 23:55:00
2026-07-10 05:05:23,840 - freqtrade.data.history.datahandlers.idatahandler - WARNING - XRP/USDT:USDT, futures, 5m, data ends at 2026-06-17 23:55:00
2026-07-10 05:05:23,948 - freqtrade.data.history.datahandlers.idatahandler - WARNING - TAO/USDT:USDT, futures, 5m, data ends at 2026-06-17 23:55:00
2026-07-10 05:05:24,152 - freqtrade.data.history.datahandlers.idatahandler - WARNING - SUI/USDT:USDT, futures, 5m, data ends at 2026-06-17 23:55:00
2026-07-10 05:05:24,231 - freqtrade.data.history.datahandlers.idatahandler - WARNING - PAXG/USDT:USDT, futures, 5m, data ends at 2026-06-17 23:55:00
2026-07-10 05:05:24,362 - freqtrade.data.history.datahandlers.idatahandler - WARNING - NEAR/USDT:USDT, futures, 5m, data ends at 2026-06-17 23:55:00
2026-07-10 05:05:24,492 - freqtrade.data.history.datahandlers.idatahandler - WARNING - LINK/USDT:USDT, futures, 5m, data ends at 2026-06-17 23:55:00
2026-07-10 05:05:26,037 - freqtrade.optimize.backtesting - INFO - Dataload complete. Calculating indicators
2026-07-10 05:05:26,128 - freqtrade.optimize.backtesting - INFO - Running backtesting for Strategy DualTrendPyramidCloseFloor07V1Strategy
2026-07-10 05:05:26,131 - freqtrade.data.dataprovider - INFO - Loading data for ETH/USDT:USDT 1d from 2022-09-22 00:00:00 to 2026-06-18 00:00:00
2026-07-10 05:05:26,146 - freqtrade.data.history.datahandlers.idatahandler - WARNING - ETH/USDT:USDT, futures, 1d, data starts at 2022-10-01 00:00:00
2026-07-10 05:05:26,195 - freqtrade.data.dataprovider - INFO - Loading data for ETH/USDT:USDT 4h from 2025-01-02 08:00:00 to 2026-06-18 00:00:00
/freqtrade/user_data/strategies/DualTrendCompressionRestartShortV1Strategy.py:241: PerformanceWarning: DataFrame is highly fragmented.  This is usually the result of calling `frame.insert` many times, which has poor performance.  Consider joining all columns at once using pd.concat(axis=1) instead. To get a de-fragmented frame, use `newframe = frame.copy()`
  dataframe["near_low_zone"] = dataframe["compression_high"] <= dataframe["recent_low_24"] * self.low_zone_buffer
/freqtrade/user_data/strategies/DualTrendCompressionRestartShortV1Strategy.py:244: PerformanceWarning: DataFrame is highly fragmented.  This is usually the result of calling `frame.insert` many times, which has poor performance.  Consider joining all columns at once using pd.concat(axis=1) instead. To get a de-fragmented frame, use `newframe = frame.copy()`
  dataframe["body_pct_of_range"] = (dataframe["close"] - dataframe["open"]).abs() / candle_range.replace(0, np.nan)
/freqtrade/user_data/strategies/DualTrendCompressionRestartShortV1Strategy.py:245: PerformanceWarning: DataFrame is highly fragmented.  This is usually the result of calling `frame.insert` many times, which has poor performance.  Consider joining all columns at once using pd.concat(axis=1) instead. To get a de-fragmented frame, use `newframe = frame.copy()`
  dataframe["close_position"] = (dataframe["close"] - dataframe["low"]) / candle_range.replace(0, np.nan)
/freqtrade/user_data/strategies/DualTrendCompressionRestartShortV1Strategy.py:246: PerformanceWarning: DataFrame is highly fragmented.  This is usually the result of calling `frame.insert` many times, which has poor performance.  Consider joining all columns at once using pd.concat(axis=1) instead. To get a de-fragmented frame, use `newframe = frame.copy()`
  dataframe["candle_quality_short"] = (
/freqtrade/user_data/strategies/DualTrendCompressionRestartShortV1Strategy.py:252: PerformanceWarning: DataFrame is highly fragmented.  This is usually the result of calling `frame.insert` many times, which has poor performance.  Consider joining all columns at once using pd.concat(axis=1) instead. To get a de-fragmented frame, use `newframe = frame.copy()`
  dataframe["short_compression_stop"] = dataframe["compression_high"] + self.stop_atr_buffer * dataframe["atr_ref"]
/freqtrade/user_data/strategies/DualTrendCompressionRestartShortV1Strategy.py:253: PerformanceWarning: DataFrame is highly fragmented.  This is usually the result of calling `frame.insert` many times, which has poor performance.  Consider joining all columns at once using pd.concat(axis=1) instead. To get a de-fragmented frame, use `newframe = frame.copy()`
  dataframe["short_pullback_stop"] = dataframe["pullback_high_12"] + self.stop_atr_buffer * dataframe["atr_ref"]
2026-07-10 05:05:26,269 - freqtrade.data.dataprovider - INFO - Loading data for BTC/USDT:USDT 4h from 2025-01-02 08:00:00 to 2026-06-18 00:00:00
2026-07-10 05:05:27,078 - freqtrade.data.dataprovider - INFO - Loading data for ZEC/USDT:USDT 1d from 2022-09-22 00:00:00 to 2026-06-18 00:00:00
2026-07-10 05:05:27,090 - freqtrade.data.history.datahandlers.idatahandler - WARNING - ZEC/USDT:USDT, futures, 1d, data starts at 2022-10-01 00:00:00
2026-07-10 05:05:27,139 - freqtrade.data.dataprovider - INFO - Loading data for ZEC/USDT:USDT 4h from 2025-01-02 08:00:00 to 2026-06-18 00:00:00
/freqtrade/user_data/strategies/DualTrendCompressionRestartShortV1Strategy.py:241: PerformanceWarning: DataFrame is highly fragmented.  This is usually the result of calling `frame.insert` many times, which has poor performance.  Consider joining all columns at once using pd.concat(axis=1) instead. To get a de-fragmented frame, use `newframe = frame.copy()`
  dataframe["near_low_zone"] = dataframe["compression_high"] <= dataframe["recent_low_24"] * self.low_zone_buffer
/freqtrade/user_data/strategies/DualTrendCompressionRestartShortV1Strategy.py:244: PerformanceWarning: DataFrame is highly fragmented.  This is usually the result of calling `frame.insert` many times, which has poor performance.  Consider joining all columns at once using pd.concat(axis=1) instead. To get a de-fragmented frame, use `newframe = frame.copy()`
  dataframe["body_pct_of_range"] = (dataframe["close"] - dataframe["open"]).abs() / candle_range.replace(0, np.nan)
/freqtrade/user_data/strategies/DualTrendCompressionRestartShortV1Strategy.py:245: PerformanceWarning: DataFrame is highly fragmented.  This is usually the result of calling `frame.insert` many times, which has poor performance.  Consider joining all columns at once using pd.concat(axis=1) instead. To get a de-fragmented frame, use `newframe = frame.copy()`
  dataframe["close_position"] = (dataframe["close"] - dataframe["low"]) / candle_range.replace(0, np.nan)
/freqtrade/user_data/strategies/DualTrendCompressionRestartShortV1Strategy.py:246: PerformanceWarning: DataFrame is highly fragmented.  This is usually the result of calling `frame.insert` many times, which has poor performance.  Consider joining all columns at once using pd.concat(axis=1) instead. To get a de-fragmented frame, use `newframe = frame.copy()`
  dataframe["candle_quality_short"] = (
/freqtrade/user_data/strategies/DualTrendCompressionRestartShortV1Strategy.py:252: PerformanceWarning: DataFrame is highly fragmented.  This is usually the result of calling `frame.insert` many times, which has poor performance.  Consider joining all columns at once using pd.concat(axis=1) instead. To get a de-fragmented frame, use `newframe = frame.copy()`
  dataframe["short_compression_stop"] = dataframe["compression_high"] + self.stop_atr_buffer * dataframe["atr_ref"]
/freqtrade/user_data/strategies/DualTrendCompressionRestartShortV1Strategy.py:253: PerformanceWarning: DataFrame is highly fragmented.  This is usually the result of calling `frame.insert` many times, which has poor performance.  Consider joining all columns at once using pd.concat(axis=1) instead. To get a de-fragmented frame, use `newframe = frame.copy()`
  dataframe["short_pullback_stop"] = dataframe["pullback_high_12"] + self.stop_atr_buffer * dataframe["atr_ref"]
2026-07-10 05:05:27,943 - freqtrade.data.dataprovider - INFO - Loading data for BTC/USDT:USDT 1d from 2022-09-22 00:00:00 to 2026-06-18 00:00:00
2026-07-10 05:05:27,954 - freqtrade.data.history.datahandlers.idatahandler - WARNING - BTC/USDT:USDT, futures, 1d, data starts at 2022-10-01 00:00:00
/freqtrade/user_data/strategies/DualTrendCompressionRestartShortV1Strategy.py:241: PerformanceWarning: DataFrame is highly fragmented.  This is usually the result of calling `frame.insert` many times, which has poor performance.  Consider joining all columns at once using pd.concat(axis=1) instead. To get a de-fragmented frame, use `newframe = frame.copy()`
  dataframe["near_low_zone"] = dataframe["compression_high"] <= dataframe["recent_low_24"] * self.low_zone_buffer
/freqtrade/user_data/strategies/DualTrendCompressionRestartShortV1Strategy.py:244: PerformanceWarning: DataFrame is highly fragmented.  This is usually the result of calling `frame.insert` many times, which has poor performance.  Consider joining all columns at once using pd.concat(axis=1) instead. To get a de-fragmented frame, use `newframe = frame.copy()`
  dataframe["body_pct_of_range"] = (dataframe["close"] - dataframe["open"]).abs() / candle_range.replace(0, np.nan)
/freqtrade/user_data/strategies/DualTrendCompressionRestartShortV1Strategy.py:245: PerformanceWarning: DataFrame is highly fragmented.  This is usually the result of calling `frame.insert` many times, which has poor performance.  Consider joining all columns at once using pd.concat(axis=1) instead. To get a de-fragmented frame, use `newframe = frame.copy()`
  dataframe["close_position"] = (dataframe["close"] - dataframe["low"]) / candle_range.replace(0, np.nan)
/freqtrade/user_data/strategies/DualTrendCompressionRestartShortV1Strategy.py:246: PerformanceWarning: DataFrame is highly fragmented.  This is usually the result of calling `frame.insert` many times, which has poor performance.  Consider joining all columns at once using pd.concat(axis=1) instead. To get a de-fragmented frame, use `newframe = frame.copy()`
  dataframe["candle_quality_short"] = (
/freqtrade/user_data/strategies/DualTrendCompressionRestartShortV1Strategy.py:252: PerformanceWarning: DataFrame is highly fragmented.  This is usually the result of calling `frame.insert` many times, which has poor performance.  Consider joining all columns at once using pd.concat(axis=1) instead. To get a de-fragmented frame, use `newframe = frame.copy()`
  dataframe["short_compression_stop"] = dataframe["compression_high"] + self.stop_atr_buffer * dataframe["atr_ref"]
/freqtrade/user_data/strategies/DualTrendCompressionRestartShortV1Strategy.py:253: PerformanceWarning: DataFrame is highly fragmented.  This is usually the result of calling `frame.insert` many times, which has poor performance.  Consider joining all columns at once using pd.concat(axis=1) instead. To get a de-fragmented frame, use `newframe = frame.copy()`
  dataframe["short_pullback_stop"] = dataframe["pullback_high_12"] + self.stop_atr_buffer * dataframe["atr_ref"]
2026-07-10 05:05:28,810 - freqtrade.data.dataprovider - INFO - Loading data for ADA/USDT:USDT 1d from 2022-09-22 00:00:00 to 2026-06-18 00:00:00
2026-07-10 05:05:28,822 - freqtrade.data.history.datahandlers.idatahandler - WARNING - ADA/USDT:USDT, futures, 1d, data starts at 2022-10-01 00:00:00
2026-07-10 05:05:28,871 - freqtrade.data.dataprovider - INFO - Loading data for ADA/USDT:USDT 4h from 2025-01-02 08:00:00 to 2026-06-18 00:00:00
/freqtrade/user_data/strategies/DualTrendCompressionRestartShortV1Strategy.py:241: PerformanceWarning: DataFrame is highly fragmented.  This is usually the result of calling `frame.insert` many times, which has poor performance.  Consider joining all columns at once using pd.concat(axis=1) instead. To get a de-fragmented frame, use `newframe = frame.copy()`
  dataframe["near_low_zone"] = dataframe["compression_high"] <= dataframe["recent_low_24"] * self.low_zone_buffer
/freqtrade/user_data/strategies/DualTrendCompressionRestartShortV1Strategy.py:244: PerformanceWarning: DataFrame is highly fragmented.  This is usually the result of calling `frame.insert` many times, which has poor performance.  Consider joining all columns at once using pd.concat(axis=1) instead. To get a de-fragmented frame, use `newframe = frame.copy()`
  dataframe["body_pct_of_range"] = (dataframe["close"] - dataframe["open"]).abs() / candle_range.replace(0, np.nan)
/freqtrade/user_data/strategies/DualTrendCompressionRestartShortV1Strategy.py:245: PerformanceWarning: DataFrame is highly fragmented.  This is usually the result of calling `frame.insert` many times, which has poor performance.  Consider joining all columns at once using pd.concat(axis=1) instead. To get a de-fragmented frame, use `newframe = frame.copy()`
  dataframe["close_position"] = (dataframe["close"] - dataframe["low"]) / candle_range.replace(0, np.nan)
/freqtrade/user_data/strategies/DualTrendCompressionRestartShortV1Strategy.py:246: PerformanceWarning: DataFrame is highly fragmented.  This is usually the result of calling `frame.insert` many times, which has poor performance.  Consider joining all columns at once using pd.concat(axis=1) instead. To get a de-fragmented frame, use `newframe = frame.copy()`
  dataframe["candle_quality_short"] = (
/freqtrade/user_data/strategies/DualTrendCompressionRestartShortV1Strategy.py:252: PerformanceWarning: DataFrame is highly fragmented.  This is usually the result of calling `frame.insert` many times, which has poor performance.  Consider joining all columns at once using pd.concat(axis=1) instead. To get a de-fragmented frame, use `newframe = frame.copy()`
  dataframe["short_compression_stop"] = dataframe["compression_high"] + self.stop_atr_buffer * dataframe["atr_ref"]
/freqtrade/user_data/strategies/DualTrendCompressionRestartShortV1Strategy.py:253: PerformanceWarning: DataFrame is highly fragmented.  This is usually the result of calling `frame.insert` many times, which has poor performance.  Consider joining all columns at once using pd.concat(axis=1) instead. To get a de-fragmented frame, use `newframe = frame.copy()`
  dataframe["short_pullback_stop"] = dataframe["pullback_high_12"] + self.stop_atr_buffer * dataframe["atr_ref"]
2026-07-10 05:05:29,717 - freqtrade.data.dataprovider - INFO - Loading data for BNB/USDT:USDT 1d from 2022-09-22 00:00:00 to 2026-06-18 00:00:00
2026-07-10 05:05:29,739 - freqtrade.data.history.datahandlers.idatahandler - WARNING - BNB/USDT:USDT, futures, 1d, data starts at 2022-10-01 00:00:00
2026-07-10 05:05:29,786 - freqtrade.data.dataprovider - INFO - Loading data for BNB/USDT:USDT 4h from 2025-01-02 08:00:00 to 2026-06-18 00:00:00
/freqtrade/user_data/strategies/DualTrendCompressionRestartShortV1Strategy.py:241: PerformanceWarning: DataFrame is highly fragmented.  This is usually the result of calling `frame.insert` many times, which has poor performance.  Consider joining all columns at once using pd.concat(axis=1) instead. To get a de-fragmented frame, use `newframe = frame.copy()`
  dataframe["near_low_zone"] = dataframe["compression_high"] <= dataframe["recent_low_24"] * self.low_zone_buffer
/freqtrade/user_data/strategies/DualTrendCompressionRestartShortV1Strategy.py:244: PerformanceWarning: DataFrame is highly fragmented.  This is usually the result of calling `frame.insert` many times, which has poor performance.  Consider joining all columns at once using pd.concat(axis=1) instead. To get a de-fragmented frame, use `newframe = frame.copy()`
  dataframe["body_pct_of_range"] = (dataframe["close"] - dataframe["open"]).abs() / candle_range.replace(0, np.nan)
/freqtrade/user_data/strategies/DualTrendCompressionRestartShortV1Strategy.py:245: PerformanceWarning: DataFrame is highly fragmented.  This is usually the result of calling `frame.insert` many times, which has poor performance.  Consider joining all columns at once using pd.concat(axis=1) instead. To get a de-fragmented frame, use `newframe = frame.copy()`
  dataframe["close_position"] = (dataframe["close"] - dataframe["low"]) / candle_range.replace(0, np.nan)
/freqtrade/user_data/strategies/DualTrendCompressionRestartShortV1Strategy.py:246: PerformanceWarning: DataFrame is highly fragmented.  This is usually the result of calling `frame.insert` many times, which has poor performance.  Consider joining all columns at once using pd.concat(axis=1) instead. To get a de-fragmented frame, use `newframe = frame.copy()`
  dataframe["candle_quality_short"] = (
/freqtrade/user_data/strategies/DualTrendCompressionRestartShortV1Strategy.py:252: PerformanceWarning: DataFrame is highly fragmented.  This is usually the result of calling `frame.insert` many times, which has poor performance.  Consider joining all columns at once using pd.concat(axis=1) instead. To get a de-fragmented frame, use `newframe = frame.copy()`
  dataframe["short_compression_stop"] = dataframe["compression_high"] + self.stop_atr_buffer * dataframe["atr_ref"]
/freqtrade/user_data/strategies/DualTrendCompressionRestartShortV1Strategy.py:253: PerformanceWarning: DataFrame is highly fragmented.  This is usually the result of calling `frame.insert` many times, which has poor performance.  Consider joining all columns at once using pd.concat(axis=1) instead. To get a de-fragmented frame, use `newframe = frame.copy()`
  dataframe["short_pullback_stop"] = dataframe["pullback_high_12"] + self.stop_atr_buffer * dataframe["atr_ref"]
2026-07-10 05:05:30,612 - freqtrade.data.dataprovider - INFO - Loading data for SOL/USDT:USDT 1d from 2022-09-22 00:00:00 to 2026-06-18 00:00:00
2026-07-10 05:05:30,625 - freqtrade.data.history.datahandlers.idatahandler - WARNING - SOL/USDT:USDT, futures, 1d, data starts at 2022-10-01 00:00:00
2026-07-10 05:05:30,676 - freqtrade.data.dataprovider - INFO - Loading data for SOL/USDT:USDT 4h from 2025-01-02 08:00:00 to 2026-06-18 00:00:00
/freqtrade/user_data/strategies/DualTrendCompressionRestartShortV1Strategy.py:241: PerformanceWarning: DataFrame is highly fragmented.  This is usually the result of calling `frame.insert` many times, which has poor performance.  Consider joining all columns at once using pd.concat(axis=1) instead. To get a de-fragmented frame, use `newframe = frame.copy()`
  dataframe["near_low_zone"] = dataframe["compression_high"] <= dataframe["recent_low_24"] * self.low_zone_buffer
/freqtrade/user_data/strategies/DualTrendCompressionRestartShortV1Strategy.py:244: PerformanceWarning: DataFrame is highly fragmented.  This is usually the result of calling `frame.insert` many times, which has poor performance.  Consider joining all columns at once using pd.concat(axis=1) instead. To get a de-fragmented frame, use `newframe = frame.copy()`
  dataframe["body_pct_of_range"] = (dataframe["close"] - dataframe["open"]).abs() / candle_range.replace(0, np.nan)
/freqtrade/user_data/strategies/DualTrendCompressionRestartShortV1Strategy.py:245: PerformanceWarning: DataFrame is highly fragmented.  This is usually the result of calling `frame.insert` many times, which has poor performance.  Consider joining all columns at once using pd.concat(axis=1) instead. To get a de-fragmented frame, use `newframe = frame.copy()`
  dataframe["close_position"] = (dataframe["close"] - dataframe["low"]) / candle_range.replace(0, np.nan)
/freqtrade/user_data/strategies/DualTrendCompressionRestartShortV1Strategy.py:246: PerformanceWarning: DataFrame is highly fragmented.  This is usually the result of calling `frame.insert` many times, which has poor performance.  Consider joining all columns at once using pd.concat(axis=1) instead. To get a de-fragmented frame, use `newframe = frame.copy()`
  dataframe["candle_quality_short"] = (
/freqtrade/user_data/strategies/DualTrendCompressionRestartShortV1Strategy.py:252: PerformanceWarning: DataFrame is highly fragmented.  This is usually the result of calling `frame.insert` many times, which has poor performance.  Consider joining all columns at once using pd.concat(axis=1) instead. To get a de-fragmented frame, use `newframe = frame.copy()`
  dataframe["short_compression_stop"] = dataframe["compression_high"] + self.stop_atr_buffer * dataframe["atr_ref"]
/freqtrade/user_data/strategies/DualTrendCompressionRestartShortV1Strategy.py:253: PerformanceWarning: DataFrame is highly fragmented.  This is usually the result of calling `frame.insert` many times, which has poor performance.  Consider joining all columns at once using pd.concat(axis=1) instead. To get a de-fragmented frame, use `newframe = frame.copy()`
  dataframe["short_pullback_stop"] = dataframe["pullback_high_12"] + self.stop_atr_buffer * dataframe["atr_ref"]
2026-07-10 05:05:31,476 - freqtrade.data.dataprovider - INFO - Loading data for DOGE/USDT:USDT 1d from 2022-09-22 00:00:00 to 2026-06-18 00:00:00
2026-07-10 05:05:31,485 - freqtrade.data.history.datahandlers.idatahandler - WARNING - DOGE/USDT:USDT, futures, 1d, data starts at 2022-10-01 00:00:00
2026-07-10 05:05:31,538 - freqtrade.data.dataprovider - INFO - Loading data for DOGE/USDT:USDT 4h from 2025-01-02 08:00:00 to 2026-06-18 00:00:00
/freqtrade/user_data/strategies/DualTrendCompressionRestartShortV1Strategy.py:241: PerformanceWarning: DataFrame is highly fragmented.  This is usually the result of calling `frame.insert` many times, which has poor performance.  Consider joining all columns at once using pd.concat(axis=1) instead. To get a de-fragmented frame, use `newframe = frame.copy()`
  dataframe["near_low_zone"] = dataframe["compression_high"] <= dataframe["recent_low_24"] * self.low_zone_buffer
/freqtrade/user_data/strategies/DualTrendCompressionRestartShortV1Strategy.py:244: PerformanceWarning: DataFrame is highly fragmented.  This is usually the result of calling `frame.insert` many times, which has poor performance.  Consider joining all columns at once using pd.concat(axis=1) instead. To get a de-fragmented frame, use `newframe = frame.copy()`
  dataframe["body_pct_of_range"] = (dataframe["close"] - dataframe["open"]).abs() / candle_range.replace(0, np.nan)
/freqtrade/user_data/strategies/DualTrendCompressionRestartShortV1Strategy.py:245: PerformanceWarning: DataFrame is highly fragmented.  This is usually the result of calling `frame.insert` many times, which has poor performance.  Consider joining all columns at once using pd.concat(axis=1) instead. To get a de-fragmented frame, use `newframe = frame.copy()`
  dataframe["close_position"] = (dataframe["close"] - dataframe["low"]) / candle_range.replace(0, np.nan)
/freqtrade/user_data/strategies/DualTrendCompressionRestartShortV1Strategy.py:246: PerformanceWarning: DataFrame is highly fragmented.  This is usually the result of calling `frame.insert` many times, which has poor performance.  Consider joining all columns at once using pd.concat(axis=1) instead. To get a de-fragmented frame, use `newframe = frame.copy()`
  dataframe["candle_quality_short"] = (
/freqtrade/user_data/strategies/DualTrendCompressionRestartShortV1Strategy.py:252: PerformanceWarning: DataFrame is highly fragmented.  This is usually the result of calling `frame.insert` many times, which has poor performance.  Consider joining all columns at once using pd.concat(axis=1) instead. To get a de-fragmented frame, use `newframe = frame.copy()`
  dataframe["short_compression_stop"] = dataframe["compression_high"] + self.stop_atr_buffer * dataframe["atr_ref"]
/freqtrade/user_data/strategies/DualTrendCompressionRestartShortV1Strategy.py:253: PerformanceWarning: DataFrame is highly fragmented.  This is usually the result of calling `frame.insert` many times, which has poor performance.  Consider joining all columns at once using pd.concat(axis=1) instead. To get a de-fragmented frame, use `newframe = frame.copy()`
  dataframe["short_pullback_stop"] = dataframe["pullback_high_12"] + self.stop_atr_buffer * dataframe["atr_ref"]
2026-07-10 05:05:32,360 - freqtrade.data.dataprovider - INFO - Loading data for XRP/USDT:USDT 1d from 2022-09-22 00:00:00 to 2026-06-18 00:00:00
2026-07-10 05:05:32,370 - freqtrade.data.history.datahandlers.idatahandler - WARNING - XRP/USDT:USDT, futures, 1d, data starts at 2022-10-01 00:00:00
2026-07-10 05:05:32,421 - freqtrade.data.dataprovider - INFO - Loading data for XRP/USDT:USDT 4h from 2025-01-02 08:00:00 to 2026-06-18 00:00:00
/freqtrade/user_data/strategies/DualTrendCompressionRestartShortV1Strategy.py:241: PerformanceWarning: DataFrame is highly fragmented.  This is usually the result of calling `frame.insert` many times, which has poor performance.  Consider joining all columns at once using pd.concat(axis=1) instead. To get a de-fragmented frame, use `newframe = frame.copy()`
  dataframe["near_low_zone"] = dataframe["compression_high"] <= dataframe["recent_low_24"] * self.low_zone_buffer
/freqtrade/user_data/strategies/DualTrendCompressionRestartShortV1Strategy.py:244: PerformanceWarning: DataFrame is highly fragmented.  This is usually the result of calling `frame.insert` many times, which has poor performance.  Consider joining all columns at once using pd.concat(axis=1) instead. To get a de-fragmented frame, use `newframe = frame.copy()`
  dataframe["body_pct_of_range"] = (dataframe["close"] - dataframe["open"]).abs() / candle_range.replace(0, np.nan)
/freqtrade/user_data/strategies/DualTrendCompressionRestartShortV1Strategy.py:245: PerformanceWarning: DataFrame is highly fragmented.  This is usually the result of calling `frame.insert` many times, which has poor performance.  Consider joining all columns at once using pd.concat(axis=1) instead. To get a de-fragmented frame, use `newframe = frame.copy()`
  dataframe["close_position"] = (dataframe["close"] - dataframe["low"]) / candle_range.replace(0, np.nan)
/freqtrade/user_data/strategies/DualTrendCompressionRestartShortV1Strategy.py:246: PerformanceWarning: DataFrame is highly fragmented.  This is usually the result of calling `frame.insert` many times, which has poor performance.  Consider joining all columns at once using pd.concat(axis=1) instead. To get a de-fragmented frame, use `newframe = frame.copy()`
  dataframe["candle_quality_short"] = (
/freqtrade/user_data/strategies/DualTrendCompressionRestartShortV1Strategy.py:252: PerformanceWarning: DataFrame is highly fragmented.  This is usually the result of calling `frame.insert` many times, which has poor performance.  Consider joining all columns at once using pd.concat(axis=1) instead. To get a de-fragmented frame, use `newframe = frame.copy()`
  dataframe["short_compression_stop"] = dataframe["compression_high"] + self.stop_atr_buffer * dataframe["atr_ref"]
/freqtrade/user_data/strategies/DualTrendCompressionRestartShortV1Strategy.py:253: PerformanceWarning: DataFrame is highly fragmented.  This is usually the result of calling `frame.insert` many times, which has poor performance.  Consider joining all columns at once using pd.concat(axis=1) instead. To get a de-fragmented frame, use `newframe = frame.copy()`
  dataframe["short_pullback_stop"] = dataframe["pullback_high_12"] + self.stop_atr_buffer * dataframe["atr_ref"]
2026-07-10 05:05:33,248 - freqtrade.data.dataprovider - INFO - Loading data for TAO/USDT:USDT 1d from 2022-09-22 00:00:00 to 2026-06-18 00:00:00
2026-07-10 05:05:33,268 - freqtrade.data.history.datahandlers.idatahandler - WARNING - TAO/USDT:USDT, futures, 1d, data starts at 2024-04-11 00:00:00
2026-07-10 05:05:33,322 - freqtrade.data.dataprovider - INFO - Loading data for TAO/USDT:USDT 4h from 2025-01-02 08:00:00 to 2026-06-18 00:00:00
/freqtrade/user_data/strategies/DualTrendCompressionRestartShortV1Strategy.py:241: PerformanceWarning: DataFrame is highly fragmented.  This is usually the result of calling `frame.insert` many times, which has poor performance.  Consider joining all columns at once using pd.concat(axis=1) instead. To get a de-fragmented frame, use `newframe = frame.copy()`
  dataframe["near_low_zone"] = dataframe["compression_high"] <= dataframe["recent_low_24"] * self.low_zone_buffer
/freqtrade/user_data/strategies/DualTrendCompressionRestartShortV1Strategy.py:244: PerformanceWarning: DataFrame is highly fragmented.  This is usually the result of calling `frame.insert` many times, which has poor performance.  Consider joining all columns at once using pd.concat(axis=1) instead. To get a de-fragmented frame, use `newframe = frame.copy()`
  dataframe["body_pct_of_range"] = (dataframe["close"] - dataframe["open"]).abs() / candle_range.replace(0, np.nan)
/freqtrade/user_data/strategies/DualTrendCompressionRestartShortV1Strategy.py:245: PerformanceWarning: DataFrame is highly fragmented.  This is usually the result of calling `frame.insert` many times, which has poor performance.  Consider joining all columns at once using pd.concat(axis=1) instead. To get a de-fragmented frame, use `newframe = frame.copy()`
  dataframe["close_position"] = (dataframe["close"] - dataframe["low"]) / candle_range.replace(0, np.nan)
/freqtrade/user_data/strategies/DualTrendCompressionRestartShortV1Strategy.py:246: PerformanceWarning: DataFrame is highly fragmented.  This is usually the result of calling `frame.insert` many times, which has poor performance.  Consider joining all columns at once using pd.concat(axis=1) instead. To get a de-fragmented frame, use `newframe = frame.copy()`
  dataframe["candle_quality_short"] = (
/freqtrade/user_data/strategies/DualTrendCompressionRestartShortV1Strategy.py:252: PerformanceWarning: DataFrame is highly fragmented.  This is usually the result of calling `frame.insert` many times, which has poor performance.  Consider joining all columns at once using pd.concat(axis=1) instead. To get a de-fragmented frame, use `newframe = frame.copy()`
  dataframe["short_compression_stop"] = dataframe["compression_high"] + self.stop_atr_buffer * dataframe["atr_ref"]
/freqtrade/user_data/strategies/DualTrendCompressionRestartShortV1Strategy.py:253: PerformanceWarning: DataFrame is highly fragmented.  This is usually the result of calling `frame.insert` many times, which has poor performance.  Consider joining all columns at once using pd.concat(axis=1) instead. To get a de-fragmented frame, use `newframe = frame.copy()`
  dataframe["short_pullback_stop"] = dataframe["pullback_high_12"] + self.stop_atr_buffer * dataframe["atr_ref"]
2026-07-10 05:05:34,130 - freqtrade.data.dataprovider - INFO - Loading data for SUI/USDT:USDT 1d from 2022-09-22 00:00:00 to 2026-06-18 00:00:00
2026-07-10 05:05:34,151 - freqtrade.data.history.datahandlers.idatahandler - WARNING - SUI/USDT:USDT, futures, 1d, data starts at 2023-06-18 00:00:00
2026-07-10 05:05:34,200 - freqtrade.data.dataprovider - INFO - Loading data for SUI/USDT:USDT 4h from 2025-01-02 08:00:00 to 2026-06-18 00:00:00
/freqtrade/user_data/strategies/DualTrendCompressionRestartShortV1Strategy.py:241: PerformanceWarning: DataFrame is highly fragmented.  This is usually the result of calling `frame.insert` many times, which has poor performance.  Consider joining all columns at once using pd.concat(axis=1) instead. To get a de-fragmented frame, use `newframe = frame.copy()`
  dataframe["near_low_zone"] = dataframe["compression_high"] <= dataframe["recent_low_24"] * self.low_zone_buffer
/freqtrade/user_data/strategies/DualTrendCompressionRestartShortV1Strategy.py:244: PerformanceWarning: DataFrame is highly fragmented.  This is usually the result of calling `frame.insert` many times, which has poor performance.  Consider joining all columns at once using pd.concat(axis=1) instead. To get a de-fragmented frame, use `newframe = frame.copy()`
  dataframe["body_pct_of_range"] = (dataframe["close"] - dataframe["open"]).abs() / candle_range.replace(0, np.nan)
/freqtrade/user_data/strategies/DualTrendCompressionRestartShortV1Strategy.py:245: PerformanceWarning: DataFrame is highly fragmented.  This is usually the result of calling `frame.insert` many times, which has poor performance.  Consider joining all columns at once using pd.concat(axis=1) instead. To get a de-fragmented frame, use `newframe = frame.copy()`
  dataframe["close_position"] = (dataframe["close"] - dataframe["low"]) / candle_range.replace(0, np.nan)
/freqtrade/user_data/strategies/DualTrendCompressionRestartShortV1Strategy.py:246: PerformanceWarning: DataFrame is highly fragmented.  This is usually the result of calling `frame.insert` many times, which has poor performance.  Consider joining all columns at once using pd.concat(axis=1) instead. To get a de-fragmented frame, use `newframe = frame.copy()`
  dataframe["candle_quality_short"] = (
/freqtrade/user_data/strategies/DualTrendCompressionRestartShortV1Strategy.py:252: PerformanceWarning: DataFrame is highly fragmented.  This is usually the result of calling `frame.insert` many times, which has poor performance.  Consider joining all columns at once using pd.concat(axis=1) instead. To get a de-fragmented frame, use `newframe = frame.copy()`
  dataframe["short_compression_stop"] = dataframe["compression_high"] + self.stop_atr_buffer * dataframe["atr_ref"]
/freqtrade/user_data/strategies/DualTrendCompressionRestartShortV1Strategy.py:253: PerformanceWarning: DataFrame is highly fragmented.  This is usually the result of calling `frame.insert` many times, which has poor performance.  Consider joining all columns at once using pd.concat(axis=1) instead. To get a de-fragmented frame, use `newframe = frame.copy()`
  dataframe["short_pullback_stop"] = dataframe["pullback_high_12"] + self.stop_atr_buffer * dataframe["atr_ref"]
2026-07-10 05:05:35,018 - freqtrade.data.dataprovider - INFO - Loading data for PAXG/USDT:USDT 1d from 2022-09-22 00:00:00 to 2026-06-18 00:00:00
2026-07-10 05:05:35,031 - freqtrade.data.history.datahandlers.idatahandler - WARNING - PAXG/USDT:USDT, futures, 1d, data starts at 2025-03-27 00:00:00
2026-07-10 05:05:35,083 - freqtrade.data.dataprovider - INFO - Loading data for PAXG/USDT:USDT 4h from 2025-01-02 08:00:00 to 2026-06-18 00:00:00
2026-07-10 05:05:35,094 - freqtrade.data.history.datahandlers.idatahandler - WARNING - PAXG/USDT:USDT, futures, 4h, data starts at 2025-03-27 08:00:00
/freqtrade/user_data/strategies/DualTrendCompressionRestartShortV1Strategy.py:241: PerformanceWarning: DataFrame is highly fragmented.  This is usually the result of calling `frame.insert` many times, which has poor performance.  Consider joining all columns at once using pd.concat(axis=1) instead. To get a de-fragmented frame, use `newframe = frame.copy()`
  dataframe["near_low_zone"] = dataframe["compression_high"] <= dataframe["recent_low_24"] * self.low_zone_buffer
/freqtrade/user_data/strategies/DualTrendCompressionRestartShortV1Strategy.py:244: PerformanceWarning: DataFrame is highly fragmented.  This is usually the result of calling `frame.insert` many times, which has poor performance.  Consider joining all columns at once using pd.concat(axis=1) instead. To get a de-fragmented frame, use `newframe = frame.copy()`
  dataframe["body_pct_of_range"] = (dataframe["close"] - dataframe["open"]).abs() / candle_range.replace(0, np.nan)
/freqtrade/user_data/strategies/DualTrendCompressionRestartShortV1Strategy.py:245: PerformanceWarning: DataFrame is highly fragmented.  This is usually the result of calling `frame.insert` many times, which has poor performance.  Consider joining all columns at once using pd.concat(axis=1) instead. To get a de-fragmented frame, use `newframe = frame.copy()`
  dataframe["close_position"] = (dataframe["close"] - dataframe["low"]) / candle_range.replace(0, np.nan)
/freqtrade/user_data/strategies/DualTrendCompressionRestartShortV1Strategy.py:246: PerformanceWarning: DataFrame is highly fragmented.  This is usually the result of calling `frame.insert` many times, which has poor performance.  Consider joining all columns at once using pd.concat(axis=1) instead. To get a de-fragmented frame, use `newframe = frame.copy()`
  dataframe["candle_quality_short"] = (
/freqtrade/user_data/strategies/DualTrendCompressionRestartShortV1Strategy.py:252: PerformanceWarning: DataFrame is highly fragmented.  This is usually the result of calling `frame.insert` many times, which has poor performance.  Consider joining all columns at once using pd.concat(axis=1) instead. To get a de-fragmented frame, use `newframe = frame.copy()`
  dataframe["short_compression_stop"] = dataframe["compression_high"] + self.stop_atr_buffer * dataframe["atr_ref"]
/freqtrade/user_data/strategies/DualTrendCompressionRestartShortV1Strategy.py:253: PerformanceWarning: DataFrame is highly fragmented.  This is usually the result of calling `frame.insert` many times, which has poor performance.  Consider joining all columns at once using pd.concat(axis=1) instead. To get a de-fragmented frame, use `newframe = frame.copy()`
  dataframe["short_pullback_stop"] = dataframe["pullback_high_12"] + self.stop_atr_buffer * dataframe["atr_ref"]
2026-07-10 05:05:35,897 - freqtrade.data.dataprovider - INFO - Loading data for NEAR/USDT:USDT 1d from 2022-09-22 00:00:00 to 2026-06-18 00:00:00
2026-07-10 05:05:35,907 - freqtrade.data.history.datahandlers.idatahandler - WARNING - NEAR/USDT:USDT, futures, 1d, data starts at 2022-10-01 00:00:00
2026-07-10 05:05:35,958 - freqtrade.data.dataprovider - INFO - Loading data for NEAR/USDT:USDT 4h from 2025-01-02 08:00:00 to 2026-06-18 00:00:00
/freqtrade/user_data/strategies/DualTrendCompressionRestartShortV1Strategy.py:241: PerformanceWarning: DataFrame is highly fragmented.  This is usually the result of calling `frame.insert` many times, which has poor performance.  Consider joining all columns at once using pd.concat(axis=1) instead. To get a de-fragmented frame, use `newframe = frame.copy()`
  dataframe["near_low_zone"] = dataframe["compression_high"] <= dataframe["recent_low_24"] * self.low_zone_buffer
/freqtrade/user_data/strategies/DualTrendCompressionRestartShortV1Strategy.py:244: PerformanceWarning: DataFrame is highly fragmented.  This is usually the result of calling `frame.insert` many times, which has poor performance.  Consider joining all columns at once using pd.concat(axis=1) instead. To get a de-fragmented frame, use `newframe = frame.copy()`
  dataframe["body_pct_of_range"] = (dataframe["close"] - dataframe["open"]).abs() / candle_range.replace(0, np.nan)
/freqtrade/user_data/strategies/DualTrendCompressionRestartShortV1Strategy.py:245: PerformanceWarning: DataFrame is highly fragmented.  This is usually the result of calling `frame.insert` many times, which has poor performance.  Consider joining all columns at once using pd.concat(axis=1) instead. To get a de-fragmented frame, use `newframe = frame.copy()`
  dataframe["close_position"] = (dataframe["close"] - dataframe["low"]) / candle_range.replace(0, np.nan)
/freqtrade/user_data/strategies/DualTrendCompressionRestartShortV1Strategy.py:246: PerformanceWarning: DataFrame is highly fragmented.  This is usually the result of calling `frame.insert` many times, which has poor performance.  Consider joining all columns at once using pd.concat(axis=1) instead. To get a de-fragmented frame, use `newframe = frame.copy()`
  dataframe["candle_quality_short"] = (
/freqtrade/user_data/strategies/DualTrendCompressionRestartShortV1Strategy.py:252: PerformanceWarning: DataFrame is highly fragmented.  This is usually the result of calling `frame.insert` many times, which has poor performance.  Consider joining all columns at once using pd.concat(axis=1) instead. To get a de-fragmented frame, use `newframe = frame.copy()`
  dataframe["short_compression_stop"] = dataframe["compression_high"] + self.stop_atr_buffer * dataframe["atr_ref"]
/freqtrade/user_data/strategies/DualTrendCompressionRestartShortV1Strategy.py:253: PerformanceWarning: DataFrame is highly fragmented.  This is usually the result of calling `frame.insert` many times, which has poor performance.  Consider joining all columns at once using pd.concat(axis=1) instead. To get a de-fragmented frame, use `newframe = frame.copy()`
  dataframe["short_pullback_stop"] = dataframe["pullback_high_12"] + self.stop_atr_buffer * dataframe["atr_ref"]
2026-07-10 05:05:36,763 - freqtrade.data.dataprovider - INFO - Loading data for LINK/USDT:USDT 1d from 2022-09-22 00:00:00 to 2026-06-18 00:00:00
2026-07-10 05:05:36,819 - freqtrade.data.history.datahandlers.idatahandler - WARNING - LINK/USDT:USDT, futures, 1d, data starts at 2022-10-01 00:00:00
2026-07-10 05:05:36,869 - freqtrade.data.dataprovider - INFO - Loading data for LINK/USDT:USDT 4h from 2025-01-02 08:00:00 to 2026-06-18 00:00:00
/freqtrade/user_data/strategies/DualTrendCompressionRestartShortV1Strategy.py:241: PerformanceWarning: DataFrame is highly fragmented.  This is usually the result of calling `frame.insert` many times, which has poor performance.  Consider joining all columns at once using pd.concat(axis=1) instead. To get a de-fragmented frame, use `newframe = frame.copy()`
  dataframe["near_low_zone"] = dataframe["compression_high"] <= dataframe["recent_low_24"] * self.low_zone_buffer
/freqtrade/user_data/strategies/DualTrendCompressionRestartShortV1Strategy.py:244: PerformanceWarning: DataFrame is highly fragmented.  This is usually the result of calling `frame.insert` many times, which has poor performance.  Consider joining all columns at once using pd.concat(axis=1) instead. To get a de-fragmented frame, use `newframe = frame.copy()`
  dataframe["body_pct_of_range"] = (dataframe["close"] - dataframe["open"]).abs() / candle_range.replace(0, np.nan)
/freqtrade/user_data/strategies/DualTrendCompressionRestartShortV1Strategy.py:245: PerformanceWarning: DataFrame is highly fragmented.  This is usually the result of calling `frame.insert` many times, which has poor performance.  Consider joining all columns at once using pd.concat(axis=1) instead. To get a de-fragmented frame, use `newframe = frame.copy()`
  dataframe["close_position"] = (dataframe["close"] - dataframe["low"]) / candle_range.replace(0, np.nan)
/freqtrade/user_data/strategies/DualTrendCompressionRestartShortV1Strategy.py:246: PerformanceWarning: DataFrame is highly fragmented.  This is usually the result of calling `frame.insert` many times, which has poor performance.  Consider joining all columns at once using pd.concat(axis=1) instead. To get a de-fragmented frame, use `newframe = frame.copy()`
  dataframe["candle_quality_short"] = (
/freqtrade/user_data/strategies/DualTrendCompressionRestartShortV1Strategy.py:252: PerformanceWarning: DataFrame is highly fragmented.  This is usually the result of calling `frame.insert` many times, which has poor performance.  Consider joining all columns at once using pd.concat(axis=1) instead. To get a de-fragmented frame, use `newframe = frame.copy()`
  dataframe["short_compression_stop"] = dataframe["compression_high"] + self.stop_atr_buffer * dataframe["atr_ref"]
/freqtrade/user_data/strategies/DualTrendCompressionRestartShortV1Strategy.py:253: PerformanceWarning: DataFrame is highly fragmented.  This is usually the result of calling `frame.insert` many times, which has poor performance.  Consider joining all columns at once using pd.concat(axis=1) instead. To get a de-fragmented frame, use `newframe = frame.copy()`
  dataframe["short_pullback_stop"] = dataframe["pullback_high_12"] + self.stop_atr_buffer * dataframe["atr_ref"]
2026-07-10 05:05:37,712 - freqtrade.optimize.backtesting - INFO - Backtesting with data from 2025-06-18 00:00:00 up to 2026-06-18 00:00:00 (365 days).
2026-07-10 05:05:37,714 - freqtrade.resolvers.iresolver - INFO - Using resolved protection CooldownPeriod from '/freqtrade/freqtrade/plugins/protections/cooldown_period.py'...
2026-07-10 05:05:37,715 - freqtrade.resolvers.iresolver - INFO - Using resolved protection StoplossGuard from '/freqtrade/freqtrade/plugins/protections/stoploss_guard.py'...
2026-07-10 05:05:37,717 - freqtrade.resolvers.iresolver - INFO - Using resolved protection MaxDrawdown from '/freqtrade/freqtrade/plugins/protections/max_drawdown_protection.py'...
2026-07-10 05:07:50,626 - freqtrade.misc - INFO - dumping json to "/freqtrade/user_data/analysis/pyramid_risk_budget_2026-07-10/backtest-result-2026-07-10_05-07-50.meta.json"
Result for strategy DualTrendPyramidCloseFloor07V1Strategy
                                                   BACKTESTING REPORT                                                   
┏━━━━━━━━━━━━━━━━┳━━━━━━━━┳━━━━━━━━━━━━━━┳━━━━━━━━━━━━━━━━━┳━━━━━━━━━━━━━━┳━━━━━━━━━━━━━━━━━━━┳━━━━━━━━━━━━━━━━━━━━━━━━┓
┃           Pair ┃ Trades ┃ Avg Profit % ┃ Tot Profit USDT ┃ Tot Profit % ┃      Avg Duration ┃  Win  Draw  Loss  Win% ┃
┡━━━━━━━━━━━━━━━━╇━━━━━━━━╇━━━━━━━━━━━━━━╇━━━━━━━━━━━━━━━━━╇━━━━━━━━━━━━━━╇━━━━━━━━━━━━━━━━━━━╇━━━━━━━━━━━━━━━━━━━━━━━━┩
│  XRP/USDT:USDT │     19 │         2.05 │         170.901 │        17.09 │   1 day, 11:21:00 │    9     0    10  47.4 │
│  BNB/USDT:USDT │     12 │         2.47 │         107.817 │        10.78 │    1 day, 5:22:00 │    8     0     4  66.7 │
│  ETH/USDT:USDT │     13 │         2.32 │          99.615 │         9.96 │    1 day, 3:20:00 │    8     0     5  61.5 │
│  TAO/USDT:USDT │      9 │         2.45 │          69.276 │         6.93 │          23:59:00 │    6     0     3  66.7 │
│ PAXG/USDT:USDT │      4 │         3.51 │          61.175 │         6.12 │ 13 days, 16:19:00 │    2     0     2  50.0 │
│  ADA/USDT:USDT │     12 │         1.09 │          49.497 │         4.95 │    1 day, 8:07:00 │    8     0     4  66.7 │
│  BTC/USDT:USDT │     12 │         1.02 │          44.473 │         4.45 │   1 day, 14:55:00 │    7     0     5  58.3 │
│ LINK/USDT:USDT │      5 │         1.77 │          18.635 │         1.86 │          16:12:00 │    2     0     3  40.0 │
│ DOGE/USDT:USDT │      7 │         1.12 │          16.342 │         1.63 │          17:11:00 │    6     0     1  85.7 │
│  ZEC/USDT:USDT │      2 │         2.79 │          14.367 │         1.44 │          21:25:00 │    1     0     1  50.0 │
│ NEAR/USDT:USDT │     11 │         0.43 │          13.424 │         1.34 │          14:22:00 │    6     0     5  54.5 │
│  SOL/USDT:USDT │     10 │         0.18 │           9.592 │         0.96 │          16:20:00 │    2     0     8  20.0 │
│  SUI/USDT:USDT │      7 │        -0.09 │           0.495 │         0.05 │          11:34:00 │    4     0     3  57.1 │
│          TOTAL │    123 │         1.53 │         675.610 │        67.56 │   1 day, 11:50:00 │   69     0    54  56.1 │
└────────────────┴────────┴──────────────┴─────────────────┴──────────────┴───────────────────┴────────────────────────┘
                                         LEFT OPEN TRADES REPORT                                          
┏━━━━━━━┳━━━━━━━━┳━━━━━━━━━━━━━━┳━━━━━━━━━━━━━━━━━┳━━━━━━━━━━━━━━┳━━━━━━━━━━━━━━┳━━━━━━━━━━━━━━━━━━━━━━━━┓
┃  Pair ┃ Trades ┃ Avg Profit % ┃ Tot Profit USDT ┃ Tot Profit % ┃ Avg Duration ┃  Win  Draw  Loss  Win% ┃
┡━━━━━━━╇━━━━━━━━╇━━━━━━━━━━━━━━╇━━━━━━━━━━━━━━━━━╇━━━━━━━━━━━━━━╇━━━━━━━━━━━━━━╇━━━━━━━━━━━━━━━━━━━━━━━━┩
│ TOTAL │      0 │          0.0 │           0.000 │          0.0 │         0:00 │    0     0     0     0 │
└───────┴────────┴──────────────┴─────────────────┴──────────────┴──────────────┴────────────────────────┘
                                                          ENTER TAG STATS                                                           
┏━━━━━━━━━━━━━━━━━━━━━━━━━━━━━┳━━━━━━━━━┳━━━━━━━━━━━━━━┳━━━━━━━━━━━━━━━━━┳━━━━━━━━━━━━━━┳━━━━━━━━━━━━━━━━━┳━━━━━━━━━━━━━━━━━━━━━━━━┓
┃                   Enter Tag ┃ Entries ┃ Avg Profit % ┃ Tot Profit USDT ┃ Tot Profit % ┃    Avg Duration ┃  Win  Draw  Loss  Win% ┃
┡━━━━━━━━━━━━━━━━━━━━━━━━━━━━━╇━━━━━━━━━╇━━━━━━━━━━━━━━╇━━━━━━━━━━━━━━━━━╇━━━━━━━━━━━━━━╇━━━━━━━━━━━━━━━━━╇━━━━━━━━━━━━━━━━━━━━━━━━┩
│      short_pullback_restart │      84 │         1.42 │         401.019 │         40.1 │        22:41:00 │   54     0    30  64.3 │
│  long_1d_center_compression │      14 │         3.56 │         185.043 │         18.5 │ 5 days, 8:53:00 │    6     0     8  42.9 │
│ short_compression_breakdown │      25 │         0.77 │          89.548 │         8.95 │  1 day, 3:55:00 │    9     0    16  36.0 │
│                       TOTAL │     123 │         1.53 │         675.610 │        67.56 │ 1 day, 11:50:00 │   69     0    54  56.1 │
└─────────────────────────────┴─────────┴──────────────┴─────────────────┴──────────────┴─────────────────┴────────────────────────┘
                                                    EXIT REASON STATS                                                     
┏━━━━━━━━━━━━━━━━━━━━┳━━━━━━━┳━━━━━━━━━━━━━━┳━━━━━━━━━━━━━━━━━┳━━━━━━━━━━━━━━┳━━━━━━━━━━━━━━━━━━┳━━━━━━━━━━━━━━━━━━━━━━━━┓
┃        Exit Reason ┃ Exits ┃ Avg Profit % ┃ Tot Profit USDT ┃ Tot Profit % ┃     Avg Duration ┃  Win  Draw  Loss  Win% ┃
┡━━━━━━━━━━━━━━━━━━━━╇━━━━━━━╇━━━━━━━━━━━━━━╇━━━━━━━━━━━━━━━━━╇━━━━━━━━━━━━━━╇━━━━━━━━━━━━━━━━━━╇━━━━━━━━━━━━━━━━━━━━━━━━┩
│                roi │    16 │         10.0 │         520.447 │        52.04 │ 2 days, 14:42:00 │   16     0     0   100 │
│       partial_exit │    22 │          5.2 │         418.353 │        41.84 │   1 day, 6:23:00 │   22     0     0   100 │
│ swing_exit_long_1d │     1 │          4.3 │          18.408 │         1.84 │ 17 days, 9:00:00 │    1     0     0   100 │
│     stale_loss_72h │     2 │        -2.22 │          -8.012 │         -0.8 │  3 days, 0:05:00 │    0     0     2     0 │
│ trailing_stop_loss │    61 │        -0.39 │         -85.118 │        -8.51 │   1 day, 8:11:00 │   30     0    31  49.2 │
│          stop_loss │    21 │        -2.96 │        -188.469 │       -18.85 │         10:03:00 │    0     0    21     0 │
│              TOTAL │   123 │         1.53 │         675.610 │        67.56 │  1 day, 11:50:00 │   69     0    54  56.1 │
└────────────────────┴───────┴──────────────┴─────────────────┴──────────────┴──────────────────┴────────────────────────┘
                                                                     MIXED TAG STATS                                                                     
┏━━━━━━━━━━━━━━━━━━━━━━━━━━━━━┳━━━━━━━━━━━━━━━━━━━━┳━━━━━━━━┳━━━━━━━━━━━━━━┳━━━━━━━━━━━━━━━━━┳━━━━━━━━━━━━━━┳━━━━━━━━━━━━━━━━━━┳━━━━━━━━━━━━━━━━━━━━━━━━┓
┃                   Enter Tag ┃        Exit Reason ┃ Trades ┃ Avg Profit % ┃ Tot Profit USDT ┃ Tot Profit % ┃     Avg Duration ┃  Win  Draw  Loss  Win% ┃
┡━━━━━━━━━━━━━━━━━━━━━━━━━━━━━╇━━━━━━━━━━━━━━━━━━━━╇━━━━━━━━╇━━━━━━━━━━━━━━╇━━━━━━━━━━━━━━━━━╇━━━━━━━━━━━━━━╇━━━━━━━━━━━━━━━━━━╇━━━━━━━━━━━━━━━━━━━━━━━━┩
│      short_pullback_restart │       partial_exit │     22 │          5.2 │         418.353 │        41.84 │   1 day, 6:23:00 │   22     0     0   100 │
│  long_1d_center_compression │                roi │      5 │         10.0 │         186.940 │        18.69 │ 5 days, 21:43:00 │    5     0     0   100 │
│ short_compression_breakdown │                roi │      5 │         10.0 │         169.124 │        16.91 │  1 day, 14:11:00 │    5     0     0   100 │
│      short_pullback_restart │                roi │      6 │         10.0 │         164.383 │        16.44 │         17:16:00 │    6     0     0   100 │
│  long_1d_center_compression │ swing_exit_long_1d │      1 │          4.3 │          18.408 │         1.84 │ 17 days, 9:00:00 │    1     0     0   100 │
│  long_1d_center_compression │ trailing_stop_loss │      6 │        -0.05 │          -1.173 │        -0.12 │ 4 days, 11:14:00 │    0     0     6     0 │
│ short_compression_breakdown │     stale_loss_72h │      2 │        -2.22 │          -8.012 │         -0.8 │  3 days, 0:05:00 │    0     0     2     0 │
│ short_compression_breakdown │ trailing_stop_loss │     12 │        -0.47 │         -16.944 │        -1.69 │   1 day, 0:07:00 │    4     0     8  33.3 │
│  long_1d_center_compression │          stop_loss │      2 │         -2.1 │         -19.132 │        -1.91 │         17:40:00 │    0     0     2     0 │
│ short_compression_breakdown │          stop_loss │      6 │        -3.43 │         -54.620 │        -5.46 │         12:15:00 │    0     0     6     0 │
│      short_pullback_restart │ trailing_stop_loss │     43 │        -0.41 │         -67.001 │         -6.7 │         23:58:00 │   26     0    17  60.5 │
│      short_pullback_restart │          stop_loss │     13 │        -2.87 │        -114.717 │       -11.47 │          7:52:00 │    0     0    13     0 │
│                       TOTAL │                    │    123 │         1.53 │         675.610 │        67.56 │  1 day, 11:50:00 │   69     0    54  56.1 │
└─────────────────────────────┴────────────────────┴────────┴──────────────┴─────────────────┴──────────────┴──────────────────┴────────────────────────┘
                                   SUMMARY METRICS                                    
┏━━━━━━━━━━━━━━━━━━━━━━━━━━━━━━━━━━━━━━━━┳━━━━━━━━━━━━━━━━━━━━━━━━━━━━━━━━━━━━━━━━━━━┓
┃ Metric                                 ┃ Value                                     ┃
┡━━━━━━━━━━━━━━━━━━━━━━━━━━━━━━━━━━━━━━━━╇━━━━━━━━━━━━━━━━━━━━━━━━━━━━━━━━━━━━━━━━━━━┩
│ Backtesting from                       │ 2025-06-18 00:00:00                       │
│ Backtesting to                         │ 2026-06-18 00:00:00                       │
│ Trading Mode                           │ Isolated Futures                          │
│ Max open trades                        │ 3                                         │
│                                        │                                           │
│ Total/Daily Avg Trades                 │ 123 / 0.34                                │
│ Starting balance                       │ 1000 USDT                                 │
│ Final balance                          │ 1675.61 USDT                              │
│ Absolute profit                        │ 675.61 USDT                               │
│ Total profit %                         │ 67.56%                                    │
│ CAGR %                                 │ 67.56%                                    │
│ Sharpe (closed trades)                 │ 2.44                                      │
│ Sortino (closed trades)                │ 7.55                                      │
│ Calmar (closed trades)                 │ 74.43                                     │
│ SQN                                    │ 4.18                                      │
│ Profit factor                          │ 3.38                                      │
│ Expectancy (Ratio)                     │ 5.49 (1.04)                               │
│ Avg. daily profit                      │ 1.851 USDT                                │
│ Avg. stake amount                      │ 329.8 USDT                                │
│ Market change                          │ 50.07%                                    │
│ Total trade volume                     │ 82123.443 USDT                            │
│                                        │                                           │
│ Long / Short trades                    │ 14 / 109                                  │
│ Long / Short profit %                  │ 18.50% / 49.06%                           │
│ Long / Short profit USDT               │ 185.043 / 490.567                         │
│                                        │                                           │
│ Best Pair                              │ XRP/USDT:USDT 17.09%                      │
│ Worst Pair                             │ SUI/USDT:USDT 0.05%                       │
│ Best trade                             │ NEAR/USDT:USDT 10.02%                     │
│ Worst trade                            │ SUI/USDT:USDT -4.70%                      │
│ Best day                               │ 96.605 USDT                               │
│ Worst day                              │ -25.553 USDT                              │
│ Days win/draw/lose                     │ 41 / 281 / 36                             │
│ Min/Max/Avg. Duration Winners          │ 0d 01:25 / 17d 09:00 / 1d 15:39           │
│ Min/Max/Avg. Duration Losers           │ 0d 00:45 / 17d 21:15 / 1d 06:57           │
│ Max Consecutive Wins / Loss            │ 7 / 5                                     │
│ Rejected Entry signals                 │ 567                                       │
│ Entry/Exit Timeouts                    │ 0 / 0                                     │
│                                        │                                           │
│ Min/Max balance (closed trades)        │ 992.347 USDT / 1700.775 USDT              │
│ Max % of account underwater            │ 4.75%                                     │
│ Absolute drawdown                      │ 53.435 USDT (4.75%)                       │
│ Drawdown duration                      │ 45 days 16:25:00                          │
│ Profit at drawdown start               │ 124.668 USDT                              │
│ Profit at drawdown end                 │ 71.233 USDT                               │
│ Drawdown start                         │ 2025-08-09 22:20:00                       │
│ Drawdown end                           │ 2025-09-24 14:45:00                       │
│                                        │                                           │
│ Wallet based Metrics                   │                                           │
│ Min/Max balance (wallet balance)       │ 992.347 USDT / 1700.775 USDT              │
│ Min/Max balance dates (wallet balance) │ 2025-06-19 23:00:00 / 2026-06-06 05:00:00 │
│ Max % of account underwater (balance)  │ 4.75%                                     │
│ Absolute drawdown (wallet balance)     │ 53.435 USDT (4.75%)                       │
│ Drawdown duration                      │ 45 days 16:00:00                          │
│ Profit at drawdown start               │ 124.668 USDT                              │
│ Profit at drawdown end                 │ 71.233 USDT                               │
│ Drawdown start                         │ 2025-08-09 23:00:00                       │
│ Drawdown end                           │ 2025-09-24 15:00:00                       │
│ Sharpe (daily wallet balance)          │ 3.17                                      │
│ Sortino (daily wallet balance)         │ 6.02                                      │
│ Calmar (daily wallet balance)          │ 74.63                                     │
└────────────────────────────────────────┴───────────────────────────────────────────┘

Backtested 2025-06-18 00:00:00 -> 2026-06-18 00:00:00 | Max open trades : 3
                                                                         STRATEGY SUMMARY                                                                          
┏━━━━━━━━━━━━━━━━━━━━━━━━━━━━━━━━━━━━━━━━┳━━━━━━━━┳━━━━━━━━━━━━━━┳━━━━━━━━━━━━━━━━━┳━━━━━━━━━━━━━━┳━━━━━━━━━━━━━━━━━┳━━━━━━━━━━━━━━━━━━━━━━━━┳━━━━━━━━━━━━━━━━━━━━┓
┃                               Strategy ┃ Trades ┃ Avg Profit % ┃ Tot Profit USDT ┃ Tot Profit % ┃    Avg Duration ┃  Win  Draw  Loss  Win% ┃           Drawdown ┃
┡━━━━━━━━━━━━━━━━━━━━━━━━━━━━━━━━━━━━━━━━╇━━━━━━━━╇━━━━━━━━━━━━━━╇━━━━━━━━━━━━━━━━━╇━━━━━━━━━━━━━━╇━━━━━━━━━━━━━━━━━╇━━━━━━━━━━━━━━━━━━━━━━━━╇━━━━━━━━━━━━━━━━━━━━┩
│ DualTrendPyramidCloseFloor07V1Strategy │    123 │         1.53 │         675.610 │        67.56 │ 1 day, 11:50:00 │   69     0    54  56.1 │ 53.435 USDT  4.75% │
└────────────────────────────────────────┴────────┴──────────────┴─────────────────┴──────────────┴─────────────────┴────────────────────────┴────────────────────┘
