time="2026-06-12T17:58:15+08:00" level=warning msg="Found orphan containers ([nfi-top9-exbtc-10000u-max4-dryrun]) for this project. If you removed or renamed this service in your compose file, you can run this command with the --remove-orphans flag to clean it up."
 Container ft_userdata-freqtrade-run-35b2b2b47ec2 Creating 
 Container ft_userdata-freqtrade-run-35b2b2b47ec2 Created 
2026-06-12 09:58:16,412 - freqtrade - INFO - freqtrade 2026.4
2026-06-12 09:58:16,663 - numexpr.utils - INFO - NumExpr defaulting to 16 threads.
2026-06-12 09:58:17,809 - freqtrade.configuration.load_config - INFO - Using config: /freqtrade/user_data/strategies/research/dual_trend_robustness_runs/20260612_165506/configs/base.json ...
2026-06-12 09:58:17,819 - freqtrade.loggers - INFO - Enabling colorized output.
2026-06-12 09:58:17,819 - freqtrade.loggers - INFO - Logfile configured
2026-06-12 09:58:17,819 - freqtrade.loggers - INFO - Verbosity set to 0
2026-06-12 09:58:17,820 - freqtrade.configuration.configuration - INFO - Using additional Strategy lookup path: /freqtrade/user_data/strategies
2026-06-12 09:58:17,820 - freqtrade.configuration.configuration - INFO - Parameter --max-open-trades detected, overriding max_open_trades to: 3 ...
2026-06-12 09:58:17,820 - freqtrade.configuration.configuration - INFO - Parameter --timerange detected: 20250101-20260507 ...
2026-06-12 09:58:29,896 - freqtrade.configuration.configuration - INFO - Using user-data directory: /freqtrade/user_data ...
2026-06-12 09:58:29,899 - freqtrade.configuration.configuration - INFO - Using data directory: /freqtrade/user_data/data/binance ...
2026-06-12 09:58:29,900 - freqtrade.configuration.configuration - INFO - Using /freqtrade/user_data/strategies/research/dual_trend_robustness_runs/20260612_165506/results/risk_recent_0.01_0.25_3 as 
backtest directory ...
2026-06-12 09:58:29,900 - freqtrade.configuration.configuration - INFO - Recursively searching for a strategy in the strategies folder.
2026-06-12 09:58:29,900 - freqtrade.configuration.configuration - INFO - Parameter --export detected: trades ...
2026-06-12 09:58:29,901 - freqtrade.configuration.configuration - INFO - Parameter --breakdown detected ...
2026-06-12 09:58:29,901 - freqtrade.configuration.configuration - INFO - Parameter --cache=none detected ...
2026-06-12 09:58:29,901 - freqtrade.configuration.configuration - INFO - Filter trades by timerange: 20250101-20260507
2026-06-12 09:58:29,902 - freqtrade.exchange.check_exchange - INFO - Checking exchange...
2026-06-12 09:58:29,907 - freqtrade.exchange.check_exchange - INFO - Exchange "binance" is officially supported by the Freqtrade development team.
2026-06-12 09:58:29,908 - freqtrade.configuration.configuration - INFO - Using pairlist from configuration.
2026-06-12 09:58:29,908 - freqtrade.configuration.config_validation - INFO - Validating configuration ...
2026-06-12 09:58:29,909 - freqtrade.commands.optimize_commands - INFO - Starting freqtrade in Backtesting mode
2026-06-12 09:58:29,910 - freqtrade.exchange.exchange - INFO - Instance is running with dry_run enabled
2026-06-12 09:58:29,910 - freqtrade.exchange.exchange - INFO - Using CCXT 4.5.50
2026-06-12 09:58:29,910 - freqtrade.exchange.exchange - INFO - Applying additional ccxt config: {'options': {'defaultType': 'swap', 'adjustForTimeDifference': True, 'recvWindow': 60000, 
'fetchCurrencies': False, 'fetchMarkets': ['linear']}, 'enableRateLimit': True, 'timeout': 60000}
2026-06-12 09:58:29,915 - freqtrade.exchange.exchange - INFO - Applying additional ccxt config: {'options': {'defaultType': 'swap', 'adjustForTimeDifference': True, 'recvWindow': 60000, 
'fetchCurrencies': False, 'fetchMarkets': ['linear']}, 'enableRateLimit': True, 'timeout': 60000}
2026-06-12 09:58:29,920 - freqtrade.exchange.exchange - INFO - Using Exchange "Binance"
2026-06-12 09:58:31,311 - freqtrade.resolvers.exchange_resolver - INFO - Using resolved exchange 'Binance'...
2026-06-12 09:58:32,993 - freqtrade.resolvers.iresolver - INFO - Using resolved strategy DualTrendRobustRisk0p01Cap0p25Strategy from 
'/freqtrade/user_data/strategies/DualTrendRobustnessTempStrategies.py'...
2026-06-12 09:58:32,995 - freqtrade.strategy.hyper - INFO - Found no parameter file.
2026-06-12 09:58:32,996 - freqtrade.resolvers.strategy_resolver - INFO - Override strategy 'stake_currency' with value from the configuration: USDT.
2026-06-12 09:58:32,996 - freqtrade.resolvers.strategy_resolver - INFO - Override strategy 'stake_amount' with value from the configuration: unlimited.
2026-06-12 09:58:32,996 - freqtrade.resolvers.strategy_resolver - INFO - Override strategy 'unfilledtimeout' with value from the configuration: {'entry': 10, 'exit': 10, 'exit_timeout_count': 0, 
'unit': 'minutes'}.
2026-06-12 09:58:32,996 - freqtrade.resolvers.strategy_resolver - INFO - Override strategy 'max_open_trades' with value from the configuration: 3.
2026-06-12 09:58:32,996 - freqtrade.resolvers.strategy_resolver - INFO - Strategy using minimal_roi: {'0': 0.1}
2026-06-12 09:58:32,997 - freqtrade.resolvers.strategy_resolver - INFO - Strategy using timeframe: 1h
2026-06-12 09:58:32,997 - freqtrade.resolvers.strategy_resolver - INFO - Strategy using stoploss: -0.06
2026-06-12 09:58:32,997 - freqtrade.resolvers.strategy_resolver - INFO - Strategy using trailing_stop: False
2026-06-12 09:58:32,997 - freqtrade.resolvers.strategy_resolver - INFO - Strategy using trailing_stop_positive_offset: 0.0
2026-06-12 09:58:32,997 - freqtrade.resolvers.strategy_resolver - INFO - Strategy using trailing_only_offset_is_reached: False
2026-06-12 09:58:32,997 - freqtrade.resolvers.strategy_resolver - INFO - Strategy using use_custom_stoploss: True
2026-06-12 09:58:32,998 - freqtrade.resolvers.strategy_resolver - INFO - Strategy using process_only_new_candles: True
2026-06-12 09:58:32,998 - freqtrade.resolvers.strategy_resolver - INFO - Strategy using order_types: {'entry': 'limit', 'exit': 'limit', 'stoploss': 'limit', 'stoploss_on_exchange': False, 
'stoploss_on_exchange_interval': 60}
2026-06-12 09:58:32,998 - freqtrade.resolvers.strategy_resolver - INFO - Strategy using order_time_in_force: {'entry': 'GTC', 'exit': 'GTC'}
2026-06-12 09:58:32,998 - freqtrade.resolvers.strategy_resolver - INFO - Strategy using stake_currency: USDT
2026-06-12 09:58:32,998 - freqtrade.resolvers.strategy_resolver - INFO - Strategy using stake_amount: unlimited
2026-06-12 09:58:32,998 - freqtrade.resolvers.strategy_resolver - INFO - Strategy using startup_candle_count: 1000
2026-06-12 09:58:32,999 - freqtrade.resolvers.strategy_resolver - INFO - Strategy using unfilledtimeout: {'entry': 10, 'exit': 10, 'exit_timeout_count': 0, 'unit': 'minutes'}
2026-06-12 09:58:32,999 - freqtrade.resolvers.strategy_resolver - INFO - Strategy using use_exit_signal: True
2026-06-12 09:58:32,999 - freqtrade.resolvers.strategy_resolver - INFO - Strategy using exit_profit_only: False
2026-06-12 09:58:32,999 - freqtrade.resolvers.strategy_resolver - INFO - Strategy using ignore_roi_if_entry_signal: True
2026-06-12 09:58:33,000 - freqtrade.resolvers.strategy_resolver - INFO - Strategy using exit_profit_offset: 0.0
2026-06-12 09:58:33,000 - freqtrade.resolvers.strategy_resolver - INFO - Strategy using disable_dataframe_checks: False
2026-06-12 09:58:33,000 - freqtrade.resolvers.strategy_resolver - INFO - Strategy using ignore_buying_expired_candle_after: 0
2026-06-12 09:58:33,001 - freqtrade.resolvers.strategy_resolver - INFO - Strategy using position_adjustment_enable: False
2026-06-12 09:58:33,001 - freqtrade.resolvers.strategy_resolver - INFO - Strategy using max_entry_position_adjustment: -1
2026-06-12 09:58:33,001 - freqtrade.resolvers.strategy_resolver - INFO - Strategy using max_open_trades: 3
2026-06-12 09:58:33,002 - freqtrade.configuration.config_validation - INFO - Validating configuration ...
2026-06-12 09:58:33,005 - freqtrade.resolvers.iresolver - INFO - Using resolved pairlist StaticPairList from '/freqtrade/freqtrade/plugins/pairlist/StaticPairList.py'...
2026-06-12 09:58:33,011 - freqtrade.optimize.backtesting - INFO - Using fee 0.0500% - worst case fee from exchange (lowest tier).
2026-06-12 09:58:33,012 - freqtrade.exchange.exchange - WARNING - Using 3 calls to get OHLCV. This can result in slower operations for the bot. Please check if you really need 1000 candles for your 
strategy.
2026-06-12 09:58:33,465 - freqtrade.data.history.datahandlers.idatahandler - WARNING - TAO/USDT:USDT, futures, 1h, data ends at 2026-04-20 00:00:00
2026-06-12 09:58:33,478 - freqtrade.optimize.backtesting - INFO - Loading data from 2024-11-20 08:00:00 up to 2026-05-07 00:00:00 (532 days).
2026-06-12 09:58:33,492 - freqtrade.data.history.datahandlers.idatahandler - WARNING - BTC/USDT:USDT, funding_rate, 1h, data ends at 2026-05-06 16:00:00
2026-06-12 09:58:33,509 - freqtrade.data.history.datahandlers.idatahandler - WARNING - ETH/USDT:USDT, funding_rate, 1h, data ends at 2026-05-06 16:00:00
2026-06-12 09:58:33,587 - freqtrade.data.history.datahandlers.idatahandler - WARNING - DOGE/USDT:USDT, funding_rate, 1h, data ends at 2026-05-06 16:00:00
2026-06-12 09:58:33,646 - freqtrade.data.history.datahandlers.idatahandler - WARNING - TRX/USDT:USDT, funding_rate, 1h, data ends at 2026-05-06 16:00:00
2026-06-12 09:58:33,656 - freqtrade.data.history.datahandlers.idatahandler - WARNING - ZEC/USDT:USDT, funding_rate, 1h, data ends at 2026-05-06 16:00:00
2026-06-12 09:58:33,667 - freqtrade.data.history.datahandlers.idatahandler - WARNING - TAO/USDT:USDT, funding_rate, 1h, data ends at 2026-04-19 20:00:00
2026-06-12 09:58:33,982 - freqtrade.data.history.datahandlers.idatahandler - WARNING - TAO/USDT:USDT, mark, 1h, data ends at 2026-04-20 00:00:00
2026-06-12 09:58:34,895 - freqtrade.optimize.backtesting - INFO - Dataload complete. Calculating indicators
2026-06-12 09:58:34,899 - freqtrade.optimize.backtesting - INFO - Running backtesting for Strategy DualTrendRobustRisk0p01Cap0p25Strategy
2026-06-12 09:58:34,901 - freqtrade.data.dataprovider - INFO - Loading data for BTC/USDT:USDT 4h from 2024-07-18 08:00:00 to 2026-05-07 00:00:00
2026-06-12 09:58:34,912 - freqtrade.data.history.datahandlers.idatahandler - WARNING - BTC/USDT:USDT, futures, 4h, data ends at 2026-05-06 12:00:00
2026-06-12 09:58:34,957 - freqtrade.data.dataprovider - INFO - Loading data for ETH/USDT:USDT 4h from 2024-07-18 08:00:00 to 2026-05-07 00:00:00
2026-06-12 09:58:35,046 - freqtrade.data.history.datahandlers.idatahandler - WARNING - ETH/USDT:USDT, futures, 4h, data ends at 2026-05-06 12:00:00
2026-06-12 09:58:35,091 - freqtrade.data.dataprovider - INFO - Loading data for BNB/USDT:USDT 4h from 2024-07-18 08:00:00 to 2026-05-07 00:00:00
2026-06-12 09:58:35,162 - freqtrade.data.history.datahandlers.idatahandler - WARNING - BNB/USDT:USDT, futures, 4h, data ends at 2026-05-06 16:00:00
2026-06-12 09:58:35,219 - freqtrade.data.dataprovider - INFO - Loading data for SOL/USDT:USDT 4h from 2024-07-18 08:00:00 to 2026-05-07 00:00:00
2026-06-12 09:58:35,238 - freqtrade.data.history.datahandlers.idatahandler - WARNING - SOL/USDT:USDT, futures, 4h, data ends at 2026-05-06 16:00:00
2026-06-12 09:58:35,282 - freqtrade.data.dataprovider - INFO - Loading data for XRP/USDT:USDT 4h from 2024-07-18 08:00:00 to 2026-05-07 00:00:00
2026-06-12 09:58:35,301 - freqtrade.data.history.datahandlers.idatahandler - WARNING - XRP/USDT:USDT, futures, 4h, data ends at 2026-05-06 16:00:00
2026-06-12 09:58:35,346 - freqtrade.data.dataprovider - INFO - Loading data for DOGE/USDT:USDT 4h from 2024-07-18 08:00:00 to 2026-05-07 00:00:00
2026-06-12 09:58:35,365 - freqtrade.data.history.datahandlers.idatahandler - WARNING - DOGE/USDT:USDT, futures, 4h, data ends at 2026-05-06 12:00:00
2026-06-12 09:58:35,413 - freqtrade.data.dataprovider - INFO - Loading data for ADA/USDT:USDT 4h from 2024-07-18 08:00:00 to 2026-05-07 00:00:00
2026-06-12 09:58:35,423 - freqtrade.data.history.datahandlers.idatahandler - WARNING - ADA/USDT:USDT, futures, 4h, data ends at 2026-05-06 16:00:00
2026-06-12 09:58:35,469 - freqtrade.data.dataprovider - INFO - Loading data for LINK/USDT:USDT 4h from 2024-07-18 08:00:00 to 2026-05-07 00:00:00
2026-06-12 09:58:35,479 - freqtrade.data.history.datahandlers.idatahandler - WARNING - LINK/USDT:USDT, futures, 4h, data ends at 2026-05-06 16:00:00
2026-06-12 09:58:35,526 - freqtrade.data.dataprovider - INFO - Loading data for NEAR/USDT:USDT 4h from 2024-07-18 08:00:00 to 2026-05-07 00:00:00
2026-06-12 09:58:35,537 - freqtrade.data.history.datahandlers.idatahandler - WARNING - NEAR/USDT:USDT, futures, 4h, data ends at 2026-05-06 16:00:00
2026-06-12 09:58:35,581 - freqtrade.data.dataprovider - INFO - Loading data for SUI/USDT:USDT 4h from 2024-07-18 08:00:00 to 2026-05-07 00:00:00
2026-06-12 09:58:35,639 - freqtrade.data.dataprovider - INFO - Loading data for TRX/USDT:USDT 4h from 2024-07-18 08:00:00 to 2026-05-07 00:00:00
2026-06-12 09:58:35,650 - freqtrade.data.history.datahandlers.idatahandler - WARNING - TRX/USDT:USDT, futures, 4h, data ends at 2026-05-06 12:00:00
2026-06-12 09:58:35,696 - freqtrade.data.dataprovider - INFO - Loading data for ZEC/USDT:USDT 4h from 2024-07-18 08:00:00 to 2026-05-07 00:00:00
2026-06-12 09:58:35,705 - freqtrade.data.history.datahandlers.idatahandler - WARNING - ZEC/USDT:USDT, futures, 4h, data ends at 2026-05-06 12:00:00
2026-06-12 09:58:35,751 - freqtrade.data.dataprovider - INFO - Loading data for TAO/USDT:USDT 4h from 2024-07-18 08:00:00 to 2026-05-07 00:00:00
2026-06-12 09:58:35,765 - freqtrade.data.history.datahandlers.idatahandler - WARNING - TAO/USDT:USDT, futures, 4h, data ends at 2026-04-19 16:00:00
2026-06-12 09:58:35,818 - freqtrade.optimize.backtesting - INFO - Backtesting with data from 2025-01-01 00:00:00 up to 2026-05-07 00:00:00 (491 days).
2026-06-12 09:58:35,820 - freqtrade.resolvers.iresolver - INFO - Using resolved protection CooldownPeriod from '/freqtrade/freqtrade/plugins/protections/cooldown_period.py'...
2026-06-12 09:58:35,821 - freqtrade.resolvers.iresolver - INFO - Using resolved protection StoplossGuard from '/freqtrade/freqtrade/plugins/protections/stoploss_guard.py'...
2026-06-12 09:58:35,823 - freqtrade.resolvers.iresolver - INFO - Using resolved protection MaxDrawdown from '/freqtrade/freqtrade/plugins/protections/max_drawdown_protection.py'...
2026-06-12 09:58:56,344 - freqtrade.misc - INFO - dumping json to 
"/freqtrade/user_data/strategies/research/dual_trend_robustness_runs/20260612_165506/results/risk_recent_0.01_0.25_3/backtest-result-2026-06-12_09-58-56.meta.json"
Result for strategy DualTrendRobustRisk0p01Cap0p25Strategy
                                                  BACKTESTING REPORT                                                   
┏━━━━━━━━━━━━━━━━┳━━━━━━━━┳━━━━━━━━━━━━━━┳━━━━━━━━━━━━━━━━━┳━━━━━━━━━━━━━━┳━━━━━━━━━━━━━━━━━━┳━━━━━━━━━━━━━━━━━━━━━━━━┓
┃           Pair ┃ Trades ┃ Avg Profit % ┃ Tot Profit USDT ┃ Tot Profit % ┃     Avg Duration ┃  Win  Draw  Loss  Win% ┃
┡━━━━━━━━━━━━━━━━╇━━━━━━━━╇━━━━━━━━━━━━━━╇━━━━━━━━━━━━━━━━━╇━━━━━━━━━━━━━━╇━━━━━━━━━━━━━━━━━━╇━━━━━━━━━━━━━━━━━━━━━━━━┩
│ DOGE/USDT:USDT │     17 │         2.16 │          98.628 │         9.86 │  1 day, 13:46:00 │    6     0    11  35.3 │
│  ETH/USDT:USDT │     12 │         2.52 │          84.971 │          8.5 │  2 days, 9:10:00 │    5     0     7  41.7 │
│  XRP/USDT:USDT │     17 │         1.41 │          79.991 │          8.0 │  3 days, 8:04:00 │    7     0    10  41.2 │
│  ADA/USDT:USDT │     18 │         1.41 │          71.911 │         7.19 │ 2 days, 10:23:00 │    5     0    13  27.8 │
│  ZEC/USDT:USDT │      6 │         3.97 │          64.881 │         6.49 │  3 days, 2:20:00 │    4     0     2  66.7 │
│  SOL/USDT:USDT │     14 │         1.79 │          63.927 │         6.39 │   1 day, 0:00:00 │    5     0     9  35.7 │
│  SUI/USDT:USDT │     12 │         1.74 │          44.562 │         4.46 │  1 day, 21:00:00 │    5     0     7  41.7 │
│ NEAR/USDT:USDT │     15 │         0.75 │          32.260 │         3.23 │  1 day, 10:52:00 │    5     0    10  33.3 │
│  BTC/USDT:USDT │     18 │         0.59 │          29.374 │         2.94 │  2 days, 5:37:00 │    6     0    12  33.3 │
│  TAO/USDT:USDT │      6 │         0.14 │           9.118 │         0.91 │  2 days, 5:30:00 │    3     0     3  50.0 │
│  BNB/USDT:USDT │     11 │        -0.48 │         -15.295 │        -1.53 │  2 days, 8:55:00 │    4     0     7  36.4 │
│  TRX/USDT:USDT │     12 │        -0.86 │         -31.930 │        -3.19 │ 2 days, 22:25:00 │    1     0    11   8.3 │
│ LINK/USDT:USDT │     13 │        -0.71 │         -36.305 │        -3.63 │   1 day, 9:46:00 │    2     0    11  15.4 │
│          TOTAL │    171 │         1.08 │         496.094 │        49.61 │  2 days, 3:21:00 │   58     0   113  33.9 │
└────────────────┴────────┴──────────────┴─────────────────┴──────────────┴──────────────────┴────────────────────────┘
                                         LEFT OPEN TRADES REPORT                                          
┏━━━━━━━┳━━━━━━━━┳━━━━━━━━━━━━━━┳━━━━━━━━━━━━━━━━━┳━━━━━━━━━━━━━━┳━━━━━━━━━━━━━━┳━━━━━━━━━━━━━━━━━━━━━━━━┓
┃  Pair ┃ Trades ┃ Avg Profit % ┃ Tot Profit USDT ┃ Tot Profit % ┃ Avg Duration ┃  Win  Draw  Loss  Win% ┃
┡━━━━━━━╇━━━━━━━━╇━━━━━━━━━━━━━━╇━━━━━━━━━━━━━━━━━╇━━━━━━━━━━━━━━╇━━━━━━━━━━━━━━╇━━━━━━━━━━━━━━━━━━━━━━━━┩
│ TOTAL │      0 │          0.0 │           0.000 │          0.0 │         0:00 │    0     0     0     0 │
└───────┴────────┴──────────────┴─────────────────┴──────────────┴──────────────┴────────────────────────┘
                                                          ENTER TAG STATS                                                           
┏━━━━━━━━━━━━━━━━━━━━━━━━━━━━━┳━━━━━━━━━┳━━━━━━━━━━━━━━┳━━━━━━━━━━━━━━━━━┳━━━━━━━━━━━━━━┳━━━━━━━━━━━━━━━━━┳━━━━━━━━━━━━━━━━━━━━━━━━┓
┃                   Enter Tag ┃ Entries ┃ Avg Profit % ┃ Tot Profit USDT ┃ Tot Profit % ┃    Avg Duration ┃  Win  Draw  Loss  Win% ┃
┡━━━━━━━━━━━━━━━━━━━━━━━━━━━━━╇━━━━━━━━━╇━━━━━━━━━━━━━━╇━━━━━━━━━━━━━━━━━╇━━━━━━━━━━━━━━╇━━━━━━━━━━━━━━━━━╇━━━━━━━━━━━━━━━━━━━━━━━━┩
│ short_compression_breakdown │      35 │         2.65 │         255.982 │         25.6 │ 2 days, 0:19:00 │   14     0    21  40.0 │
│      short_pullback_restart │     136 │         0.67 │         240.112 │        24.01 │ 2 days, 4:08:00 │   44     0    92  32.4 │
│                       TOTAL │     171 │         1.08 │         496.094 │        49.61 │ 2 days, 3:21:00 │   58     0   113  33.9 │
└─────────────────────────────┴─────────┴──────────────┴─────────────────┴──────────────┴─────────────────┴────────────────────────┘
                                                      EXIT REASON STATS                                                       
┏━━━━━━━━━━━━━━━━━━━━━━━┳━━━━━━━┳━━━━━━━━━━━━━━┳━━━━━━━━━━━━━━━━━┳━━━━━━━━━━━━━━┳━━━━━━━━━━━━━━━━━━━┳━━━━━━━━━━━━━━━━━━━━━━━━┓
┃           Exit Reason ┃ Exits ┃ Avg Profit % ┃ Tot Profit USDT ┃ Tot Profit % ┃      Avg Duration ┃  Win  Draw  Loss  Win% ┃
┡━━━━━━━━━━━━━━━━━━━━━━━╇━━━━━━━╇━━━━━━━━━━━━━━╇━━━━━━━━━━━━━━━━━╇━━━━━━━━━━━━━━╇━━━━━━━━━━━━━━━━━━━╇━━━━━━━━━━━━━━━━━━━━━━━━┩
│                   roi │    44 │         10.0 │        1303.338 │       130.33 │   2 days, 4:00:00 │   44     0     0   100 │
│       stale_flat_120h │    12 │         0.65 │          24.609 │         2.46 │   6 days, 0:55:00 │   12     0     0   100 │
│ stale_low_profit_240h │     2 │         2.71 │          19.242 │         1.92 │ 10 days, 13:30:00 │    2     0     0   100 │
│        stale_loss_72h │    28 │        -0.51 │         -43.813 │        -4.38 │  3 days, 18:28:00 │    0     0    28     0 │
│    trailing_stop_loss │    25 │         -2.9 │        -231.198 │       -23.12 │          19:17:00 │    0     0    25     0 │
│             stop_loss │    60 │        -3.04 │        -576.084 │       -57.61 │          20:32:00 │    0     0    60     0 │
│                 TOTAL │   171 │         1.08 │         496.094 │        49.61 │   2 days, 3:21:00 │   58     0   113  33.9 │
└───────────────────────┴───────┴──────────────┴─────────────────┴──────────────┴───────────────────┴────────────────────────┘
                                                                       MIXED TAG STATS                                                                       
┏━━━━━━━━━━━━━━━━━━━━━━━━━━━━━┳━━━━━━━━━━━━━━━━━━━━━━━┳━━━━━━━━┳━━━━━━━━━━━━━━┳━━━━━━━━━━━━━━━━━┳━━━━━━━━━━━━━━┳━━━━━━━━━━━━━━━━━━━┳━━━━━━━━━━━━━━━━━━━━━━━━┓
┃                   Enter Tag ┃           Exit Reason ┃ Trades ┃ Avg Profit % ┃ Tot Profit USDT ┃ Tot Profit % ┃      Avg Duration ┃  Win  Draw  Loss  Win% ┃
┡━━━━━━━━━━━━━━━━━━━━━━━━━━━━━╇━━━━━━━━━━━━━━━━━━━━━━━╇━━━━━━━━╇━━━━━━━━━━━━━━╇━━━━━━━━━━━━━━━━━╇━━━━━━━━━━━━━━╇━━━━━━━━━━━━━━━━━━━╇━━━━━━━━━━━━━━━━━━━━━━━━┩
│      short_pullback_restart │                   roi │     30 │         10.0 │         886.074 │        88.61 │   2 days, 2:08:00 │   30     0     0   100 │
│ short_compression_breakdown │                   roi │     14 │         10.0 │         417.263 │        41.73 │   2 days, 8:00:00 │   14     0     0   100 │
│      short_pullback_restart │       stale_flat_120h │     12 │         0.65 │          24.609 │         2.46 │   6 days, 0:55:00 │   12     0     0   100 │
│      short_pullback_restart │ stale_low_profit_240h │      2 │         2.71 │          19.242 │         1.92 │ 10 days, 13:30:00 │    2     0     0   100 │
│ short_compression_breakdown │        stale_loss_72h │      7 │         -0.4 │          -9.580 │        -0.96 │  3 days, 13:34:00 │    0     0     7     0 │
│      short_pullback_restart │        stale_loss_72h │     21 │        -0.55 │         -34.233 │        -3.42 │  3 days, 20:06:00 │    0     0    21     0 │
│ short_compression_breakdown │    trailing_stop_loss │      5 │        -3.13 │         -51.382 │        -5.14 │          22:24:00 │    0     0     5     0 │
│ short_compression_breakdown │             stop_loss │      9 │         -3.2 │        -100.319 │       -10.03 │          21:47:00 │    0     0     9     0 │
│      short_pullback_restart │    trailing_stop_loss │     20 │        -2.84 │        -179.816 │       -17.98 │          18:30:00 │    0     0    20     0 │
│      short_pullback_restart │             stop_loss │     51 │        -3.01 │        -475.764 │       -47.58 │          20:19:00 │    0     0    51     0 │
│                       TOTAL │                       │    171 │         1.08 │         496.094 │        49.61 │   2 days, 3:21:00 │   58     0   113  33.9 │
└─────────────────────────────┴───────────────────────┴────────┴──────────────┴─────────────────┴──────────────┴───────────────────┴────────────────────────┘
                                  YEAR BREAKDOWN                                  
┏━━━━━━━━━━━━┳━━━━━━━━┳━━━━━━━━━━━━━━━━━┳━━━━━━━━━━━━━━━┳━━━━━━━━━━━━━━━━━━━━━━━━┓
┃       Year ┃ Trades ┃ Tot Profit USDT ┃ Profit Factor ┃  Win  Draw  Loss  Win% ┃
┡━━━━━━━━━━━━╇━━━━━━━━╇━━━━━━━━━━━━━━━━━╇━━━━━━━━━━━━━━━╇━━━━━━━━━━━━━━━━━━━━━━━━┩
│ 31/12/2025 │    129 │         404.511 │          1.65 │   45     0    84  34.9 │
│ 31/12/2026 │     42 │          91.583 │          1.41 │   13     0    29  31.0 │
└────────────┴────────┴─────────────────┴───────────────┴────────────────────────┘
                                   SUMMARY METRICS                                    
┏━━━━━━━━━━━━━━━━━━━━━━━━━━━━━━━━━━━━━━━━┳━━━━━━━━━━━━━━━━━━━━━━━━━━━━━━━━━━━━━━━━━━━┓
┃ Metric                                 ┃ Value                                     ┃
┡━━━━━━━━━━━━━━━━━━━━━━━━━━━━━━━━━━━━━━━━╇━━━━━━━━━━━━━━━━━━━━━━━━━━━━━━━━━━━━━━━━━━━┩
│ Backtesting from                       │ 2025-01-01 00:00:00                       │
│ Backtesting to                         │ 2026-05-07 00:00:00                       │
│ Trading Mode                           │ Isolated Futures                          │
│ Max open trades                        │ 3                                         │
│                                        │                                           │
│ Total/Daily Avg Trades                 │ 171 / 0.35                                │
│ Starting balance                       │ 1000 USDT                                 │
│ Final balance                          │ 1496.094 USDT                             │
│ Absolute profit                        │ 496.094 USDT                              │
│ Total profit %                         │ 49.61%                                    │
│ CAGR %                                 │ 34.92%                                    │
│ Sharpe (closed trades)                 │ 1.17                                      │
│ Sortino (closed trades)                │ 4.28                                      │
│ Calmar (closed trades)                 │ 19.39                                     │
│ SQN                                    │ 2.29                                      │
│ Profit factor                          │ 1.58                                      │
│ Expectancy (Ratio)                     │ 2.90 (0.39)                               │
│ Avg. daily profit                      │ 1.01 USDT                                 │
│ Avg. stake amount                      │ 312.241 USDT                              │
│ Market change                          │ 29.77%                                    │
│ Total trade volume                     │ 106288.48 USDT                            │
│                                        │                                           │
│ Long / Short trades                    │ 0 / 171                                   │
│ Long / Short profit %                  │ 0.00% / 49.61%                            │
│ Long / Short profit USDT               │ 0.000 / 496.094                           │
│                                        │                                           │
│ Best Pair                              │ DOGE/USDT:USDT 9.86%                      │
│ Worst Pair                             │ LINK/USDT:USDT -3.63%                     │
│ Best trade                             │ NEAR/USDT:USDT 10.02%                     │
│ Worst trade                            │ TAO/USDT:USDT -5.00%                      │
│ Best day                               │ 127.96 USDT                               │
│ Worst day                              │ -43.935 USDT                              │
│ Days win/draw/lose                     │ 35 / 341 / 81                             │
│ Min/Max/Avg. Duration Winners          │ 0d 08:00 / 11d 02:00 / 3d 06:10           │
│ Min/Max/Avg. Duration Losers           │ 0d 00:00 / 6d 08:00 / 1d 13:35            │
│ Max Consecutive Wins / Loss            │ 8 / 12                                    │
│ Rejected Entry signals                 │ 100                                       │
│ Entry/Exit Timeouts                    │ 0 / 0                                     │
│                                        │                                           │
│ Min/Max balance (closed trades)        │ 973.906 USDT / 1616.052 USDT              │
│ Max % of account underwater            │ 9.96%                                     │
│ Absolute drawdown                      │ 138.13 USDT (9.96%)                       │
│ Drawdown duration                      │ 133 days 11:00:00                         │
│ Profit at drawdown start               │ 387.497 USDT                              │
│ Profit at drawdown end                 │ 249.367 USDT                              │
│ Drawdown start                         │ 2025-06-22 13:00:00                       │
│ Drawdown end                           │ 2025-11-03 00:00:00                       │
│                                        │                                           │
│ Wallet based Metrics                   │                                           │
│ Min/Max balance (wallet balance)       │ 973.906 USDT / 1616.052 USDT              │
│ Min/Max balance dates (wallet balance) │ 2025-01-16 14:00:00 / 2026-02-14 10:00:00 │
│ Max % of account underwater (balance)  │ 9.96%                                     │
│ Absolute drawdown (wallet balance)     │ 138.13 USDT (9.96%)                       │
│ Drawdown duration                      │ 133 days 11:00:00                         │
│ Profit at drawdown start               │ 387.497 USDT                              │
│ Profit at drawdown end                 │ 249.367 USDT                              │
│ Drawdown start                         │ 2025-06-22 14:00:00                       │
│ Drawdown end                           │ 2025-11-03 01:00:00                       │
│ Sharpe (daily wallet balance)          │ 1.56                                      │
│ Sortino (daily wallet balance)         │ 3.05                                      │
│ Calmar (daily wallet balance)          │ 19.43                                     │
└────────────────────────────────────────┴───────────────────────────────────────────┘

Backtested 2025-01-01 00:00:00 -> 2026-05-07 00:00:00 | Max open trades : 3
                                                                         STRATEGY SUMMARY                                                                          
┏━━━━━━━━━━━━━━━━━━━━━━━━━━━━━━━━━━━━━━━━┳━━━━━━━━┳━━━━━━━━━━━━━━┳━━━━━━━━━━━━━━━━━┳━━━━━━━━━━━━━━┳━━━━━━━━━━━━━━━━━┳━━━━━━━━━━━━━━━━━━━━━━━━┳━━━━━━━━━━━━━━━━━━━━┓
┃                               Strategy ┃ Trades ┃ Avg Profit % ┃ Tot Profit USDT ┃ Tot Profit % ┃    Avg Duration ┃  Win  Draw  Loss  Win% ┃           Drawdown ┃
┡━━━━━━━━━━━━━━━━━━━━━━━━━━━━━━━━━━━━━━━━╇━━━━━━━━╇━━━━━━━━━━━━━━╇━━━━━━━━━━━━━━━━━╇━━━━━━━━━━━━━━╇━━━━━━━━━━━━━━━━━╇━━━━━━━━━━━━━━━━━━━━━━━━╇━━━━━━━━━━━━━━━━━━━━┩
│ DualTrendRobustRisk0p01Cap0p25Strategy │    171 │         1.08 │         496.094 │        49.61 │ 2 days, 3:21:00 │   58     0   113  33.9 │ 138.13 USDT  9.96% │
└────────────────────────────────────────┴────────┴──────────────┴─────────────────┴──────────────┴─────────────────┴────────────────────────┴────────────────────┘


=== attempt 1 ===
