time="2026-07-09T13:03:50+08:00" level=warning msg="Found orphan containers ([nfi-top9-exbtc-10000u-max4-dryrun]) for this project. If you removed or renamed this service in your compose file, you can run this command with the --remove-orphans flag to clean it up."
 Container ft_userdata-freqtrade-run-103123eceeae Creating 
 Container ft_userdata-freqtrade-run-103123eceeae Created 
2026-07-09 05:03:51,128 - freqtrade - INFO - freqtrade 2026.4
2026-07-09 05:03:51,410 - numexpr.utils - INFO - NumExpr defaulting to 16 threads.
2026-07-09 05:03:52,746 - freqtrade.configuration.load_config - INFO - Using config: /freqtrade/user_data/config.backtest.dualtrend.combined.top50.positive13.max3.json ...
2026-07-09 05:03:52,752 - freqtrade.loggers - INFO - Enabling colorized output.
2026-07-09 05:03:52,753 - freqtrade.loggers - INFO - Logfile configured
2026-07-09 05:03:52,753 - freqtrade.loggers - INFO - Verbosity set to 0
2026-07-09 05:03:52,753 - freqtrade.configuration.configuration - INFO - Using additional Strategy lookup path: /freqtrade/user_data/strategies
2026-07-09 05:03:52,754 - freqtrade.configuration.configuration - INFO - Using max_open_trades: 3 ...
2026-07-09 05:03:52,754 - freqtrade.configuration.configuration - INFO - Parameter --timeframe-detail detected, using 5m for intra-candle backtesting ...
2026-07-09 05:03:52,754 - freqtrade.configuration.configuration - INFO - Parameter --timerange detected: 20230618-20260618 ...
2026-07-09 05:04:13,783 - freqtrade.configuration.configuration - INFO - Using user-data directory: /freqtrade/user_data ...
2026-07-09 05:04:13,786 - freqtrade.configuration.configuration - INFO - Using data directory: /freqtrade/user_data/data/binance ...
2026-07-09 05:04:13,786 - freqtrade.configuration.configuration - INFO - Parameter --cache=day detected ...
2026-07-09 05:04:13,787 - freqtrade.configuration.configuration - INFO - Filter trades by timerange: 20230618-20260618
2026-07-09 05:04:13,788 - freqtrade.exchange.check_exchange - INFO - Checking exchange...
2026-07-09 05:04:13,796 - freqtrade.exchange.check_exchange - INFO - Exchange "binance" is officially supported by the Freqtrade development team.
2026-07-09 05:04:13,797 - freqtrade.configuration.configuration - INFO - Using pairlist from configuration.
2026-07-09 05:04:13,797 - freqtrade.configuration.config_validation - INFO - Validating configuration ...
2026-07-09 05:04:13,799 - freqtrade.commands.optimize_commands - INFO - Starting freqtrade in Backtesting mode
2026-07-09 05:04:13,800 - freqtrade.exchange.exchange - INFO - Instance is running with dry_run enabled
2026-07-09 05:04:13,800 - freqtrade.exchange.exchange - INFO - Using CCXT 4.5.50
2026-07-09 05:04:13,801 - freqtrade.exchange.exchange - INFO - Applying additional ccxt config: {'options': {'defaultType': 'swap', 'adjustForTimeDifference': True, 'recvWindow': 60000, 
'fetchCurrencies': False, 'fetchMarkets': ['linear']}, 'enableRateLimit': True, 'timeout': 60000}
2026-07-09 05:04:13,807 - freqtrade.exchange.exchange - INFO - Applying additional ccxt config: {'options': {'defaultType': 'swap', 'adjustForTimeDifference': True, 'recvWindow': 60000, 
'fetchCurrencies': False, 'fetchMarkets': ['linear']}, 'enableRateLimit': True, 'timeout': 60000}
2026-07-09 05:04:13,814 - freqtrade.exchange.exchange - INFO - Using Exchange "Binance"
2026-07-09 05:04:15,204 - freqtrade.resolvers.exchange_resolver - INFO - Using resolved exchange 'Binance'...
2026-07-09 05:04:15,421 - freqtrade.resolvers.iresolver - INFO - Using resolved strategy DualTrendBaselineStrategy from '/freqtrade/user_data/strategies/DualTrendMainStrategies.py'...
2026-07-09 05:04:15,423 - freqtrade.strategy.hyper - INFO - Found no parameter file.
2026-07-09 05:04:15,424 - freqtrade.resolvers.strategy_resolver - INFO - Override strategy 'stake_currency' with value from the configuration: USDT.
2026-07-09 05:04:15,424 - freqtrade.resolvers.strategy_resolver - INFO - Override strategy 'stake_amount' with value from the configuration: unlimited.
2026-07-09 05:04:15,424 - freqtrade.resolvers.strategy_resolver - INFO - Override strategy 'unfilledtimeout' with value from the configuration: {'entry': 10, 'exit': 10, 'exit_timeout_count': 0, 
'unit': 'minutes'}.
2026-07-09 05:04:15,425 - freqtrade.resolvers.strategy_resolver - INFO - Override strategy 'max_open_trades' with value from the configuration: 3.
2026-07-09 05:04:15,425 - freqtrade.resolvers.strategy_resolver - INFO - Strategy using minimal_roi: {'0': 0.1}
2026-07-09 05:04:15,425 - freqtrade.resolvers.strategy_resolver - INFO - Strategy using timeframe: 1h
2026-07-09 05:04:15,426 - freqtrade.resolvers.strategy_resolver - INFO - Strategy using stoploss: -0.06
2026-07-09 05:04:15,426 - freqtrade.resolvers.strategy_resolver - INFO - Strategy using trailing_stop: False
2026-07-09 05:04:15,426 - freqtrade.resolvers.strategy_resolver - INFO - Strategy using trailing_stop_positive_offset: 0.0
2026-07-09 05:04:15,426 - freqtrade.resolvers.strategy_resolver - INFO - Strategy using trailing_only_offset_is_reached: False
2026-07-09 05:04:15,426 - freqtrade.resolvers.strategy_resolver - INFO - Strategy using use_custom_stoploss: True
2026-07-09 05:04:15,427 - freqtrade.resolvers.strategy_resolver - INFO - Strategy using process_only_new_candles: True
2026-07-09 05:04:15,427 - freqtrade.resolvers.strategy_resolver - INFO - Strategy using order_types: {'entry': 'limit', 'exit': 'limit', 'stoploss': 'limit', 'stoploss_on_exchange': False, 
'stoploss_on_exchange_interval': 60}
2026-07-09 05:04:15,427 - freqtrade.resolvers.strategy_resolver - INFO - Strategy using order_time_in_force: {'entry': 'GTC', 'exit': 'GTC'}
2026-07-09 05:04:15,427 - freqtrade.resolvers.strategy_resolver - INFO - Strategy using stake_currency: USDT
2026-07-09 05:04:15,427 - freqtrade.resolvers.strategy_resolver - INFO - Strategy using stake_amount: unlimited
2026-07-09 05:04:15,428 - freqtrade.resolvers.strategy_resolver - INFO - Strategy using startup_candle_count: 1000
2026-07-09 05:04:15,428 - freqtrade.resolvers.strategy_resolver - INFO - Strategy using unfilledtimeout: {'entry': 10, 'exit': 10, 'exit_timeout_count': 0, 'unit': 'minutes'}
2026-07-09 05:04:15,428 - freqtrade.resolvers.strategy_resolver - INFO - Strategy using use_exit_signal: True
2026-07-09 05:04:15,428 - freqtrade.resolvers.strategy_resolver - INFO - Strategy using exit_profit_only: False
2026-07-09 05:04:15,428 - freqtrade.resolvers.strategy_resolver - INFO - Strategy using ignore_roi_if_entry_signal: True
2026-07-09 05:04:15,428 - freqtrade.resolvers.strategy_resolver - INFO - Strategy using exit_profit_offset: 0.0
2026-07-09 05:04:15,429 - freqtrade.resolvers.strategy_resolver - INFO - Strategy using disable_dataframe_checks: False
2026-07-09 05:04:15,429 - freqtrade.resolvers.strategy_resolver - INFO - Strategy using ignore_buying_expired_candle_after: 0
2026-07-09 05:04:15,429 - freqtrade.resolvers.strategy_resolver - INFO - Strategy using position_adjustment_enable: True
2026-07-09 05:04:15,429 - freqtrade.resolvers.strategy_resolver - INFO - Strategy using max_entry_position_adjustment: 1
2026-07-09 05:04:15,429 - freqtrade.resolvers.strategy_resolver - INFO - Strategy using max_open_trades: 3
2026-07-09 05:04:15,429 - freqtrade.configuration.config_validation - INFO - Validating configuration ...
2026-07-09 05:04:15,434 - freqtrade.resolvers.iresolver - INFO - Using resolved pairlist StaticPairList from '/freqtrade/freqtrade/plugins/pairlist/StaticPairList.py'...
2026-07-09 05:04:15,447 - freqtrade.optimize.backtesting - INFO - Using fee 0.0500% - worst case fee from exchange (lowest tier).
2026-07-09 05:04:15,450 - freqtrade.exchange.exchange - WARNING - Using 3 calls to get OHLCV. This can result in slower operations for the bot. Please check if you really need 1000 candles for your 
strategy.
2026-07-09 05:04:15,900 - freqtrade.data.history.datahandlers.idatahandler - WARNING - TAO/USDT:USDT, futures, 1h, data starts at 2024-04-11 14:00:00
2026-07-09 05:04:15,936 - freqtrade.data.history.datahandlers.idatahandler - WARNING - SUI/USDT:USDT, futures, 1h, data starts at 2023-06-18 00:00:00
2026-07-09 05:04:15,971 - freqtrade.data.history.datahandlers.idatahandler - WARNING - PAXG/USDT:USDT, futures, 1h, data starts at 2025-03-27 10:00:00
2026-07-09 05:04:16,153 - freqtrade.optimize.backtesting - INFO - Loading data from 2023-05-07 08:00:00 up to 2026-06-18 00:00:00 (1137 days).
2026-07-09 05:04:16,346 - freqtrade.data.history.datahandlers.idatahandler - WARNING - ETH/USDT:USDT, futures, 5m, data ends at 2026-06-17 23:55:00
2026-07-09 05:04:16,571 - freqtrade.data.history.datahandlers.idatahandler - WARNING - ZEC/USDT:USDT, futures, 5m, data ends at 2026-06-17 23:55:00
2026-07-09 05:04:16,789 - freqtrade.data.history.datahandlers.idatahandler - WARNING - BTC/USDT:USDT, futures, 5m, data ends at 2026-06-17 23:55:00
2026-07-09 05:04:16,971 - freqtrade.data.history.datahandlers.idatahandler - WARNING - ADA/USDT:USDT, futures, 5m, data ends at 2026-06-17 23:55:00
2026-07-09 05:04:17,185 - freqtrade.data.history.datahandlers.idatahandler - WARNING - BNB/USDT:USDT, futures, 5m, data ends at 2026-06-17 23:55:00
2026-07-09 05:04:17,387 - freqtrade.data.history.datahandlers.idatahandler - WARNING - SOL/USDT:USDT, futures, 5m, data ends at 2026-06-17 23:55:00
2026-07-09 05:04:17,595 - freqtrade.data.history.datahandlers.idatahandler - WARNING - DOGE/USDT:USDT, futures, 5m, data ends at 2026-06-17 23:55:00
2026-07-09 05:04:17,817 - freqtrade.data.history.datahandlers.idatahandler - WARNING - XRP/USDT:USDT, futures, 5m, data ends at 2026-06-17 23:55:00
2026-07-09 05:04:17,965 - freqtrade.data.history.datahandlers.idatahandler - WARNING - TAO/USDT:USDT, futures, 5m, data starts at 2024-04-11 14:30:00
2026-07-09 05:04:17,966 - freqtrade.data.history.datahandlers.idatahandler - WARNING - TAO/USDT:USDT, futures, 5m, data ends at 2026-06-17 23:55:00
2026-07-09 05:04:18,110 - freqtrade.data.history.datahandlers.idatahandler - WARNING - SUI/USDT:USDT, futures, 5m, data starts at 2024-02-28 00:00:00
2026-07-09 05:04:18,110 - freqtrade.data.history.datahandlers.idatahandler - WARNING - SUI/USDT:USDT, futures, 5m, data ends at 2026-06-17 23:55:00
2026-07-09 05:04:18,251 - freqtrade.data.history.datahandlers.idatahandler - WARNING - PAXG/USDT:USDT, futures, 5m, data starts at 2025-03-27 10:30:00
2026-07-09 05:04:18,251 - freqtrade.data.history.datahandlers.idatahandler - WARNING - PAXG/USDT:USDT, futures, 5m, data ends at 2026-06-17 23:55:00
2026-07-09 05:04:18,372 - freqtrade.data.history.datahandlers.idatahandler - WARNING - NEAR/USDT:USDT, futures, 5m, data ends at 2026-06-17 23:55:00
2026-07-09 05:04:18,596 - freqtrade.data.history.datahandlers.idatahandler - WARNING - LINK/USDT:USDT, futures, 5m, data ends at 2026-06-17 23:55:00
2026-07-09 05:04:18,888 - freqtrade.data.history.datahandlers.idatahandler - WARNING - TAO/USDT:USDT, funding_rate, 1h, data starts at 2024-04-11 16:00:00
2026-07-09 05:04:18,930 - freqtrade.data.history.datahandlers.idatahandler - WARNING - PAXG/USDT:USDT, funding_rate, 1h, data starts at 2025-03-27 08:00:00
2026-07-09 05:04:19,356 - freqtrade.data.history.datahandlers.idatahandler - WARNING - TAO/USDT:USDT, mark, 1h, data starts at 2024-04-11 12:00:00
2026-07-09 05:04:19,421 - freqtrade.data.history.datahandlers.idatahandler - WARNING - PAXG/USDT:USDT, mark, 1h, data starts at 2025-03-27 07:00:00
2026-07-09 05:04:21,440 - freqtrade.optimize.backtesting - INFO - Dataload complete. Calculating indicators
2026-07-09 05:04:21,484 - freqtrade.optimize.backtesting - INFO - Running backtesting for Strategy DualTrendBaselineStrategy
2026-07-09 05:04:21,486 - freqtrade.data.dataprovider - INFO - Loading data for ETH/USDT:USDT 1d from 2020-09-21 00:00:00 to 2026-06-18 00:00:00
2026-07-09 05:04:21,507 - freqtrade.data.history.datahandlers.idatahandler - WARNING - ETH/USDT:USDT, futures, 1d, data starts at 2022-10-01 00:00:00
2026-07-09 05:04:21,571 - freqtrade.data.dataprovider - INFO - Loading data for ETH/USDT:USDT 4h from 2023-01-02 08:00:00 to 2026-06-18 00:00:00
/freqtrade/user_data/strategies/DualTrendCompressionRestartShortV1Strategy.py:241: PerformanceWarning: DataFrame is highly fragmented.  This is usually the result of calling `frame.insert` many times, which has poor performance.  Consider joining all columns at once using pd.concat(axis=1) instead. To get a de-fragmented frame, use `newframe = frame.copy()`
  dataframe["near_low_zone"] = dataframe["compression_high"] <= dataframe["recent_low_24"] * self.low_zone_buffer
/freqtrade/user_data/strategies/DualTrendCompressionRestartShortV1Strategy.py:244: PerformanceWarning: DataFrame is highly fragmented.  This is usually the result of calling `frame.insert` many times, which has poor performance.  Consider joining all columns at once using pd.concat(axis=1) instead. To get a de-fragmented frame, use `newframe = frame.copy()`
  dataframe["body_pct_of_range"] = (dataframe["close"] - dataframe["open"]).abs() / candle_range.replace(0, np.nan)
/freqtrade/user_data/strategies/DualTrendCompressionRestartShortV1Strategy.py:245: PerformanceWarning: DataFrame is highly fragmented.  This is usually the result of calling `frame.insert` many times, which has poor performance.  Consider joining all columns at once using pd.concat(axis=1) instead. To get a de-fragmented frame, use `newframe = frame.copy()`
  dataframe["close_position"] = (dataframe["close"] - dataframe["low"]) / candle_range.replace(0, np.nan)
/freqtrade/user_data/strategies/DualTrendCompressionRestartShortV1Strategy.py:246: PerformanceWarning: DataFrame is highly fragmented.  This is usually the result of calling `frame.insert` many times, which has poor performance.  Consider joining all columns at once using pd.concat(axis=1) instead. To get a de-fragmented frame, use `newframe = frame.copy()`
  dataframe["candle_quality_short"] = (
/freqtrade/user_data/strategies/DualTrendCompressionRestartShortV1Strategy.py:252: PerformanceWarning: DataFrame is highly fragmented.  This is usually the result of calling `frame.insert` many times, which has poor performance.  Consider joining all columns at once using pd.concat(axis=1) instead. To get a de-fragmented frame, use `newframe = frame.copy()`
  dataframe["short_compression_stop"] = dataframe["compression_high"] + self.stop_atr_buffer * dataframe["atr_ref"]
/freqtrade/user_data/strategies/DualTrendCompressionRestartShortV1Strategy.py:253: PerformanceWarning: DataFrame is highly fragmented.  This is usually the result of calling `frame.insert` many times, which has poor performance.  Consider joining all columns at once using pd.concat(axis=1) instead. To get a de-fragmented frame, use `newframe = frame.copy()`
  dataframe["short_pullback_stop"] = dataframe["pullback_high_12"] + self.stop_atr_buffer * dataframe["atr_ref"]
2026-07-09 05:04:21,716 - freqtrade.data.dataprovider - INFO - Loading data for BTC/USDT:USDT 4h from 2023-01-02 08:00:00 to 2026-06-18 00:00:00
2026-07-09 05:04:23,894 - freqtrade.data.dataprovider - INFO - Loading data for ZEC/USDT:USDT 1d from 2020-09-21 00:00:00 to 2026-06-18 00:00:00
2026-07-09 05:04:23,916 - freqtrade.data.history.datahandlers.idatahandler - WARNING - ZEC/USDT:USDT, futures, 1d, data starts at 2022-10-01 00:00:00
2026-07-09 05:04:23,972 - freqtrade.data.dataprovider - INFO - Loading data for ZEC/USDT:USDT 4h from 2023-01-02 08:00:00 to 2026-06-18 00:00:00
/freqtrade/user_data/strategies/DualTrendCompressionRestartShortV1Strategy.py:241: PerformanceWarning: DataFrame is highly fragmented.  This is usually the result of calling `frame.insert` many times, which has poor performance.  Consider joining all columns at once using pd.concat(axis=1) instead. To get a de-fragmented frame, use `newframe = frame.copy()`
  dataframe["near_low_zone"] = dataframe["compression_high"] <= dataframe["recent_low_24"] * self.low_zone_buffer
/freqtrade/user_data/strategies/DualTrendCompressionRestartShortV1Strategy.py:244: PerformanceWarning: DataFrame is highly fragmented.  This is usually the result of calling `frame.insert` many times, which has poor performance.  Consider joining all columns at once using pd.concat(axis=1) instead. To get a de-fragmented frame, use `newframe = frame.copy()`
  dataframe["body_pct_of_range"] = (dataframe["close"] - dataframe["open"]).abs() / candle_range.replace(0, np.nan)
/freqtrade/user_data/strategies/DualTrendCompressionRestartShortV1Strategy.py:245: PerformanceWarning: DataFrame is highly fragmented.  This is usually the result of calling `frame.insert` many times, which has poor performance.  Consider joining all columns at once using pd.concat(axis=1) instead. To get a de-fragmented frame, use `newframe = frame.copy()`
  dataframe["close_position"] = (dataframe["close"] - dataframe["low"]) / candle_range.replace(0, np.nan)
/freqtrade/user_data/strategies/DualTrendCompressionRestartShortV1Strategy.py:246: PerformanceWarning: DataFrame is highly fragmented.  This is usually the result of calling `frame.insert` many times, which has poor performance.  Consider joining all columns at once using pd.concat(axis=1) instead. To get a de-fragmented frame, use `newframe = frame.copy()`
  dataframe["candle_quality_short"] = (
/freqtrade/user_data/strategies/DualTrendCompressionRestartShortV1Strategy.py:252: PerformanceWarning: DataFrame is highly fragmented.  This is usually the result of calling `frame.insert` many times, which has poor performance.  Consider joining all columns at once using pd.concat(axis=1) instead. To get a de-fragmented frame, use `newframe = frame.copy()`
  dataframe["short_compression_stop"] = dataframe["compression_high"] + self.stop_atr_buffer * dataframe["atr_ref"]
/freqtrade/user_data/strategies/DualTrendCompressionRestartShortV1Strategy.py:253: PerformanceWarning: DataFrame is highly fragmented.  This is usually the result of calling `frame.insert` many times, which has poor performance.  Consider joining all columns at once using pd.concat(axis=1) instead. To get a de-fragmented frame, use `newframe = frame.copy()`
  dataframe["short_pullback_stop"] = dataframe["pullback_high_12"] + self.stop_atr_buffer * dataframe["atr_ref"]
2026-07-09 05:04:26,187 - freqtrade.data.dataprovider - INFO - Loading data for BTC/USDT:USDT 1d from 2020-09-21 00:00:00 to 2026-06-18 00:00:00
2026-07-09 05:04:26,212 - freqtrade.data.history.datahandlers.idatahandler - WARNING - BTC/USDT:USDT, futures, 1d, data starts at 2022-10-01 00:00:00
/freqtrade/user_data/strategies/DualTrendCompressionRestartShortV1Strategy.py:241: PerformanceWarning: DataFrame is highly fragmented.  This is usually the result of calling `frame.insert` many times, which has poor performance.  Consider joining all columns at once using pd.concat(axis=1) instead. To get a de-fragmented frame, use `newframe = frame.copy()`
  dataframe["near_low_zone"] = dataframe["compression_high"] <= dataframe["recent_low_24"] * self.low_zone_buffer
/freqtrade/user_data/strategies/DualTrendCompressionRestartShortV1Strategy.py:244: PerformanceWarning: DataFrame is highly fragmented.  This is usually the result of calling `frame.insert` many times, which has poor performance.  Consider joining all columns at once using pd.concat(axis=1) instead. To get a de-fragmented frame, use `newframe = frame.copy()`
  dataframe["body_pct_of_range"] = (dataframe["close"] - dataframe["open"]).abs() / candle_range.replace(0, np.nan)
/freqtrade/user_data/strategies/DualTrendCompressionRestartShortV1Strategy.py:245: PerformanceWarning: DataFrame is highly fragmented.  This is usually the result of calling `frame.insert` many times, which has poor performance.  Consider joining all columns at once using pd.concat(axis=1) instead. To get a de-fragmented frame, use `newframe = frame.copy()`
  dataframe["close_position"] = (dataframe["close"] - dataframe["low"]) / candle_range.replace(0, np.nan)
/freqtrade/user_data/strategies/DualTrendCompressionRestartShortV1Strategy.py:246: PerformanceWarning: DataFrame is highly fragmented.  This is usually the result of calling `frame.insert` many times, which has poor performance.  Consider joining all columns at once using pd.concat(axis=1) instead. To get a de-fragmented frame, use `newframe = frame.copy()`
  dataframe["candle_quality_short"] = (
/freqtrade/user_data/strategies/DualTrendCompressionRestartShortV1Strategy.py:252: PerformanceWarning: DataFrame is highly fragmented.  This is usually the result of calling `frame.insert` many times, which has poor performance.  Consider joining all columns at once using pd.concat(axis=1) instead. To get a de-fragmented frame, use `newframe = frame.copy()`
  dataframe["short_compression_stop"] = dataframe["compression_high"] + self.stop_atr_buffer * dataframe["atr_ref"]
/freqtrade/user_data/strategies/DualTrendCompressionRestartShortV1Strategy.py:253: PerformanceWarning: DataFrame is highly fragmented.  This is usually the result of calling `frame.insert` many times, which has poor performance.  Consider joining all columns at once using pd.concat(axis=1) instead. To get a de-fragmented frame, use `newframe = frame.copy()`
  dataframe["short_pullback_stop"] = dataframe["pullback_high_12"] + self.stop_atr_buffer * dataframe["atr_ref"]
2026-07-09 05:04:28,370 - freqtrade.data.dataprovider - INFO - Loading data for ADA/USDT:USDT 1d from 2020-09-21 00:00:00 to 2026-06-18 00:00:00
2026-07-09 05:04:28,427 - freqtrade.data.history.datahandlers.idatahandler - WARNING - ADA/USDT:USDT, futures, 1d, data starts at 2022-10-01 00:00:00
2026-07-09 05:04:28,482 - freqtrade.data.dataprovider - INFO - Loading data for ADA/USDT:USDT 4h from 2023-01-02 08:00:00 to 2026-06-18 00:00:00
/freqtrade/user_data/strategies/DualTrendCompressionRestartShortV1Strategy.py:241: PerformanceWarning: DataFrame is highly fragmented.  This is usually the result of calling `frame.insert` many times, which has poor performance.  Consider joining all columns at once using pd.concat(axis=1) instead. To get a de-fragmented frame, use `newframe = frame.copy()`
  dataframe["near_low_zone"] = dataframe["compression_high"] <= dataframe["recent_low_24"] * self.low_zone_buffer
/freqtrade/user_data/strategies/DualTrendCompressionRestartShortV1Strategy.py:244: PerformanceWarning: DataFrame is highly fragmented.  This is usually the result of calling `frame.insert` many times, which has poor performance.  Consider joining all columns at once using pd.concat(axis=1) instead. To get a de-fragmented frame, use `newframe = frame.copy()`
  dataframe["body_pct_of_range"] = (dataframe["close"] - dataframe["open"]).abs() / candle_range.replace(0, np.nan)
/freqtrade/user_data/strategies/DualTrendCompressionRestartShortV1Strategy.py:245: PerformanceWarning: DataFrame is highly fragmented.  This is usually the result of calling `frame.insert` many times, which has poor performance.  Consider joining all columns at once using pd.concat(axis=1) instead. To get a de-fragmented frame, use `newframe = frame.copy()`
  dataframe["close_position"] = (dataframe["close"] - dataframe["low"]) / candle_range.replace(0, np.nan)
/freqtrade/user_data/strategies/DualTrendCompressionRestartShortV1Strategy.py:246: PerformanceWarning: DataFrame is highly fragmented.  This is usually the result of calling `frame.insert` many times, which has poor performance.  Consider joining all columns at once using pd.concat(axis=1) instead. To get a de-fragmented frame, use `newframe = frame.copy()`
  dataframe["candle_quality_short"] = (
/freqtrade/user_data/strategies/DualTrendCompressionRestartShortV1Strategy.py:252: PerformanceWarning: DataFrame is highly fragmented.  This is usually the result of calling `frame.insert` many times, which has poor performance.  Consider joining all columns at once using pd.concat(axis=1) instead. To get a de-fragmented frame, use `newframe = frame.copy()`
  dataframe["short_compression_stop"] = dataframe["compression_high"] + self.stop_atr_buffer * dataframe["atr_ref"]
/freqtrade/user_data/strategies/DualTrendCompressionRestartShortV1Strategy.py:253: PerformanceWarning: DataFrame is highly fragmented.  This is usually the result of calling `frame.insert` many times, which has poor performance.  Consider joining all columns at once using pd.concat(axis=1) instead. To get a de-fragmented frame, use `newframe = frame.copy()`
  dataframe["short_pullback_stop"] = dataframe["pullback_high_12"] + self.stop_atr_buffer * dataframe["atr_ref"]
2026-07-09 05:04:30,641 - freqtrade.data.dataprovider - INFO - Loading data for BNB/USDT:USDT 1d from 2020-09-21 00:00:00 to 2026-06-18 00:00:00
2026-07-09 05:04:30,661 - freqtrade.data.history.datahandlers.idatahandler - WARNING - BNB/USDT:USDT, futures, 1d, data starts at 2022-10-01 00:00:00
2026-07-09 05:04:30,724 - freqtrade.data.dataprovider - INFO - Loading data for BNB/USDT:USDT 4h from 2023-01-02 08:00:00 to 2026-06-18 00:00:00
/freqtrade/user_data/strategies/DualTrendCompressionRestartShortV1Strategy.py:241: PerformanceWarning: DataFrame is highly fragmented.  This is usually the result of calling `frame.insert` many times, which has poor performance.  Consider joining all columns at once using pd.concat(axis=1) instead. To get a de-fragmented frame, use `newframe = frame.copy()`
  dataframe["near_low_zone"] = dataframe["compression_high"] <= dataframe["recent_low_24"] * self.low_zone_buffer
/freqtrade/user_data/strategies/DualTrendCompressionRestartShortV1Strategy.py:244: PerformanceWarning: DataFrame is highly fragmented.  This is usually the result of calling `frame.insert` many times, which has poor performance.  Consider joining all columns at once using pd.concat(axis=1) instead. To get a de-fragmented frame, use `newframe = frame.copy()`
  dataframe["body_pct_of_range"] = (dataframe["close"] - dataframe["open"]).abs() / candle_range.replace(0, np.nan)
/freqtrade/user_data/strategies/DualTrendCompressionRestartShortV1Strategy.py:245: PerformanceWarning: DataFrame is highly fragmented.  This is usually the result of calling `frame.insert` many times, which has poor performance.  Consider joining all columns at once using pd.concat(axis=1) instead. To get a de-fragmented frame, use `newframe = frame.copy()`
  dataframe["close_position"] = (dataframe["close"] - dataframe["low"]) / candle_range.replace(0, np.nan)
/freqtrade/user_data/strategies/DualTrendCompressionRestartShortV1Strategy.py:246: PerformanceWarning: DataFrame is highly fragmented.  This is usually the result of calling `frame.insert` many times, which has poor performance.  Consider joining all columns at once using pd.concat(axis=1) instead. To get a de-fragmented frame, use `newframe = frame.copy()`
  dataframe["candle_quality_short"] = (
/freqtrade/user_data/strategies/DualTrendCompressionRestartShortV1Strategy.py:252: PerformanceWarning: DataFrame is highly fragmented.  This is usually the result of calling `frame.insert` many times, which has poor performance.  Consider joining all columns at once using pd.concat(axis=1) instead. To get a de-fragmented frame, use `newframe = frame.copy()`
  dataframe["short_compression_stop"] = dataframe["compression_high"] + self.stop_atr_buffer * dataframe["atr_ref"]
/freqtrade/user_data/strategies/DualTrendCompressionRestartShortV1Strategy.py:253: PerformanceWarning: DataFrame is highly fragmented.  This is usually the result of calling `frame.insert` many times, which has poor performance.  Consider joining all columns at once using pd.concat(axis=1) instead. To get a de-fragmented frame, use `newframe = frame.copy()`
  dataframe["short_pullback_stop"] = dataframe["pullback_high_12"] + self.stop_atr_buffer * dataframe["atr_ref"]
2026-07-09 05:04:33,037 - freqtrade.data.dataprovider - INFO - Loading data for SOL/USDT:USDT 1d from 2020-09-21 00:00:00 to 2026-06-18 00:00:00
2026-07-09 05:04:33,056 - freqtrade.data.history.datahandlers.idatahandler - WARNING - SOL/USDT:USDT, futures, 1d, data starts at 2022-10-01 00:00:00
2026-07-09 05:04:33,112 - freqtrade.data.dataprovider - INFO - Loading data for SOL/USDT:USDT 4h from 2023-01-02 08:00:00 to 2026-06-18 00:00:00
/freqtrade/user_data/strategies/DualTrendCompressionRestartShortV1Strategy.py:241: PerformanceWarning: DataFrame is highly fragmented.  This is usually the result of calling `frame.insert` many times, which has poor performance.  Consider joining all columns at once using pd.concat(axis=1) instead. To get a de-fragmented frame, use `newframe = frame.copy()`
  dataframe["near_low_zone"] = dataframe["compression_high"] <= dataframe["recent_low_24"] * self.low_zone_buffer
/freqtrade/user_data/strategies/DualTrendCompressionRestartShortV1Strategy.py:244: PerformanceWarning: DataFrame is highly fragmented.  This is usually the result of calling `frame.insert` many times, which has poor performance.  Consider joining all columns at once using pd.concat(axis=1) instead. To get a de-fragmented frame, use `newframe = frame.copy()`
  dataframe["body_pct_of_range"] = (dataframe["close"] - dataframe["open"]).abs() / candle_range.replace(0, np.nan)
/freqtrade/user_data/strategies/DualTrendCompressionRestartShortV1Strategy.py:245: PerformanceWarning: DataFrame is highly fragmented.  This is usually the result of calling `frame.insert` many times, which has poor performance.  Consider joining all columns at once using pd.concat(axis=1) instead. To get a de-fragmented frame, use `newframe = frame.copy()`
  dataframe["close_position"] = (dataframe["close"] - dataframe["low"]) / candle_range.replace(0, np.nan)
/freqtrade/user_data/strategies/DualTrendCompressionRestartShortV1Strategy.py:246: PerformanceWarning: DataFrame is highly fragmented.  This is usually the result of calling `frame.insert` many times, which has poor performance.  Consider joining all columns at once using pd.concat(axis=1) instead. To get a de-fragmented frame, use `newframe = frame.copy()`
  dataframe["candle_quality_short"] = (
/freqtrade/user_data/strategies/DualTrendCompressionRestartShortV1Strategy.py:252: PerformanceWarning: DataFrame is highly fragmented.  This is usually the result of calling `frame.insert` many times, which has poor performance.  Consider joining all columns at once using pd.concat(axis=1) instead. To get a de-fragmented frame, use `newframe = frame.copy()`
  dataframe["short_compression_stop"] = dataframe["compression_high"] + self.stop_atr_buffer * dataframe["atr_ref"]
/freqtrade/user_data/strategies/DualTrendCompressionRestartShortV1Strategy.py:253: PerformanceWarning: DataFrame is highly fragmented.  This is usually the result of calling `frame.insert` many times, which has poor performance.  Consider joining all columns at once using pd.concat(axis=1) instead. To get a de-fragmented frame, use `newframe = frame.copy()`
  dataframe["short_pullback_stop"] = dataframe["pullback_high_12"] + self.stop_atr_buffer * dataframe["atr_ref"]
2026-07-09 05:04:35,258 - freqtrade.data.dataprovider - INFO - Loading data for DOGE/USDT:USDT 1d from 2020-09-21 00:00:00 to 2026-06-18 00:00:00
2026-07-09 05:04:35,285 - freqtrade.data.history.datahandlers.idatahandler - WARNING - DOGE/USDT:USDT, futures, 1d, data starts at 2022-10-01 00:00:00
2026-07-09 05:04:35,341 - freqtrade.data.dataprovider - INFO - Loading data for DOGE/USDT:USDT 4h from 2023-01-02 08:00:00 to 2026-06-18 00:00:00
/freqtrade/user_data/strategies/DualTrendCompressionRestartShortV1Strategy.py:241: PerformanceWarning: DataFrame is highly fragmented.  This is usually the result of calling `frame.insert` many times, which has poor performance.  Consider joining all columns at once using pd.concat(axis=1) instead. To get a de-fragmented frame, use `newframe = frame.copy()`
  dataframe["near_low_zone"] = dataframe["compression_high"] <= dataframe["recent_low_24"] * self.low_zone_buffer
/freqtrade/user_data/strategies/DualTrendCompressionRestartShortV1Strategy.py:244: PerformanceWarning: DataFrame is highly fragmented.  This is usually the result of calling `frame.insert` many times, which has poor performance.  Consider joining all columns at once using pd.concat(axis=1) instead. To get a de-fragmented frame, use `newframe = frame.copy()`
  dataframe["body_pct_of_range"] = (dataframe["close"] - dataframe["open"]).abs() / candle_range.replace(0, np.nan)
/freqtrade/user_data/strategies/DualTrendCompressionRestartShortV1Strategy.py:245: PerformanceWarning: DataFrame is highly fragmented.  This is usually the result of calling `frame.insert` many times, which has poor performance.  Consider joining all columns at once using pd.concat(axis=1) instead. To get a de-fragmented frame, use `newframe = frame.copy()`
  dataframe["close_position"] = (dataframe["close"] - dataframe["low"]) / candle_range.replace(0, np.nan)
/freqtrade/user_data/strategies/DualTrendCompressionRestartShortV1Strategy.py:246: PerformanceWarning: DataFrame is highly fragmented.  This is usually the result of calling `frame.insert` many times, which has poor performance.  Consider joining all columns at once using pd.concat(axis=1) instead. To get a de-fragmented frame, use `newframe = frame.copy()`
  dataframe["candle_quality_short"] = (
/freqtrade/user_data/strategies/DualTrendCompressionRestartShortV1Strategy.py:252: PerformanceWarning: DataFrame is highly fragmented.  This is usually the result of calling `frame.insert` many times, which has poor performance.  Consider joining all columns at once using pd.concat(axis=1) instead. To get a de-fragmented frame, use `newframe = frame.copy()`
  dataframe["short_compression_stop"] = dataframe["compression_high"] + self.stop_atr_buffer * dataframe["atr_ref"]
/freqtrade/user_data/strategies/DualTrendCompressionRestartShortV1Strategy.py:253: PerformanceWarning: DataFrame is highly fragmented.  This is usually the result of calling `frame.insert` many times, which has poor performance.  Consider joining all columns at once using pd.concat(axis=1) instead. To get a de-fragmented frame, use `newframe = frame.copy()`
  dataframe["short_pullback_stop"] = dataframe["pullback_high_12"] + self.stop_atr_buffer * dataframe["atr_ref"]
2026-07-09 05:04:37,512 - freqtrade.data.dataprovider - INFO - Loading data for XRP/USDT:USDT 1d from 2020-09-21 00:00:00 to 2026-06-18 00:00:00
2026-07-09 05:04:37,540 - freqtrade.data.history.datahandlers.idatahandler - WARNING - XRP/USDT:USDT, futures, 1d, data starts at 2022-10-01 00:00:00
2026-07-09 05:04:37,595 - freqtrade.data.dataprovider - INFO - Loading data for XRP/USDT:USDT 4h from 2023-01-02 08:00:00 to 2026-06-18 00:00:00
/freqtrade/user_data/strategies/DualTrendCompressionRestartShortV1Strategy.py:241: PerformanceWarning: DataFrame is highly fragmented.  This is usually the result of calling `frame.insert` many times, which has poor performance.  Consider joining all columns at once using pd.concat(axis=1) instead. To get a de-fragmented frame, use `newframe = frame.copy()`
  dataframe["near_low_zone"] = dataframe["compression_high"] <= dataframe["recent_low_24"] * self.low_zone_buffer
/freqtrade/user_data/strategies/DualTrendCompressionRestartShortV1Strategy.py:244: PerformanceWarning: DataFrame is highly fragmented.  This is usually the result of calling `frame.insert` many times, which has poor performance.  Consider joining all columns at once using pd.concat(axis=1) instead. To get a de-fragmented frame, use `newframe = frame.copy()`
  dataframe["body_pct_of_range"] = (dataframe["close"] - dataframe["open"]).abs() / candle_range.replace(0, np.nan)
/freqtrade/user_data/strategies/DualTrendCompressionRestartShortV1Strategy.py:245: PerformanceWarning: DataFrame is highly fragmented.  This is usually the result of calling `frame.insert` many times, which has poor performance.  Consider joining all columns at once using pd.concat(axis=1) instead. To get a de-fragmented frame, use `newframe = frame.copy()`
  dataframe["close_position"] = (dataframe["close"] - dataframe["low"]) / candle_range.replace(0, np.nan)
/freqtrade/user_data/strategies/DualTrendCompressionRestartShortV1Strategy.py:246: PerformanceWarning: DataFrame is highly fragmented.  This is usually the result of calling `frame.insert` many times, which has poor performance.  Consider joining all columns at once using pd.concat(axis=1) instead. To get a de-fragmented frame, use `newframe = frame.copy()`
  dataframe["candle_quality_short"] = (
/freqtrade/user_data/strategies/DualTrendCompressionRestartShortV1Strategy.py:252: PerformanceWarning: DataFrame is highly fragmented.  This is usually the result of calling `frame.insert` many times, which has poor performance.  Consider joining all columns at once using pd.concat(axis=1) instead. To get a de-fragmented frame, use `newframe = frame.copy()`
  dataframe["short_compression_stop"] = dataframe["compression_high"] + self.stop_atr_buffer * dataframe["atr_ref"]
/freqtrade/user_data/strategies/DualTrendCompressionRestartShortV1Strategy.py:253: PerformanceWarning: DataFrame is highly fragmented.  This is usually the result of calling `frame.insert` many times, which has poor performance.  Consider joining all columns at once using pd.concat(axis=1) instead. To get a de-fragmented frame, use `newframe = frame.copy()`
  dataframe["short_pullback_stop"] = dataframe["pullback_high_12"] + self.stop_atr_buffer * dataframe["atr_ref"]
2026-07-09 05:04:39,838 - freqtrade.data.dataprovider - INFO - Loading data for TAO/USDT:USDT 1d from 2020-09-21 00:00:00 to 2026-06-18 00:00:00
2026-07-09 05:04:39,864 - freqtrade.data.history.datahandlers.idatahandler - WARNING - TAO/USDT:USDT, futures, 1d, data starts at 2024-04-11 00:00:00
2026-07-09 05:04:39,903 - freqtrade.data.dataprovider - INFO - Loading data for TAO/USDT:USDT 4h from 2023-01-02 08:00:00 to 2026-06-18 00:00:00
2026-07-09 05:04:39,933 - freqtrade.data.history.datahandlers.idatahandler - WARNING - TAO/USDT:USDT, futures, 4h, data starts at 2024-04-11 12:00:00
2026-07-09 05:04:41,575 - freqtrade.data.dataprovider - INFO - Loading data for SUI/USDT:USDT 1d from 2020-09-21 00:00:00 to 2026-06-18 00:00:00
2026-07-09 05:04:41,589 - freqtrade.data.history.datahandlers.idatahandler - WARNING - SUI/USDT:USDT, futures, 1d, data starts at 2023-06-18 00:00:00
2026-07-09 05:04:41,637 - freqtrade.data.dataprovider - INFO - Loading data for SUI/USDT:USDT 4h from 2023-01-02 08:00:00 to 2026-06-18 00:00:00
2026-07-09 05:04:41,654 - freqtrade.data.history.datahandlers.idatahandler - WARNING - SUI/USDT:USDT, futures, 4h, data starts at 2023-06-18 00:00:00
2026-07-09 05:04:43,806 - freqtrade.data.dataprovider - INFO - Loading data for PAXG/USDT:USDT 1d from 2020-09-21 00:00:00 to 2026-06-18 00:00:00
2026-07-09 05:04:43,828 - freqtrade.data.history.datahandlers.idatahandler - WARNING - PAXG/USDT:USDT, futures, 1d, data starts at 2025-03-27 00:00:00
2026-07-09 05:04:43,864 - freqtrade.data.dataprovider - INFO - Loading data for PAXG/USDT:USDT 4h from 2023-01-02 08:00:00 to 2026-06-18 00:00:00
2026-07-09 05:04:43,886 - freqtrade.data.history.datahandlers.idatahandler - WARNING - PAXG/USDT:USDT, futures, 4h, data starts at 2025-03-27 08:00:00
2026-07-09 05:04:44,852 - freqtrade.data.dataprovider - INFO - Loading data for NEAR/USDT:USDT 1d from 2020-09-21 00:00:00 to 2026-06-18 00:00:00
2026-07-09 05:04:44,867 - freqtrade.data.history.datahandlers.idatahandler - WARNING - NEAR/USDT:USDT, futures, 1d, data starts at 2022-10-01 00:00:00
2026-07-09 05:04:44,927 - freqtrade.data.dataprovider - INFO - Loading data for NEAR/USDT:USDT 4h from 2023-01-02 08:00:00 to 2026-06-18 00:00:00
/freqtrade/user_data/strategies/DualTrendCompressionRestartShortV1Strategy.py:241: PerformanceWarning: DataFrame is highly fragmented.  This is usually the result of calling `frame.insert` many times, which has poor performance.  Consider joining all columns at once using pd.concat(axis=1) instead. To get a de-fragmented frame, use `newframe = frame.copy()`
  dataframe["near_low_zone"] = dataframe["compression_high"] <= dataframe["recent_low_24"] * self.low_zone_buffer
/freqtrade/user_data/strategies/DualTrendCompressionRestartShortV1Strategy.py:244: PerformanceWarning: DataFrame is highly fragmented.  This is usually the result of calling `frame.insert` many times, which has poor performance.  Consider joining all columns at once using pd.concat(axis=1) instead. To get a de-fragmented frame, use `newframe = frame.copy()`
  dataframe["body_pct_of_range"] = (dataframe["close"] - dataframe["open"]).abs() / candle_range.replace(0, np.nan)
/freqtrade/user_data/strategies/DualTrendCompressionRestartShortV1Strategy.py:245: PerformanceWarning: DataFrame is highly fragmented.  This is usually the result of calling `frame.insert` many times, which has poor performance.  Consider joining all columns at once using pd.concat(axis=1) instead. To get a de-fragmented frame, use `newframe = frame.copy()`
  dataframe["close_position"] = (dataframe["close"] - dataframe["low"]) / candle_range.replace(0, np.nan)
/freqtrade/user_data/strategies/DualTrendCompressionRestartShortV1Strategy.py:246: PerformanceWarning: DataFrame is highly fragmented.  This is usually the result of calling `frame.insert` many times, which has poor performance.  Consider joining all columns at once using pd.concat(axis=1) instead. To get a de-fragmented frame, use `newframe = frame.copy()`
  dataframe["candle_quality_short"] = (
/freqtrade/user_data/strategies/DualTrendCompressionRestartShortV1Strategy.py:252: PerformanceWarning: DataFrame is highly fragmented.  This is usually the result of calling `frame.insert` many times, which has poor performance.  Consider joining all columns at once using pd.concat(axis=1) instead. To get a de-fragmented frame, use `newframe = frame.copy()`
  dataframe["short_compression_stop"] = dataframe["compression_high"] + self.stop_atr_buffer * dataframe["atr_ref"]
/freqtrade/user_data/strategies/DualTrendCompressionRestartShortV1Strategy.py:253: PerformanceWarning: DataFrame is highly fragmented.  This is usually the result of calling `frame.insert` many times, which has poor performance.  Consider joining all columns at once using pd.concat(axis=1) instead. To get a de-fragmented frame, use `newframe = frame.copy()`
  dataframe["short_pullback_stop"] = dataframe["pullback_high_12"] + self.stop_atr_buffer * dataframe["atr_ref"]
2026-07-09 05:04:47,213 - freqtrade.data.dataprovider - INFO - Loading data for LINK/USDT:USDT 1d from 2020-09-21 00:00:00 to 2026-06-18 00:00:00
2026-07-09 05:04:47,230 - freqtrade.data.history.datahandlers.idatahandler - WARNING - LINK/USDT:USDT, futures, 1d, data starts at 2022-10-01 00:00:00
2026-07-09 05:04:47,307 - freqtrade.data.dataprovider - INFO - Loading data for LINK/USDT:USDT 4h from 2023-01-02 08:00:00 to 2026-06-18 00:00:00
/freqtrade/user_data/strategies/DualTrendCompressionRestartShortV1Strategy.py:241: PerformanceWarning: DataFrame is highly fragmented.  This is usually the result of calling `frame.insert` many times, which has poor performance.  Consider joining all columns at once using pd.concat(axis=1) instead. To get a de-fragmented frame, use `newframe = frame.copy()`
  dataframe["near_low_zone"] = dataframe["compression_high"] <= dataframe["recent_low_24"] * self.low_zone_buffer
/freqtrade/user_data/strategies/DualTrendCompressionRestartShortV1Strategy.py:244: PerformanceWarning: DataFrame is highly fragmented.  This is usually the result of calling `frame.insert` many times, which has poor performance.  Consider joining all columns at once using pd.concat(axis=1) instead. To get a de-fragmented frame, use `newframe = frame.copy()`
  dataframe["body_pct_of_range"] = (dataframe["close"] - dataframe["open"]).abs() / candle_range.replace(0, np.nan)
/freqtrade/user_data/strategies/DualTrendCompressionRestartShortV1Strategy.py:245: PerformanceWarning: DataFrame is highly fragmented.  This is usually the result of calling `frame.insert` many times, which has poor performance.  Consider joining all columns at once using pd.concat(axis=1) instead. To get a de-fragmented frame, use `newframe = frame.copy()`
  dataframe["close_position"] = (dataframe["close"] - dataframe["low"]) / candle_range.replace(0, np.nan)
/freqtrade/user_data/strategies/DualTrendCompressionRestartShortV1Strategy.py:246: PerformanceWarning: DataFrame is highly fragmented.  This is usually the result of calling `frame.insert` many times, which has poor performance.  Consider joining all columns at once using pd.concat(axis=1) instead. To get a de-fragmented frame, use `newframe = frame.copy()`
  dataframe["candle_quality_short"] = (
/freqtrade/user_data/strategies/DualTrendCompressionRestartShortV1Strategy.py:252: PerformanceWarning: DataFrame is highly fragmented.  This is usually the result of calling `frame.insert` many times, which has poor performance.  Consider joining all columns at once using pd.concat(axis=1) instead. To get a de-fragmented frame, use `newframe = frame.copy()`
  dataframe["short_compression_stop"] = dataframe["compression_high"] + self.stop_atr_buffer * dataframe["atr_ref"]
/freqtrade/user_data/strategies/DualTrendCompressionRestartShortV1Strategy.py:253: PerformanceWarning: DataFrame is highly fragmented.  This is usually the result of calling `frame.insert` many times, which has poor performance.  Consider joining all columns at once using pd.concat(axis=1) instead. To get a de-fragmented frame, use `newframe = frame.copy()`
  dataframe["short_pullback_stop"] = dataframe["pullback_high_12"] + self.stop_atr_buffer * dataframe["atr_ref"]
2026-07-09 05:04:49,696 - freqtrade.optimize.backtesting - INFO - Backtesting with data from 2023-06-18 00:00:00 up to 2026-06-18 00:00:00 (1096 days).
2026-07-09 05:04:49,698 - freqtrade.resolvers.iresolver - INFO - Using resolved protection CooldownPeriod from '/freqtrade/freqtrade/plugins/protections/cooldown_period.py'...
2026-07-09 05:04:49,700 - freqtrade.resolvers.iresolver - INFO - Using resolved protection StoplossGuard from '/freqtrade/freqtrade/plugins/protections/stoploss_guard.py'...
2026-07-09 05:04:49,702 - freqtrade.resolvers.iresolver - INFO - Using resolved protection MaxDrawdown from '/freqtrade/freqtrade/plugins/protections/max_drawdown_protection.py'...
2026-07-09 05:08:59,206 - freqtrade.misc - INFO - dumping json to "/freqtrade/user_data/backtest_results/backtest-result-2026-07-09_05-08-59.meta.json"
Result for strategy DualTrendBaselineStrategy
                                                  BACKTESTING REPORT                                                   
┏━━━━━━━━━━━━━━━━┳━━━━━━━━┳━━━━━━━━━━━━━━┳━━━━━━━━━━━━━━━━━┳━━━━━━━━━━━━━━┳━━━━━━━━━━━━━━━━━━┳━━━━━━━━━━━━━━━━━━━━━━━━┓
┃           Pair ┃ Trades ┃ Avg Profit % ┃ Tot Profit USDT ┃ Tot Profit % ┃     Avg Duration ┃  Win  Draw  Loss  Win% ┃
┡━━━━━━━━━━━━━━━━╇━━━━━━━━╇━━━━━━━━━━━━━━╇━━━━━━━━━━━━━━━━━╇━━━━━━━━━━━━━━╇━━━━━━━━━━━━━━━━━━╇━━━━━━━━━━━━━━━━━━━━━━━━┩
│  ETH/USDT:USDT │     32 │         1.94 │         269.436 │        26.94 │   1 day, 4:14:00 │   17     0    15  53.1 │
│  XRP/USDT:USDT │     39 │         1.17 │         218.699 │        21.87 │  1 day, 11:38:00 │   20     0    19  51.3 │
│  BNB/USDT:USDT │     22 │         2.31 │         215.415 │        21.54 │   1 day, 3:54:00 │   12     0    10  54.5 │
│  ADA/USDT:USDT │     35 │         1.52 │         192.019 │         19.2 │   1 day, 2:46:00 │   18     0    17  51.4 │
│  ZEC/USDT:USDT │     13 │         3.22 │         150.036 │         15.0 │         22:24:00 │   11     0     2  84.6 │
│  BTC/USDT:USDT │     38 │         1.02 │         149.318 │        14.93 │  2 days, 0:04:00 │   16     0    22  42.1 │
│ DOGE/USDT:USDT │     24 │         1.71 │         120.427 │        12.04 │         15:30:00 │   15     0     9  62.5 │
│  TAO/USDT:USDT │     15 │         1.18 │          83.850 │         8.39 │         19:23:00 │    9     0     6  60.0 │
│ PAXG/USDT:USDT │      6 │         1.19 │          54.451 │         5.45 │ 9 days, 10:18:00 │    3     0     3  50.0 │
│ NEAR/USDT:USDT │     33 │         0.02 │          36.172 │         3.62 │         14:40:00 │   18     0    15  54.5 │
│  SOL/USDT:USDT │     30 │         0.21 │           4.085 │         0.41 │   1 day, 2:24:00 │   10     0    20  33.3 │
│  SUI/USDT:USDT │     19 │        -0.13 │         -12.911 │        -1.29 │         17:49:00 │    8     0    11  42.1 │
│ LINK/USDT:USDT │     24 │        -0.53 │         -34.913 │        -3.49 │         18:41:00 │    8     0    16  33.3 │
│          TOTAL │    330 │         1.06 │        1446.086 │       144.61 │   1 day, 6:26:00 │  165     0   165  50.0 │
└────────────────┴────────┴──────────────┴─────────────────┴──────────────┴──────────────────┴────────────────────────┘
                                             LEFT OPEN TRADES REPORT                                              
┏━━━━━━━━━━━━━━━┳━━━━━━━━┳━━━━━━━━━━━━━━┳━━━━━━━━━━━━━━━━━┳━━━━━━━━━━━━━━┳━━━━━━━━━━━━━━┳━━━━━━━━━━━━━━━━━━━━━━━━┓
┃          Pair ┃ Trades ┃ Avg Profit % ┃ Tot Profit USDT ┃ Tot Profit % ┃ Avg Duration ┃  Win  Draw  Loss  Win% ┃
┡━━━━━━━━━━━━━━━╇━━━━━━━━╇━━━━━━━━━━━━━━╇━━━━━━━━━━━━━━━━━╇━━━━━━━━━━━━━━╇━━━━━━━━━━━━━━╇━━━━━━━━━━━━━━━━━━━━━━━━┩
│ ADA/USDT:USDT │      1 │         1.15 │           4.975 │          0.5 │     15:00:00 │    1     0     0   100 │
│         TOTAL │      1 │         1.15 │           4.975 │          0.5 │     15:00:00 │    1     0     0   100 │
└───────────────┴────────┴──────────────┴─────────────────┴──────────────┴──────────────┴────────────────────────┘
                                                           ENTER TAG STATS                                                           
┏━━━━━━━━━━━━━━━━━━━━━━━━━━━━━┳━━━━━━━━━┳━━━━━━━━━━━━━━┳━━━━━━━━━━━━━━━━━┳━━━━━━━━━━━━━━┳━━━━━━━━━━━━━━━━━━┳━━━━━━━━━━━━━━━━━━━━━━━━┓
┃                   Enter Tag ┃ Entries ┃ Avg Profit % ┃ Tot Profit USDT ┃ Tot Profit % ┃     Avg Duration ┃  Win  Draw  Loss  Win% ┃
┡━━━━━━━━━━━━━━━━━━━━━━━━━━━━━╇━━━━━━━━━╇━━━━━━━━━━━━━━╇━━━━━━━━━━━━━━━━━╇━━━━━━━━━━━━━━╇━━━━━━━━━━━━━━━━━━╇━━━━━━━━━━━━━━━━━━━━━━━━┩
│      short_pullback_restart │     193 │         1.03 │         807.297 │        80.73 │   1 day, 1:22:00 │  106     0    87  54.9 │
│  long_1d_center_compression │      48 │          2.0 │         472.925 │        47.29 │ 2 days, 16:04:00 │   17     0    31  35.4 │
│ short_compression_breakdown │      89 │         0.62 │         165.864 │        16.59 │         23:19:00 │   42     0    47  47.2 │
│                       TOTAL │     330 │         1.06 │        1446.086 │       144.61 │   1 day, 6:26:00 │  165     0   165  50.0 │
└─────────────────────────────┴─────────┴──────────────┴─────────────────┴──────────────┴──────────────────┴────────────────────────┘
                                                      EXIT REASON STATS                                                       
┏━━━━━━━━━━━━━━━━━━━━━━━┳━━━━━━━┳━━━━━━━━━━━━━━┳━━━━━━━━━━━━━━━━━┳━━━━━━━━━━━━━━┳━━━━━━━━━━━━━━━━━━━┳━━━━━━━━━━━━━━━━━━━━━━━━┓
┃           Exit Reason ┃ Exits ┃ Avg Profit % ┃ Tot Profit USDT ┃ Tot Profit % ┃      Avg Duration ┃  Win  Draw  Loss  Win% ┃
┡━━━━━━━━━━━━━━━━━━━━━━━╇━━━━━━━╇━━━━━━━━━━━━━━╇━━━━━━━━━━━━━━━━━╇━━━━━━━━━━━━━━╇━━━━━━━━━━━━━━━━━━━╇━━━━━━━━━━━━━━━━━━━━━━━━┩
│                   roi │    53 │         10.0 │        2025.846 │       202.58 │   1 day, 23:14:00 │   53     0     0   100 │
│          partial_exit │    26 │         5.29 │         604.673 │        60.47 │   1 day, 13:08:00 │   26     0     0   100 │
│    swing_exit_long_1d │     1 │          4.3 │          31.110 │         3.11 │  17 days, 9:00:00 │    1     0     0   100 │
│ stale_low_profit_240h │     1 │         2.94 │          19.547 │         1.95 │ 10 days, 20:15:00 │    1     0     0   100 │
│            force_exit │     1 │         1.15 │           4.975 │          0.5 │          15:00:00 │    1     0     0   100 │
│       stale_flat_120h │     1 │         0.84 │           3.615 │         0.36 │   6 days, 7:35:00 │    1     0     0   100 │
│        stale_loss_72h │     4 │        -0.58 │          -7.922 │        -0.79 │   3 days, 8:41:00 │    0     0     4     0 │
│    trailing_stop_loss │   160 │        -0.56 │        -349.352 │       -34.94 │    1 day, 2:26:00 │   82     0    78  51.2 │
│             stop_loss │    83 │        -2.84 │        -886.406 │       -88.64 │          14:13:00 │    0     0    83     0 │
│                 TOTAL │   330 │         1.06 │        1446.086 │       144.61 │    1 day, 6:26:00 │  165     0   165  50.0 │
└───────────────────────┴───────┴──────────────┴─────────────────┴──────────────┴───────────────────┴────────────────────────┘
                                                                       MIXED TAG STATS                                                                       
┏━━━━━━━━━━━━━━━━━━━━━━━━━━━━━┳━━━━━━━━━━━━━━━━━━━━━━━┳━━━━━━━━┳━━━━━━━━━━━━━━┳━━━━━━━━━━━━━━━━━┳━━━━━━━━━━━━━━┳━━━━━━━━━━━━━━━━━━━┳━━━━━━━━━━━━━━━━━━━━━━━━┓
┃                   Enter Tag ┃           Exit Reason ┃ Trades ┃ Avg Profit % ┃ Tot Profit USDT ┃ Tot Profit % ┃      Avg Duration ┃  Win  Draw  Loss  Win% ┃
┡━━━━━━━━━━━━━━━━━━━━━━━━━━━━━╇━━━━━━━━━━━━━━━━━━━━━━━╇━━━━━━━━╇━━━━━━━━━━━━━━╇━━━━━━━━━━━━━━━━━╇━━━━━━━━━━━━━━╇━━━━━━━━━━━━━━━━━━━╇━━━━━━━━━━━━━━━━━━━━━━━━┩
│      short_pullback_restart │                   roi │     29 │         10.0 │        1071.475 │       107.15 │   1 day, 12:39:00 │   29     0     0   100 │
│  long_1d_center_compression │                   roi │     11 │         10.0 │         511.647 │        51.16 │  3 days, 18:43:00 │   11     0     0   100 │
│ short_compression_breakdown │                   roi │     13 │         10.0 │         442.723 │        44.27 │   1 day, 10:03:00 │   13     0     0   100 │
│      short_pullback_restart │          partial_exit │     17 │         5.18 │         406.844 │        40.68 │    1 day, 1:51:00 │   17     0     0   100 │
│ short_compression_breakdown │          partial_exit │      7 │         5.35 │         128.344 │        12.83 │    1 day, 5:02:00 │    7     0     0   100 │
│  long_1d_center_compression │          partial_exit │      2 │         6.02 │          69.485 │         6.95 │  6 days, 17:25:00 │    2     0     0   100 │
│  long_1d_center_compression │    swing_exit_long_1d │      1 │          4.3 │          31.110 │         3.11 │  17 days, 9:00:00 │    1     0     0   100 │
│      short_pullback_restart │ stale_low_profit_240h │      1 │         2.94 │          19.547 │         1.95 │ 10 days, 20:15:00 │    1     0     0   100 │
│ short_compression_breakdown │            force_exit │      1 │         1.15 │           4.975 │          0.5 │          15:00:00 │    1     0     0   100 │
│      short_pullback_restart │       stale_flat_120h │      1 │         0.84 │           3.615 │         0.36 │   6 days, 7:35:00 │    1     0     0   100 │
│      short_pullback_restart │        stale_loss_72h │      2 │        -0.47 │          -3.464 │        -0.35 │  3 days, 17:18:00 │    0     0     2     0 │
│  long_1d_center_compression │    trailing_stop_loss │     20 │        -0.04 │          -3.819 │        -0.38 │   2 days, 5:39:00 │    3     0    17  15.0 │
│ short_compression_breakdown │        stale_loss_72h │      2 │        -0.68 │          -4.458 │        -0.45 │   3 days, 0:05:00 │    0     0     2     0 │
│      short_pullback_restart │    trailing_stop_loss │     90 │        -0.33 │        -132.736 │       -13.27 │          23:32:00 │   58     0    32  64.4 │
│  long_1d_center_compression │             stop_loss │     14 │        -2.12 │        -135.499 │       -13.55 │          18:55:00 │    0     0    14     0 │
│ short_compression_breakdown │             stop_loss │     16 │        -3.34 │        -192.923 │       -19.29 │          14:19:00 │    0     0    16     0 │
│ short_compression_breakdown │    trailing_stop_loss │     50 │        -1.18 │        -212.797 │       -21.28 │          20:49:00 │   21     0    29  42.0 │
│      short_pullback_restart │             stop_loss │     53 │        -2.88 │        -557.984 │        -55.8 │          12:56:00 │    0     0    53     0 │
│                       TOTAL │                       │    330 │         1.06 │        1446.086 │       144.61 │    1 day, 6:26:00 │  165     0   165  50.0 │
└─────────────────────────────┴───────────────────────┴────────┴──────────────┴─────────────────┴──────────────┴───────────────────┴────────────────────────┘
                                   SUMMARY METRICS                                    
┏━━━━━━━━━━━━━━━━━━━━━━━━━━━━━━━━━━━━━━━━┳━━━━━━━━━━━━━━━━━━━━━━━━━━━━━━━━━━━━━━━━━━━┓
┃ Metric                                 ┃ Value                                     ┃
┡━━━━━━━━━━━━━━━━━━━━━━━━━━━━━━━━━━━━━━━━╇━━━━━━━━━━━━━━━━━━━━━━━━━━━━━━━━━━━━━━━━━━━┩
│ Backtesting from                       │ 2023-06-18 00:00:00                       │
│ Backtesting to                         │ 2026-06-18 00:00:00                       │
│ Trading Mode                           │ Isolated Futures                          │
│ Max open trades                        │ 3                                         │
│                                        │                                           │
│ Total/Daily Avg Trades                 │ 330 / 0.3                                 │
│ Starting balance                       │ 1000 USDT                                 │
│ Final balance                          │ 2446.086 USDT                             │
│ Absolute profit                        │ 1446.086 USDT                             │
│ Total profit %                         │ 144.61%                                   │
│ CAGR %                                 │ 34.70%                                    │
│ Sharpe (closed trades)                 │ 1.38                                      │
│ Sortino (closed trades)                │ 4.43                                      │
│ Calmar (closed trades)                 │ 43.66                                     │
│ SQN                                    │ 4.35                                      │
│ Profit factor                          │ 2.15                                      │
│ Expectancy (Ratio)                     │ 4.38 (0.58)                               │
│ Avg. daily profit                      │ 1.319 USDT                                │
│ Avg. stake amount                      │ 413.201 USDT                              │
│ Market change                          │ 208.26%                                   │
│ Total trade volume                     │ 272275.772 USDT                           │
│                                        │                                           │
│ Long / Short trades                    │ 48 / 282                                  │
│ Long / Short profit %                  │ 47.29% / 97.32%                           │
│ Long / Short profit USDT               │ 472.925 / 973.161                         │
│                                        │                                           │
│ Best Pair                              │ ETH/USDT:USDT 26.94%                      │
│ Worst Pair                             │ LINK/USDT:USDT -3.49%                     │
│ Best trade                             │ NEAR/USDT:USDT 10.02%                     │
│ Worst trade                            │ TAO/USDT:USDT -5.00%                      │
│ Best day                               │ 181.236 USDT                              │
│ Worst day                              │ -37.75 USDT                               │
│ Days win/draw/lose                     │ 108 / 860 / 127                           │
│ Min/Max/Avg. Duration Winners          │ 0d 00:10 / 17d 09:00 / 1d 13:03           │
│ Min/Max/Avg. Duration Losers           │ 0d 00:00 / 17d 21:15 / 0d 23:50           │
│ Max Consecutive Wins / Loss            │ 7 / 7                                     │
│ Rejected Entry signals                 │ 986                                       │
│ Entry/Exit Timeouts                    │ 0 / 0                                     │
│                                        │                                           │
│ Min/Max balance (closed trades)        │ 973.48 USDT / 2496.519 USDT               │
│ Max % of account underwater            │ 7.80%                                     │
│ Absolute drawdown                      │ 102.608 USDT (5.77%)                      │
│ Drawdown duration                      │ 54 days 07:15:00                          │
│ Profit at drawdown start               │ 777.315 USDT                              │
│ Profit at drawdown end                 │ 674.707 USDT                              │
│ Drawdown start                         │ 2025-04-09 17:00:00                       │
│ Drawdown end                           │ 2025-06-03 00:15:00                       │
│                                        │                                           │
│ Wallet based Metrics                   │                                           │
│ Min/Max balance (wallet balance)       │ 973.48 USDT / 2496.519 USDT               │
│ Min/Max balance dates (wallet balance) │ 2023-08-07 03:00:00 / 2026-06-06 05:00:00 │
│ Max % of account underwater (balance)  │ 7.80%                                     │
│ Absolute drawdown (wallet balance)     │ 102.608 USDT (5.77%)                      │
│ Drawdown duration                      │ 54 days 07:00:00                          │
│ Profit at drawdown start               │ 777.315 USDT                              │
│ Profit at drawdown end                 │ 674.707 USDT                              │
│ Drawdown start                         │ 2025-04-09 18:00:00                       │
│ Drawdown end                           │ 2025-06-03 01:00:00                       │
│ Sharpe (daily wallet balance)          │ 1.94                                      │
│ Sortino (daily wallet balance)         │ 3.54                                      │
│ Calmar (daily wallet balance)          │ 43.55                                     │
└────────────────────────────────────────┴───────────────────────────────────────────┘

Backtested 2023-06-18 00:00:00 -> 2026-06-18 00:00:00 | Max open trades : 3
                                                                   STRATEGY SUMMARY                                                                   
┏━━━━━━━━━━━━━━━━━━━━━━━━━━━┳━━━━━━━━┳━━━━━━━━━━━━━━┳━━━━━━━━━━━━━━━━━┳━━━━━━━━━━━━━━┳━━━━━━━━━━━━━━━━┳━━━━━━━━━━━━━━━━━━━━━━━━┳━━━━━━━━━━━━━━━━━━━━━┓
┃                  Strategy ┃ Trades ┃ Avg Profit % ┃ Tot Profit USDT ┃ Tot Profit % ┃   Avg Duration ┃  Win  Draw  Loss  Win% ┃            Drawdown ┃
┡━━━━━━━━━━━━━━━━━━━━━━━━━━━╇━━━━━━━━╇━━━━━━━━━━━━━━╇━━━━━━━━━━━━━━━━━╇━━━━━━━━━━━━━━╇━━━━━━━━━━━━━━━━╇━━━━━━━━━━━━━━━━━━━━━━━━╇━━━━━━━━━━━━━━━━━━━━━┩
│ DualTrendBaselineStrategy │    330 │         1.06 │        1446.086 │       144.61 │ 1 day, 6:26:00 │  165     0   165  50.0 │ 102.608 USDT  5.77% │
└───────────────────────────┴────────┴──────────────┴─────────────────┴──────────────┴────────────────┴────────────────────────┴─────────────────────┘
