time="2026-07-09T12:59:46+08:00" level=warning msg="Found orphan containers ([nfi-top9-exbtc-10000u-max4-dryrun]) for this project. If you removed or renamed this service in your compose file, you can run this command with the --remove-orphans flag to clean it up."
 Container ft_userdata-freqtrade-run-60993c2a9231 Creating 
 Container ft_userdata-freqtrade-run-60993c2a9231 Created 
2026-07-09 04:59:47,650 - freqtrade - INFO - freqtrade 2026.4
2026-07-09 04:59:47,936 - numexpr.utils - INFO - NumExpr defaulting to 16 threads.
2026-07-09 04:59:49,330 - freqtrade.configuration.load_config - INFO - Using config: /freqtrade/user_data/config.backtest.dualtrend.combined.top50.positive13.max3.json ...
2026-07-09 04:59:49,336 - freqtrade.loggers - INFO - Enabling colorized output.
2026-07-09 04:59:49,336 - freqtrade.loggers - INFO - Logfile configured
2026-07-09 04:59:49,337 - freqtrade.loggers - INFO - Verbosity set to 0
2026-07-09 04:59:49,337 - freqtrade.configuration.configuration - INFO - Using additional Strategy lookup path: /freqtrade/user_data/strategies
2026-07-09 04:59:49,338 - freqtrade.configuration.configuration - INFO - Using max_open_trades: 3 ...
2026-07-09 04:59:49,338 - freqtrade.configuration.configuration - INFO - Parameter --timeframe-detail detected, using 5m for intra-candle backtesting ...
2026-07-09 04:59:49,339 - freqtrade.configuration.configuration - INFO - Parameter --timerange detected: 20250618-20260618 ...
2026-07-09 05:00:10,328 - freqtrade.configuration.configuration - INFO - Using user-data directory: /freqtrade/user_data ...
2026-07-09 05:00:10,330 - freqtrade.configuration.configuration - INFO - Using data directory: /freqtrade/user_data/data/binance ...
2026-07-09 05:00:10,331 - freqtrade.configuration.configuration - INFO - Parameter --cache=day detected ...
2026-07-09 05:00:10,331 - freqtrade.configuration.configuration - INFO - Filter trades by timerange: 20250618-20260618
2026-07-09 05:00:10,332 - freqtrade.exchange.check_exchange - INFO - Checking exchange...
2026-07-09 05:00:10,343 - freqtrade.exchange.check_exchange - INFO - Exchange "binance" is officially supported by the Freqtrade development team.
2026-07-09 05:00:10,343 - freqtrade.configuration.configuration - INFO - Using pairlist from configuration.
2026-07-09 05:00:10,344 - freqtrade.configuration.config_validation - INFO - Validating configuration ...
2026-07-09 05:00:10,345 - freqtrade.commands.optimize_commands - INFO - Starting freqtrade in Backtesting mode
2026-07-09 05:00:10,346 - freqtrade.exchange.exchange - INFO - Instance is running with dry_run enabled
2026-07-09 05:00:10,347 - freqtrade.exchange.exchange - INFO - Using CCXT 4.5.50
2026-07-09 05:00:10,347 - freqtrade.exchange.exchange - INFO - Applying additional ccxt config: {'options': {'defaultType': 'swap', 'adjustForTimeDifference': True, 'recvWindow': 60000, 
'fetchCurrencies': False, 'fetchMarkets': ['linear']}, 'enableRateLimit': True, 'timeout': 60000}
2026-07-09 05:00:10,354 - freqtrade.exchange.exchange - INFO - Applying additional ccxt config: {'options': {'defaultType': 'swap', 'adjustForTimeDifference': True, 'recvWindow': 60000, 
'fetchCurrencies': False, 'fetchMarkets': ['linear']}, 'enableRateLimit': True, 'timeout': 60000}
2026-07-09 05:00:10,361 - freqtrade.exchange.exchange - INFO - Using Exchange "Binance"
2026-07-09 05:00:11,155 - freqtrade.resolvers.exchange_resolver - INFO - Using resolved exchange 'Binance'...
2026-07-09 05:00:11,419 - freqtrade.resolvers.iresolver - INFO - Using resolved strategy DualTrendRawStrategy from '/freqtrade/user_data/strategies/DualTrendMainStrategies.py'...
2026-07-09 05:00:11,421 - freqtrade.strategy.hyper - INFO - Found no parameter file.
2026-07-09 05:00:11,422 - freqtrade.resolvers.strategy_resolver - INFO - Override strategy 'stake_currency' with value from the configuration: USDT.
2026-07-09 05:00:11,422 - freqtrade.resolvers.strategy_resolver - INFO - Override strategy 'stake_amount' with value from the configuration: unlimited.
2026-07-09 05:00:11,422 - freqtrade.resolvers.strategy_resolver - INFO - Override strategy 'unfilledtimeout' with value from the configuration: {'entry': 10, 'exit': 10, 'exit_timeout_count': 0, 
'unit': 'minutes'}.
2026-07-09 05:00:11,423 - freqtrade.resolvers.strategy_resolver - INFO - Override strategy 'max_open_trades' with value from the configuration: 3.
2026-07-09 05:00:11,423 - freqtrade.resolvers.strategy_resolver - INFO - Strategy using minimal_roi: {'0': 0.1}
2026-07-09 05:00:11,423 - freqtrade.resolvers.strategy_resolver - INFO - Strategy using timeframe: 1h
2026-07-09 05:00:11,423 - freqtrade.resolvers.strategy_resolver - INFO - Strategy using stoploss: -0.06
2026-07-09 05:00:11,424 - freqtrade.resolvers.strategy_resolver - INFO - Strategy using trailing_stop: False
2026-07-09 05:00:11,424 - freqtrade.resolvers.strategy_resolver - INFO - Strategy using trailing_stop_positive_offset: 0.0
2026-07-09 05:00:11,424 - freqtrade.resolvers.strategy_resolver - INFO - Strategy using trailing_only_offset_is_reached: False
2026-07-09 05:00:11,424 - freqtrade.resolvers.strategy_resolver - INFO - Strategy using use_custom_stoploss: True
2026-07-09 05:00:11,425 - freqtrade.resolvers.strategy_resolver - INFO - Strategy using process_only_new_candles: True
2026-07-09 05:00:11,425 - freqtrade.resolvers.strategy_resolver - INFO - Strategy using order_types: {'entry': 'limit', 'exit': 'limit', 'stoploss': 'limit', 'stoploss_on_exchange': False, 
'stoploss_on_exchange_interval': 60}
2026-07-09 05:00:11,426 - freqtrade.resolvers.strategy_resolver - INFO - Strategy using order_time_in_force: {'entry': 'GTC', 'exit': 'GTC'}
2026-07-09 05:00:11,426 - freqtrade.resolvers.strategy_resolver - INFO - Strategy using stake_currency: USDT
2026-07-09 05:00:11,426 - freqtrade.resolvers.strategy_resolver - INFO - Strategy using stake_amount: unlimited
2026-07-09 05:00:11,427 - freqtrade.resolvers.strategy_resolver - INFO - Strategy using startup_candle_count: 1000
2026-07-09 05:00:11,427 - freqtrade.resolvers.strategy_resolver - INFO - Strategy using unfilledtimeout: {'entry': 10, 'exit': 10, 'exit_timeout_count': 0, 'unit': 'minutes'}
2026-07-09 05:00:11,427 - freqtrade.resolvers.strategy_resolver - INFO - Strategy using use_exit_signal: True
2026-07-09 05:00:11,428 - freqtrade.resolvers.strategy_resolver - INFO - Strategy using exit_profit_only: False
2026-07-09 05:00:11,428 - freqtrade.resolvers.strategy_resolver - INFO - Strategy using ignore_roi_if_entry_signal: True
2026-07-09 05:00:11,428 - freqtrade.resolvers.strategy_resolver - INFO - Strategy using exit_profit_offset: 0.0
2026-07-09 05:00:11,428 - freqtrade.resolvers.strategy_resolver - INFO - Strategy using disable_dataframe_checks: False
2026-07-09 05:00:11,429 - freqtrade.resolvers.strategy_resolver - INFO - Strategy using ignore_buying_expired_candle_after: 0
2026-07-09 05:00:11,429 - freqtrade.resolvers.strategy_resolver - INFO - Strategy using position_adjustment_enable: False
2026-07-09 05:00:11,429 - freqtrade.resolvers.strategy_resolver - INFO - Strategy using max_entry_position_adjustment: 1
2026-07-09 05:00:11,429 - freqtrade.resolvers.strategy_resolver - INFO - Strategy using max_open_trades: 3
2026-07-09 05:00:11,430 - freqtrade.configuration.config_validation - INFO - Validating configuration ...
2026-07-09 05:00:11,433 - freqtrade.resolvers.iresolver - INFO - Using resolved pairlist StaticPairList from '/freqtrade/freqtrade/plugins/pairlist/StaticPairList.py'...
2026-07-09 05:00:11,442 - freqtrade.optimize.backtesting - INFO - Using fee 0.0500% - worst case fee from exchange (lowest tier).
2026-07-09 05:00:11,443 - freqtrade.exchange.exchange - WARNING - Using 3 calls to get OHLCV. This can result in slower operations for the bot. Please check if you really need 1000 candles for your 
strategy.
2026-07-09 05:00:12,002 - freqtrade.optimize.backtesting - INFO - Loading data from 2025-05-07 08:00:00 up to 2026-06-18 00:00:00 (406 days).
2026-07-09 05:00:12,084 - freqtrade.data.history.datahandlers.idatahandler - WARNING - ETH/USDT:USDT, futures, 5m, data ends at 2026-06-17 23:55:00
2026-07-09 05:00:12,240 - freqtrade.data.history.datahandlers.idatahandler - WARNING - ZEC/USDT:USDT, futures, 5m, data ends at 2026-06-17 23:55:00
2026-07-09 05:00:12,396 - freqtrade.data.history.datahandlers.idatahandler - WARNING - BTC/USDT:USDT, futures, 5m, data ends at 2026-06-17 23:55:00
2026-07-09 05:00:12,539 - freqtrade.data.history.datahandlers.idatahandler - WARNING - ADA/USDT:USDT, futures, 5m, data ends at 2026-06-17 23:55:00
2026-07-09 05:00:12,689 - freqtrade.data.history.datahandlers.idatahandler - WARNING - BNB/USDT:USDT, futures, 5m, data ends at 2026-06-17 23:55:00
2026-07-09 05:00:12,860 - freqtrade.data.history.datahandlers.idatahandler - WARNING - SOL/USDT:USDT, futures, 5m, data ends at 2026-06-17 23:55:00
2026-07-09 05:00:13,022 - freqtrade.data.history.datahandlers.idatahandler - WARNING - DOGE/USDT:USDT, futures, 5m, data ends at 2026-06-17 23:55:00
2026-07-09 05:00:13,157 - freqtrade.data.history.datahandlers.idatahandler - WARNING - XRP/USDT:USDT, futures, 5m, data ends at 2026-06-17 23:55:00
2026-07-09 05:00:13,270 - freqtrade.data.history.datahandlers.idatahandler - WARNING - TAO/USDT:USDT, futures, 5m, data ends at 2026-06-17 23:55:00
2026-07-09 05:00:13,371 - freqtrade.data.history.datahandlers.idatahandler - WARNING - SUI/USDT:USDT, futures, 5m, data ends at 2026-06-17 23:55:00
2026-07-09 05:00:13,447 - freqtrade.data.history.datahandlers.idatahandler - WARNING - PAXG/USDT:USDT, futures, 5m, data ends at 2026-06-17 23:55:00
2026-07-09 05:00:13,576 - freqtrade.data.history.datahandlers.idatahandler - WARNING - NEAR/USDT:USDT, futures, 5m, data ends at 2026-06-17 23:55:00
2026-07-09 05:00:13,716 - freqtrade.data.history.datahandlers.idatahandler - WARNING - LINK/USDT:USDT, futures, 5m, data ends at 2026-06-17 23:55:00
2026-07-09 05:00:15,371 - freqtrade.optimize.backtesting - INFO - Dataload complete. Calculating indicators
2026-07-09 05:00:15,395 - freqtrade.optimize.backtesting - INFO - Running backtesting for Strategy DualTrendRawStrategy
2026-07-09 05:00:15,397 - freqtrade.data.dataprovider - INFO - Loading data for ETH/USDT:USDT 1d from 2022-09-22 00:00:00 to 2026-06-18 00:00:00
2026-07-09 05:00:15,412 - freqtrade.data.history.datahandlers.idatahandler - WARNING - ETH/USDT:USDT, futures, 1d, data starts at 2022-10-01 00:00:00
2026-07-09 05:00:15,475 - freqtrade.data.dataprovider - INFO - Loading data for ETH/USDT:USDT 4h from 2025-01-02 08:00:00 to 2026-06-18 00:00:00
/freqtrade/user_data/strategies/DualTrendCompressionRestartShortV1Strategy.py:241: PerformanceWarning: DataFrame is highly fragmented.  This is usually the result of calling `frame.insert` many times, which has poor performance.  Consider joining all columns at once using pd.concat(axis=1) instead. To get a de-fragmented frame, use `newframe = frame.copy()`
  dataframe["near_low_zone"] = dataframe["compression_high"] <= dataframe["recent_low_24"] * self.low_zone_buffer
/freqtrade/user_data/strategies/DualTrendCompressionRestartShortV1Strategy.py:244: PerformanceWarning: DataFrame is highly fragmented.  This is usually the result of calling `frame.insert` many times, which has poor performance.  Consider joining all columns at once using pd.concat(axis=1) instead. To get a de-fragmented frame, use `newframe = frame.copy()`
  dataframe["body_pct_of_range"] = (dataframe["close"] - dataframe["open"]).abs() / candle_range.replace(0, np.nan)
/freqtrade/user_data/strategies/DualTrendCompressionRestartShortV1Strategy.py:245: PerformanceWarning: DataFrame is highly fragmented.  This is usually the result of calling `frame.insert` many times, which has poor performance.  Consider joining all columns at once using pd.concat(axis=1) instead. To get a de-fragmented frame, use `newframe = frame.copy()`
  dataframe["close_position"] = (dataframe["close"] - dataframe["low"]) / candle_range.replace(0, np.nan)
/freqtrade/user_data/strategies/DualTrendCompressionRestartShortV1Strategy.py:246: PerformanceWarning: DataFrame is highly fragmented.  This is usually the result of calling `frame.insert` many times, which has poor performance.  Consider joining all columns at once using pd.concat(axis=1) instead. To get a de-fragmented frame, use `newframe = frame.copy()`
  dataframe["candle_quality_short"] = (
/freqtrade/user_data/strategies/DualTrendCompressionRestartShortV1Strategy.py:252: PerformanceWarning: DataFrame is highly fragmented.  This is usually the result of calling `frame.insert` many times, which has poor performance.  Consider joining all columns at once using pd.concat(axis=1) instead. To get a de-fragmented frame, use `newframe = frame.copy()`
  dataframe["short_compression_stop"] = dataframe["compression_high"] + self.stop_atr_buffer * dataframe["atr_ref"]
/freqtrade/user_data/strategies/DualTrendCompressionRestartShortV1Strategy.py:253: PerformanceWarning: DataFrame is highly fragmented.  This is usually the result of calling `frame.insert` many times, which has poor performance.  Consider joining all columns at once using pd.concat(axis=1) instead. To get a de-fragmented frame, use `newframe = frame.copy()`
  dataframe["short_pullback_stop"] = dataframe["pullback_high_12"] + self.stop_atr_buffer * dataframe["atr_ref"]
2026-07-09 05:00:15,599 - freqtrade.data.dataprovider - INFO - Loading data for BTC/USDT:USDT 4h from 2025-01-02 08:00:00 to 2026-06-18 00:00:00
2026-07-09 05:00:16,561 - freqtrade.data.dataprovider - INFO - Loading data for ZEC/USDT:USDT 1d from 2022-09-22 00:00:00 to 2026-06-18 00:00:00
2026-07-09 05:00:16,577 - freqtrade.data.history.datahandlers.idatahandler - WARNING - ZEC/USDT:USDT, futures, 1d, data starts at 2022-10-01 00:00:00
2026-07-09 05:00:16,632 - freqtrade.data.dataprovider - INFO - Loading data for ZEC/USDT:USDT 4h from 2025-01-02 08:00:00 to 2026-06-18 00:00:00
/freqtrade/user_data/strategies/DualTrendCompressionRestartShortV1Strategy.py:241: PerformanceWarning: DataFrame is highly fragmented.  This is usually the result of calling `frame.insert` many times, which has poor performance.  Consider joining all columns at once using pd.concat(axis=1) instead. To get a de-fragmented frame, use `newframe = frame.copy()`
  dataframe["near_low_zone"] = dataframe["compression_high"] <= dataframe["recent_low_24"] * self.low_zone_buffer
/freqtrade/user_data/strategies/DualTrendCompressionRestartShortV1Strategy.py:244: PerformanceWarning: DataFrame is highly fragmented.  This is usually the result of calling `frame.insert` many times, which has poor performance.  Consider joining all columns at once using pd.concat(axis=1) instead. To get a de-fragmented frame, use `newframe = frame.copy()`
  dataframe["body_pct_of_range"] = (dataframe["close"] - dataframe["open"]).abs() / candle_range.replace(0, np.nan)
/freqtrade/user_data/strategies/DualTrendCompressionRestartShortV1Strategy.py:245: PerformanceWarning: DataFrame is highly fragmented.  This is usually the result of calling `frame.insert` many times, which has poor performance.  Consider joining all columns at once using pd.concat(axis=1) instead. To get a de-fragmented frame, use `newframe = frame.copy()`
  dataframe["close_position"] = (dataframe["close"] - dataframe["low"]) / candle_range.replace(0, np.nan)
/freqtrade/user_data/strategies/DualTrendCompressionRestartShortV1Strategy.py:246: PerformanceWarning: DataFrame is highly fragmented.  This is usually the result of calling `frame.insert` many times, which has poor performance.  Consider joining all columns at once using pd.concat(axis=1) instead. To get a de-fragmented frame, use `newframe = frame.copy()`
  dataframe["candle_quality_short"] = (
/freqtrade/user_data/strategies/DualTrendCompressionRestartShortV1Strategy.py:252: PerformanceWarning: DataFrame is highly fragmented.  This is usually the result of calling `frame.insert` many times, which has poor performance.  Consider joining all columns at once using pd.concat(axis=1) instead. To get a de-fragmented frame, use `newframe = frame.copy()`
  dataframe["short_compression_stop"] = dataframe["compression_high"] + self.stop_atr_buffer * dataframe["atr_ref"]
/freqtrade/user_data/strategies/DualTrendCompressionRestartShortV1Strategy.py:253: PerformanceWarning: DataFrame is highly fragmented.  This is usually the result of calling `frame.insert` many times, which has poor performance.  Consider joining all columns at once using pd.concat(axis=1) instead. To get a de-fragmented frame, use `newframe = frame.copy()`
  dataframe["short_pullback_stop"] = dataframe["pullback_high_12"] + self.stop_atr_buffer * dataframe["atr_ref"]
2026-07-09 05:00:17,559 - freqtrade.data.dataprovider - INFO - Loading data for BTC/USDT:USDT 1d from 2022-09-22 00:00:00 to 2026-06-18 00:00:00
2026-07-09 05:00:17,580 - freqtrade.data.history.datahandlers.idatahandler - WARNING - BTC/USDT:USDT, futures, 1d, data starts at 2022-10-01 00:00:00
/freqtrade/user_data/strategies/DualTrendCompressionRestartShortV1Strategy.py:241: PerformanceWarning: DataFrame is highly fragmented.  This is usually the result of calling `frame.insert` many times, which has poor performance.  Consider joining all columns at once using pd.concat(axis=1) instead. To get a de-fragmented frame, use `newframe = frame.copy()`
  dataframe["near_low_zone"] = dataframe["compression_high"] <= dataframe["recent_low_24"] * self.low_zone_buffer
/freqtrade/user_data/strategies/DualTrendCompressionRestartShortV1Strategy.py:244: PerformanceWarning: DataFrame is highly fragmented.  This is usually the result of calling `frame.insert` many times, which has poor performance.  Consider joining all columns at once using pd.concat(axis=1) instead. To get a de-fragmented frame, use `newframe = frame.copy()`
  dataframe["body_pct_of_range"] = (dataframe["close"] - dataframe["open"]).abs() / candle_range.replace(0, np.nan)
/freqtrade/user_data/strategies/DualTrendCompressionRestartShortV1Strategy.py:245: PerformanceWarning: DataFrame is highly fragmented.  This is usually the result of calling `frame.insert` many times, which has poor performance.  Consider joining all columns at once using pd.concat(axis=1) instead. To get a de-fragmented frame, use `newframe = frame.copy()`
  dataframe["close_position"] = (dataframe["close"] - dataframe["low"]) / candle_range.replace(0, np.nan)
/freqtrade/user_data/strategies/DualTrendCompressionRestartShortV1Strategy.py:246: PerformanceWarning: DataFrame is highly fragmented.  This is usually the result of calling `frame.insert` many times, which has poor performance.  Consider joining all columns at once using pd.concat(axis=1) instead. To get a de-fragmented frame, use `newframe = frame.copy()`
  dataframe["candle_quality_short"] = (
/freqtrade/user_data/strategies/DualTrendCompressionRestartShortV1Strategy.py:252: PerformanceWarning: DataFrame is highly fragmented.  This is usually the result of calling `frame.insert` many times, which has poor performance.  Consider joining all columns at once using pd.concat(axis=1) instead. To get a de-fragmented frame, use `newframe = frame.copy()`
  dataframe["short_compression_stop"] = dataframe["compression_high"] + self.stop_atr_buffer * dataframe["atr_ref"]
/freqtrade/user_data/strategies/DualTrendCompressionRestartShortV1Strategy.py:253: PerformanceWarning: DataFrame is highly fragmented.  This is usually the result of calling `frame.insert` many times, which has poor performance.  Consider joining all columns at once using pd.concat(axis=1) instead. To get a de-fragmented frame, use `newframe = frame.copy()`
  dataframe["short_pullback_stop"] = dataframe["pullback_high_12"] + self.stop_atr_buffer * dataframe["atr_ref"]
2026-07-09 05:00:18,476 - freqtrade.data.dataprovider - INFO - Loading data for ADA/USDT:USDT 1d from 2022-09-22 00:00:00 to 2026-06-18 00:00:00
2026-07-09 05:00:18,512 - freqtrade.data.history.datahandlers.idatahandler - WARNING - ADA/USDT:USDT, futures, 1d, data starts at 2022-10-01 00:00:00
2026-07-09 05:00:18,615 - freqtrade.data.dataprovider - INFO - Loading data for ADA/USDT:USDT 4h from 2025-01-02 08:00:00 to 2026-06-18 00:00:00
/freqtrade/user_data/strategies/DualTrendCompressionRestartShortV1Strategy.py:241: PerformanceWarning: DataFrame is highly fragmented.  This is usually the result of calling `frame.insert` many times, which has poor performance.  Consider joining all columns at once using pd.concat(axis=1) instead. To get a de-fragmented frame, use `newframe = frame.copy()`
  dataframe["near_low_zone"] = dataframe["compression_high"] <= dataframe["recent_low_24"] * self.low_zone_buffer
/freqtrade/user_data/strategies/DualTrendCompressionRestartShortV1Strategy.py:244: PerformanceWarning: DataFrame is highly fragmented.  This is usually the result of calling `frame.insert` many times, which has poor performance.  Consider joining all columns at once using pd.concat(axis=1) instead. To get a de-fragmented frame, use `newframe = frame.copy()`
  dataframe["body_pct_of_range"] = (dataframe["close"] - dataframe["open"]).abs() / candle_range.replace(0, np.nan)
/freqtrade/user_data/strategies/DualTrendCompressionRestartShortV1Strategy.py:245: PerformanceWarning: DataFrame is highly fragmented.  This is usually the result of calling `frame.insert` many times, which has poor performance.  Consider joining all columns at once using pd.concat(axis=1) instead. To get a de-fragmented frame, use `newframe = frame.copy()`
  dataframe["close_position"] = (dataframe["close"] - dataframe["low"]) / candle_range.replace(0, np.nan)
/freqtrade/user_data/strategies/DualTrendCompressionRestartShortV1Strategy.py:246: PerformanceWarning: DataFrame is highly fragmented.  This is usually the result of calling `frame.insert` many times, which has poor performance.  Consider joining all columns at once using pd.concat(axis=1) instead. To get a de-fragmented frame, use `newframe = frame.copy()`
  dataframe["candle_quality_short"] = (
/freqtrade/user_data/strategies/DualTrendCompressionRestartShortV1Strategy.py:252: PerformanceWarning: DataFrame is highly fragmented.  This is usually the result of calling `frame.insert` many times, which has poor performance.  Consider joining all columns at once using pd.concat(axis=1) instead. To get a de-fragmented frame, use `newframe = frame.copy()`
  dataframe["short_compression_stop"] = dataframe["compression_high"] + self.stop_atr_buffer * dataframe["atr_ref"]
/freqtrade/user_data/strategies/DualTrendCompressionRestartShortV1Strategy.py:253: PerformanceWarning: DataFrame is highly fragmented.  This is usually the result of calling `frame.insert` many times, which has poor performance.  Consider joining all columns at once using pd.concat(axis=1) instead. To get a de-fragmented frame, use `newframe = frame.copy()`
  dataframe["short_pullback_stop"] = dataframe["pullback_high_12"] + self.stop_atr_buffer * dataframe["atr_ref"]
2026-07-09 05:00:19,562 - freqtrade.data.dataprovider - INFO - Loading data for BNB/USDT:USDT 1d from 2022-09-22 00:00:00 to 2026-06-18 00:00:00
2026-07-09 05:00:19,581 - freqtrade.data.history.datahandlers.idatahandler - WARNING - BNB/USDT:USDT, futures, 1d, data starts at 2022-10-01 00:00:00
2026-07-09 05:00:19,631 - freqtrade.data.dataprovider - INFO - Loading data for BNB/USDT:USDT 4h from 2025-01-02 08:00:00 to 2026-06-18 00:00:00
/freqtrade/user_data/strategies/DualTrendCompressionRestartShortV1Strategy.py:241: PerformanceWarning: DataFrame is highly fragmented.  This is usually the result of calling `frame.insert` many times, which has poor performance.  Consider joining all columns at once using pd.concat(axis=1) instead. To get a de-fragmented frame, use `newframe = frame.copy()`
  dataframe["near_low_zone"] = dataframe["compression_high"] <= dataframe["recent_low_24"] * self.low_zone_buffer
/freqtrade/user_data/strategies/DualTrendCompressionRestartShortV1Strategy.py:244: PerformanceWarning: DataFrame is highly fragmented.  This is usually the result of calling `frame.insert` many times, which has poor performance.  Consider joining all columns at once using pd.concat(axis=1) instead. To get a de-fragmented frame, use `newframe = frame.copy()`
  dataframe["body_pct_of_range"] = (dataframe["close"] - dataframe["open"]).abs() / candle_range.replace(0, np.nan)
/freqtrade/user_data/strategies/DualTrendCompressionRestartShortV1Strategy.py:245: PerformanceWarning: DataFrame is highly fragmented.  This is usually the result of calling `frame.insert` many times, which has poor performance.  Consider joining all columns at once using pd.concat(axis=1) instead. To get a de-fragmented frame, use `newframe = frame.copy()`
  dataframe["close_position"] = (dataframe["close"] - dataframe["low"]) / candle_range.replace(0, np.nan)
/freqtrade/user_data/strategies/DualTrendCompressionRestartShortV1Strategy.py:246: PerformanceWarning: DataFrame is highly fragmented.  This is usually the result of calling `frame.insert` many times, which has poor performance.  Consider joining all columns at once using pd.concat(axis=1) instead. To get a de-fragmented frame, use `newframe = frame.copy()`
  dataframe["candle_quality_short"] = (
/freqtrade/user_data/strategies/DualTrendCompressionRestartShortV1Strategy.py:252: PerformanceWarning: DataFrame is highly fragmented.  This is usually the result of calling `frame.insert` many times, which has poor performance.  Consider joining all columns at once using pd.concat(axis=1) instead. To get a de-fragmented frame, use `newframe = frame.copy()`
  dataframe["short_compression_stop"] = dataframe["compression_high"] + self.stop_atr_buffer * dataframe["atr_ref"]
/freqtrade/user_data/strategies/DualTrendCompressionRestartShortV1Strategy.py:253: PerformanceWarning: DataFrame is highly fragmented.  This is usually the result of calling `frame.insert` many times, which has poor performance.  Consider joining all columns at once using pd.concat(axis=1) instead. To get a de-fragmented frame, use `newframe = frame.copy()`
  dataframe["short_pullback_stop"] = dataframe["pullback_high_12"] + self.stop_atr_buffer * dataframe["atr_ref"]
2026-07-09 05:00:20,483 - freqtrade.data.dataprovider - INFO - Loading data for SOL/USDT:USDT 1d from 2022-09-22 00:00:00 to 2026-06-18 00:00:00
2026-07-09 05:00:20,505 - freqtrade.data.history.datahandlers.idatahandler - WARNING - SOL/USDT:USDT, futures, 1d, data starts at 2022-10-01 00:00:00
2026-07-09 05:00:20,555 - freqtrade.data.dataprovider - INFO - Loading data for SOL/USDT:USDT 4h from 2025-01-02 08:00:00 to 2026-06-18 00:00:00
/freqtrade/user_data/strategies/DualTrendCompressionRestartShortV1Strategy.py:241: PerformanceWarning: DataFrame is highly fragmented.  This is usually the result of calling `frame.insert` many times, which has poor performance.  Consider joining all columns at once using pd.concat(axis=1) instead. To get a de-fragmented frame, use `newframe = frame.copy()`
  dataframe["near_low_zone"] = dataframe["compression_high"] <= dataframe["recent_low_24"] * self.low_zone_buffer
/freqtrade/user_data/strategies/DualTrendCompressionRestartShortV1Strategy.py:244: PerformanceWarning: DataFrame is highly fragmented.  This is usually the result of calling `frame.insert` many times, which has poor performance.  Consider joining all columns at once using pd.concat(axis=1) instead. To get a de-fragmented frame, use `newframe = frame.copy()`
  dataframe["body_pct_of_range"] = (dataframe["close"] - dataframe["open"]).abs() / candle_range.replace(0, np.nan)
/freqtrade/user_data/strategies/DualTrendCompressionRestartShortV1Strategy.py:245: PerformanceWarning: DataFrame is highly fragmented.  This is usually the result of calling `frame.insert` many times, which has poor performance.  Consider joining all columns at once using pd.concat(axis=1) instead. To get a de-fragmented frame, use `newframe = frame.copy()`
  dataframe["close_position"] = (dataframe["close"] - dataframe["low"]) / candle_range.replace(0, np.nan)
/freqtrade/user_data/strategies/DualTrendCompressionRestartShortV1Strategy.py:246: PerformanceWarning: DataFrame is highly fragmented.  This is usually the result of calling `frame.insert` many times, which has poor performance.  Consider joining all columns at once using pd.concat(axis=1) instead. To get a de-fragmented frame, use `newframe = frame.copy()`
  dataframe["candle_quality_short"] = (
/freqtrade/user_data/strategies/DualTrendCompressionRestartShortV1Strategy.py:252: PerformanceWarning: DataFrame is highly fragmented.  This is usually the result of calling `frame.insert` many times, which has poor performance.  Consider joining all columns at once using pd.concat(axis=1) instead. To get a de-fragmented frame, use `newframe = frame.copy()`
  dataframe["short_compression_stop"] = dataframe["compression_high"] + self.stop_atr_buffer * dataframe["atr_ref"]
/freqtrade/user_data/strategies/DualTrendCompressionRestartShortV1Strategy.py:253: PerformanceWarning: DataFrame is highly fragmented.  This is usually the result of calling `frame.insert` many times, which has poor performance.  Consider joining all columns at once using pd.concat(axis=1) instead. To get a de-fragmented frame, use `newframe = frame.copy()`
  dataframe["short_pullback_stop"] = dataframe["pullback_high_12"] + self.stop_atr_buffer * dataframe["atr_ref"]
2026-07-09 05:00:21,385 - freqtrade.data.dataprovider - INFO - Loading data for DOGE/USDT:USDT 1d from 2022-09-22 00:00:00 to 2026-06-18 00:00:00
2026-07-09 05:00:21,401 - freqtrade.data.history.datahandlers.idatahandler - WARNING - DOGE/USDT:USDT, futures, 1d, data starts at 2022-10-01 00:00:00
2026-07-09 05:00:21,471 - freqtrade.data.dataprovider - INFO - Loading data for DOGE/USDT:USDT 4h from 2025-01-02 08:00:00 to 2026-06-18 00:00:00
/freqtrade/user_data/strategies/DualTrendCompressionRestartShortV1Strategy.py:241: PerformanceWarning: DataFrame is highly fragmented.  This is usually the result of calling `frame.insert` many times, which has poor performance.  Consider joining all columns at once using pd.concat(axis=1) instead. To get a de-fragmented frame, use `newframe = frame.copy()`
  dataframe["near_low_zone"] = dataframe["compression_high"] <= dataframe["recent_low_24"] * self.low_zone_buffer
/freqtrade/user_data/strategies/DualTrendCompressionRestartShortV1Strategy.py:244: PerformanceWarning: DataFrame is highly fragmented.  This is usually the result of calling `frame.insert` many times, which has poor performance.  Consider joining all columns at once using pd.concat(axis=1) instead. To get a de-fragmented frame, use `newframe = frame.copy()`
  dataframe["body_pct_of_range"] = (dataframe["close"] - dataframe["open"]).abs() / candle_range.replace(0, np.nan)
/freqtrade/user_data/strategies/DualTrendCompressionRestartShortV1Strategy.py:245: PerformanceWarning: DataFrame is highly fragmented.  This is usually the result of calling `frame.insert` many times, which has poor performance.  Consider joining all columns at once using pd.concat(axis=1) instead. To get a de-fragmented frame, use `newframe = frame.copy()`
  dataframe["close_position"] = (dataframe["close"] - dataframe["low"]) / candle_range.replace(0, np.nan)
/freqtrade/user_data/strategies/DualTrendCompressionRestartShortV1Strategy.py:246: PerformanceWarning: DataFrame is highly fragmented.  This is usually the result of calling `frame.insert` many times, which has poor performance.  Consider joining all columns at once using pd.concat(axis=1) instead. To get a de-fragmented frame, use `newframe = frame.copy()`
  dataframe["candle_quality_short"] = (
/freqtrade/user_data/strategies/DualTrendCompressionRestartShortV1Strategy.py:252: PerformanceWarning: DataFrame is highly fragmented.  This is usually the result of calling `frame.insert` many times, which has poor performance.  Consider joining all columns at once using pd.concat(axis=1) instead. To get a de-fragmented frame, use `newframe = frame.copy()`
  dataframe["short_compression_stop"] = dataframe["compression_high"] + self.stop_atr_buffer * dataframe["atr_ref"]
/freqtrade/user_data/strategies/DualTrendCompressionRestartShortV1Strategy.py:253: PerformanceWarning: DataFrame is highly fragmented.  This is usually the result of calling `frame.insert` many times, which has poor performance.  Consider joining all columns at once using pd.concat(axis=1) instead. To get a de-fragmented frame, use `newframe = frame.copy()`
  dataframe["short_pullback_stop"] = dataframe["pullback_high_12"] + self.stop_atr_buffer * dataframe["atr_ref"]
2026-07-09 05:00:22,329 - freqtrade.data.dataprovider - INFO - Loading data for XRP/USDT:USDT 1d from 2022-09-22 00:00:00 to 2026-06-18 00:00:00
2026-07-09 05:00:22,346 - freqtrade.data.history.datahandlers.idatahandler - WARNING - XRP/USDT:USDT, futures, 1d, data starts at 2022-10-01 00:00:00
2026-07-09 05:00:22,405 - freqtrade.data.dataprovider - INFO - Loading data for XRP/USDT:USDT 4h from 2025-01-02 08:00:00 to 2026-06-18 00:00:00
/freqtrade/user_data/strategies/DualTrendCompressionRestartShortV1Strategy.py:241: PerformanceWarning: DataFrame is highly fragmented.  This is usually the result of calling `frame.insert` many times, which has poor performance.  Consider joining all columns at once using pd.concat(axis=1) instead. To get a de-fragmented frame, use `newframe = frame.copy()`
  dataframe["near_low_zone"] = dataframe["compression_high"] <= dataframe["recent_low_24"] * self.low_zone_buffer
/freqtrade/user_data/strategies/DualTrendCompressionRestartShortV1Strategy.py:244: PerformanceWarning: DataFrame is highly fragmented.  This is usually the result of calling `frame.insert` many times, which has poor performance.  Consider joining all columns at once using pd.concat(axis=1) instead. To get a de-fragmented frame, use `newframe = frame.copy()`
  dataframe["body_pct_of_range"] = (dataframe["close"] - dataframe["open"]).abs() / candle_range.replace(0, np.nan)
/freqtrade/user_data/strategies/DualTrendCompressionRestartShortV1Strategy.py:245: PerformanceWarning: DataFrame is highly fragmented.  This is usually the result of calling `frame.insert` many times, which has poor performance.  Consider joining all columns at once using pd.concat(axis=1) instead. To get a de-fragmented frame, use `newframe = frame.copy()`
  dataframe["close_position"] = (dataframe["close"] - dataframe["low"]) / candle_range.replace(0, np.nan)
/freqtrade/user_data/strategies/DualTrendCompressionRestartShortV1Strategy.py:246: PerformanceWarning: DataFrame is highly fragmented.  This is usually the result of calling `frame.insert` many times, which has poor performance.  Consider joining all columns at once using pd.concat(axis=1) instead. To get a de-fragmented frame, use `newframe = frame.copy()`
  dataframe["candle_quality_short"] = (
/freqtrade/user_data/strategies/DualTrendCompressionRestartShortV1Strategy.py:252: PerformanceWarning: DataFrame is highly fragmented.  This is usually the result of calling `frame.insert` many times, which has poor performance.  Consider joining all columns at once using pd.concat(axis=1) instead. To get a de-fragmented frame, use `newframe = frame.copy()`
  dataframe["short_compression_stop"] = dataframe["compression_high"] + self.stop_atr_buffer * dataframe["atr_ref"]
/freqtrade/user_data/strategies/DualTrendCompressionRestartShortV1Strategy.py:253: PerformanceWarning: DataFrame is highly fragmented.  This is usually the result of calling `frame.insert` many times, which has poor performance.  Consider joining all columns at once using pd.concat(axis=1) instead. To get a de-fragmented frame, use `newframe = frame.copy()`
  dataframe["short_pullback_stop"] = dataframe["pullback_high_12"] + self.stop_atr_buffer * dataframe["atr_ref"]
2026-07-09 05:00:23,285 - freqtrade.data.dataprovider - INFO - Loading data for TAO/USDT:USDT 1d from 2022-09-22 00:00:00 to 2026-06-18 00:00:00
2026-07-09 05:00:23,304 - freqtrade.data.history.datahandlers.idatahandler - WARNING - TAO/USDT:USDT, futures, 1d, data starts at 2024-04-11 00:00:00
2026-07-09 05:00:23,354 - freqtrade.data.dataprovider - INFO - Loading data for TAO/USDT:USDT 4h from 2025-01-02 08:00:00 to 2026-06-18 00:00:00
/freqtrade/user_data/strategies/DualTrendCompressionRestartShortV1Strategy.py:241: PerformanceWarning: DataFrame is highly fragmented.  This is usually the result of calling `frame.insert` many times, which has poor performance.  Consider joining all columns at once using pd.concat(axis=1) instead. To get a de-fragmented frame, use `newframe = frame.copy()`
  dataframe["near_low_zone"] = dataframe["compression_high"] <= dataframe["recent_low_24"] * self.low_zone_buffer
/freqtrade/user_data/strategies/DualTrendCompressionRestartShortV1Strategy.py:244: PerformanceWarning: DataFrame is highly fragmented.  This is usually the result of calling `frame.insert` many times, which has poor performance.  Consider joining all columns at once using pd.concat(axis=1) instead. To get a de-fragmented frame, use `newframe = frame.copy()`
  dataframe["body_pct_of_range"] = (dataframe["close"] - dataframe["open"]).abs() / candle_range.replace(0, np.nan)
/freqtrade/user_data/strategies/DualTrendCompressionRestartShortV1Strategy.py:245: PerformanceWarning: DataFrame is highly fragmented.  This is usually the result of calling `frame.insert` many times, which has poor performance.  Consider joining all columns at once using pd.concat(axis=1) instead. To get a de-fragmented frame, use `newframe = frame.copy()`
  dataframe["close_position"] = (dataframe["close"] - dataframe["low"]) / candle_range.replace(0, np.nan)
/freqtrade/user_data/strategies/DualTrendCompressionRestartShortV1Strategy.py:246: PerformanceWarning: DataFrame is highly fragmented.  This is usually the result of calling `frame.insert` many times, which has poor performance.  Consider joining all columns at once using pd.concat(axis=1) instead. To get a de-fragmented frame, use `newframe = frame.copy()`
  dataframe["candle_quality_short"] = (
/freqtrade/user_data/strategies/DualTrendCompressionRestartShortV1Strategy.py:252: PerformanceWarning: DataFrame is highly fragmented.  This is usually the result of calling `frame.insert` many times, which has poor performance.  Consider joining all columns at once using pd.concat(axis=1) instead. To get a de-fragmented frame, use `newframe = frame.copy()`
  dataframe["short_compression_stop"] = dataframe["compression_high"] + self.stop_atr_buffer * dataframe["atr_ref"]
/freqtrade/user_data/strategies/DualTrendCompressionRestartShortV1Strategy.py:253: PerformanceWarning: DataFrame is highly fragmented.  This is usually the result of calling `frame.insert` many times, which has poor performance.  Consider joining all columns at once using pd.concat(axis=1) instead. To get a de-fragmented frame, use `newframe = frame.copy()`
  dataframe["short_pullback_stop"] = dataframe["pullback_high_12"] + self.stop_atr_buffer * dataframe["atr_ref"]
2026-07-09 05:00:24,173 - freqtrade.data.dataprovider - INFO - Loading data for SUI/USDT:USDT 1d from 2022-09-22 00:00:00 to 2026-06-18 00:00:00
2026-07-09 05:00:24,188 - freqtrade.data.history.datahandlers.idatahandler - WARNING - SUI/USDT:USDT, futures, 1d, data starts at 2023-06-18 00:00:00
2026-07-09 05:00:24,241 - freqtrade.data.dataprovider - INFO - Loading data for SUI/USDT:USDT 4h from 2025-01-02 08:00:00 to 2026-06-18 00:00:00
/freqtrade/user_data/strategies/DualTrendCompressionRestartShortV1Strategy.py:241: PerformanceWarning: DataFrame is highly fragmented.  This is usually the result of calling `frame.insert` many times, which has poor performance.  Consider joining all columns at once using pd.concat(axis=1) instead. To get a de-fragmented frame, use `newframe = frame.copy()`
  dataframe["near_low_zone"] = dataframe["compression_high"] <= dataframe["recent_low_24"] * self.low_zone_buffer
/freqtrade/user_data/strategies/DualTrendCompressionRestartShortV1Strategy.py:244: PerformanceWarning: DataFrame is highly fragmented.  This is usually the result of calling `frame.insert` many times, which has poor performance.  Consider joining all columns at once using pd.concat(axis=1) instead. To get a de-fragmented frame, use `newframe = frame.copy()`
  dataframe["body_pct_of_range"] = (dataframe["close"] - dataframe["open"]).abs() / candle_range.replace(0, np.nan)
/freqtrade/user_data/strategies/DualTrendCompressionRestartShortV1Strategy.py:245: PerformanceWarning: DataFrame is highly fragmented.  This is usually the result of calling `frame.insert` many times, which has poor performance.  Consider joining all columns at once using pd.concat(axis=1) instead. To get a de-fragmented frame, use `newframe = frame.copy()`
  dataframe["close_position"] = (dataframe["close"] - dataframe["low"]) / candle_range.replace(0, np.nan)
/freqtrade/user_data/strategies/DualTrendCompressionRestartShortV1Strategy.py:246: PerformanceWarning: DataFrame is highly fragmented.  This is usually the result of calling `frame.insert` many times, which has poor performance.  Consider joining all columns at once using pd.concat(axis=1) instead. To get a de-fragmented frame, use `newframe = frame.copy()`
  dataframe["candle_quality_short"] = (
/freqtrade/user_data/strategies/DualTrendCompressionRestartShortV1Strategy.py:252: PerformanceWarning: DataFrame is highly fragmented.  This is usually the result of calling `frame.insert` many times, which has poor performance.  Consider joining all columns at once using pd.concat(axis=1) instead. To get a de-fragmented frame, use `newframe = frame.copy()`
  dataframe["short_compression_stop"] = dataframe["compression_high"] + self.stop_atr_buffer * dataframe["atr_ref"]
/freqtrade/user_data/strategies/DualTrendCompressionRestartShortV1Strategy.py:253: PerformanceWarning: DataFrame is highly fragmented.  This is usually the result of calling `frame.insert` many times, which has poor performance.  Consider joining all columns at once using pd.concat(axis=1) instead. To get a de-fragmented frame, use `newframe = frame.copy()`
  dataframe["short_pullback_stop"] = dataframe["pullback_high_12"] + self.stop_atr_buffer * dataframe["atr_ref"]
2026-07-09 05:00:25,089 - freqtrade.data.dataprovider - INFO - Loading data for PAXG/USDT:USDT 1d from 2022-09-22 00:00:00 to 2026-06-18 00:00:00
2026-07-09 05:00:25,106 - freqtrade.data.history.datahandlers.idatahandler - WARNING - PAXG/USDT:USDT, futures, 1d, data starts at 2025-03-27 00:00:00
2026-07-09 05:00:25,155 - freqtrade.data.dataprovider - INFO - Loading data for PAXG/USDT:USDT 4h from 2025-01-02 08:00:00 to 2026-06-18 00:00:00
2026-07-09 05:00:25,168 - freqtrade.data.history.datahandlers.idatahandler - WARNING - PAXG/USDT:USDT, futures, 4h, data starts at 2025-03-27 08:00:00
/freqtrade/user_data/strategies/DualTrendCompressionRestartShortV1Strategy.py:241: PerformanceWarning: DataFrame is highly fragmented.  This is usually the result of calling `frame.insert` many times, which has poor performance.  Consider joining all columns at once using pd.concat(axis=1) instead. To get a de-fragmented frame, use `newframe = frame.copy()`
  dataframe["near_low_zone"] = dataframe["compression_high"] <= dataframe["recent_low_24"] * self.low_zone_buffer
/freqtrade/user_data/strategies/DualTrendCompressionRestartShortV1Strategy.py:244: PerformanceWarning: DataFrame is highly fragmented.  This is usually the result of calling `frame.insert` many times, which has poor performance.  Consider joining all columns at once using pd.concat(axis=1) instead. To get a de-fragmented frame, use `newframe = frame.copy()`
  dataframe["body_pct_of_range"] = (dataframe["close"] - dataframe["open"]).abs() / candle_range.replace(0, np.nan)
/freqtrade/user_data/strategies/DualTrendCompressionRestartShortV1Strategy.py:245: PerformanceWarning: DataFrame is highly fragmented.  This is usually the result of calling `frame.insert` many times, which has poor performance.  Consider joining all columns at once using pd.concat(axis=1) instead. To get a de-fragmented frame, use `newframe = frame.copy()`
  dataframe["close_position"] = (dataframe["close"] - dataframe["low"]) / candle_range.replace(0, np.nan)
/freqtrade/user_data/strategies/DualTrendCompressionRestartShortV1Strategy.py:246: PerformanceWarning: DataFrame is highly fragmented.  This is usually the result of calling `frame.insert` many times, which has poor performance.  Consider joining all columns at once using pd.concat(axis=1) instead. To get a de-fragmented frame, use `newframe = frame.copy()`
  dataframe["candle_quality_short"] = (
/freqtrade/user_data/strategies/DualTrendCompressionRestartShortV1Strategy.py:252: PerformanceWarning: DataFrame is highly fragmented.  This is usually the result of calling `frame.insert` many times, which has poor performance.  Consider joining all columns at once using pd.concat(axis=1) instead. To get a de-fragmented frame, use `newframe = frame.copy()`
  dataframe["short_compression_stop"] = dataframe["compression_high"] + self.stop_atr_buffer * dataframe["atr_ref"]
/freqtrade/user_data/strategies/DualTrendCompressionRestartShortV1Strategy.py:253: PerformanceWarning: DataFrame is highly fragmented.  This is usually the result of calling `frame.insert` many times, which has poor performance.  Consider joining all columns at once using pd.concat(axis=1) instead. To get a de-fragmented frame, use `newframe = frame.copy()`
  dataframe["short_pullback_stop"] = dataframe["pullback_high_12"] + self.stop_atr_buffer * dataframe["atr_ref"]
2026-07-09 05:00:25,914 - freqtrade.data.dataprovider - INFO - Loading data for NEAR/USDT:USDT 1d from 2022-09-22 00:00:00 to 2026-06-18 00:00:00
2026-07-09 05:00:25,932 - freqtrade.data.history.datahandlers.idatahandler - WARNING - NEAR/USDT:USDT, futures, 1d, data starts at 2022-10-01 00:00:00
2026-07-09 05:00:25,981 - freqtrade.data.dataprovider - INFO - Loading data for NEAR/USDT:USDT 4h from 2025-01-02 08:00:00 to 2026-06-18 00:00:00
/freqtrade/user_data/strategies/DualTrendCompressionRestartShortV1Strategy.py:241: PerformanceWarning: DataFrame is highly fragmented.  This is usually the result of calling `frame.insert` many times, which has poor performance.  Consider joining all columns at once using pd.concat(axis=1) instead. To get a de-fragmented frame, use `newframe = frame.copy()`
  dataframe["near_low_zone"] = dataframe["compression_high"] <= dataframe["recent_low_24"] * self.low_zone_buffer
/freqtrade/user_data/strategies/DualTrendCompressionRestartShortV1Strategy.py:244: PerformanceWarning: DataFrame is highly fragmented.  This is usually the result of calling `frame.insert` many times, which has poor performance.  Consider joining all columns at once using pd.concat(axis=1) instead. To get a de-fragmented frame, use `newframe = frame.copy()`
  dataframe["body_pct_of_range"] = (dataframe["close"] - dataframe["open"]).abs() / candle_range.replace(0, np.nan)
/freqtrade/user_data/strategies/DualTrendCompressionRestartShortV1Strategy.py:245: PerformanceWarning: DataFrame is highly fragmented.  This is usually the result of calling `frame.insert` many times, which has poor performance.  Consider joining all columns at once using pd.concat(axis=1) instead. To get a de-fragmented frame, use `newframe = frame.copy()`
  dataframe["close_position"] = (dataframe["close"] - dataframe["low"]) / candle_range.replace(0, np.nan)
/freqtrade/user_data/strategies/DualTrendCompressionRestartShortV1Strategy.py:246: PerformanceWarning: DataFrame is highly fragmented.  This is usually the result of calling `frame.insert` many times, which has poor performance.  Consider joining all columns at once using pd.concat(axis=1) instead. To get a de-fragmented frame, use `newframe = frame.copy()`
  dataframe["candle_quality_short"] = (
/freqtrade/user_data/strategies/DualTrendCompressionRestartShortV1Strategy.py:252: PerformanceWarning: DataFrame is highly fragmented.  This is usually the result of calling `frame.insert` many times, which has poor performance.  Consider joining all columns at once using pd.concat(axis=1) instead. To get a de-fragmented frame, use `newframe = frame.copy()`
  dataframe["short_compression_stop"] = dataframe["compression_high"] + self.stop_atr_buffer * dataframe["atr_ref"]
/freqtrade/user_data/strategies/DualTrendCompressionRestartShortV1Strategy.py:253: PerformanceWarning: DataFrame is highly fragmented.  This is usually the result of calling `frame.insert` many times, which has poor performance.  Consider joining all columns at once using pd.concat(axis=1) instead. To get a de-fragmented frame, use `newframe = frame.copy()`
  dataframe["short_pullback_stop"] = dataframe["pullback_high_12"] + self.stop_atr_buffer * dataframe["atr_ref"]
2026-07-09 05:00:26,826 - freqtrade.data.dataprovider - INFO - Loading data for LINK/USDT:USDT 1d from 2022-09-22 00:00:00 to 2026-06-18 00:00:00
2026-07-09 05:00:26,843 - freqtrade.data.history.datahandlers.idatahandler - WARNING - LINK/USDT:USDT, futures, 1d, data starts at 2022-10-01 00:00:00
2026-07-09 05:00:26,892 - freqtrade.data.dataprovider - INFO - Loading data for LINK/USDT:USDT 4h from 2025-01-02 08:00:00 to 2026-06-18 00:00:00
/freqtrade/user_data/strategies/DualTrendCompressionRestartShortV1Strategy.py:241: PerformanceWarning: DataFrame is highly fragmented.  This is usually the result of calling `frame.insert` many times, which has poor performance.  Consider joining all columns at once using pd.concat(axis=1) instead. To get a de-fragmented frame, use `newframe = frame.copy()`
  dataframe["near_low_zone"] = dataframe["compression_high"] <= dataframe["recent_low_24"] * self.low_zone_buffer
/freqtrade/user_data/strategies/DualTrendCompressionRestartShortV1Strategy.py:244: PerformanceWarning: DataFrame is highly fragmented.  This is usually the result of calling `frame.insert` many times, which has poor performance.  Consider joining all columns at once using pd.concat(axis=1) instead. To get a de-fragmented frame, use `newframe = frame.copy()`
  dataframe["body_pct_of_range"] = (dataframe["close"] - dataframe["open"]).abs() / candle_range.replace(0, np.nan)
/freqtrade/user_data/strategies/DualTrendCompressionRestartShortV1Strategy.py:245: PerformanceWarning: DataFrame is highly fragmented.  This is usually the result of calling `frame.insert` many times, which has poor performance.  Consider joining all columns at once using pd.concat(axis=1) instead. To get a de-fragmented frame, use `newframe = frame.copy()`
  dataframe["close_position"] = (dataframe["close"] - dataframe["low"]) / candle_range.replace(0, np.nan)
/freqtrade/user_data/strategies/DualTrendCompressionRestartShortV1Strategy.py:246: PerformanceWarning: DataFrame is highly fragmented.  This is usually the result of calling `frame.insert` many times, which has poor performance.  Consider joining all columns at once using pd.concat(axis=1) instead. To get a de-fragmented frame, use `newframe = frame.copy()`
  dataframe["candle_quality_short"] = (
/freqtrade/user_data/strategies/DualTrendCompressionRestartShortV1Strategy.py:252: PerformanceWarning: DataFrame is highly fragmented.  This is usually the result of calling `frame.insert` many times, which has poor performance.  Consider joining all columns at once using pd.concat(axis=1) instead. To get a de-fragmented frame, use `newframe = frame.copy()`
  dataframe["short_compression_stop"] = dataframe["compression_high"] + self.stop_atr_buffer * dataframe["atr_ref"]
/freqtrade/user_data/strategies/DualTrendCompressionRestartShortV1Strategy.py:253: PerformanceWarning: DataFrame is highly fragmented.  This is usually the result of calling `frame.insert` many times, which has poor performance.  Consider joining all columns at once using pd.concat(axis=1) instead. To get a de-fragmented frame, use `newframe = frame.copy()`
  dataframe["short_pullback_stop"] = dataframe["pullback_high_12"] + self.stop_atr_buffer * dataframe["atr_ref"]
2026-07-09 05:00:27,832 - freqtrade.optimize.backtesting - INFO - Backtesting with data from 2025-06-18 00:00:00 up to 2026-06-18 00:00:00 (365 days).
2026-07-09 05:00:27,834 - freqtrade.resolvers.iresolver - INFO - Using resolved protection CooldownPeriod from '/freqtrade/freqtrade/plugins/protections/cooldown_period.py'...
2026-07-09 05:00:27,836 - freqtrade.resolvers.iresolver - INFO - Using resolved protection StoplossGuard from '/freqtrade/freqtrade/plugins/protections/stoploss_guard.py'...
2026-07-09 05:00:27,838 - freqtrade.resolvers.iresolver - INFO - Using resolved protection MaxDrawdown from '/freqtrade/freqtrade/plugins/protections/max_drawdown_protection.py'...
2026-07-09 05:02:48,948 - freqtrade.misc - INFO - dumping json to "/freqtrade/user_data/backtest_results/backtest-result-2026-07-09_05-02-48.meta.json"
Result for strategy DualTrendRawStrategy
                                                   BACKTESTING REPORT                                                   
┏━━━━━━━━━━━━━━━━┳━━━━━━━━┳━━━━━━━━━━━━━━┳━━━━━━━━━━━━━━━━━┳━━━━━━━━━━━━━━┳━━━━━━━━━━━━━━━━━━━┳━━━━━━━━━━━━━━━━━━━━━━━━┓
┃           Pair ┃ Trades ┃ Avg Profit % ┃ Tot Profit USDT ┃ Tot Profit % ┃      Avg Duration ┃  Win  Draw  Loss  Win% ┃
┡━━━━━━━━━━━━━━━━╇━━━━━━━━╇━━━━━━━━━━━━━━╇━━━━━━━━━━━━━━━━━╇━━━━━━━━━━━━━━╇━━━━━━━━━━━━━━━━━━━╇━━━━━━━━━━━━━━━━━━━━━━━━┩
│  ADA/USDT:USDT │     13 │         3.03 │         103.638 │        10.36 │   2 days, 8:32:00 │    6     0     7  46.2 │
│  ETH/USDT:USDT │     12 │         2.39 │          98.520 │         9.85 │   1 day, 19:41:00 │    5     0     7  41.7 │
│  BTC/USDT:USDT │     11 │         1.86 │          58.896 │         5.89 │  2 days, 16:51:00 │    4     0     7  36.4 │
│ NEAR/USDT:USDT │     10 │         1.86 │          50.077 │         5.01 │   1 day, 18:13:00 │    4     0     6  40.0 │
│  XRP/USDT:USDT │     15 │         0.87 │          45.348 │         4.53 │  2 days, 14:44:00 │    4     0    11  26.7 │
│ PAXG/USDT:USDT │      4 │         2.46 │          44.340 │         4.43 │ 13 days, 16:45:00 │    2     0     2  50.0 │
│  SOL/USDT:USDT │     11 │         0.62 │          39.453 │         3.95 │    1 day, 4:50:00 │    3     0     8  27.3 │
│  BNB/USDT:USDT │      9 │         1.06 │          33.394 │         3.34 │   2 days, 9:52:00 │    4     0     5  44.4 │
│  TAO/USDT:USDT │      8 │         1.28 │          30.440 │         3.04 │   2 days, 7:16:00 │    4     0     4  50.0 │
│  ZEC/USDT:USDT │      2 │         2.87 │          16.606 │         1.66 │          21:25:00 │    1     0     1  50.0 │
│ LINK/USDT:USDT │      5 │         1.67 │          15.528 │         1.55 │          16:12:00 │    2     0     3  40.0 │
│  SUI/USDT:USDT │      6 │         0.03 │          -7.987 │         -0.8 │  2 days, 14:42:00 │    3     0     3  50.0 │
│ DOGE/USDT:USDT │      6 │        -0.13 │         -17.565 │        -1.76 │   1 day, 12:56:00 │    1     0     5  16.7 │
│          TOTAL │    112 │         1.52 │         510.688 │        51.07 │  2 days, 11:24:00 │   43     0    69  38.4 │
└────────────────┴────────┴──────────────┴─────────────────┴──────────────┴───────────────────┴────────────────────────┘
                                             LEFT OPEN TRADES REPORT                                              
┏━━━━━━━━━━━━━━━┳━━━━━━━━┳━━━━━━━━━━━━━━┳━━━━━━━━━━━━━━━━━┳━━━━━━━━━━━━━━┳━━━━━━━━━━━━━━┳━━━━━━━━━━━━━━━━━━━━━━━━┓
┃          Pair ┃ Trades ┃ Avg Profit % ┃ Tot Profit USDT ┃ Tot Profit % ┃ Avg Duration ┃  Win  Draw  Loss  Win% ┃
┡━━━━━━━━━━━━━━━╇━━━━━━━━╇━━━━━━━━━━━━━━╇━━━━━━━━━━━━━━━━━╇━━━━━━━━━━━━━━╇━━━━━━━━━━━━━━╇━━━━━━━━━━━━━━━━━━━━━━━━┩
│ ADA/USDT:USDT │      1 │         1.15 │           3.072 │         0.31 │     15:00:00 │    1     0     0   100 │
│         TOTAL │      1 │         1.15 │           3.072 │         0.31 │     15:00:00 │    1     0     0   100 │
└───────────────┴────────┴──────────────┴─────────────────┴──────────────┴──────────────┴────────────────────────┘
                                                           ENTER TAG STATS                                                           
┏━━━━━━━━━━━━━━━━━━━━━━━━━━━━━┳━━━━━━━━━┳━━━━━━━━━━━━━━┳━━━━━━━━━━━━━━━━━┳━━━━━━━━━━━━━━┳━━━━━━━━━━━━━━━━━━┳━━━━━━━━━━━━━━━━━━━━━━━━┓
┃                   Enter Tag ┃ Entries ┃ Avg Profit % ┃ Tot Profit USDT ┃ Tot Profit % ┃     Avg Duration ┃  Win  Draw  Loss  Win% ┃
┡━━━━━━━━━━━━━━━━━━━━━━━━━━━━━╇━━━━━━━━━╇━━━━━━━━━━━━━━╇━━━━━━━━━━━━━━━━━╇━━━━━━━━━━━━━━╇━━━━━━━━━━━━━━━━━━╇━━━━━━━━━━━━━━━━━━━━━━━━┩
│      short_pullback_restart │      70 │         1.39 │         244.575 │        24.46 │  2 days, 0:53:00 │   27     0    43  38.6 │
│  long_1d_center_compression │      14 │         3.63 │         185.681 │        18.57 │ 5 days, 21:12:00 │    7     0     7  50.0 │
│ short_compression_breakdown │      28 │         0.79 │          80.432 │         8.04 │  1 day, 20:46:00 │    9     0    19  32.1 │
│                       TOTAL │     112 │         1.52 │         510.688 │        51.07 │ 2 days, 11:24:00 │   43     0    69  38.4 │
└─────────────────────────────┴─────────┴──────────────┴─────────────────┴──────────────┴──────────────────┴────────────────────────┘
                                                      EXIT REASON STATS                                                       
┏━━━━━━━━━━━━━━━━━━━━━━━┳━━━━━━━┳━━━━━━━━━━━━━━┳━━━━━━━━━━━━━━━━━┳━━━━━━━━━━━━━━┳━━━━━━━━━━━━━━━━━━━┳━━━━━━━━━━━━━━━━━━━━━━━━┓
┃           Exit Reason ┃ Exits ┃ Avg Profit % ┃ Tot Profit USDT ┃ Tot Profit % ┃      Avg Duration ┃  Win  Draw  Loss  Win% ┃
┡━━━━━━━━━━━━━━━━━━━━━━━╇━━━━━━━╇━━━━━━━━━━━━━━╇━━━━━━━━━━━━━━━━━╇━━━━━━━━━━━━━━╇━━━━━━━━━━━━━━━━━━━╇━━━━━━━━━━━━━━━━━━━━━━━━┩
│                   roi │    33 │         10.0 │         980.073 │        98.01 │  2 days, 16:19:00 │   33     0     0   100 │
│       stale_flat_120h │     7 │         0.93 │          17.169 │         1.72 │   5 days, 9:51:00 │    7     0     0   100 │
│ stale_low_profit_240h │     1 │         2.94 │          12.115 │         1.21 │ 10 days, 20:15:00 │    1     0     0   100 │
│    swing_exit_long_1d │     3 │         0.55 │           9.064 │         0.91 │  8 days, 18:20:00 │    1     0     2  33.3 │
│            force_exit │     1 │         1.15 │           3.072 │         0.31 │          15:00:00 │    1     0     0   100 │
│        stale_loss_72h │    13 │        -0.67 │         -29.008 │         -2.9 │  3 days, 12:54:00 │    0     0    13     0 │
│    trailing_stop_loss │    12 │        -3.32 │        -101.371 │       -10.14 │          16:38:00 │    0     0    12     0 │
│             stop_loss │    42 │        -2.95 │        -380.425 │       -38.04 │    1 day, 9:37:00 │    0     0    42     0 │
│                 TOTAL │   112 │         1.52 │         510.688 │        51.07 │  2 days, 11:24:00 │   43     0    69  38.4 │
└───────────────────────┴───────┴──────────────┴─────────────────┴──────────────┴───────────────────┴────────────────────────┘
                                                                       MIXED TAG STATS                                                                       
┏━━━━━━━━━━━━━━━━━━━━━━━━━━━━━┳━━━━━━━━━━━━━━━━━━━━━━━┳━━━━━━━━┳━━━━━━━━━━━━━━┳━━━━━━━━━━━━━━━━━┳━━━━━━━━━━━━━━┳━━━━━━━━━━━━━━━━━━━┳━━━━━━━━━━━━━━━━━━━━━━━━┓
┃                   Enter Tag ┃           Exit Reason ┃ Trades ┃ Avg Profit % ┃ Tot Profit USDT ┃ Tot Profit % ┃      Avg Duration ┃  Win  Draw  Loss  Win% ┃
┡━━━━━━━━━━━━━━━━━━━━━━━━━━━━━╇━━━━━━━━━━━━━━━━━━━━━━━╇━━━━━━━━╇━━━━━━━━━━━━━━╇━━━━━━━━━━━━━━━━━╇━━━━━━━━━━━━━━╇━━━━━━━━━━━━━━━━━━━╇━━━━━━━━━━━━━━━━━━━━━━━━┩
│      short_pullback_restart │                   roi │     20 │         10.0 │         539.397 │        53.94 │   1 day, 23:37:00 │   20     0     0   100 │
│ short_compression_breakdown │                   roi │      7 │         10.0 │         222.108 │        22.21 │   2 days, 7:21:00 │    7     0     0   100 │
│  long_1d_center_compression │                   roi │      6 │         10.0 │         218.568 │        21.86 │  5 days, 10:26:00 │    6     0     0   100 │
│      short_pullback_restart │       stale_flat_120h │      6 │         0.92 │          15.473 │         1.55 │  5 days, 11:12:00 │    6     0     0   100 │
│      short_pullback_restart │ stale_low_profit_240h │      1 │         2.94 │          12.115 │         1.21 │ 10 days, 20:15:00 │    1     0     0   100 │
│  long_1d_center_compression │    swing_exit_long_1d │      3 │         0.55 │           9.064 │         0.91 │  8 days, 18:20:00 │    1     0     2  33.3 │
│ short_compression_breakdown │            force_exit │      1 │         1.15 │           3.072 │         0.31 │          15:00:00 │    1     0     0   100 │
│ short_compression_breakdown │       stale_flat_120h │      1 │         0.99 │           1.696 │         0.17 │   5 days, 1:45:00 │    1     0     0   100 │
│      short_pullback_restart │        stale_loss_72h │      8 │        -0.49 │         -13.558 │        -1.36 │  3 days, 11:07:00 │    0     0     8     0 │
│ short_compression_breakdown │        stale_loss_72h │      5 │        -0.96 │         -15.450 │        -1.55 │  3 days, 15:45:00 │    0     0     5     0 │
│ short_compression_breakdown │    trailing_stop_loss │      5 │        -3.32 │         -41.849 │        -4.18 │          12:40:00 │    0     0     5     0 │
│  long_1d_center_compression │             stop_loss │      5 │        -2.16 │         -41.951 │         -4.2 │  4 days, 16:39:00 │    0     0     5     0 │
│      short_pullback_restart │    trailing_stop_loss │      7 │        -3.32 │         -59.523 │        -5.95 │          19:27:00 │    0     0     7     0 │
│ short_compression_breakdown │             stop_loss │      9 │        -3.17 │         -89.145 │        -8.91 │    1 day, 1:14:00 │    0     0     9     0 │
│      short_pullback_restart │             stop_loss │     28 │        -3.02 │        -249.330 │       -24.93 │          22:12:00 │    0     0    28     0 │
│                       TOTAL │                       │    112 │         1.52 │         510.688 │        51.07 │  2 days, 11:24:00 │   43     0    69  38.4 │
└─────────────────────────────┴───────────────────────┴────────┴──────────────┴─────────────────┴──────────────┴───────────────────┴────────────────────────┘
                                   SUMMARY METRICS                                    
┏━━━━━━━━━━━━━━━━━━━━━━━━━━━━━━━━━━━━━━━━┳━━━━━━━━━━━━━━━━━━━━━━━━━━━━━━━━━━━━━━━━━━━┓
┃ Metric                                 ┃ Value                                     ┃
┡━━━━━━━━━━━━━━━━━━━━━━━━━━━━━━━━━━━━━━━━╇━━━━━━━━━━━━━━━━━━━━━━━━━━━━━━━━━━━━━━━━━━━┩
│ Backtesting from                       │ 2025-06-18 00:00:00                       │
│ Backtesting to                         │ 2026-06-18 00:00:00                       │
│ Trading Mode                           │ Isolated Futures                          │
│ Max open trades                        │ 3                                         │
│                                        │                                           │
│ Total/Daily Avg Trades                 │ 112 / 0.31                                │
│ Starting balance                       │ 1000 USDT                                 │
│ Final balance                          │ 1510.688 USDT                             │
│ Absolute profit                        │ 510.688 USDT                              │
│ Total profit %                         │ 51.07%                                    │
│ CAGR %                                 │ 51.07%                                    │
│ Sharpe (closed trades)                 │ 1.53                                      │
│ Sortino (closed trades)                │ 8.23                                      │
│ Calmar (closed trades)                 │ 37.89                                     │
│ SQN                                    │ 2.75                                      │
│ Profit factor                          │ 1.98                                      │
│ Expectancy (Ratio)                     │ 4.56 (0.61)                               │
│ Avg. daily profit                      │ 1.399 USDT                                │
│ Avg. stake amount                      │ 316.466 USDT                              │
│ Market change                          │ 50.07%                                    │
│ Total trade volume                     │ 70762.453 USDT                            │
│                                        │                                           │
│ Long / Short trades                    │ 14 / 98                                   │
│ Long / Short profit %                  │ 18.57% / 32.50%                           │
│ Long / Short profit USDT               │ 185.681 / 325.006                         │
│                                        │                                           │
│ Best Pair                              │ ADA/USDT:USDT 10.36%                      │
│ Worst Pair                             │ DOGE/USDT:USDT -1.76%                     │
│ Best trade                             │ NEAR/USDT:USDT 10.02%                     │
│ Worst trade                            │ ETH/USDT:USDT -4.92%                      │
│ Best day                               │ 122.449 USDT                              │
│ Worst day                              │ -33.866 USDT                              │
│ Days win/draw/lose                     │ 30 / 287 / 48                             │
│ Min/Max/Avg. Duration Winners          │ 0d 08:10 / 17d 09:00 / 3d 14:36           │
│ Min/Max/Avg. Duration Losers           │ 0d 00:45 / 17d 21:20 / 1d 18:27           │
│ Max Consecutive Wins / Loss            │ 6 / 8                                     │
│ Rejected Entry signals                 │ 792                                       │
│ Entry/Exit Timeouts                    │ 0 / 0                                     │
│                                        │                                           │
│ Min/Max balance (closed trades)        │ 982.63 USDT / 1560.985 USDT               │
│ Max % of account underwater            │ 7.05%                                     │
│ Absolute drawdown                      │ 105.166 USDT (7.05%)                      │
│ Drawdown duration                      │ 106 days 18:55:00                         │
│ Profit at drawdown start               │ 490.845 USDT                              │
│ Profit at drawdown end                 │ 385.679 USDT                              │
│ Drawdown start                         │ 2026-02-14 08:35:00                       │
│ Drawdown end                           │ 2026-06-01 03:30:00                       │
│                                        │                                           │
│ Wallet based Metrics                   │                                           │
│ Min/Max balance (wallet balance)       │ 982.63 USDT / 1560.985 USDT               │
│ Min/Max balance dates (wallet balance) │ 2025-07-02 16:00:00 / 2026-06-06 05:00:00 │
│ Max % of account underwater (balance)  │ 7.05%                                     │
│ Absolute drawdown (wallet balance)     │ 105.166 USDT (7.05%)                      │
│ Drawdown duration                      │ 106 days 19:00:00                         │
│ Profit at drawdown start               │ 490.845 USDT                              │
│ Profit at drawdown end                 │ 385.679 USDT                              │
│ Drawdown start                         │ 2026-02-14 09:00:00                       │
│ Drawdown end                           │ 2026-06-01 04:00:00                       │
│ Sharpe (daily wallet balance)          │ 2.17                                      │
│ Sortino (daily wallet balance)         │ 4.15                                      │
│ Calmar (daily wallet balance)          │ 37.77                                     │
└────────────────────────────────────────┴───────────────────────────────────────────┘

Backtested 2025-06-18 00:00:00 -> 2026-06-18 00:00:00 | Max open trades : 3
                                                                 STRATEGY SUMMARY                                                                  
┏━━━━━━━━━━━━━━━━━━━━━━┳━━━━━━━━┳━━━━━━━━━━━━━━┳━━━━━━━━━━━━━━━━━┳━━━━━━━━━━━━━━┳━━━━━━━━━━━━━━━━━━┳━━━━━━━━━━━━━━━━━━━━━━━━┳━━━━━━━━━━━━━━━━━━━━━┓
┃             Strategy ┃ Trades ┃ Avg Profit % ┃ Tot Profit USDT ┃ Tot Profit % ┃     Avg Duration ┃  Win  Draw  Loss  Win% ┃            Drawdown ┃
┡━━━━━━━━━━━━━━━━━━━━━━╇━━━━━━━━╇━━━━━━━━━━━━━━╇━━━━━━━━━━━━━━━━━╇━━━━━━━━━━━━━━╇━━━━━━━━━━━━━━━━━━╇━━━━━━━━━━━━━━━━━━━━━━━━╇━━━━━━━━━━━━━━━━━━━━━┩
│ DualTrendRawStrategy │    112 │         1.52 │         510.688 │        51.07 │ 2 days, 11:24:00 │   43     0    69  38.4 │ 105.166 USDT  7.05% │
└──────────────────────┴────────┴──────────────┴─────────────────┴──────────────┴──────────────────┴────────────────────────┴─────────────────────┘
