time="2026-07-09T12:53:34+08:00" level=warning msg="Found orphan containers ([nfi-top9-exbtc-10000u-max4-dryrun]) for this project. If you removed or renamed this service in your compose file, you can run this command with the --remove-orphans flag to clean it up."
 Container ft_userdata-freqtrade-run-85384956b8b1 Creating 
 Container ft_userdata-freqtrade-run-85384956b8b1 Created 
2026-07-09 04:53:35,651 - freqtrade - INFO - freqtrade 2026.4
2026-07-09 04:53:36,184 - numexpr.utils - INFO - NumExpr defaulting to 16 threads.
2026-07-09 04:53:38,275 - freqtrade.configuration.load_config - INFO - Using config: /freqtrade/user_data/config.backtest.dualtrend.combined.top50.positive13.max3.json ...
2026-07-09 04:53:38,282 - freqtrade.loggers - INFO - Enabling colorized output.
2026-07-09 04:53:38,283 - freqtrade.loggers - INFO - Logfile configured
2026-07-09 04:53:38,283 - freqtrade.loggers - INFO - Verbosity set to 0
2026-07-09 04:53:38,283 - freqtrade.configuration.configuration - INFO - Using additional Strategy lookup path: /freqtrade/user_data/strategies
2026-07-09 04:53:38,283 - freqtrade.configuration.configuration - INFO - Using max_open_trades: 3 ...
2026-07-09 04:53:38,283 - freqtrade.configuration.configuration - INFO - Parameter --timeframe-detail detected, using 5m for intra-candle backtesting ...
2026-07-09 04:53:38,284 - freqtrade.configuration.configuration - INFO - Parameter --timerange detected: 20230618-20260618 ...
2026-07-09 04:53:59,582 - freqtrade.configuration.configuration - INFO - Using user-data directory: /freqtrade/user_data ...
2026-07-09 04:53:59,587 - freqtrade.configuration.configuration - INFO - Using data directory: /freqtrade/user_data/data/binance ...
2026-07-09 04:53:59,588 - freqtrade.configuration.configuration - INFO - Parameter --cache=day detected ...
2026-07-09 04:53:59,588 - freqtrade.configuration.configuration - INFO - Filter trades by timerange: 20230618-20260618
2026-07-09 04:53:59,590 - freqtrade.exchange.check_exchange - INFO - Checking exchange...
2026-07-09 04:53:59,599 - freqtrade.exchange.check_exchange - INFO - Exchange "binance" is officially supported by the Freqtrade development team.
2026-07-09 04:53:59,600 - freqtrade.configuration.configuration - INFO - Using pairlist from configuration.
2026-07-09 04:53:59,601 - freqtrade.configuration.config_validation - INFO - Validating configuration ...
2026-07-09 04:53:59,604 - freqtrade.commands.optimize_commands - INFO - Starting freqtrade in Backtesting mode
2026-07-09 04:53:59,605 - freqtrade.exchange.exchange - INFO - Instance is running with dry_run enabled
2026-07-09 04:53:59,605 - freqtrade.exchange.exchange - INFO - Using CCXT 4.5.50
2026-07-09 04:53:59,606 - freqtrade.exchange.exchange - INFO - Applying additional ccxt config: {'options': {'defaultType': 'swap', 'adjustForTimeDifference': True, 'recvWindow': 60000, 
'fetchCurrencies': False, 'fetchMarkets': ['linear']}, 'enableRateLimit': True, 'timeout': 60000}
2026-07-09 04:53:59,615 - freqtrade.exchange.exchange - INFO - Applying additional ccxt config: {'options': {'defaultType': 'swap', 'adjustForTimeDifference': True, 'recvWindow': 60000, 
'fetchCurrencies': False, 'fetchMarkets': ['linear']}, 'enableRateLimit': True, 'timeout': 60000}
2026-07-09 04:53:59,623 - freqtrade.exchange.exchange - INFO - Using Exchange "Binance"
2026-07-09 04:54:00,793 - freqtrade.resolvers.exchange_resolver - INFO - Using resolved exchange 'Binance'...
2026-07-09 04:54:00,935 - freqtrade.resolvers.iresolver - INFO - Using resolved strategy DualTrendRawStrategy from '/freqtrade/user_data/strategies/DualTrendMainStrategies.py'...
2026-07-09 04:54:00,937 - freqtrade.strategy.hyper - INFO - Found no parameter file.
2026-07-09 04:54:00,938 - freqtrade.resolvers.strategy_resolver - INFO - Override strategy 'stake_currency' with value from the configuration: USDT.
2026-07-09 04:54:00,938 - freqtrade.resolvers.strategy_resolver - INFO - Override strategy 'stake_amount' with value from the configuration: unlimited.
2026-07-09 04:54:00,938 - freqtrade.resolvers.strategy_resolver - INFO - Override strategy 'unfilledtimeout' with value from the configuration: {'entry': 10, 'exit': 10, 'exit_timeout_count': 0, 
'unit': 'minutes'}.
2026-07-09 04:54:00,938 - freqtrade.resolvers.strategy_resolver - INFO - Override strategy 'max_open_trades' with value from the configuration: 3.
2026-07-09 04:54:00,939 - freqtrade.resolvers.strategy_resolver - INFO - Strategy using minimal_roi: {'0': 0.1}
2026-07-09 04:54:00,939 - freqtrade.resolvers.strategy_resolver - INFO - Strategy using timeframe: 1h
2026-07-09 04:54:00,939 - freqtrade.resolvers.strategy_resolver - INFO - Strategy using stoploss: -0.06
2026-07-09 04:54:00,939 - freqtrade.resolvers.strategy_resolver - INFO - Strategy using trailing_stop: False
2026-07-09 04:54:00,939 - freqtrade.resolvers.strategy_resolver - INFO - Strategy using trailing_stop_positive_offset: 0.0
2026-07-09 04:54:00,940 - freqtrade.resolvers.strategy_resolver - INFO - Strategy using trailing_only_offset_is_reached: False
2026-07-09 04:54:00,940 - freqtrade.resolvers.strategy_resolver - INFO - Strategy using use_custom_stoploss: True
2026-07-09 04:54:00,940 - freqtrade.resolvers.strategy_resolver - INFO - Strategy using process_only_new_candles: True
2026-07-09 04:54:00,940 - freqtrade.resolvers.strategy_resolver - INFO - Strategy using order_types: {'entry': 'limit', 'exit': 'limit', 'stoploss': 'limit', 'stoploss_on_exchange': False, 
'stoploss_on_exchange_interval': 60}
2026-07-09 04:54:00,940 - freqtrade.resolvers.strategy_resolver - INFO - Strategy using order_time_in_force: {'entry': 'GTC', 'exit': 'GTC'}
2026-07-09 04:54:00,940 - freqtrade.resolvers.strategy_resolver - INFO - Strategy using stake_currency: USDT
2026-07-09 04:54:00,941 - freqtrade.resolvers.strategy_resolver - INFO - Strategy using stake_amount: unlimited
2026-07-09 04:54:00,941 - freqtrade.resolvers.strategy_resolver - INFO - Strategy using startup_candle_count: 1000
2026-07-09 04:54:00,941 - freqtrade.resolvers.strategy_resolver - INFO - Strategy using unfilledtimeout: {'entry': 10, 'exit': 10, 'exit_timeout_count': 0, 'unit': 'minutes'}
2026-07-09 04:54:00,941 - freqtrade.resolvers.strategy_resolver - INFO - Strategy using use_exit_signal: True
2026-07-09 04:54:00,941 - freqtrade.resolvers.strategy_resolver - INFO - Strategy using exit_profit_only: False
2026-07-09 04:54:00,941 - freqtrade.resolvers.strategy_resolver - INFO - Strategy using ignore_roi_if_entry_signal: True
2026-07-09 04:54:00,942 - freqtrade.resolvers.strategy_resolver - INFO - Strategy using exit_profit_offset: 0.0
2026-07-09 04:54:00,942 - freqtrade.resolvers.strategy_resolver - INFO - Strategy using disable_dataframe_checks: False
2026-07-09 04:54:00,942 - freqtrade.resolvers.strategy_resolver - INFO - Strategy using ignore_buying_expired_candle_after: 0
2026-07-09 04:54:00,942 - freqtrade.resolvers.strategy_resolver - INFO - Strategy using position_adjustment_enable: False
2026-07-09 04:54:00,942 - freqtrade.resolvers.strategy_resolver - INFO - Strategy using max_entry_position_adjustment: 1
2026-07-09 04:54:00,942 - freqtrade.resolvers.strategy_resolver - INFO - Strategy using max_open_trades: 3
2026-07-09 04:54:00,943 - freqtrade.configuration.config_validation - INFO - Validating configuration ...
2026-07-09 04:54:00,948 - freqtrade.resolvers.iresolver - INFO - Using resolved pairlist StaticPairList from '/freqtrade/freqtrade/plugins/pairlist/StaticPairList.py'...
2026-07-09 04:54:00,959 - freqtrade.optimize.backtesting - INFO - Using fee 0.0500% - worst case fee from exchange (lowest tier).
2026-07-09 04:54:00,960 - freqtrade.exchange.exchange - WARNING - Using 3 calls to get OHLCV. This can result in slower operations for the bot. Please check if you really need 1000 candles for your 
strategy.
2026-07-09 04:54:01,441 - freqtrade.data.history.datahandlers.idatahandler - WARNING - TAO/USDT:USDT, futures, 1h, data starts at 2024-04-11 14:00:00
2026-07-09 04:54:01,488 - freqtrade.data.history.datahandlers.idatahandler - WARNING - SUI/USDT:USDT, futures, 1h, data starts at 2023-06-18 00:00:00
2026-07-09 04:54:01,531 - freqtrade.data.history.datahandlers.idatahandler - WARNING - PAXG/USDT:USDT, futures, 1h, data starts at 2025-03-27 10:00:00
2026-07-09 04:54:01,630 - freqtrade.optimize.backtesting - INFO - Loading data from 2023-05-07 08:00:00 up to 2026-06-18 00:00:00 (1137 days).
2026-07-09 04:54:01,714 - freqtrade.data.history.datahandlers.idatahandler - WARNING - ETH/USDT:USDT, futures, 5m, data ends at 2026-06-17 23:55:00
2026-07-09 04:54:01,926 - freqtrade.data.history.datahandlers.idatahandler - WARNING - ZEC/USDT:USDT, futures, 5m, data ends at 2026-06-17 23:55:00
2026-07-09 04:54:02,095 - freqtrade.data.history.datahandlers.idatahandler - WARNING - BTC/USDT:USDT, futures, 5m, data ends at 2026-06-17 23:55:00
2026-07-09 04:54:02,259 - freqtrade.data.history.datahandlers.idatahandler - WARNING - ADA/USDT:USDT, futures, 5m, data ends at 2026-06-17 23:55:00
2026-07-09 04:54:02,443 - freqtrade.data.history.datahandlers.idatahandler - WARNING - BNB/USDT:USDT, futures, 5m, data ends at 2026-06-17 23:55:00
2026-07-09 04:54:02,619 - freqtrade.data.history.datahandlers.idatahandler - WARNING - SOL/USDT:USDT, futures, 5m, data ends at 2026-06-17 23:55:00
2026-07-09 04:54:02,776 - freqtrade.data.history.datahandlers.idatahandler - WARNING - DOGE/USDT:USDT, futures, 5m, data ends at 2026-06-17 23:55:00
2026-07-09 04:54:02,970 - freqtrade.data.history.datahandlers.idatahandler - WARNING - XRP/USDT:USDT, futures, 5m, data ends at 2026-06-17 23:55:00
2026-07-09 04:54:03,112 - freqtrade.data.history.datahandlers.idatahandler - WARNING - TAO/USDT:USDT, futures, 5m, data starts at 2024-04-11 14:30:00
2026-07-09 04:54:03,112 - freqtrade.data.history.datahandlers.idatahandler - WARNING - TAO/USDT:USDT, futures, 5m, data ends at 2026-06-17 23:55:00
2026-07-09 04:54:03,234 - freqtrade.data.history.datahandlers.idatahandler - WARNING - SUI/USDT:USDT, futures, 5m, data starts at 2024-02-28 00:00:00
2026-07-09 04:54:03,235 - freqtrade.data.history.datahandlers.idatahandler - WARNING - SUI/USDT:USDT, futures, 5m, data ends at 2026-06-17 23:55:00
2026-07-09 04:54:03,338 - freqtrade.data.history.datahandlers.idatahandler - WARNING - PAXG/USDT:USDT, futures, 5m, data starts at 2025-03-27 10:30:00
2026-07-09 04:54:03,339 - freqtrade.data.history.datahandlers.idatahandler - WARNING - PAXG/USDT:USDT, futures, 5m, data ends at 2026-06-17 23:55:00
2026-07-09 04:54:03,449 - freqtrade.data.history.datahandlers.idatahandler - WARNING - NEAR/USDT:USDT, futures, 5m, data ends at 2026-06-17 23:55:00
2026-07-09 04:54:03,662 - freqtrade.data.history.datahandlers.idatahandler - WARNING - LINK/USDT:USDT, futures, 5m, data ends at 2026-06-17 23:55:00
2026-07-09 04:54:03,976 - freqtrade.data.history.datahandlers.idatahandler - WARNING - TAO/USDT:USDT, funding_rate, 1h, data starts at 2024-04-11 16:00:00
2026-07-09 04:54:04,013 - freqtrade.data.history.datahandlers.idatahandler - WARNING - PAXG/USDT:USDT, funding_rate, 1h, data starts at 2025-03-27 08:00:00
2026-07-09 04:54:04,406 - freqtrade.data.history.datahandlers.idatahandler - WARNING - TAO/USDT:USDT, mark, 1h, data starts at 2024-04-11 12:00:00
2026-07-09 04:54:04,483 - freqtrade.data.history.datahandlers.idatahandler - WARNING - PAXG/USDT:USDT, mark, 1h, data starts at 2025-03-27 07:00:00
2026-07-09 04:54:06,408 - freqtrade.optimize.backtesting - INFO - Dataload complete. Calculating indicators
2026-07-09 04:54:06,450 - freqtrade.optimize.backtesting - INFO - Running backtesting for Strategy DualTrendRawStrategy
2026-07-09 04:54:06,452 - freqtrade.data.dataprovider - INFO - Loading data for ETH/USDT:USDT 1d from 2020-09-21 00:00:00 to 2026-06-18 00:00:00
2026-07-09 04:54:06,477 - freqtrade.data.history.datahandlers.idatahandler - WARNING - ETH/USDT:USDT, futures, 1d, data starts at 2022-10-01 00:00:00
2026-07-09 04:54:06,555 - freqtrade.data.dataprovider - INFO - Loading data for ETH/USDT:USDT 4h from 2023-01-02 08:00:00 to 2026-06-18 00:00:00
/freqtrade/user_data/strategies/DualTrendCompressionRestartShortV1Strategy.py:241: PerformanceWarning: DataFrame is highly fragmented.  This is usually the result of calling `frame.insert` many times, which has poor performance.  Consider joining all columns at once using pd.concat(axis=1) instead. To get a de-fragmented frame, use `newframe = frame.copy()`
  dataframe["near_low_zone"] = dataframe["compression_high"] <= dataframe["recent_low_24"] * self.low_zone_buffer
/freqtrade/user_data/strategies/DualTrendCompressionRestartShortV1Strategy.py:244: PerformanceWarning: DataFrame is highly fragmented.  This is usually the result of calling `frame.insert` many times, which has poor performance.  Consider joining all columns at once using pd.concat(axis=1) instead. To get a de-fragmented frame, use `newframe = frame.copy()`
  dataframe["body_pct_of_range"] = (dataframe["close"] - dataframe["open"]).abs() / candle_range.replace(0, np.nan)
/freqtrade/user_data/strategies/DualTrendCompressionRestartShortV1Strategy.py:245: PerformanceWarning: DataFrame is highly fragmented.  This is usually the result of calling `frame.insert` many times, which has poor performance.  Consider joining all columns at once using pd.concat(axis=1) instead. To get a de-fragmented frame, use `newframe = frame.copy()`
  dataframe["close_position"] = (dataframe["close"] - dataframe["low"]) / candle_range.replace(0, np.nan)
/freqtrade/user_data/strategies/DualTrendCompressionRestartShortV1Strategy.py:246: PerformanceWarning: DataFrame is highly fragmented.  This is usually the result of calling `frame.insert` many times, which has poor performance.  Consider joining all columns at once using pd.concat(axis=1) instead. To get a de-fragmented frame, use `newframe = frame.copy()`
  dataframe["candle_quality_short"] = (
/freqtrade/user_data/strategies/DualTrendCompressionRestartShortV1Strategy.py:252: PerformanceWarning: DataFrame is highly fragmented.  This is usually the result of calling `frame.insert` many times, which has poor performance.  Consider joining all columns at once using pd.concat(axis=1) instead. To get a de-fragmented frame, use `newframe = frame.copy()`
  dataframe["short_compression_stop"] = dataframe["compression_high"] + self.stop_atr_buffer * dataframe["atr_ref"]
/freqtrade/user_data/strategies/DualTrendCompressionRestartShortV1Strategy.py:253: PerformanceWarning: DataFrame is highly fragmented.  This is usually the result of calling `frame.insert` many times, which has poor performance.  Consider joining all columns at once using pd.concat(axis=1) instead. To get a de-fragmented frame, use `newframe = frame.copy()`
  dataframe["short_pullback_stop"] = dataframe["pullback_high_12"] + self.stop_atr_buffer * dataframe["atr_ref"]
2026-07-09 04:54:06,673 - freqtrade.data.dataprovider - INFO - Loading data for BTC/USDT:USDT 4h from 2023-01-02 08:00:00 to 2026-06-18 00:00:00
2026-07-09 04:54:08,812 - freqtrade.data.dataprovider - INFO - Loading data for ZEC/USDT:USDT 1d from 2020-09-21 00:00:00 to 2026-06-18 00:00:00
2026-07-09 04:54:08,830 - freqtrade.data.history.datahandlers.idatahandler - WARNING - ZEC/USDT:USDT, futures, 1d, data starts at 2022-10-01 00:00:00
2026-07-09 04:54:08,882 - freqtrade.data.dataprovider - INFO - Loading data for ZEC/USDT:USDT 4h from 2023-01-02 08:00:00 to 2026-06-18 00:00:00
/freqtrade/user_data/strategies/DualTrendCompressionRestartShortV1Strategy.py:241: PerformanceWarning: DataFrame is highly fragmented.  This is usually the result of calling `frame.insert` many times, which has poor performance.  Consider joining all columns at once using pd.concat(axis=1) instead. To get a de-fragmented frame, use `newframe = frame.copy()`
  dataframe["near_low_zone"] = dataframe["compression_high"] <= dataframe["recent_low_24"] * self.low_zone_buffer
/freqtrade/user_data/strategies/DualTrendCompressionRestartShortV1Strategy.py:244: PerformanceWarning: DataFrame is highly fragmented.  This is usually the result of calling `frame.insert` many times, which has poor performance.  Consider joining all columns at once using pd.concat(axis=1) instead. To get a de-fragmented frame, use `newframe = frame.copy()`
  dataframe["body_pct_of_range"] = (dataframe["close"] - dataframe["open"]).abs() / candle_range.replace(0, np.nan)
/freqtrade/user_data/strategies/DualTrendCompressionRestartShortV1Strategy.py:245: PerformanceWarning: DataFrame is highly fragmented.  This is usually the result of calling `frame.insert` many times, which has poor performance.  Consider joining all columns at once using pd.concat(axis=1) instead. To get a de-fragmented frame, use `newframe = frame.copy()`
  dataframe["close_position"] = (dataframe["close"] - dataframe["low"]) / candle_range.replace(0, np.nan)
/freqtrade/user_data/strategies/DualTrendCompressionRestartShortV1Strategy.py:246: PerformanceWarning: DataFrame is highly fragmented.  This is usually the result of calling `frame.insert` many times, which has poor performance.  Consider joining all columns at once using pd.concat(axis=1) instead. To get a de-fragmented frame, use `newframe = frame.copy()`
  dataframe["candle_quality_short"] = (
/freqtrade/user_data/strategies/DualTrendCompressionRestartShortV1Strategy.py:252: PerformanceWarning: DataFrame is highly fragmented.  This is usually the result of calling `frame.insert` many times, which has poor performance.  Consider joining all columns at once using pd.concat(axis=1) instead. To get a de-fragmented frame, use `newframe = frame.copy()`
  dataframe["short_compression_stop"] = dataframe["compression_high"] + self.stop_atr_buffer * dataframe["atr_ref"]
/freqtrade/user_data/strategies/DualTrendCompressionRestartShortV1Strategy.py:253: PerformanceWarning: DataFrame is highly fragmented.  This is usually the result of calling `frame.insert` many times, which has poor performance.  Consider joining all columns at once using pd.concat(axis=1) instead. To get a de-fragmented frame, use `newframe = frame.copy()`
  dataframe["short_pullback_stop"] = dataframe["pullback_high_12"] + self.stop_atr_buffer * dataframe["atr_ref"]
2026-07-09 04:54:11,136 - freqtrade.data.dataprovider - INFO - Loading data for BTC/USDT:USDT 1d from 2020-09-21 00:00:00 to 2026-06-18 00:00:00
2026-07-09 04:54:11,162 - freqtrade.data.history.datahandlers.idatahandler - WARNING - BTC/USDT:USDT, futures, 1d, data starts at 2022-10-01 00:00:00
/freqtrade/user_data/strategies/DualTrendCompressionRestartShortV1Strategy.py:241: PerformanceWarning: DataFrame is highly fragmented.  This is usually the result of calling `frame.insert` many times, which has poor performance.  Consider joining all columns at once using pd.concat(axis=1) instead. To get a de-fragmented frame, use `newframe = frame.copy()`
  dataframe["near_low_zone"] = dataframe["compression_high"] <= dataframe["recent_low_24"] * self.low_zone_buffer
/freqtrade/user_data/strategies/DualTrendCompressionRestartShortV1Strategy.py:244: PerformanceWarning: DataFrame is highly fragmented.  This is usually the result of calling `frame.insert` many times, which has poor performance.  Consider joining all columns at once using pd.concat(axis=1) instead. To get a de-fragmented frame, use `newframe = frame.copy()`
  dataframe["body_pct_of_range"] = (dataframe["close"] - dataframe["open"]).abs() / candle_range.replace(0, np.nan)
/freqtrade/user_data/strategies/DualTrendCompressionRestartShortV1Strategy.py:245: PerformanceWarning: DataFrame is highly fragmented.  This is usually the result of calling `frame.insert` many times, which has poor performance.  Consider joining all columns at once using pd.concat(axis=1) instead. To get a de-fragmented frame, use `newframe = frame.copy()`
  dataframe["close_position"] = (dataframe["close"] - dataframe["low"]) / candle_range.replace(0, np.nan)
/freqtrade/user_data/strategies/DualTrendCompressionRestartShortV1Strategy.py:246: PerformanceWarning: DataFrame is highly fragmented.  This is usually the result of calling `frame.insert` many times, which has poor performance.  Consider joining all columns at once using pd.concat(axis=1) instead. To get a de-fragmented frame, use `newframe = frame.copy()`
  dataframe["candle_quality_short"] = (
/freqtrade/user_data/strategies/DualTrendCompressionRestartShortV1Strategy.py:252: PerformanceWarning: DataFrame is highly fragmented.  This is usually the result of calling `frame.insert` many times, which has poor performance.  Consider joining all columns at once using pd.concat(axis=1) instead. To get a de-fragmented frame, use `newframe = frame.copy()`
  dataframe["short_compression_stop"] = dataframe["compression_high"] + self.stop_atr_buffer * dataframe["atr_ref"]
/freqtrade/user_data/strategies/DualTrendCompressionRestartShortV1Strategy.py:253: PerformanceWarning: DataFrame is highly fragmented.  This is usually the result of calling `frame.insert` many times, which has poor performance.  Consider joining all columns at once using pd.concat(axis=1) instead. To get a de-fragmented frame, use `newframe = frame.copy()`
  dataframe["short_pullback_stop"] = dataframe["pullback_high_12"] + self.stop_atr_buffer * dataframe["atr_ref"]
2026-07-09 04:54:13,263 - freqtrade.data.dataprovider - INFO - Loading data for ADA/USDT:USDT 1d from 2020-09-21 00:00:00 to 2026-06-18 00:00:00
2026-07-09 04:54:13,275 - freqtrade.data.history.datahandlers.idatahandler - WARNING - ADA/USDT:USDT, futures, 1d, data starts at 2022-10-01 00:00:00
2026-07-09 04:54:13,331 - freqtrade.data.dataprovider - INFO - Loading data for ADA/USDT:USDT 4h from 2023-01-02 08:00:00 to 2026-06-18 00:00:00
/freqtrade/user_data/strategies/DualTrendCompressionRestartShortV1Strategy.py:241: PerformanceWarning: DataFrame is highly fragmented.  This is usually the result of calling `frame.insert` many times, which has poor performance.  Consider joining all columns at once using pd.concat(axis=1) instead. To get a de-fragmented frame, use `newframe = frame.copy()`
  dataframe["near_low_zone"] = dataframe["compression_high"] <= dataframe["recent_low_24"] * self.low_zone_buffer
/freqtrade/user_data/strategies/DualTrendCompressionRestartShortV1Strategy.py:244: PerformanceWarning: DataFrame is highly fragmented.  This is usually the result of calling `frame.insert` many times, which has poor performance.  Consider joining all columns at once using pd.concat(axis=1) instead. To get a de-fragmented frame, use `newframe = frame.copy()`
  dataframe["body_pct_of_range"] = (dataframe["close"] - dataframe["open"]).abs() / candle_range.replace(0, np.nan)
/freqtrade/user_data/strategies/DualTrendCompressionRestartShortV1Strategy.py:245: PerformanceWarning: DataFrame is highly fragmented.  This is usually the result of calling `frame.insert` many times, which has poor performance.  Consider joining all columns at once using pd.concat(axis=1) instead. To get a de-fragmented frame, use `newframe = frame.copy()`
  dataframe["close_position"] = (dataframe["close"] - dataframe["low"]) / candle_range.replace(0, np.nan)
/freqtrade/user_data/strategies/DualTrendCompressionRestartShortV1Strategy.py:246: PerformanceWarning: DataFrame is highly fragmented.  This is usually the result of calling `frame.insert` many times, which has poor performance.  Consider joining all columns at once using pd.concat(axis=1) instead. To get a de-fragmented frame, use `newframe = frame.copy()`
  dataframe["candle_quality_short"] = (
/freqtrade/user_data/strategies/DualTrendCompressionRestartShortV1Strategy.py:252: PerformanceWarning: DataFrame is highly fragmented.  This is usually the result of calling `frame.insert` many times, which has poor performance.  Consider joining all columns at once using pd.concat(axis=1) instead. To get a de-fragmented frame, use `newframe = frame.copy()`
  dataframe["short_compression_stop"] = dataframe["compression_high"] + self.stop_atr_buffer * dataframe["atr_ref"]
/freqtrade/user_data/strategies/DualTrendCompressionRestartShortV1Strategy.py:253: PerformanceWarning: DataFrame is highly fragmented.  This is usually the result of calling `frame.insert` many times, which has poor performance.  Consider joining all columns at once using pd.concat(axis=1) instead. To get a de-fragmented frame, use `newframe = frame.copy()`
  dataframe["short_pullback_stop"] = dataframe["pullback_high_12"] + self.stop_atr_buffer * dataframe["atr_ref"]
2026-07-09 04:54:15,588 - freqtrade.data.dataprovider - INFO - Loading data for BNB/USDT:USDT 1d from 2020-09-21 00:00:00 to 2026-06-18 00:00:00
2026-07-09 04:54:15,602 - freqtrade.data.history.datahandlers.idatahandler - WARNING - BNB/USDT:USDT, futures, 1d, data starts at 2022-10-01 00:00:00
2026-07-09 04:54:15,660 - freqtrade.data.dataprovider - INFO - Loading data for BNB/USDT:USDT 4h from 2023-01-02 08:00:00 to 2026-06-18 00:00:00
/freqtrade/user_data/strategies/DualTrendCompressionRestartShortV1Strategy.py:241: PerformanceWarning: DataFrame is highly fragmented.  This is usually the result of calling `frame.insert` many times, which has poor performance.  Consider joining all columns at once using pd.concat(axis=1) instead. To get a de-fragmented frame, use `newframe = frame.copy()`
  dataframe["near_low_zone"] = dataframe["compression_high"] <= dataframe["recent_low_24"] * self.low_zone_buffer
/freqtrade/user_data/strategies/DualTrendCompressionRestartShortV1Strategy.py:244: PerformanceWarning: DataFrame is highly fragmented.  This is usually the result of calling `frame.insert` many times, which has poor performance.  Consider joining all columns at once using pd.concat(axis=1) instead. To get a de-fragmented frame, use `newframe = frame.copy()`
  dataframe["body_pct_of_range"] = (dataframe["close"] - dataframe["open"]).abs() / candle_range.replace(0, np.nan)
/freqtrade/user_data/strategies/DualTrendCompressionRestartShortV1Strategy.py:245: PerformanceWarning: DataFrame is highly fragmented.  This is usually the result of calling `frame.insert` many times, which has poor performance.  Consider joining all columns at once using pd.concat(axis=1) instead. To get a de-fragmented frame, use `newframe = frame.copy()`
  dataframe["close_position"] = (dataframe["close"] - dataframe["low"]) / candle_range.replace(0, np.nan)
/freqtrade/user_data/strategies/DualTrendCompressionRestartShortV1Strategy.py:246: PerformanceWarning: DataFrame is highly fragmented.  This is usually the result of calling `frame.insert` many times, which has poor performance.  Consider joining all columns at once using pd.concat(axis=1) instead. To get a de-fragmented frame, use `newframe = frame.copy()`
  dataframe["candle_quality_short"] = (
/freqtrade/user_data/strategies/DualTrendCompressionRestartShortV1Strategy.py:252: PerformanceWarning: DataFrame is highly fragmented.  This is usually the result of calling `frame.insert` many times, which has poor performance.  Consider joining all columns at once using pd.concat(axis=1) instead. To get a de-fragmented frame, use `newframe = frame.copy()`
  dataframe["short_compression_stop"] = dataframe["compression_high"] + self.stop_atr_buffer * dataframe["atr_ref"]
/freqtrade/user_data/strategies/DualTrendCompressionRestartShortV1Strategy.py:253: PerformanceWarning: DataFrame is highly fragmented.  This is usually the result of calling `frame.insert` many times, which has poor performance.  Consider joining all columns at once using pd.concat(axis=1) instead. To get a de-fragmented frame, use `newframe = frame.copy()`
  dataframe["short_pullback_stop"] = dataframe["pullback_high_12"] + self.stop_atr_buffer * dataframe["atr_ref"]
2026-07-09 04:54:17,798 - freqtrade.data.dataprovider - INFO - Loading data for SOL/USDT:USDT 1d from 2020-09-21 00:00:00 to 2026-06-18 00:00:00
2026-07-09 04:54:17,821 - freqtrade.data.history.datahandlers.idatahandler - WARNING - SOL/USDT:USDT, futures, 1d, data starts at 2022-10-01 00:00:00
2026-07-09 04:54:17,877 - freqtrade.data.dataprovider - INFO - Loading data for SOL/USDT:USDT 4h from 2023-01-02 08:00:00 to 2026-06-18 00:00:00
/freqtrade/user_data/strategies/DualTrendCompressionRestartShortV1Strategy.py:241: PerformanceWarning: DataFrame is highly fragmented.  This is usually the result of calling `frame.insert` many times, which has poor performance.  Consider joining all columns at once using pd.concat(axis=1) instead. To get a de-fragmented frame, use `newframe = frame.copy()`
  dataframe["near_low_zone"] = dataframe["compression_high"] <= dataframe["recent_low_24"] * self.low_zone_buffer
/freqtrade/user_data/strategies/DualTrendCompressionRestartShortV1Strategy.py:244: PerformanceWarning: DataFrame is highly fragmented.  This is usually the result of calling `frame.insert` many times, which has poor performance.  Consider joining all columns at once using pd.concat(axis=1) instead. To get a de-fragmented frame, use `newframe = frame.copy()`
  dataframe["body_pct_of_range"] = (dataframe["close"] - dataframe["open"]).abs() / candle_range.replace(0, np.nan)
/freqtrade/user_data/strategies/DualTrendCompressionRestartShortV1Strategy.py:245: PerformanceWarning: DataFrame is highly fragmented.  This is usually the result of calling `frame.insert` many times, which has poor performance.  Consider joining all columns at once using pd.concat(axis=1) instead. To get a de-fragmented frame, use `newframe = frame.copy()`
  dataframe["close_position"] = (dataframe["close"] - dataframe["low"]) / candle_range.replace(0, np.nan)
/freqtrade/user_data/strategies/DualTrendCompressionRestartShortV1Strategy.py:246: PerformanceWarning: DataFrame is highly fragmented.  This is usually the result of calling `frame.insert` many times, which has poor performance.  Consider joining all columns at once using pd.concat(axis=1) instead. To get a de-fragmented frame, use `newframe = frame.copy()`
  dataframe["candle_quality_short"] = (
/freqtrade/user_data/strategies/DualTrendCompressionRestartShortV1Strategy.py:252: PerformanceWarning: DataFrame is highly fragmented.  This is usually the result of calling `frame.insert` many times, which has poor performance.  Consider joining all columns at once using pd.concat(axis=1) instead. To get a de-fragmented frame, use `newframe = frame.copy()`
  dataframe["short_compression_stop"] = dataframe["compression_high"] + self.stop_atr_buffer * dataframe["atr_ref"]
/freqtrade/user_data/strategies/DualTrendCompressionRestartShortV1Strategy.py:253: PerformanceWarning: DataFrame is highly fragmented.  This is usually the result of calling `frame.insert` many times, which has poor performance.  Consider joining all columns at once using pd.concat(axis=1) instead. To get a de-fragmented frame, use `newframe = frame.copy()`
  dataframe["short_pullback_stop"] = dataframe["pullback_high_12"] + self.stop_atr_buffer * dataframe["atr_ref"]
2026-07-09 04:54:20,068 - freqtrade.data.dataprovider - INFO - Loading data for DOGE/USDT:USDT 1d from 2020-09-21 00:00:00 to 2026-06-18 00:00:00
2026-07-09 04:54:20,088 - freqtrade.data.history.datahandlers.idatahandler - WARNING - DOGE/USDT:USDT, futures, 1d, data starts at 2022-10-01 00:00:00
2026-07-09 04:54:20,139 - freqtrade.data.dataprovider - INFO - Loading data for DOGE/USDT:USDT 4h from 2023-01-02 08:00:00 to 2026-06-18 00:00:00
/freqtrade/user_data/strategies/DualTrendCompressionRestartShortV1Strategy.py:241: PerformanceWarning: DataFrame is highly fragmented.  This is usually the result of calling `frame.insert` many times, which has poor performance.  Consider joining all columns at once using pd.concat(axis=1) instead. To get a de-fragmented frame, use `newframe = frame.copy()`
  dataframe["near_low_zone"] = dataframe["compression_high"] <= dataframe["recent_low_24"] * self.low_zone_buffer
/freqtrade/user_data/strategies/DualTrendCompressionRestartShortV1Strategy.py:244: PerformanceWarning: DataFrame is highly fragmented.  This is usually the result of calling `frame.insert` many times, which has poor performance.  Consider joining all columns at once using pd.concat(axis=1) instead. To get a de-fragmented frame, use `newframe = frame.copy()`
  dataframe["body_pct_of_range"] = (dataframe["close"] - dataframe["open"]).abs() / candle_range.replace(0, np.nan)
/freqtrade/user_data/strategies/DualTrendCompressionRestartShortV1Strategy.py:245: PerformanceWarning: DataFrame is highly fragmented.  This is usually the result of calling `frame.insert` many times, which has poor performance.  Consider joining all columns at once using pd.concat(axis=1) instead. To get a de-fragmented frame, use `newframe = frame.copy()`
  dataframe["close_position"] = (dataframe["close"] - dataframe["low"]) / candle_range.replace(0, np.nan)
/freqtrade/user_data/strategies/DualTrendCompressionRestartShortV1Strategy.py:246: PerformanceWarning: DataFrame is highly fragmented.  This is usually the result of calling `frame.insert` many times, which has poor performance.  Consider joining all columns at once using pd.concat(axis=1) instead. To get a de-fragmented frame, use `newframe = frame.copy()`
  dataframe["candle_quality_short"] = (
/freqtrade/user_data/strategies/DualTrendCompressionRestartShortV1Strategy.py:252: PerformanceWarning: DataFrame is highly fragmented.  This is usually the result of calling `frame.insert` many times, which has poor performance.  Consider joining all columns at once using pd.concat(axis=1) instead. To get a de-fragmented frame, use `newframe = frame.copy()`
  dataframe["short_compression_stop"] = dataframe["compression_high"] + self.stop_atr_buffer * dataframe["atr_ref"]
/freqtrade/user_data/strategies/DualTrendCompressionRestartShortV1Strategy.py:253: PerformanceWarning: DataFrame is highly fragmented.  This is usually the result of calling `frame.insert` many times, which has poor performance.  Consider joining all columns at once using pd.concat(axis=1) instead. To get a de-fragmented frame, use `newframe = frame.copy()`
  dataframe["short_pullback_stop"] = dataframe["pullback_high_12"] + self.stop_atr_buffer * dataframe["atr_ref"]
2026-07-09 04:54:22,355 - freqtrade.data.dataprovider - INFO - Loading data for XRP/USDT:USDT 1d from 2020-09-21 00:00:00 to 2026-06-18 00:00:00
2026-07-09 04:54:22,370 - freqtrade.data.history.datahandlers.idatahandler - WARNING - XRP/USDT:USDT, futures, 1d, data starts at 2022-10-01 00:00:00
2026-07-09 04:54:22,438 - freqtrade.data.dataprovider - INFO - Loading data for XRP/USDT:USDT 4h from 2023-01-02 08:00:00 to 2026-06-18 00:00:00
/freqtrade/user_data/strategies/DualTrendCompressionRestartShortV1Strategy.py:241: PerformanceWarning: DataFrame is highly fragmented.  This is usually the result of calling `frame.insert` many times, which has poor performance.  Consider joining all columns at once using pd.concat(axis=1) instead. To get a de-fragmented frame, use `newframe = frame.copy()`
  dataframe["near_low_zone"] = dataframe["compression_high"] <= dataframe["recent_low_24"] * self.low_zone_buffer
/freqtrade/user_data/strategies/DualTrendCompressionRestartShortV1Strategy.py:244: PerformanceWarning: DataFrame is highly fragmented.  This is usually the result of calling `frame.insert` many times, which has poor performance.  Consider joining all columns at once using pd.concat(axis=1) instead. To get a de-fragmented frame, use `newframe = frame.copy()`
  dataframe["body_pct_of_range"] = (dataframe["close"] - dataframe["open"]).abs() / candle_range.replace(0, np.nan)
/freqtrade/user_data/strategies/DualTrendCompressionRestartShortV1Strategy.py:245: PerformanceWarning: DataFrame is highly fragmented.  This is usually the result of calling `frame.insert` many times, which has poor performance.  Consider joining all columns at once using pd.concat(axis=1) instead. To get a de-fragmented frame, use `newframe = frame.copy()`
  dataframe["close_position"] = (dataframe["close"] - dataframe["low"]) / candle_range.replace(0, np.nan)
/freqtrade/user_data/strategies/DualTrendCompressionRestartShortV1Strategy.py:246: PerformanceWarning: DataFrame is highly fragmented.  This is usually the result of calling `frame.insert` many times, which has poor performance.  Consider joining all columns at once using pd.concat(axis=1) instead. To get a de-fragmented frame, use `newframe = frame.copy()`
  dataframe["candle_quality_short"] = (
/freqtrade/user_data/strategies/DualTrendCompressionRestartShortV1Strategy.py:252: PerformanceWarning: DataFrame is highly fragmented.  This is usually the result of calling `frame.insert` many times, which has poor performance.  Consider joining all columns at once using pd.concat(axis=1) instead. To get a de-fragmented frame, use `newframe = frame.copy()`
  dataframe["short_compression_stop"] = dataframe["compression_high"] + self.stop_atr_buffer * dataframe["atr_ref"]
/freqtrade/user_data/strategies/DualTrendCompressionRestartShortV1Strategy.py:253: PerformanceWarning: DataFrame is highly fragmented.  This is usually the result of calling `frame.insert` many times, which has poor performance.  Consider joining all columns at once using pd.concat(axis=1) instead. To get a de-fragmented frame, use `newframe = frame.copy()`
  dataframe["short_pullback_stop"] = dataframe["pullback_high_12"] + self.stop_atr_buffer * dataframe["atr_ref"]
2026-07-09 04:54:24,591 - freqtrade.data.dataprovider - INFO - Loading data for TAO/USDT:USDT 1d from 2020-09-21 00:00:00 to 2026-06-18 00:00:00
2026-07-09 04:54:24,607 - freqtrade.data.history.datahandlers.idatahandler - WARNING - TAO/USDT:USDT, futures, 1d, data starts at 2024-04-11 00:00:00
2026-07-09 04:54:24,639 - freqtrade.data.dataprovider - INFO - Loading data for TAO/USDT:USDT 4h from 2023-01-02 08:00:00 to 2026-06-18 00:00:00
2026-07-09 04:54:24,664 - freqtrade.data.history.datahandlers.idatahandler - WARNING - TAO/USDT:USDT, futures, 4h, data starts at 2024-04-11 12:00:00
2026-07-09 04:54:26,211 - freqtrade.data.dataprovider - INFO - Loading data for SUI/USDT:USDT 1d from 2020-09-21 00:00:00 to 2026-06-18 00:00:00
2026-07-09 04:54:26,226 - freqtrade.data.history.datahandlers.idatahandler - WARNING - SUI/USDT:USDT, futures, 1d, data starts at 2023-06-18 00:00:00
2026-07-09 04:54:26,262 - freqtrade.data.dataprovider - INFO - Loading data for SUI/USDT:USDT 4h from 2023-01-02 08:00:00 to 2026-06-18 00:00:00
2026-07-09 04:54:26,281 - freqtrade.data.history.datahandlers.idatahandler - WARNING - SUI/USDT:USDT, futures, 4h, data starts at 2023-06-18 00:00:00
2026-07-09 04:54:28,447 - freqtrade.data.dataprovider - INFO - Loading data for PAXG/USDT:USDT 1d from 2020-09-21 00:00:00 to 2026-06-18 00:00:00
2026-07-09 04:54:28,468 - freqtrade.data.history.datahandlers.idatahandler - WARNING - PAXG/USDT:USDT, futures, 1d, data starts at 2025-03-27 00:00:00
2026-07-09 04:54:28,499 - freqtrade.data.dataprovider - INFO - Loading data for PAXG/USDT:USDT 4h from 2023-01-02 08:00:00 to 2026-06-18 00:00:00
2026-07-09 04:54:28,515 - freqtrade.data.history.datahandlers.idatahandler - WARNING - PAXG/USDT:USDT, futures, 4h, data starts at 2025-03-27 08:00:00
2026-07-09 04:54:29,315 - freqtrade.data.dataprovider - INFO - Loading data for NEAR/USDT:USDT 1d from 2020-09-21 00:00:00 to 2026-06-18 00:00:00
2026-07-09 04:54:29,331 - freqtrade.data.history.datahandlers.idatahandler - WARNING - NEAR/USDT:USDT, futures, 1d, data starts at 2022-10-01 00:00:00
2026-07-09 04:54:29,387 - freqtrade.data.dataprovider - INFO - Loading data for NEAR/USDT:USDT 4h from 2023-01-02 08:00:00 to 2026-06-18 00:00:00
/freqtrade/user_data/strategies/DualTrendCompressionRestartShortV1Strategy.py:241: PerformanceWarning: DataFrame is highly fragmented.  This is usually the result of calling `frame.insert` many times, which has poor performance.  Consider joining all columns at once using pd.concat(axis=1) instead. To get a de-fragmented frame, use `newframe = frame.copy()`
  dataframe["near_low_zone"] = dataframe["compression_high"] <= dataframe["recent_low_24"] * self.low_zone_buffer
/freqtrade/user_data/strategies/DualTrendCompressionRestartShortV1Strategy.py:244: PerformanceWarning: DataFrame is highly fragmented.  This is usually the result of calling `frame.insert` many times, which has poor performance.  Consider joining all columns at once using pd.concat(axis=1) instead. To get a de-fragmented frame, use `newframe = frame.copy()`
  dataframe["body_pct_of_range"] = (dataframe["close"] - dataframe["open"]).abs() / candle_range.replace(0, np.nan)
/freqtrade/user_data/strategies/DualTrendCompressionRestartShortV1Strategy.py:245: PerformanceWarning: DataFrame is highly fragmented.  This is usually the result of calling `frame.insert` many times, which has poor performance.  Consider joining all columns at once using pd.concat(axis=1) instead. To get a de-fragmented frame, use `newframe = frame.copy()`
  dataframe["close_position"] = (dataframe["close"] - dataframe["low"]) / candle_range.replace(0, np.nan)
/freqtrade/user_data/strategies/DualTrendCompressionRestartShortV1Strategy.py:246: PerformanceWarning: DataFrame is highly fragmented.  This is usually the result of calling `frame.insert` many times, which has poor performance.  Consider joining all columns at once using pd.concat(axis=1) instead. To get a de-fragmented frame, use `newframe = frame.copy()`
  dataframe["candle_quality_short"] = (
/freqtrade/user_data/strategies/DualTrendCompressionRestartShortV1Strategy.py:252: PerformanceWarning: DataFrame is highly fragmented.  This is usually the result of calling `frame.insert` many times, which has poor performance.  Consider joining all columns at once using pd.concat(axis=1) instead. To get a de-fragmented frame, use `newframe = frame.copy()`
  dataframe["short_compression_stop"] = dataframe["compression_high"] + self.stop_atr_buffer * dataframe["atr_ref"]
/freqtrade/user_data/strategies/DualTrendCompressionRestartShortV1Strategy.py:253: PerformanceWarning: DataFrame is highly fragmented.  This is usually the result of calling `frame.insert` many times, which has poor performance.  Consider joining all columns at once using pd.concat(axis=1) instead. To get a de-fragmented frame, use `newframe = frame.copy()`
  dataframe["short_pullback_stop"] = dataframe["pullback_high_12"] + self.stop_atr_buffer * dataframe["atr_ref"]
2026-07-09 04:54:31,434 - freqtrade.data.dataprovider - INFO - Loading data for LINK/USDT:USDT 1d from 2020-09-21 00:00:00 to 2026-06-18 00:00:00
2026-07-09 04:54:31,474 - freqtrade.data.history.datahandlers.idatahandler - WARNING - LINK/USDT:USDT, futures, 1d, data starts at 2022-10-01 00:00:00
2026-07-09 04:54:31,526 - freqtrade.data.dataprovider - INFO - Loading data for LINK/USDT:USDT 4h from 2023-01-02 08:00:00 to 2026-06-18 00:00:00
/freqtrade/user_data/strategies/DualTrendCompressionRestartShortV1Strategy.py:241: PerformanceWarning: DataFrame is highly fragmented.  This is usually the result of calling `frame.insert` many times, which has poor performance.  Consider joining all columns at once using pd.concat(axis=1) instead. To get a de-fragmented frame, use `newframe = frame.copy()`
  dataframe["near_low_zone"] = dataframe["compression_high"] <= dataframe["recent_low_24"] * self.low_zone_buffer
/freqtrade/user_data/strategies/DualTrendCompressionRestartShortV1Strategy.py:244: PerformanceWarning: DataFrame is highly fragmented.  This is usually the result of calling `frame.insert` many times, which has poor performance.  Consider joining all columns at once using pd.concat(axis=1) instead. To get a de-fragmented frame, use `newframe = frame.copy()`
  dataframe["body_pct_of_range"] = (dataframe["close"] - dataframe["open"]).abs() / candle_range.replace(0, np.nan)
/freqtrade/user_data/strategies/DualTrendCompressionRestartShortV1Strategy.py:245: PerformanceWarning: DataFrame is highly fragmented.  This is usually the result of calling `frame.insert` many times, which has poor performance.  Consider joining all columns at once using pd.concat(axis=1) instead. To get a de-fragmented frame, use `newframe = frame.copy()`
  dataframe["close_position"] = (dataframe["close"] - dataframe["low"]) / candle_range.replace(0, np.nan)
/freqtrade/user_data/strategies/DualTrendCompressionRestartShortV1Strategy.py:246: PerformanceWarning: DataFrame is highly fragmented.  This is usually the result of calling `frame.insert` many times, which has poor performance.  Consider joining all columns at once using pd.concat(axis=1) instead. To get a de-fragmented frame, use `newframe = frame.copy()`
  dataframe["candle_quality_short"] = (
/freqtrade/user_data/strategies/DualTrendCompressionRestartShortV1Strategy.py:252: PerformanceWarning: DataFrame is highly fragmented.  This is usually the result of calling `frame.insert` many times, which has poor performance.  Consider joining all columns at once using pd.concat(axis=1) instead. To get a de-fragmented frame, use `newframe = frame.copy()`
  dataframe["short_compression_stop"] = dataframe["compression_high"] + self.stop_atr_buffer * dataframe["atr_ref"]
/freqtrade/user_data/strategies/DualTrendCompressionRestartShortV1Strategy.py:253: PerformanceWarning: DataFrame is highly fragmented.  This is usually the result of calling `frame.insert` many times, which has poor performance.  Consider joining all columns at once using pd.concat(axis=1) instead. To get a de-fragmented frame, use `newframe = frame.copy()`
  dataframe["short_pullback_stop"] = dataframe["pullback_high_12"] + self.stop_atr_buffer * dataframe["atr_ref"]
2026-07-09 04:54:33,681 - freqtrade.optimize.backtesting - INFO - Backtesting with data from 2023-06-18 00:00:00 up to 2026-06-18 00:00:00 (1096 days).
2026-07-09 04:54:33,684 - freqtrade.resolvers.iresolver - INFO - Using resolved protection CooldownPeriod from '/freqtrade/freqtrade/plugins/protections/cooldown_period.py'...
2026-07-09 04:54:33,687 - freqtrade.resolvers.iresolver - INFO - Using resolved protection StoplossGuard from '/freqtrade/freqtrade/plugins/protections/stoploss_guard.py'...
2026-07-09 04:54:33,689 - freqtrade.resolvers.iresolver - INFO - Using resolved protection MaxDrawdown from '/freqtrade/freqtrade/plugins/protections/max_drawdown_protection.py'...
2026-07-09 04:59:45,099 - freqtrade.misc - INFO - dumping json to "/freqtrade/user_data/backtest_results/backtest-result-2026-07-09_04-59-45.meta.json"
Result for strategy DualTrendRawStrategy
                                                   BACKTESTING REPORT                                                   
┏━━━━━━━━━━━━━━━━┳━━━━━━━━┳━━━━━━━━━━━━━━┳━━━━━━━━━━━━━━━━━┳━━━━━━━━━━━━━━┳━━━━━━━━━━━━━━━━━━━┳━━━━━━━━━━━━━━━━━━━━━━━━┓
┃           Pair ┃ Trades ┃ Avg Profit % ┃ Tot Profit USDT ┃ Tot Profit % ┃      Avg Duration ┃  Win  Draw  Loss  Win% ┃
┡━━━━━━━━━━━━━━━━╇━━━━━━━━╇━━━━━━━━━━━━━━╇━━━━━━━━━━━━━━━━━╇━━━━━━━━━━━━━━╇━━━━━━━━━━━━━━━━━━━╇━━━━━━━━━━━━━━━━━━━━━━━━┩
│  ETH/USDT:USDT │     30 │         2.31 │         337.384 │        33.74 │   1 day, 15:51:00 │   11     0    19  36.7 │
│  ADA/USDT:USDT │     32 │         1.77 │         287.255 │        28.73 │   1 day, 20:39:00 │   11     0    21  34.4 │
│  ZEC/USDT:USDT │     13 │         5.31 │         222.282 │        22.23 │   1 day, 16:13:00 │    8     0     5  61.5 │
│  BTC/USDT:USDT │     37 │         1.19 │         214.567 │        21.46 │  2 days, 15:43:00 │   11     0    26  29.7 │
│  BNB/USDT:USDT │     19 │         2.51 │         186.988 │         18.7 │   2 days, 8:07:00 │    9     0    10  47.4 │
│ DOGE/USDT:USDT │     20 │         2.46 │         162.649 │        16.26 │    1 day, 7:02:00 │    8     0    12  40.0 │
│  SOL/USDT:USDT │     26 │         1.39 │         157.562 │        15.76 │   1 day, 11:39:00 │    8     0    18  30.8 │
│  SUI/USDT:USDT │     19 │         1.69 │         108.932 │        10.89 │   1 day, 23:25:00 │    8     0    11  42.1 │
│  TAO/USDT:USDT │     12 │         1.82 │          92.076 │         9.21 │   1 day, 21:26:00 │    6     0     6  50.0 │
│  XRP/USDT:USDT │     36 │         0.27 │          86.401 │         8.64 │   2 days, 8:25:00 │    8     0    28  22.2 │
│ PAXG/USDT:USDT │      5 │         1.55 │          74.266 │         7.43 │ 11 days, 16:19:00 │    2     0     3  40.0 │
│ NEAR/USDT:USDT │     26 │        -0.16 │          38.758 │         3.88 │    1 day, 9:11:00 │    6     0    20  23.1 │
│ LINK/USDT:USDT │     20 │         0.31 │          27.178 │         2.72 │    1 day, 7:18:00 │    5     0    15  25.0 │
│          TOTAL │    295 │         1.51 │        1996.296 │       199.63 │   2 days, 1:06:00 │  101     0   194  34.2 │
└────────────────┴────────┴──────────────┴─────────────────┴──────────────┴───────────────────┴────────────────────────┘
                                             LEFT OPEN TRADES REPORT                                              
┏━━━━━━━━━━━━━━━┳━━━━━━━━┳━━━━━━━━━━━━━━┳━━━━━━━━━━━━━━━━━┳━━━━━━━━━━━━━━┳━━━━━━━━━━━━━━┳━━━━━━━━━━━━━━━━━━━━━━━━┓
┃          Pair ┃ Trades ┃ Avg Profit % ┃ Tot Profit USDT ┃ Tot Profit % ┃ Avg Duration ┃  Win  Draw  Loss  Win% ┃
┡━━━━━━━━━━━━━━━╇━━━━━━━━╇━━━━━━━━━━━━━━╇━━━━━━━━━━━━━━━━━╇━━━━━━━━━━━━━━╇━━━━━━━━━━━━━━╇━━━━━━━━━━━━━━━━━━━━━━━━┩
│ ADA/USDT:USDT │      1 │         1.15 │           6.093 │         0.61 │     15:00:00 │    1     0     0   100 │
│         TOTAL │      1 │         1.15 │           6.093 │         0.61 │     15:00:00 │    1     0     0   100 │
└───────────────┴────────┴──────────────┴─────────────────┴──────────────┴──────────────┴────────────────────────┘
                                                          ENTER TAG STATS                                                           
┏━━━━━━━━━━━━━━━━━━━━━━━━━━━━━┳━━━━━━━━━┳━━━━━━━━━━━━━━┳━━━━━━━━━━━━━━━━━┳━━━━━━━━━━━━━━┳━━━━━━━━━━━━━━━━━┳━━━━━━━━━━━━━━━━━━━━━━━━┓
┃                   Enter Tag ┃ Entries ┃ Avg Profit % ┃ Tot Profit USDT ┃ Tot Profit % ┃    Avg Duration ┃  Win  Draw  Loss  Win% ┃
┡━━━━━━━━━━━━━━━━━━━━━━━━━━━━━╇━━━━━━━━━╇━━━━━━━━━━━━━━╇━━━━━━━━━━━━━━━━━╇━━━━━━━━━━━━━━╇━━━━━━━━━━━━━━━━━╇━━━━━━━━━━━━━━━━━━━━━━━━┩
│      short_pullback_restart │     168 │         1.41 │        1033.063 │       103.31 │ 1 day, 19:15:00 │   57     0   111  33.9 │
│  long_1d_center_compression │      46 │         2.03 │         504.131 │        50.41 │ 3 days, 4:50:00 │   16     0    30  34.8 │
│ short_compression_breakdown │      81 │         1.41 │         459.102 │        45.91 │ 1 day, 21:31:00 │   28     0    53  34.6 │
│                       TOTAL │     295 │         1.51 │        1996.296 │       199.63 │ 2 days, 1:06:00 │  101     0   194  34.2 │
└─────────────────────────────┴─────────┴──────────────┴─────────────────┴──────────────┴─────────────────┴────────────────────────┘
                                                      EXIT REASON STATS                                                       
┏━━━━━━━━━━━━━━━━━━━━━━━┳━━━━━━━┳━━━━━━━━━━━━━━┳━━━━━━━━━━━━━━━━━┳━━━━━━━━━━━━━━┳━━━━━━━━━━━━━━━━━━━┳━━━━━━━━━━━━━━━━━━━━━━━━┓
┃           Exit Reason ┃ Exits ┃ Avg Profit % ┃ Tot Profit USDT ┃ Tot Profit % ┃      Avg Duration ┃  Win  Draw  Loss  Win% ┃
┡━━━━━━━━━━━━━━━━━━━━━━━╇━━━━━━━╇━━━━━━━━━━━━━━╇━━━━━━━━━━━━━━━━━╇━━━━━━━━━━━━━━╇━━━━━━━━━━━━━━━━━━━╇━━━━━━━━━━━━━━━━━━━━━━━━┩
│                   roi │    89 │         10.0 │        3883.710 │       388.37 │  2 days, 11:18:00 │   89     0     0   100 │
│       stale_flat_120h │     9 │         0.91 │          40.665 │         4.07 │  5 days, 20:39:00 │    9     0     0   100 │
│ stale_low_profit_240h │     1 │         2.94 │          24.046 │          2.4 │ 10 days, 20:15:00 │    1     0     0   100 │
│    swing_exit_long_1d │     5 │        -0.15 │           9.357 │         0.94 │  6 days, 20:48:00 │    1     0     4  20.0 │
│            force_exit │     1 │         1.15 │           6.093 │         0.61 │          15:00:00 │    1     0     0   100 │
│        stale_loss_72h │    37 │        -0.58 │         -93.684 │        -9.37 │  3 days, 10:27:00 │    0     0    37     0 │
│    trailing_stop_loss │    34 │        -3.03 │        -401.722 │       -40.17 │          20:47:00 │    0     0    34     0 │
│             stop_loss │   119 │        -2.79 │       -1472.169 │      -147.22 │    1 day, 1:56:00 │    0     0   119     0 │
│                 TOTAL │   295 │         1.51 │        1996.296 │       199.63 │   2 days, 1:06:00 │  101     0   194  34.2 │
└───────────────────────┴───────┴──────────────┴─────────────────┴──────────────┴───────────────────┴────────────────────────┘
                                                                       MIXED TAG STATS                                                                       
┏━━━━━━━━━━━━━━━━━━━━━━━━━━━━━┳━━━━━━━━━━━━━━━━━━━━━━━┳━━━━━━━━┳━━━━━━━━━━━━━━┳━━━━━━━━━━━━━━━━━┳━━━━━━━━━━━━━━┳━━━━━━━━━━━━━━━━━━━┳━━━━━━━━━━━━━━━━━━━━━━━━┓
┃                   Enter Tag ┃           Exit Reason ┃ Trades ┃ Avg Profit % ┃ Tot Profit USDT ┃ Tot Profit % ┃      Avg Duration ┃  Win  Draw  Loss  Win% ┃
┡━━━━━━━━━━━━━━━━━━━━━━━━━━━━━╇━━━━━━━━━━━━━━━━━━━━━━━╇━━━━━━━━╇━━━━━━━━━━━━━━╇━━━━━━━━━━━━━━━━━╇━━━━━━━━━━━━━━╇━━━━━━━━━━━━━━━━━━━╇━━━━━━━━━━━━━━━━━━━━━━━━┩
│      short_pullback_restart │                   roi │     50 │         10.0 │        2144.070 │       214.41 │   2 days, 1:56:00 │   50     0     0   100 │
│ short_compression_breakdown │                   roi │     24 │         10.0 │         952.557 │        95.26 │   2 days, 0:38:00 │   24     0     0   100 │
│  long_1d_center_compression │                   roi │     15 │         10.0 │         787.083 │        78.71 │  4 days, 11:34:00 │   15     0     0   100 │
│      short_pullback_restart │       stale_flat_120h │      6 │         0.92 │          30.799 │         3.08 │  5 days, 11:12:00 │    6     0     0   100 │
│      short_pullback_restart │ stale_low_profit_240h │      1 │         2.94 │          24.046 │          2.4 │ 10 days, 20:15:00 │    1     0     0   100 │
│ short_compression_breakdown │       stale_flat_120h │      3 │         0.88 │           9.866 │         0.99 │  6 days, 15:33:00 │    3     0     0   100 │
│  long_1d_center_compression │    swing_exit_long_1d │      5 │        -0.15 │           9.357 │         0.94 │  6 days, 20:48:00 │    1     0     4  20.0 │
│ short_compression_breakdown │            force_exit │      1 │         1.15 │           6.093 │         0.61 │          15:00:00 │    1     0     0   100 │
│ short_compression_breakdown │        stale_loss_72h │     15 │        -0.67 │         -42.113 │        -4.21 │   3 days, 7:08:00 │    0     0    15     0 │
│      short_pullback_restart │        stale_loss_72h │     22 │        -0.52 │         -51.571 │        -5.16 │  3 days, 12:43:00 │    0     0    22     0 │
│ short_compression_breakdown │    trailing_stop_loss │     15 │        -3.27 │        -171.874 │       -17.19 │          17:17:00 │    0     0    15     0 │
│      short_pullback_restart │    trailing_stop_loss │     19 │        -2.85 │        -229.847 │       -22.98 │          23:33:00 │    0     0    19     0 │
│  long_1d_center_compression │             stop_loss │     26 │        -2.14 │        -292.309 │       -29.23 │   1 day, 18:11:00 │    0     0    26     0 │
│ short_compression_breakdown │             stop_loss │     23 │        -3.05 │        -295.428 │       -29.54 │    1 day, 1:13:00 │    0     0    23     0 │
│      short_pullback_restart │             stop_loss │     70 │        -2.94 │        -884.433 │       -88.44 │          20:09:00 │    0     0    70     0 │
│                       TOTAL │                       │    295 │         1.51 │        1996.296 │       199.63 │   2 days, 1:06:00 │  101     0   194  34.2 │
└─────────────────────────────┴───────────────────────┴────────┴──────────────┴─────────────────┴──────────────┴───────────────────┴────────────────────────┘
                                   SUMMARY METRICS                                    
┏━━━━━━━━━━━━━━━━━━━━━━━━━━━━━━━━━━━━━━━━┳━━━━━━━━━━━━━━━━━━━━━━━━━━━━━━━━━━━━━━━━━━━┓
┃ Metric                                 ┃ Value                                     ┃
┡━━━━━━━━━━━━━━━━━━━━━━━━━━━━━━━━━━━━━━━━╇━━━━━━━━━━━━━━━━━━━━━━━━━━━━━━━━━━━━━━━━━━━┩
│ Backtesting from                       │ 2023-06-18 00:00:00                       │
│ Backtesting to                         │ 2026-06-18 00:00:00                       │
│ Trading Mode                           │ Isolated Futures                          │
│ Max open trades                        │ 3                                         │
│                                        │                                           │
│ Total/Daily Avg Trades                 │ 295 / 0.27                                │
│ Starting balance                       │ 1000 USDT                                 │
│ Final balance                          │ 2996.296 USDT                             │
│ Absolute profit                        │ 1996.296 USDT                             │
│ Total profit %                         │ 199.63%                                   │
│ CAGR %                                 │ 44.12%                                    │
│ Sharpe (closed trades)                 │ 1.30                                      │
│ Sortino (closed trades)                │ 5.71                                      │
│ Calmar (closed trades)                 │ 49.32                                     │
│ SQN                                    │ 4.32                                      │
│ Profit factor                          │ 2.00                                      │
│ Expectancy (Ratio)                     │ 6.77 (0.66)                               │
│ Avg. daily profit                      │ 1.821 USDT                                │
│ Avg. stake amount                      │ 453.32 USDT                               │
│ Market change                          │ 208.26%                                   │
│ Total trade volume                     │ 266539.089 USDT                           │
│                                        │                                           │
│ Long / Short trades                    │ 46 / 249                                  │
│ Long / Short profit %                  │ 50.41% / 149.22%                          │
│ Long / Short profit USDT               │ 504.131 / 1492.165                        │
│                                        │                                           │
│ Best Pair                              │ ETH/USDT:USDT 33.74%                      │
│ Worst Pair                             │ LINK/USDT:USDT 2.72%                      │
│ Best trade                             │ NEAR/USDT:USDT 10.02%                     │
│ Worst trade                            │ TAO/USDT:USDT -5.00%                      │
│ Best day                               │ 244.684 USDT                              │
│ Worst day                              │ -67.219 USDT                              │
│ Days win/draw/lose                     │ 73 / 879 / 143                            │
│ Min/Max/Avg. Duration Winners          │ 0d 01:05 / 17d 09:00 / 2d 23:38           │
│ Min/Max/Avg. Duration Losers           │ 0d 00:25 / 17d 21:20 / 1d 13:23           │
│ Max Consecutive Wins / Loss            │ 6 / 17                                    │
│ Rejected Entry signals                 │ 1356                                      │
│ Entry/Exit Timeouts                    │ 0 / 0                                     │
│                                        │                                           │
│ Min/Max balance (closed trades)        │ 944.546 USDT / 3098.265 USDT              │
│ Max % of account underwater            │ 8.22%                                     │
│ Absolute drawdown                      │ 208.786 USDT (7.06%)                      │
│ Drawdown duration                      │ 106 days 18:55:00                         │
│ Profit at drawdown start               │ 1958.94 USDT                              │
│ Profit at drawdown end                 │ 1750.153 USDT                             │
│ Drawdown start                         │ 2026-02-14 08:35:00                       │
│ Drawdown end                           │ 2026-06-01 03:30:00                       │
│                                        │                                           │
│ Wallet based Metrics                   │                                           │
│ Min/Max balance (wallet balance)       │ 944.546 USDT / 3098.265 USDT              │
│ Min/Max balance dates (wallet balance) │ 2023-08-08 13:00:00 / 2026-06-06 05:00:00 │
│ Max % of account underwater (balance)  │ 8.22%                                     │
│ Absolute drawdown (wallet balance)     │ 208.786 USDT (7.06%)                      │
│ Drawdown duration                      │ 106 days 19:00:00                         │
│ Profit at drawdown start               │ 1958.94 USDT                              │
│ Profit at drawdown end                 │ 1750.153 USDT                             │
│ Drawdown start                         │ 2026-02-14 09:00:00                       │
│ Drawdown end                           │ 2026-06-01 04:00:00                       │
│ Sharpe (daily wallet balance)          │ 2.01                                      │
│ Sortino (daily wallet balance)         │ 4.54                                      │
│ Calmar (daily wallet balance)          │ 49.21                                     │
└────────────────────────────────────────┴───────────────────────────────────────────┘

Backtested 2023-06-18 00:00:00 -> 2026-06-18 00:00:00 | Max open trades : 3
                                                                 STRATEGY SUMMARY                                                                 
┏━━━━━━━━━━━━━━━━━━━━━━┳━━━━━━━━┳━━━━━━━━━━━━━━┳━━━━━━━━━━━━━━━━━┳━━━━━━━━━━━━━━┳━━━━━━━━━━━━━━━━━┳━━━━━━━━━━━━━━━━━━━━━━━━┳━━━━━━━━━━━━━━━━━━━━━┓
┃             Strategy ┃ Trades ┃ Avg Profit % ┃ Tot Profit USDT ┃ Tot Profit % ┃    Avg Duration ┃  Win  Draw  Loss  Win% ┃            Drawdown ┃
┡━━━━━━━━━━━━━━━━━━━━━━╇━━━━━━━━╇━━━━━━━━━━━━━━╇━━━━━━━━━━━━━━━━━╇━━━━━━━━━━━━━━╇━━━━━━━━━━━━━━━━━╇━━━━━━━━━━━━━━━━━━━━━━━━╇━━━━━━━━━━━━━━━━━━━━━┩
│ DualTrendRawStrategy │    295 │         1.51 │        1996.296 │       199.63 │ 2 days, 1:06:00 │  101     0   194  34.2 │ 208.786 USDT  7.06% │
└──────────────────────┴────────┴──────────────┴─────────────────┴──────────────┴─────────────────┴────────────────────────┴─────────────────────┘
